[2026-07-12 00:22:42] start DB=ai_native_merge_downscale2_20260712
START_LOG_LINE=24716
PREFILL_OFFSET=1
PREFILL_OFFSET=2
PREFILL_OFFSET=4
PREFILL_OFFSET=8
PREFILL_OFFSET=16
PREFILL_OFFSET=32
PREFILL_OFFSET=64
PREFILL_OFFSET=128
PREFILL_OFFSET=256
PREFILL_OFFSET=512
PREFILL_OFFSET=1024
PREFILL_OFFSET=2048
PREFILL_OFFSET=4096
PREFILL_OFFSET=8192
PREFILL_OFFSET=16384
PREFILL_OFFSET=32768
BASE_COUNT=65536
SPLIT_OUT=7	1
DDL_WATERMARK=4621
PAUSE_CODE=204
DDL_PID=66788
DML_PID=66791
DML_BATCH start=1000001 end=1000200 rc=0
DML_BATCH start=1000201 end=1000400 rc=0
DML_BATCH start=1000401 end=1000600 rc=0
DML_BATCH start=1000601 end=1000800 rc=0
JOB_LINE=4622	add index	write reorganization	running	0
DML_BATCH start=1000801 end=1001000 rc=0
DML_BATCH start=1001001 end=1001200 rc=0
DML_BATCH start=1001201 end=1001400 rc=0
JOB_LINE=4622	add index	write reorganization	running	0
DML_BATCH start=1001401 end=1001600 rc=0
DML_BATCH start=1001601 end=1001800 rc=0
DML_BATCH start=1001801 end=1002000 rc=0
DML_BATCH start=1002001 end=1002200 rc=0
JOB_LINE=4622	add index	write reorganization	running	0
DML_BATCH start=1002201 end=1002400 rc=0
DML_BATCH start=1002401 end=1002600 rc=0
DML_BATCH start=1002601 end=1002800 rc=0
JOB_LINE=4622	add index	write reorganization	running	0
DML_BATCH start=1002801 end=1003000 rc=0
DML_BATCH start=1003001 end=1003200 rc=0
DML_BATCH start=1003201 end=1003400 rc=0
JOB_LINE=4622	add index	write reorganization	running	0
DML_BATCH start=1003401 end=1003600 rc=0
DML_BATCH start=1003601 end=1003800 rc=0
DML_BATCH start=1003801 end=1004000 rc=0
DML_BATCH start=1004001 end=1004200 rc=0
JOB_LINE=4622	add index	write reorganization	running	0
DML_BATCH start=1004201 end=1004400 rc=0
DML_BATCH start=1004401 end=1004600 rc=0
DML_BATCH start=1004601 end=1004800 rc=0
JOB_LINE=4622	add index	write reorganization	running	68136
DML_BATCH start=1004801 end=1005000 rc=0
DML_BATCH start=1005001 end=1005200 rc=0
DML_BATCH start=1005201 end=1005400 rc=0
DML_BATCH start=1005401 end=1005600 rc=0
DML_BATCH start=1005601 end=1005800 rc=0
DML_BATCH start=1005801 end=1006000 rc=0
DML_BATCH start=1006001 end=1006200 rc=0
DML_BATCH start=1006201 end=1006400 rc=0
DML_BATCH start=1006401 end=1006600 rc=0
DML_BATCH start=1006601 end=1006800 rc=0
DML_BATCH start=1006801 end=1007000 rc=0
DML_BATCH start=1007001 end=1007200 rc=0
JOB_LINE2=4622	add index	public	synced	68136
DML_BATCH start=1007201 end=1007400 rc=0
DML_BATCH start=1007401 end=1007600 rc=0
DML_BATCH start=1007601 end=1007800 rc=0
DML_BATCH start=1007801 end=1008000 rc=0
JOB_LINE=4622	add index	public	synced	68136
DML_BATCH start=1008001 end=1008200 rc=0
DML_BATCH start=1008201 end=1008400 rc=0
DML_BATCH start=1008401 end=1008600 rc=0
DML_BATCH start=1008601 end=1008800 rc=0
JOB_LINE=4622	add index	public	synced	68136
DML_BATCH start=1008801 end=1009000 rc=0
DML_BATCH start=1009001 end=1009200 rc=0
DML_BATCH start=1009201 end=1009400 rc=0
DML_BATCH start=1009401 end=1009600 rc=0
JOB_LINE=4622	add index	public	synced	68136
DML_BATCH start=1009601 end=1009800 rc=0
DML_BATCH start=1009801 end=1010000 rc=0
DML_BATCH start=1010001 end=1010200 rc=0
DML_BATCH start=1010201 end=1010400 rc=0
JOB_LINE=4622	add index	public	synced	68136
DML_BATCH start=1010401 end=1010600 rc=0
DML_BATCH start=1010601 end=1010800 rc=0
DML_BATCH start=1010801 end=1011000 rc=0
DML_BATCH start=1011001 end=1011200 rc=0
JOB_LINE=4622	add index	public	synced	68136
DML_BATCH start=1011201 end=1011400 rc=0
DML_BATCH start=1011401 end=1011600 rc=0
DML_BATCH start=1011601 end=1011800 rc=0
JOB_LINE=4622	add index	public	synced	68136
DML_BATCH start=1011801 end=1012000 rc=0
DML_BATCH start=1012001 end=1012200 rc=0
DML_BATCH start=1012201 end=1012400 rc=0
DML_BATCH start=1012401 end=1012600 rc=0
JOB_LINE=4622	add index	public	synced	68136
DML_BATCH start=1012601 end=1012800 rc=0
DML_BATCH start=1012801 end=1013000 rc=0
DML_BATCH start=1013001 end=1013200 rc=0
JOB_LINE=4622	add index	public	synced	68136
DML_BATCH start=1013201 end=1013400 rc=0
DML_BATCH start=1013401 end=1013600 rc=0
DML_BATCH start=1013601 end=1013800 rc=0
DML_BATCH start=1013801 end=1014000 rc=0
JOB_LINE=4622	add index	public	synced	68136
DML_BATCH start=1014001 end=1014200 rc=0
DML_BATCH start=1014201 end=1014400 rc=0
DML_BATCH start=1014401 end=1014600 rc=0
JOB_LINE=4622	add index	public	synced	68136
DML_BATCH start=1014601 end=1014800 rc=0
DML_BATCH start=1014801 end=1015000 rc=0
DML_BATCH start=1015001 end=1015200 rc=0
DML_BATCH start=1015201 end=1015400 rc=0
JOB_LINE=4622	add index	public	synced	68136
DML_BATCH start=1015401 end=1015600 rc=0
DML_BATCH start=1015601 end=1015800 rc=0
DML_BATCH start=1015801 end=1016000 rc=0
DML_BATCH start=1016001 end=1016200 rc=0
JOB_LINE=4622	add index	public	synced	68136
DML_BATCH start=1016201 end=1016400 rc=0
DML_BATCH start=1016401 end=1016600 rc=0
DML_BATCH start=1016601 end=1016800 rc=0
DML_BATCH start=1016801 end=1017000 rc=0
JOB_LINE=4622	add index	public	synced	68136
DML_BATCH start=1017001 end=1017200 rc=0
DML_BATCH start=1017201 end=1017400 rc=0
DML_BATCH start=1017401 end=1017600 rc=0
DML_BATCH start=1017601 end=1017800 rc=0
JOB_LINE=4622	add index	public	synced	68136
DML_BATCH start=1017801 end=1018000 rc=0
DML_BATCH start=1018001 end=1018200 rc=0
DML_BATCH start=1018201 end=1018400 rc=0
DML_BATCH start=1018401 end=1018600 rc=0
JOB_LINE=4622	add index	public	synced	68136
DML_BATCH start=1018601 end=1018800 rc=0
DML_BATCH start=1018801 end=1019000 rc=0
DML_BATCH start=1019001 end=1019200 rc=0
DML_BATCH start=1019201 end=1019400 rc=0
DML_BATCH start=1019401 end=1019600 rc=0
JOB_LINE=4622	add index	public	synced	68136
DML_BATCH start=1019601 end=1019800 rc=0
DML_BATCH start=1019801 end=1020000 rc=0
DML_BATCH start=1020001 end=1020200 rc=0
DML_BATCH start=1020201 end=1020400 rc=0
JOB_LINE=4622	add index	public	synced	68136
DML_BATCH start=1020401 end=1020600 rc=0
DML_BATCH start=1020601 end=1020800 rc=0
DML_BATCH start=1020801 end=1021000 rc=0
DML_BATCH start=1021001 end=1021200 rc=0
JOB_LINE=4622	add index	public	synced	68136
DML_BATCH start=1021201 end=1021400 rc=0
DML_BATCH start=1021401 end=1021600 rc=0
DML_BATCH start=1021601 end=1021800 rc=0
DML_BATCH start=1021801 end=1022000 rc=0
JOB_LINE=4622	add index	public	synced	68136
DML_BATCH start=1022001 end=1022200 rc=0
DML_BATCH start=1022201 end=1022400 rc=0
DML_BATCH start=1022401 end=1022600 rc=0
DML_BATCH start=1022601 end=1022800 rc=0
JOB_LINE=4622	add index	public	synced	68136
DML_BATCH start=1022801 end=1023000 rc=0
DML_BATCH start=1023001 end=1023200 rc=0
DML_BATCH start=1023201 end=1023400 rc=0
DML_BATCH start=1023401 end=1023600 rc=0
DML_BATCH start=1023601 end=1023800 rc=0
JOB_LINE=4622	add index	public	synced	68136
DML_BATCH start=1023801 end=1024000 rc=0
DML_BATCH start=1024001 end=1024200 rc=0
DML_BATCH start=1024201 end=1024400 rc=0
DML_BATCH start=1024401 end=1024600 rc=0
JOB_LINE=4622	add index	public	synced	68136
DML_BATCH start=1024601 end=1024800 rc=0
DML_BATCH start=1024801 end=1025000 rc=0
DML_BATCH start=1025001 end=1025200 rc=0
JOB_LINE=4622	add index	public	synced	68136
DML_BATCH start=1025201 end=1025400 rc=0
DML_BATCH start=1025401 end=1025600 rc=0
DML_BATCH start=1025601 end=1025800 rc=0
JOB_LINE=4622	add index	public	synced	68136
DML_BATCH start=1025801 end=1026000 rc=0
DML_BATCH start=1026001 end=1026200 rc=0
DML_BATCH start=1026201 end=1026400 rc=0
DML_BATCH start=1026401 end=1026600 rc=0
JOB_LINE=4622	add index	public	synced	68136
DML_BATCH start=1026601 end=1026800 rc=0
DML_BATCH start=1026801 end=1027000 rc=0
DML_BATCH start=1027001 end=1027200 rc=0
DML_BATCH start=1027201 end=1027400 rc=0
JOB_LINE=4622	add index	public	synced	68136
DML_BATCH start=1027401 end=1027600 rc=0
DML_BATCH start=1027601 end=1027800 rc=0
DML_BATCH start=1027801 end=1028000 rc=0
DML_BATCH start=1028001 end=1028200 rc=0
JOB_LINE=4622	add index	public	synced	68136
DML_BATCH start=1028201 end=1028400 rc=0
DML_BATCH start=1028401 end=1028600 rc=0
DML_BATCH start=1028601 end=1028800 rc=0
DML_BATCH start=1028801 end=1029000 rc=0
JOB_LINE=4622	add index	public	synced	68136
DML_BATCH start=1029001 end=1029200 rc=0
DML_BATCH start=1029201 end=1029400 rc=0
DML_BATCH start=1029401 end=1029600 rc=0
DML_BATCH start=1029601 end=1029800 rc=0
DML_BATCH start=1029801 end=1030000 rc=0
JOB_LINE=4622	add index	public	synced	68136
DML_BATCH start=1030001 end=1030200 rc=0
DML_BATCH start=1030201 end=1030400 rc=0
DML_BATCH start=1030401 end=1030600 rc=0
DML_BATCH start=1030601 end=1030800 rc=0
JOB_LINE=4622	add index	public	synced	68136
DML_BATCH start=1030801 end=1031000 rc=0
DML_BATCH start=1031001 end=1031200 rc=0
DML_BATCH start=1031201 end=1031400 rc=0
DML_BATCH start=1031401 end=1031600 rc=0
JOB_LINE=4622	add index	public	synced	68136
DML_BATCH start=1031601 end=1031800 rc=0
DML_BATCH start=1031801 end=1032000 rc=0
DML_BATCH start=1032001 end=1032200 rc=0
JOB_LINE=4622	add index	public	synced	68136
DML_BATCH start=1032201 end=1032400 rc=0
DML_BATCH start=1032401 end=1032600 rc=0
DML_BATCH start=1032601 end=1032800 rc=0
JOB_LINE=4622	add index	public	synced	68136
DML_BATCH start=1032801 end=1033000 rc=0
DML_BATCH start=1033001 end=1033200 rc=0
DML_BATCH start=1033201 end=1033400 rc=0
DML_BATCH start=1033401 end=1033600 rc=0
JOB_LINE=4622	add index	public	synced	68136
DML_BATCH start=1033601 end=1033800 rc=0
DML_BATCH start=1033801 end=1034000 rc=0
DML_BATCH start=1034001 end=1034200 rc=0
DML_BATCH start=1034201 end=1034400 rc=0
DML_BATCH start=1034401 end=1034600 rc=0
JOB_LINE=4622	add index	public	synced	68136
DML_BATCH start=1034601 end=1034800 rc=0
DML_BATCH start=1034801 end=1035000 rc=0
DML_BATCH start=1035001 end=1035200 rc=0
DML_BATCH start=1035201 end=1035400 rc=0
JOB_LINE=4622	add index	public	synced	68136
DML_BATCH start=1035401 end=1035600 rc=0
DML_BATCH start=1035601 end=1035800 rc=0
DML_BATCH start=1035801 end=1036000 rc=0
DML_BATCH start=1036001 end=1036200 rc=0
JOB_LINE=4622	add index	public	synced	68136
DML_BATCH start=1036201 end=1036400 rc=0
DML_BATCH start=1036401 end=1036600 rc=0
JOB_LINE=4622	add index	public	synced	68136
DML_BATCH start=1036601 end=1036800 rc=0
DML_BATCH start=1036801 end=1037000 rc=0
DML_BATCH start=1037001 end=1037200 rc=0
DML_BATCH start=1037201 end=1037400 rc=0
JOB_LINE=4622	add index	public	synced	68136
DML_BATCH start=1037401 end=1037600 rc=0
DML_BATCH start=1037601 end=1037800 rc=0
DML_BATCH start=1037801 end=1038000 rc=0
DML_BATCH start=1038001 end=1038200 rc=0
JOB_LINE=4622	add index	public	synced	68136
DML_BATCH start=1038201 end=1038400 rc=0
DML_BATCH start=1038401 end=1038600 rc=0
DML_BATCH start=1038601 end=1038800 rc=0
DML_BATCH start=1038801 end=1039000 rc=0
JOB_LINE=4622	add index	public	synced	68136
DML_BATCH start=1039001 end=1039200 rc=0
DML_BATCH start=1039201 end=1039400 rc=0
DML_BATCH start=1039401 end=1039600 rc=0
DML_BATCH start=1039601 end=1039800 rc=0
DML_BATCH start=1039801 end=1040000 rc=0
JOB_LINE=4622	add index	public	synced	68136
DML_BATCH start=1040001 end=1040200 rc=0
DML_BATCH start=1040201 end=1040400 rc=0
DML_BATCH start=1040401 end=1040600 rc=0
JOB_LINE=4622	add index	public	synced	68136
DML_BATCH start=1040601 end=1040800 rc=0
DML_BATCH start=1040801 end=1041000 rc=0
DML_BATCH start=1041001 end=1041200 rc=0
DML_BATCH start=1041201 end=1041400 rc=0
JOB_LINE=4622	add index	public	synced	68136
DML_BATCH start=1041401 end=1041600 rc=0
DML_BATCH start=1041601 end=1041800 rc=0
DML_BATCH start=1041801 end=1042000 rc=0
DML_BATCH start=1042001 end=1042200 rc=0
DML_BATCH start=1042201 end=1042400 rc=0
JOB_LINE=4622	add index	public	synced	68136
DML_BATCH start=1042401 end=1042600 rc=0
DML_BATCH start=1042601 end=1042800 rc=0
DML_BATCH start=1042801 end=1043000 rc=0
JOB_LINE=4622	add index	public	synced	68136
DML_BATCH start=1043001 end=1043200 rc=0
DML_BATCH start=1043201 end=1043400 rc=0
DML_BATCH start=1043401 end=1043600 rc=0
DML_BATCH start=1043601 end=1043800 rc=0
JOB_LINE=4622	add index	public	synced	68136
DML_BATCH start=1043801 end=1044000 rc=0
DML_BATCH start=1044001 end=1044200 rc=0
DML_BATCH start=1044201 end=1044400 rc=0
JOB_LINE=4622	add index	public	synced	68136
DML_BATCH start=1044401 end=1044600 rc=0
DML_BATCH start=1044601 end=1044800 rc=0
DML_BATCH start=1044801 end=1045000 rc=0
JOB_LINE=4622	add index	public	synced	68136
DML_BATCH start=1045001 end=1045200 rc=0
DML_BATCH start=1045201 end=1045400 rc=0
JOB_LINE=4622	add index	public	synced	68136
DML_BATCH start=1045401 end=1045600 rc=0
DML_BATCH start=1045601 end=1045800 rc=0
DML_BATCH start=1045801 end=1046000 rc=0
DML_BATCH start=1046001 end=1046200 rc=0
JOB_LINE=4622	add index	public	synced	68136
DML_BATCH start=1046201 end=1046400 rc=0
DML_BATCH start=1046401 end=1046600 rc=0
DML_BATCH start=1046601 end=1046800 rc=0
DML_BATCH start=1046801 end=1047000 rc=0
JOB_LINE=4622	add index	public	synced	68136
DML_BATCH start=1047001 end=1047200 rc=0
DML_BATCH start=1047201 end=1047400 rc=0
DML_BATCH start=1047401 end=1047600 rc=0
DML_BATCH start=1047601 end=1047800 rc=0
JOB_LINE=4622	add index	public	synced	68136
DML_BATCH start=1047801 end=1048000 rc=0
DML_BATCH start=1048001 end=1048200 rc=0
DML_BATCH start=1048201 end=1048400 rc=0
DML_BATCH start=1048401 end=1048600 rc=0
JOB_LINE=4622	add index	public	synced	68136
DML_BATCH start=1048601 end=1048800 rc=0
DML_BATCH start=1048801 end=1049000 rc=0
DML_BATCH start=1049001 end=1049200 rc=0
DML_BATCH start=1049201 end=1049400 rc=0
JOB_LINE=4622	add index	public	synced	68136
DML_BATCH start=1049401 end=1049600 rc=0
DML_BATCH start=1049601 end=1049800 rc=0
DML_BATCH start=1049801 end=1050000 rc=0
DML_BATCH start=1050001 end=1050200 rc=0
JOB_LINE=4622	add index	public	synced	68136
DML_BATCH start=1050201 end=1050400 rc=0
DML_BATCH start=1050401 end=1050600 rc=0
DML_BATCH start=1050601 end=1050800 rc=0
JOB_LINE=4622	add index	public	synced	68136
DML_BATCH start=1050801 end=1051000 rc=0
DML_BATCH start=1051001 end=1051200 rc=0
DML_BATCH start=1051201 end=1051400 rc=0
DML_BATCH start=1051401 end=1051600 rc=0
JOB_LINE=4622	add index	public	synced	68136
DML_BATCH start=1051601 end=1051800 rc=0
DML_BATCH start=1051801 end=1052000 rc=0
DML_BATCH start=1052001 end=1052200 rc=0
JOB_LINE=4622	add index	public	synced	68136
DML_BATCH start=1052201 end=1052400 rc=0
DML_BATCH start=1052401 end=1052600 rc=0
DML_BATCH start=1052601 end=1052800 rc=0
JOB_LINE=4622	add index	public	synced	68136
DML_BATCH start=1052801 end=1053000 rc=0
DML_BATCH start=1053001 end=1053200 rc=0
JOB_LINE=4622	add index	public	synced	68136
DML_BATCH start=1053201 end=1053400 rc=0
DML_BATCH start=1053401 end=1053600 rc=0
DML_BATCH start=1053601 end=1053800 rc=0
JOB_LINE=4622	add index	public	synced	68136
DML_BATCH start=1053801 end=1054000 rc=0
DML_BATCH start=1054001 end=1054200 rc=0
JOB_LINE=4622	add index	public	synced	68136
DML_BATCH start=1054201 end=1054400 rc=0
DML_BATCH start=1054401 end=1054600 rc=0
JOB_LINE=4622	add index	public	synced	68136
DML_BATCH start=1054601 end=1054800 rc=0
JOB_LINE=4622	add index	public	synced	68136
DML_BATCH start=1054801 end=1055000 rc=0
DML_BATCH start=1055001 end=1055200 rc=0
JOB_LINE=4622	add index	public	synced	68136
DML_BATCH start=1055201 end=1055400 rc=0
DML_BATCH start=1055401 end=1055600 rc=0
JOB_LINE=4622	add index	public	synced	68136
DML_BATCH start=1055601 end=1055800 rc=0
DML_BATCH start=1055801 end=1056000 rc=0
DML_BATCH start=1056001 end=1056200 rc=0
JOB_LINE=4622	add index	public	synced	68136
DML_BATCH start=1056201 end=1056400 rc=0
DML_BATCH start=1056401 end=1056600 rc=0
JOB_LINE=4622	add index	public	synced	68136
DML_BATCH start=1056601 end=1056800 rc=0
DML_BATCH start=1056801 end=1057000 rc=0
DML_BATCH start=1057001 end=1057200 rc=0
JOB_LINE=4622	add index	public	synced	68136
DML_BATCH start=1057201 end=1057400 rc=0
DML_BATCH start=1057401 end=1057600 rc=0
DML_BATCH start=1057601 end=1057800 rc=0
JOB_LINE=4622	add index	public	synced	68136
DML_BATCH start=1057801 end=1058000 rc=0
DML_BATCH start=1058001 end=1058200 rc=0
JOB_LINE=4622	add index	public	synced	68136
DML_BATCH start=1058201 end=1058400 rc=0
DML_BATCH start=1058401 end=1058600 rc=0
JOB_LINE=4622	add index	public	synced	68136
DML_BATCH start=1058601 end=1058800 rc=0
DML_BATCH start=1058801 end=1059000 rc=0
DML_BATCH start=1059001 end=1059200 rc=0
JOB_LINE=4622	add index	public	synced	68136
DML_BATCH start=1059201 end=1059400 rc=0
DML_BATCH start=1059401 end=1059600 rc=0
DML_BATCH start=1059601 end=1059800 rc=0
JOB_LINE=4622	add index	public	synced	68136
DML_BATCH start=1059801 end=1060000 rc=0
DML_BATCH start=1060001 end=1060200 rc=0
DML_BATCH start=1060201 end=1060400 rc=0
JOB_LINE=4622	add index	public	synced	68136
DML_BATCH start=1060401 end=1060600 rc=0
DML_BATCH start=1060601 end=1060800 rc=0
DML_BATCH start=1060801 end=1061000 rc=0
DML_BATCH start=1061001 end=1061200 rc=130
DML_ERR=
