[2026-07-12 00:26:12] start DB=ai_native_ingest_merge_downscale1_20260712
START_LOG_LINE=25008
PREFILL_OFFSET=1
PREFILL_OFFSET=2
PREFILL_OFFSET=4
PREFILL_OFFSET=8
PREFILL_OFFSET=16
PREFILL_OFFSET=32
PREFILL_OFFSET=64
PREFILL_OFFSET=128
PREFILL_OFFSET=256
PREFILL_OFFSET=512
PREFILL_OFFSET=1024
PREFILL_OFFSET=2048
PREFILL_OFFSET=4096
PREFILL_OFFSET=8192
PREFILL_OFFSET=16384
PREFILL_OFFSET=32768
BASE_COUNT=65536
SPLIT_OUT=7	1
DDL_WATERMARK=4631
PAUSE_CODE=204
DDL_PID=72709
DML_PID=72712
DML_BATCH start=1000001 end=1000500 rc=0
DML_BATCH start=1000501 end=1001000 rc=0
DML_BATCH start=1001001 end=1001500 rc=0
DML_BATCH start=1001501 end=1002000 rc=0
DML_BATCH start=1002001 end=1002500 rc=0
JOB_LINE=4632	add index	write reorganization	running	0
DML_BATCH start=1002501 end=1003000 rc=0
DML_BATCH start=1003001 end=1003500 rc=0
DML_BATCH start=1003501 end=1004000 rc=0
DML_BATCH start=1004001 end=1004500 rc=0
JOB_LINE=4632	add index	write reorganization	running	0
DML_BATCH start=1004501 end=1005000 rc=0
DML_BATCH start=1005001 end=1005500 rc=0
DML_BATCH start=1005501 end=1006000 rc=0
DML_BATCH start=1006001 end=1006500 rc=0
JOB_LINE=4632	add index	write reorganization	running	0
DML_BATCH start=1006501 end=1007000 rc=0
DML_BATCH start=1007001 end=1007500 rc=0
DML_BATCH start=1007501 end=1008000 rc=0
DML_BATCH start=1008001 end=1008500 rc=0
JOB_LINE=4632	add index	write reorganization	running	0
DML_BATCH start=1008501 end=1009000 rc=0
DML_BATCH start=1009001 end=1009500 rc=0
DML_BATCH start=1009501 end=1010000 rc=0
DML_BATCH start=1010001 end=1010500 rc=0
JOB_LINE=4632	add index	write reorganization	running	74036
DML_BATCH start=1010501 end=1011000 rc=0
DML_BATCH start=1011001 end=1011500 rc=0
DML_BATCH start=1011501 end=1012000 rc=0
DML_BATCH start=1012001 end=1012500 rc=0
DML_BATCH start=1012501 end=1013000 rc=0
DML_BATCH start=1013001 end=1013500 rc=0
DML_BATCH start=1013501 end=1014000 rc=0
DML_BATCH start=1014001 end=1014500 rc=0
DML_BATCH start=1014501 end=1015000 rc=0
DML_BATCH start=1015001 end=1015500 rc=0
DML_BATCH start=1015501 end=1016000 rc=0
DML_BATCH start=1016001 end=1016500 rc=0
DML_BATCH start=1016501 end=1017000 rc=0
DML_BATCH start=1017001 end=1017500 rc=0
JOB_LINE2=4632	add index	write reorganization	running	74036
PAUSE_OBSERVED job_id=4632
INSERTED_ROWS=18000
TOTAL_ROWS_PAUSED=83536
FAILPOINT_CODES err=204 sleep=204
PAUSE_RELEASE_CODE=204
LOG_POLL_BEGIN
[2026/07/11 16:26:12.827 +00:00] [INFO] [job_worker.go:447] ["finish DDL job"] [category=ddl] [jobID=4629] [conn=220203704] [job="ID:4629, Type:create schema, State:synced, SchemaState:public, SchemaID:4628, TableID:0, RowCount:0, ArgLen:0, start time: 2026-07-11 16:26:12.709 +0000 UTC, Err:<nil>, ErrCount:0, SnapshotVersion:0, Version: v2"]
[2026/07/11 16:26:12.982 +00:00] [INFO] [job_worker.go:447] ["finish DDL job"] [category=ddl] [jobID=4631] [conn=220203704] [job="ID:4631, Type:create table, State:synced, SchemaState:public, SchemaID:4628, TableID:4630, RowCount:0, ArgLen:0, start time: 2026-07-11 16:26:12.859 +0000 UTC, Err:<nil>, ErrCount:0, SnapshotVersion:0, Version: v2"]
[2026/07/11 16:26:16.644 +00:00] [INFO] [job_worker.go:854] ["run one job step"] [category=ddl] [jobID=4632] [conn=220203744] [job="ID:4632, Type:add index, State:queueing, SchemaState:none, SchemaID:4628, TableID:4630, RowCount:0, ArgLen:0, start time: 2026-07-11 16:26:16.609 +0000 UTC, Err:<nil>, ErrCount:0, SnapshotVersion:0, Version: v2, UniqueWarnings:0"]
[2026/07/11 16:26:16.761 +00:00] [INFO] [job_worker.go:854] ["run one job step"] [category=ddl] [jobID=4632] [conn=220203744] [job="ID:4632, Type:add index, State:running, SchemaState:delete only, SchemaID:4628, TableID:4630, RowCount:0, ArgLen:0, start time: 2026-07-11 16:26:16.609 +0000 UTC, Err:<nil>, ErrCount:0, SnapshotVersion:0, Version: v2, UniqueWarnings:0"]
[2026/07/11 16:26:16.819 +00:00] [INFO] [job_worker.go:854] ["run one job step"] [category=ddl] [jobID=4632] [conn=220203744] [job="ID:4632, Type:add index, State:running, SchemaState:write only, SchemaID:4628, TableID:4630, RowCount:0, ArgLen:0, start time: 2026-07-11 16:26:16.609 +0000 UTC, Err:<nil>, ErrCount:0, SnapshotVersion:0, Version: v2, UniqueWarnings:0"]
[2026/07/11 16:26:16.877 +00:00] [INFO] [job_worker.go:854] ["run one job step"] [category=ddl] [jobID=4632] [conn=220203744] [job="ID:4632, Type:add index, State:running, SchemaState:write reorganization, SchemaID:4628, TableID:4630, RowCount:0, ArgLen:0, start time: 2026-07-11 16:26:16.609 +0000 UTC, Err:<nil>, ErrCount:0, SnapshotVersion:0, Version: v2, UniqueWarnings:0"]
[2026/07/11 16:26:19.389 +00:00] [INFO] [reorg.go:968] ["job get table range"] [category=ddl] [jobID=4632] [physicalTableID=4630] [startKey=7480000000000012165f728000000000000001] [endKey=7480000000000012165f7280000000000f637400]
[2026/07/11 16:26:19.394 +00:00] [INFO] [job_worker.go:1170] ["schema version doesn't change"] [category=ddl] [jobID=4632]
[2026/07/11 16:26:19.396 +00:00] [INFO] [job_worker.go:854] ["run one job step"] [category=ddl] [jobID=4632] [conn=220203744] [job="ID:4632, Type:add index, State:running, SchemaState:write reorganization, SchemaID:4628, TableID:4630, RowCount:0, ArgLen:0, start time: 2026-07-11 16:26:16.609 +0000 UTC, Err:<nil>, ErrCount:0, SnapshotVersion:467609106345885699, Version: v2, UniqueWarnings:0"]
[2026/07/11 16:26:19.399 +00:00] [INFO] [job_scheduler.go:771] ["resume physical table ID from checkpoint"] [category=ddl-ingest] [jobID=4632] ["global sync key"=] ["checkpoint physical ID"=4630]
[2026/07/11 16:26:19.413 +00:00] [INFO] [backfilling_operators.go:141] ["build add index local storage operators"] [jobID=4632] [jobID=4632] [avgRowSize=0] [reader=2] [writer=4]
[2026/07/11 16:26:19.414 +00:00] [INFO] [backfilling_operators.go:529] ["start a table scan task"] [jobID=4632] [id=1] [task="TableScanTask: id=1, startKey=7480000000000012165f728000000000002001, endKey=7480000000000012165f728000000000004001"]
[2026/07/11 16:26:19.414 +00:00] [INFO] [backfilling_operators.go:529] ["start a table scan task"] [jobID=4632] [id=0] [task="TableScanTask: id=0, startKey=7480000000000012165f728000000000000001, endKey=7480000000000012165f728000000000002001"]
[2026/07/11 16:26:19.534 +00:00] [INFO] [backfilling_operators.go:529] ["start a table scan task"] [jobID=4632] [id=2] [task="TableScanTask: id=2, startKey=7480000000000012165f728000000000004001, endKey=7480000000000012165f728000000000006001"]
[2026/07/11 16:26:19.534 +00:00] [INFO] [backfilling_operators.go:529] ["start a table scan task"] [jobID=4632] [id=3] [task="TableScanTask: id=3, startKey=7480000000000012165f728000000000006001, endKey=7480000000000012165f728000000000008001"]
[2026/07/11 16:26:19.543 +00:00] [INFO] [backfilling_operators.go:529] ["start a table scan task"] [jobID=4632] [id=4] [task="TableScanTask: id=4, startKey=7480000000000012165f728000000000008001, endKey=7480000000000012165f72800000000000a001"]
[2026/07/11 16:26:19.545 +00:00] [INFO] [backfilling_operators.go:529] ["start a table scan task"] [jobID=4632] [id=5] [task="TableScanTask: id=5, startKey=7480000000000012165f72800000000000a001, endKey=7480000000000012165f72800000000000c001"]
[2026/07/11 16:26:19.551 +00:00] [INFO] [backfilling_operators.go:529] ["start a table scan task"] [jobID=4632] [id=6] [task="TableScanTask: id=6, startKey=7480000000000012165f72800000000000c001, endKey=7480000000000012165f72800000000000e001"]
[2026/07/11 16:26:19.555 +00:00] [INFO] [backfilling_operators.go:529] ["start a table scan task"] [jobID=4632] [id=7] [task="TableScanTask: id=7, startKey=7480000000000012165f72800000000000e001, endKey=7480000000000012165f7280000000000f637400"]
[2026/07/11 16:26:19.573 +00:00] [INFO] [backfilling_operators.go:476] ["table scan operator total count"] [jobID=4632] [count=74036]
[2026/07/11 16:26:19.597 +00:00] [INFO] [backend.go:285] ["set ingest ts before import"] [engineUUID=f75d9cab-8823-5503-94ba-459a1de580da] [jobID=4632] [ts=0]
[2026/07/11 16:26:19.600 +00:00] [INFO] [local.go:1468] ["pause pd scheduler of table scope"] [jobID=4632]
[2026/07/11 16:26:19.621 +00:00] [INFO] [local.go:1509] ["start import engine"] [jobID=4632] [uuid=f75d9cab-8823-5503-94ba-459a1de580da] ["region ranges"=1] [count=74036] [size=2813368] [maxReqInFlight=0] [maxReqPerSec=0]
[2026/07/11 16:26:19.621 +00:00] [INFO] [local.go:1131] ["import engine ranges"] [jobID=4632] [len(regionSplitKeys)=2] [splitRangesBatch=2048] [splitRangePerSec=0]
[2026/07/11 16:26:19.622 +00:00] [INFO] [local.go:1325] ["generate region jobs"] [jobID=4632] [len(jobs)=1] [startOfAllRanges=7480000000000012165f698000000000000001038000000000000001038000000000000001] [endOfAllRanges=7480000000000012165f6980000000000000010380000000000f63740380000000000f637400] [startKeyOfFirstRegion=7480000000000012ff165f698000000000ff0000010380000000ff0000000103800000ff0000000001000000fc] [endKeyOfLastRegion=7480000000000012ff165f698000000000ff0000010380000000ff000f637403800000ff00000f6374000000fd]
[2026/07/11 16:26:19.688 +00:00] [INFO] [local.go:1528] ["import engine success"] [jobID=4632] [uuid=f75d9cab-8823-5503-94ba-459a1de580da] [size=2813368] [kvs=74036] [importedSize=2813368] [importedCount=74036]
[2026/07/11 16:26:19.698 +00:00] [INFO] [backend.go:356] ["close one backend for DDL job"] [jobID=4632] ["current memory usage"=0] ["max memory quota"=183637442560]
[2026/07/11 16:26:19.699 +00:00] [INFO] [reorg.go:435] ["run reorg job done"] [category=ddl] [jobID=4632] ["handled rows"=74036]
[2026/07/11 16:26:19.758 +00:00] [INFO] [job_worker.go:854] ["run one job step"] [category=ddl] [jobID=4632] [conn=220203744] [job="ID:4632, Type:add index, State:running, SchemaState:write reorganization, SchemaID:4628, TableID:4630, RowCount:74036, ArgLen:0, start time: 2026-07-11 16:26:16.609 +0000 UTC, Err:<nil>, ErrCount:0, SnapshotVersion:467609106345885699, Version: v2, UniqueWarnings:0"]
[2026/07/11 16:26:23.095 +00:00] [INFO] [index.go:1913] ["index backfill state ready to merge"] [category=ddl] ["job ID"=4632] [table=t] [index=idx_b]
[2026/07/11 16:26:23.154 +00:00] [INFO] [job_worker.go:854] ["run one job step"] [category=ddl] [jobID=4632] [conn=220203744] [job="ID:4632, Type:add index, State:running, SchemaState:write reorganization, SchemaID:4628, TableID:4630, RowCount:74036, ArgLen:0, start time: 2026-07-11 16:26:16.609 +0000 UTC, Err:<nil>, ErrCount:0, SnapshotVersion:0, Version: v2, UniqueWarnings:0"]
LOG_POLL_END
