=== RUN   TestAINativeFailedStatementCannotPoisonPriorMutation
[2026/07/17 08:18:14.130 +08:00] [INFO] [service_discovery.go:1030] ["[pd] switch leader"] [new-leader=http://127.0.0.1:2379] [old-leader=]
[2026/07/17 08:18:14.130 +08:00] [INFO] [service_discovery.go:509] ["[pd] init cluster id"] [cluster-id=7663260337933155013]
[2026/07/17 08:18:14.130 +08:00] [INFO] [client.go:214] ["[tso] switch the tso leader serving url"] [new-url=http://127.0.0.1:2379]
[2026/07/17 08:18:14.130 +08:00] [INFO] [inner_client.go:173] ["[pd] tso provider changed to pd"]
[2026/07/17 08:18:14.130 +08:00] [INFO] [watcher.go:56] ["[pd] start the deadline watcher"] [source=tso]
[2026/07/17 08:18:14.130 +08:00] [INFO] [client.go:251] ["[tso] start tso connection contexts updater"]
[2026/07/17 08:18:14.130 +08:00] [INFO] [dispatcher.go:146] ["[tso] tso dispatcher created"]
[2026/07/17 08:18:14.130 +08:00] [INFO] [dispatcher.go:598] ["[tso] switching tso rpc concurrency"] [old=0] [new=1]
[2026/07/17 08:18:14.130 +08:00] [INFO] [inner_client.go:154] ["[pd] service mode changed"] [new-mode=PD_SVC_MODE]
[2026/07/17 08:18:14.131 +08:00] [INFO] [router_service_discovery.go:162] ["[router service] created router service discovery"] [cluster-id=7663260337933155013] [keyspace-id=4294967295] [default-discovery-key=/ms/7663260337933155013/router/registry/]
[2026/07/17 08:18:14.131 +08:00] [INFO] [router_service_discovery.go:174] ["[router service] initializing router service discovery"] [max-retry-times=100] [retry-interval=1s]
[2026/07/17 08:18:14.131 +08:00] [INFO] [router_service_discovery.go:260] ["[router service] update member sorted urls"] [new-sorted-urls="[]"]
[2026/07/17 08:18:14.131 +08:00] [INFO] [router_service_discovery.go:245] ["[router service] updating nodes succeeded"] [urls="[]"] [clients-length=0]
[2026/07/17 08:18:14.132 +08:00] [INFO] [client.go:424] ["[router] connection daemon is started"]
[2026/07/17 08:18:14.132 +08:00] [INFO] [client.go:585] ["[router] dispatcher is started"]
[2026/07/17 08:18:14.132 +08:00] [INFO] [tikv_driver.go:194] ["using API V1."]
[2026/07/17 08:18:14.132 +08:00] [INFO] [client.go:509] ["[router] successfully established the leader router stream connection"] [url=http://127.0.0.1:2379]
[2026/07/17 08:18:14.132 +08:00] [INFO] [inner_client.go:91] ["[pd] start router client initializer"]
[2026/07/17 08:18:14.132 +08:00] [INFO] [metamanager.go:146] ["return meta service group info"] [meta-service-info="{\"PDAddrs\":[\"127.0.0.1:2379\"],\"Group\":{\"GroupID\":\"0\",\"Addrs\":[\"127.0.0.1:2379\"]}}"]
[2026/07/17 08:18:14.136 +08:00] [INFO] [store_cache.go:572] ["change store resolve state"] [store=1] [addr=127.0.0.1:20160] [from=unresolved] [to=resolved] [liveness-state=reachable]
[2026/07/17 08:18:14.138 +08:00] [INFO] [session.go:4425] ["cluster already bootstrapped"] [version=263]
[2026/07/17 08:18:14.139 +08:00] [INFO] [tidb.go:103] ["new domain"] [store=tikv-7663260337933155013/] ["ddl lease"=500ms] ["stats lease"=3s]
[2026/07/17 08:18:14.166 +08:00] [INFO] [info.go:279] ["init TiFlashReplicaManager"]
[2026/07/17 08:18:14.195 +08:00] [INFO] [domain.go:2708] [acquireServerID] [serverID=1466] ["lease id"=22319f6d19c6b92d]
[2026/07/17 08:18:14.200 +08:00] [INFO] [global_controller.go:219] ["load resource controller config"] [config="{\"degraded-mode-wait-duration\":\"0s\",\"ltb-max-wait-duration\":\"30s\",\"ltb-token-rpc-max-delay\":\"1s\",\"request-unit\":{\"read-base-cost\":0.125,\"read-per-batch-base-cost\":0.5,\"read-cost-per-byte\":0.0000152587890625,\"write-base-cost\":1,\"write-per-batch-base-cost\":1,\"write-cost-per-byte\":0.0009765625,\"read-cpu-ms-cost\":0.3333333333333333},\"enable-controller-trace-log\":\"false\",\"token-rpc-params\":{\"wait-retry-interval\":\"50ms\",\"wait-retry-times\":20}}"] [ru-config="{\"ReadBaseCost\":0.125,\"ReadPerBatchBaseCost\":0.5,\"ReadBytesCost\":0.0000152587890625,\"WriteBaseCost\":1,\"WritePerBatchBaseCost\":1,\"WriteBytesCost\":0.0009765625,\"CPUMsCost\":0.3333333333333333,\"LTBMaxWaitDuration\":30000000000,\"WaitRetryInterval\":50000000,\"WaitRetryTimes\":20,\"DegradedModeWaitDuration\":0}"] [keyspace-id=4294967295]
[2026/07/17 08:18:14.206 +08:00] [INFO] [loader.go:281] ["full load InfoSchema success"] [mode=auto] [isV2=true] [currentSchemaVersion=0] [neededSchemaVersion=111] ["elapsed time"=5.537459ms]
[2026/07/17 08:18:14.207 +08:00] [INFO] [syncer.go:456] ["full load and reset schema validator"]
[2026/07/17 08:18:14.214 +08:00] [INFO] [ddl.go:1157] ["DDL closed"] [category=ddl] [ID=61d6c9d4-f296-44b6-9106-77c0ac404b47] ["take time"=4.491792ms]
[2026/07/17 08:18:14.214 +08:00] [INFO] [ddl.go:848] ["stop DDL"] [category=ddl] [ID=61d6c9d4-f296-44b6-9106-77c0ac404b47]
[2026/07/17 08:18:14.226 +08:00] [INFO] [domain.go:2733] ["releaseServerID succeed"] [serverID=1466] [leaseID=2463925762081077549]
[2026/07/17 08:18:14.226 +08:00] [WARN] [meta_storage_client.go:165] ["watch stream closed"] [error="rpc error: code = Canceled desc = context canceled"]
[2026/07/17 08:18:14.226 +08:00] [WARN] [meta_storage_client.go:165] ["watch stream closed"] [error="rpc error: code = Canceled desc = context canceled"]
[2026/07/17 08:18:14.240 +08:00] [INFO] [domain.go:550] ["domain closed"] ["take time"=29.7215ms]
[2026/07/17 08:18:14.240 +08:00] [INFO] [tidb.go:103] ["new domain"] [store=tikv-7663260337933155013/] ["ddl lease"=500ms] ["stats lease"=3s]
[2026/07/17 08:18:14.261 +08:00] [INFO] [info.go:279] ["init TiFlashReplicaManager"]
[2026/07/17 08:18:14.283 +08:00] [INFO] [domain.go:2708] [acquireServerID] [serverID=600] ["lease id"=22319f6d19c6b946]
[2026/07/17 08:18:14.287 +08:00] [INFO] [global_controller.go:219] ["load resource controller config"] [config="{\"degraded-mode-wait-duration\":\"0s\",\"ltb-max-wait-duration\":\"30s\",\"ltb-token-rpc-max-delay\":\"1s\",\"request-unit\":{\"read-base-cost\":0.125,\"read-per-batch-base-cost\":0.5,\"read-cost-per-byte\":0.0000152587890625,\"write-base-cost\":1,\"write-per-batch-base-cost\":1,\"write-cost-per-byte\":0.0009765625,\"read-cpu-ms-cost\":0.3333333333333333},\"enable-controller-trace-log\":\"false\",\"token-rpc-params\":{\"wait-retry-interval\":\"50ms\",\"wait-retry-times\":20}}"] [ru-config="{\"ReadBaseCost\":0.125,\"ReadPerBatchBaseCost\":0.5,\"ReadBytesCost\":0.0000152587890625,\"WriteBaseCost\":1,\"WritePerBatchBaseCost\":1,\"WriteBytesCost\":0.0009765625,\"CPUMsCost\":0.3333333333333333,\"LTBMaxWaitDuration\":30000000000,\"WaitRetryInterval\":50000000,\"WaitRetryTimes\":20,\"DegradedModeWaitDuration\":0}"] [keyspace-id=4294967295]
[2026/07/17 08:18:14.295 +08:00] [INFO] [loader.go:281] ["full load InfoSchema success"] [mode=auto] [isV2=true] [currentSchemaVersion=0] [neededSchemaVersion=111] ["elapsed time"=6.260208ms]
[2026/07/17 08:18:14.295 +08:00] [INFO] [syncer.go:456] ["full load and reset schema validator"]
[2026/07/17 08:18:14.295 +08:00] [INFO] [ddl.go:1068] ["change job version in use"] [category=ddl] [old=v1] [new=v2]
[2026/07/17 08:18:14.295 +08:00] [INFO] [ddl.go:992] ["job version in use is not v2 or global index v1 not supported, maybe in upgrade, start detecting"] [category=ddl] [current=v2] [globalIndexV1Supported=false]
[2026/07/17 08:18:14.295 +08:00] [INFO] [ddl.go:881] ["start DDL"] [category=ddl] [ID=61d6c9d4-f296-44b6-9106-77c0ac404b47] [runWorker=true] [jobVersion=v2] [startMode=normal]
[2026/07/17 08:18:14.295 +08:00] [INFO] [ddl.go:856] ["start delRangeManager OK"] [category=ddl] ["is a emulator"=false]
[2026/07/17 08:18:14.299 +08:00] [WARN] [global_controller.go:850] ["[resource group controller] resource group name does not exist"] [name=default]
[2026/07/17 08:18:14.299 +08:00] [INFO] [manager.go:289] ["start campaign owner"] [key=/tidb/ddl/fg/owner] [id=61d6c9d4-f296-44b6-9106-77c0ac404b47]
[2026/07/17 08:18:14.303 +08:00] [INFO] [env.go:123] ["the ingest sorted directory"] [category=ddl-ingest] ["data path"=/tmp/tidb/tmp_ddl-4000]
[2026/07/17 08:18:14.303 +08:00] [WARN] [env.go:84] ["ingest backfill may not be available"] [category=ddl-ingest] [error="the available disk space(44981612544) in /tmp/tidb/tmp_ddl-4000 should be greater than @@tidb_ddl_disk_quota(107374182400)"] [errorVerbose="the available disk space(44981612544) in /tmp/tidb/tmp_ddl-4000 should be greater than @@tidb_ddl_disk_quota(107374182400)\ngithub.com/pingcap/tidb/pkg/ddl/ingest.(*diskRootImpl).StartupCheck\n\t/Users/bba/pc/tidb-ai-master/pkg/ddl/ingest/disk_root.go:191\ngithub.com/pingcap/tidb/pkg/ddl/ingest.InitGlobalLightningEnv\n\t/Users/bba/pc/tidb-ai-master/pkg/ddl/ingest/env.go:82\ngithub.com/pingcap/tidb/pkg/ddl.(*ddl).Start\n\t/Users/bba/pc/tidb-ai-master/pkg/ddl/ddl.go:942\ngithub.com/pingcap/tidb/pkg/domain.(*Domain).Start\n\t/Users/bba/pc/tidb-ai-master/pkg/domain/domain.go:809\ngithub.com/pingcap/tidb/pkg/session.bootstrapSessionImpl\n\t/Users/bba/pc/tidb-ai-master/pkg/session/session.go:4483\ngithub.com/pingcap/tidb/pkg/session.BootstrapSession\n\t/Users/bba/pc/tidb-ai-master/pkg/session/session.go:4360\ngithub.com/pingcap/tidb/tests/realtikvtest.CreateMockStoreAndDomainAndSetup\n\t/Users/bba/pc/tidb-ai-master/tests/realtikvtest/testkit.go:297\ngithub.com/pingcap/tidb/tests/realtikvtest.CreateMockStoreAndSetup\n\t/Users/bba/pc/tidb-ai-master/tests/realtikvtest/testkit.go:225\ngithub.com/pingcap/tidb/tests/realtikvtest/txntest.TestAINativeFailedStatementCannotPoisonPriorMutation\n\t/Users/bba/pc/tidb-ai-master/tests/realtikvtest/txntest/ai_native_unique_owner_fuzz_test.go:874\ntesting.tRunner\n\t/Users/bba/.gvm/pkgsets/go1.25.1/global/pkg/mod/golang.org/toolchain@v0.0.1-go1.25.10.darwin-arm64/src/testing/testing.go:1934\nruntime.goexit\n\t/Users/bba/.gvm/pkgsets/go1.25.1/global/pkg/mod/golang.org/toolchain@v0.0.1-go1.25.10.darwin-arm64/src/runtime/asm_arm64.s:1268"]
[2026/07/17 08:18:14.303 +08:00] [INFO] [env.go:88] ["init global ingest backend environment finished"] [category=ddl-ingest] ["memory limitation"=19327352832] ["disk usage info"="disk usage: 949680971776/994662584320, backend usage: 0"] ["max open file number"=138240] ["lightning is initialized"=true]
[2026/07/17 08:18:14.303 +08:00] [INFO] [wait_group_wrapper.go:141] ["background process started"] [source=domain] [process=loadSchemaInLoop]
[2026/07/17 08:18:14.303 +08:00] [INFO] [wait_group_wrapper.go:141] ["background process started"] [source=domain] [process=mdlCheckLoop]
[2026/07/17 08:18:14.303 +08:00] [INFO] [wait_group_wrapper.go:141] ["background process started"] [source=domain] [process=topNSlowQueryLoop]
[2026/07/17 08:18:14.303 +08:00] [INFO] [wait_group_wrapper.go:141] ["background process started"] [source=domain] [process=infoSyncerKeeper]
[2026/07/17 08:18:14.303 +08:00] [INFO] [wait_group_wrapper.go:141] ["background process started"] [source=domain] [process=globalConfigSyncerKeeper]
[2026/07/17 08:18:14.303 +08:00] [INFO] [wait_group_wrapper.go:141] ["background process started"] [source=domain] [process=runawayRecordFlushLoop]
[2026/07/17 08:18:14.303 +08:00] [INFO] [wait_group_wrapper.go:141] ["background process started"] [source=domain] [process=runawayWatchSyncLoop]
[2026/07/17 08:18:14.303 +08:00] [INFO] [wait_group_wrapper.go:141] ["background process started"] [source=domain] [process=requestUnitsWriterLoop]
[2026/07/17 08:18:14.303 +08:00] [INFO] [wait_group_wrapper.go:141] ["background process started"] [source=domain] [process=topologySyncerKeeper]
[2026/07/17 08:18:14.303 +08:00] [INFO] [wait_group_wrapper.go:141] ["background process started"] [source=domain] [process=closestReplicaReadCheckLoop]
[2026/07/17 08:18:14.303 +08:00] [INFO] [wait_group_wrapper.go:150] ["background process exited"] [source=domain] [process=requestUnitsWriterLoop]
[2026/07/17 08:18:14.303 +08:00] [INFO] [owner_daemon.go:70] ["begin advancer daemon"] [daemon-id=LogBackup::Advancer]
[2026/07/17 08:18:14.304 +08:00] [INFO] [manager.go:289] ["start campaign owner"] [key=/tidb/br-stream/owner] [id=627c177c-aaea-4d7b-b8d5-3c864e8db498]
[2026/07/17 08:18:14.311 +08:00] [INFO] [manager.go:527] ["get owner"] [key=/tidb/ddl/fg/owner] ["owner key"=/tidb/ddl/fg/owner/22319f6d19c6b951] [ownerID=61d6c9d4-f296-44b6-9106-77c0ac404b47]
[2026/07/17 08:18:14.311 +08:00] [INFO] [manager.go:324] ["become owner"] [key=/tidb/ddl/fg/owner] [id=61d6c9d4-f296-44b6-9106-77c0ac404b47]
[2026/07/17 08:18:14.311 +08:00] [INFO] [manager.go:616] ["watching owner key"] [key=/tidb/ddl/fg/owner] [id=61d6c9d4-f296-44b6-9106-77c0ac404b47] [ownerKey=/tidb/ddl/fg/owner/22319f6d19c6b951] [currRev=3743]
[2026/07/17 08:18:14.315 +08:00] [INFO] [job_scheduler.go:363] ["get global state and global state change"] [category=ddl] [oldState=false] [currState=false]
[2026/07/17 08:18:14.315 +08:00] [INFO] [manager.go:561] ["set owner op is the same as the original, so do nothing."] [key=/tidb/ddl/fg/owner] [id=61d6c9d4-f296-44b6-9106-77c0ac404b47] [op=none]
[2026/07/17 08:18:14.315 +08:00] [INFO] [job_scheduler.go:375] ["the owner sets owner operator value"] [category=ddl] [ownerOp=none]
[2026/07/17 08:18:14.315 +08:00] [INFO] [wait_group_wrapper.go:141] ["background process started"] [source=domain] [process=logBackupAdvancer]
[2026/07/17 08:18:14.316 +08:00] [INFO] [owner_daemon.go:81] ["begin running daemon"] [id=627c177c-aaea-4d7b-b8d5-3c864e8db498] [daemon-id=LogBackup::Advancer]
[2026/07/17 08:18:14.316 +08:00] [INFO] [manager.go:527] ["get owner"] [key=/tidb/br-stream/owner] ["owner key"=/tidb/br-stream/owner/22319f6d19c6b954] [ownerID=627c177c-aaea-4d7b-b8d5-3c864e8db498]
[2026/07/17 08:18:14.316 +08:00] [INFO] [manager.go:324] ["become owner"] [key=/tidb/br-stream/owner] [id=627c177c-aaea-4d7b-b8d5-3c864e8db498]
[2026/07/17 08:18:14.316 +08:00] [INFO] [manager.go:616] ["watching owner key"] [key=/tidb/br-stream/owner] [id=627c177c-aaea-4d7b-b8d5-3c864e8db498] [ownerKey=/tidb/br-stream/owner/22319f6d19c6b954] [currRev=3744]
[2026/07/17 08:18:14.316 +08:00] [WARN] [sysvar_cache.go:53] ["sysvar cache is empty, triggering rebuild"]
[2026/07/17 08:18:14.318 +08:00] [INFO] [inner_client.go:103] ["[pd] notified to disable the router client"]
[2026/07/17 08:18:14.318 +08:00] [INFO] [client.go:325] ["[router] closing router client"]
[2026/07/17 08:18:14.318 +08:00] [INFO] [client.go:606] ["[router] stop fetching the pending router requests due to context canceled"]
[2026/07/17 08:18:14.318 +08:00] [INFO] [client.go:587] ["[router] dispatcher is exiting"]
[2026/07/17 08:18:14.318 +08:00] [INFO] [client.go:430] ["[router] connection daemon is exiting"]
[2026/07/17 08:18:14.318 +08:00] [INFO] [client.go:592] ["[router] dispatcher exited"]
[2026/07/17 08:18:14.318 +08:00] [INFO] [client.go:330] ["[router] router client is closed"]
[2026/07/17 08:18:14.318 +08:00] [INFO] [sysvar.go:3400] ["set resource control"] [enable=true]
[2026/07/17 08:18:14.319 +08:00] [INFO] [global_controller.go:586] ["[resource group controller] create resource group cost controller"] [name=default]
[2026/07/17 08:18:14.319 +08:00] [INFO] [wait_group_wrapper.go:141] ["background process started"] [source=domain] [process=loadPrivilegeInLoop]
[2026/07/17 08:18:14.321 +08:00] [INFO] [wait_group_wrapper.go:141] ["background process started"] [source=domain] [process=LoadSysVarCacheLoop]
[2026/07/17 08:18:14.323 +08:00] [INFO] [binding_cache.go:75] ["load bindings"] [category=sql-bind] [fullLoad=true] [fromRemote=false] [cacheSizeChange=false] [hasNewBinding=false] [cacheCapacity=67108864] [cacheUsage=0] [cachedBindingNum=0] [duration=1.27475ms] []
[2026/07/17 08:18:14.323 +08:00] [INFO] [manager.go:289] ["start campaign owner"] [key=/tidb/bindinfo/owner] [id=61d6c9d4-f296-44b6-9106-77c0ac404b47]
[2026/07/17 08:18:14.327 +08:00] [INFO] [wait_group_wrapper.go:141] ["background process started"] [source=domain] [process=globalBindHandleWorkerLoop]
[2026/07/17 08:18:14.329 +08:00] [INFO] [wait_group_wrapper.go:141] ["background process started"] [source=domain] [process=PlanReplayerTaskCollectHandle]
[2026/07/17 08:18:14.329 +08:00] [INFO] [wait_group_wrapper.go:141] ["background process started"] [source=domain] [process=PlanReplayerTaskDumpHandle]
[2026/07/17 08:18:14.329 +08:00] [INFO] [wait_group_wrapper.go:141] ["background process started"] [source=domain] [process=dumpFileGcChecker]
[2026/07/17 08:18:14.329 +08:00] [INFO] [wait_group_wrapper.go:141] ["background process started"] [source=domain] [process=HistoricalStatsWorker]
[2026/07/17 08:18:14.329 +08:00] [INFO] [domain.go:1803] ["PlanReplayerTaskCollectHandle started"]
[2026/07/17 08:18:14.329 +08:00] [INFO] [domain.go:1825] ["PlanReplayerTaskDumpHandle started"]
[2026/07/17 08:18:14.329 +08:00] [INFO] [domain.go:1857] ["dumpFileGcChecker started"]
[2026/07/17 08:18:14.329 +08:00] [INFO] [domain.go:1890] ["HistoricalStatsWorker started"]
[2026/07/17 08:18:14.329 +08:00] [INFO] [plan_replayer.go:407] ["planReplayerTaskDumpWorker started."]
[2026/07/17 08:18:14.329 +08:00] [INFO] [wait_group_wrapper.go:141] ["background process started"] [source=domain] [process=loadStatsWorker]
[2026/07/17 08:18:14.329 +08:00] [INFO] [manager.go:289] ["start campaign owner"] [key=/tidb/stats/owner] [id=61d6c9d4-f296-44b6-9106-77c0ac404b47]
[2026/07/17 08:18:14.330 +08:00] [INFO] [bootstrap.go:872] ["Complete loading the stats meta in the lite mode"] [category=stats] [duration=914µs]
[2026/07/17 08:18:14.331 +08:00] [INFO] [bootstrap.go:879] ["Complete loading the histogram in the lite mode"] [category=stats] [duration=1.051917ms]
[2026/07/17 08:18:14.331 +08:00] [INFO] [domain.go:2101] ["Init stats succeed"] [category=stats] [isLiteInitStats=true] [duration=2.312583ms]
[2026/07/17 08:18:14.343 +08:00] [INFO] [wait_group_wrapper.go:141] ["background process started"] [source=domain] [process=indexUsageWorker]
[2026/07/17 08:18:14.343 +08:00] [INFO] [wait_group_wrapper.go:141] ["background process started"] [source=domain] [process=asyncLoadHistogram]
[2026/07/17 08:18:14.343 +08:00] [INFO] [wait_group_wrapper.go:141] ["background process started"] [source=domain] [process=deltaUpdateTickerWorker]
[2026/07/17 08:18:14.343 +08:00] [INFO] [wait_group_wrapper.go:141] ["background process started"] [source=domain] [process=dumpColStatsUsageWorker]
[2026/07/17 08:18:14.343 +08:00] [INFO] [wait_group_wrapper.go:141] ["background process started"] [source=domain] [process=gcStatsWorker]
[2026/07/17 08:18:14.343 +08:00] [INFO] [wait_group_wrapper.go:141] ["background process started"] [source=domain] [process=autoAnalyzeWorker]
[2026/07/17 08:18:14.343 +08:00] [INFO] [wait_group_wrapper.go:141] ["background process started"] [source=domain] [process=analyzeJobsCleanupWorker]
[2026/07/17 08:18:14.343 +08:00] [INFO] [domain.go:2058] ["start load stats sub workers"] [workerCount=6]
[2026/07/17 08:18:14.343 +08:00] [INFO] [wait_group_wrapper.go:141] ["background process started"] [source=domain] [process=planCacheEvictTrigger]
[2026/07/17 08:18:14.343 +08:00] [INFO] [wait_group_wrapper.go:141] ["background process started"] [source=domain] [process=planCacheMetricsAndVars]
[2026/07/17 08:18:14.343 +08:00] [INFO] [wait_group_wrapper.go:141] ["background process started"] [source=domain] [process=readTableCostWorker]
[2026/07/17 08:18:14.344 +08:00] [INFO] [domain.go:2235] ["gcStatsWorker started."]
[2026/07/17 08:18:14.344 +08:00] [INFO] [domain.go:2274] ["dumpColStatsUsageWorker started."]
[2026/07/17 08:18:14.344 +08:00] [INFO] [domain.go:2301] ["deltaUpdateTickerWorker started."]
[2026/07/17 08:18:14.344 +08:00] [INFO] [wait_group_wrapper.go:141] ["background process started"] [source=domain] [process=loadSigningCertLoop]
[2026/07/17 08:18:14.344 +08:00] [INFO] [domain.go:1204] ["initialize node resource"] [total-cpu=14] [total-mem=36GiB] [dxf-resource-limit=100] [dxf-usable-cpu=14] [dxf-usable-mem=36GiB] [total-disk=926.4GiB]
[2026/07/17 08:18:14.344 +08:00] [INFO] [notifier.go:225] ["etcd notify loop to watch timer events started"] [EtcdKey=/tidb/timer/cluster/1/notify/3b84ad7b-a552-43d0-af32-e90a56ee9332]
[2026/07/17 08:18:14.344 +08:00] [INFO] [task_manager.go:248] ["scale ttl worker"] [ttl-worker=job-manager] [ttl-worker=61d6c9d4-f296-44b6-9106-77c0ac404b47] [ttl-worker=task-manager] [ttl-worker=61d6c9d4-f296-44b6-9106-77c0ac404b47] [originalCount=0] [newCount=4]
[2026/07/17 08:18:14.344 +08:00] [INFO] [task_manager.go:248] ["scale ttl worker"] [ttl-worker=job-manager] [ttl-worker=61d6c9d4-f296-44b6-9106-77c0ac404b47] [ttl-worker=task-manager] [ttl-worker=61d6c9d4-f296-44b6-9106-77c0ac404b47] [originalCount=0] [newCount=4]
[2026/07/17 08:18:14.344 +08:00] [INFO] [job_manager.go:519] ["TTL leader to collect delay metrics"] [ttl-worker=job-manager] [ttl-worker=61d6c9d4-f296-44b6-9106-77c0ac404b47]
[2026/07/17 08:18:14.346 +08:00] [INFO] [wait_group_wrapper.go:141] ["background process started"] [source=domain] [process=distTaskFrameworkLoop]
[2026/07/17 08:18:14.346 +08:00] [INFO] [manager.go:124] ["task executor manager start"] [server-id=:4000]
[2026/07/17 08:18:14.346 +08:00] [INFO] [domain.go:1220] ["dist task executor manager started"]
[2026/07/17 08:18:14.346 +08:00] [INFO] [helper.go:189] ["set random timezone for getStmtTimestamp"] [timezone=Local]
[2026/07/17 08:18:14.346 +08:00] [INFO] [rate_limiter_param.go:104] ["loaded value from meta store"] [key=maxBatchSplitRanges] [value=2048]
[2026/07/17 08:18:14.347 +08:00] [INFO] [manager.go:527] ["get owner"] [key=/tidb/bindinfo/owner] ["owner key"=/tidb/bindinfo/owner/22319f6d19c6b95f] [ownerID=61d6c9d4-f296-44b6-9106-77c0ac404b47]
[2026/07/17 08:18:14.347 +08:00] [INFO] [manager.go:324] ["become owner"] [key=/tidb/bindinfo/owner] [id=61d6c9d4-f296-44b6-9106-77c0ac404b47]
[2026/07/17 08:18:14.347 +08:00] [INFO] [manager.go:616] ["watching owner key"] [key=/tidb/bindinfo/owner] [id=61d6c9d4-f296-44b6-9106-77c0ac404b47] [ownerKey=/tidb/bindinfo/owner/22319f6d19c6b95f] [currRev=3746]
[2026/07/17 08:18:14.348 +08:00] [INFO] [job_manager.go:1096] ["TTL leader to DoGC"] [ttl-worker=job-manager] [ttl-worker=61d6c9d4-f296-44b6-9106-77c0ac404b47]
[2026/07/17 08:18:14.348 +08:00] [INFO] [manager.go:527] ["get owner"] [key=/tidb/stats/owner] ["owner key"=/tidb/stats/owner/22319f6d19c6b962] [ownerID=61d6c9d4-f296-44b6-9106-77c0ac404b47]
[2026/07/17 08:18:14.348 +08:00] [INFO] [manager.go:324] ["become owner"] [key=/tidb/stats/owner] [id=61d6c9d4-f296-44b6-9106-77c0ac404b47]
[2026/07/17 08:18:14.348 +08:00] [INFO] [manager.go:616] ["watching owner key"] [key=/tidb/stats/owner] [id=61d6c9d4-f296-44b6-9106-77c0ac404b47] [ownerKey=/tidb/stats/owner/22319f6d19c6b962] [currRev=3746]
[2026/07/17 08:18:14.358 +08:00] [INFO] [set.go:194] ["set global var"] [conn=1] [name=innodb_lock_wait_timeout] [val=50]
[2026/07/17 08:18:14.362 +08:00] [INFO] [session.go:5195] ["CRUCIAL OPERATION"] [conn=1] [schemaVersion=111] [cur_db=test] [sql="alter table `ai_stmt_control` nocache"] [user=]
[2026/07/17 08:18:14.362 +08:00] [INFO] [session.go:5195] ["CRUCIAL OPERATION"] [conn=1] [schemaVersion=111] [cur_db=test] [sql="alter table `ai_stmt_probe` nocache"] [user=]
[2026/07/17 08:18:14.366 +08:00] [INFO] [job_submitter.go:118] ["add DDL jobs"] [category=ddl] ["batch count"=1] [jobs="ID:154, Type:drop table, State:queueing, SchemaState:public, SchemaID:114, TableID:150, RowCount:0, ArgLen:1, start time: 2026-07-17 08:18:14.327 +0800 CST, Err:<nil>, ErrCount:0, SnapshotVersion:0, Version: v2; "] [fast_create=true]
[2026/07/17 08:18:14.366 +08:00] [INFO] [executor.go:7285] ["DDL job submitted"] [category=ddl] [job="ID:154, Type:drop table, State:queueing, SchemaState:public, SchemaID:114, TableID:150, RowCount:0, ArgLen:1, start time: 2026-07-17 08:18:14.327 +0800 CST, Err:<nil>, ErrCount:0, SnapshotVersion:0, Version: v2"] [query="drop table `ai_stmt_control`,`ai_stmt_probe`"]
[2026/07/17 08:18:14.367 +08:00] [INFO] [lock_resolver.go:1631] ["txn lock cleanup resolve-lock rpc finished"] [action=commit] [txnStartTS=467729775152857146] [commitTS=467729775152857147] [regionID=8] [resolveLite=true] [resolvedByCheckTxnStatus=false]
[2026/07/17 08:18:14.367 +08:00] [INFO] [job_worker.go:854] ["run one job step"] [category=ddl] [jobID=154] [conn=1] [job="ID:154, Type:drop table, State:queueing, SchemaState:public, SchemaID:114, TableID:150, RowCount:0, ArgLen:0, start time: 2026-07-17 08:18:14.327 +0800 CST, Err:<nil>, ErrCount:0, SnapshotVersion:0, Version: v2"]
[2026/07/17 08:18:14.375 +08:00] [INFO] [loader.go:216] ["diff load InfoSchema success"] [mode=auto] [isV2=true] [currVer=111] [neededVer=112] [gotVer=112] ["elapsed time"=386.083µs] [phyTblIDs="[150]"] [actionTypes="[4]"] [diffTypes="[\"drop table\"]"]
[2026/07/17 08:18:14.376 +08:00] [INFO] [syncer.go:281] ["mdl gets lock, update self version to owner"] [jobID=154] [version=112]
[2026/07/17 08:18:14.380 +08:00] [INFO] [schema_version.go:397] ["wait schema version synced success"] [category=ddl] [ver=112] [checkAssumedSvr=false] ["take time"=6.019167ms] [job="ID:154, Type:drop table, State:running, SchemaState:write only, SchemaID:114, TableID:150, RowCount:0, ArgLen:1, start time: 2026-07-17 08:18:14.327 +0800 CST, Err:<nil>, ErrCount:0, SnapshotVersion:0, Version: v2"] [summary="server count: 1"]
[2026/07/17 08:18:14.382 +08:00] [INFO] [job_worker.go:854] ["run one job step"] [category=ddl] [jobID=154] [conn=1] [job="ID:154, Type:drop table, State:running, SchemaState:write only, SchemaID:114, TableID:150, RowCount:0, ArgLen:0, start time: 2026-07-17 08:18:14.327 +0800 CST, Err:<nil>, ErrCount:0, SnapshotVersion:0, Version: v2"]
[2026/07/17 08:18:14.389 +08:00] [INFO] [loader.go:216] ["diff load InfoSchema success"] [mode=auto] [isV2=true] [currVer=112] [neededVer=113] [gotVer=113] ["elapsed time"=345.042µs] [phyTblIDs="[150]"] [actionTypes="[4]"] [diffTypes="[\"drop table\"]"]
[2026/07/17 08:18:14.390 +08:00] [INFO] [syncer.go:281] ["mdl gets lock, update self version to owner"] [jobID=154] [version=113]
[2026/07/17 08:18:14.394 +08:00] [INFO] [schema_version.go:397] ["wait schema version synced success"] [category=ddl] [ver=113] [checkAssumedSvr=false] ["take time"=5.899084ms] [job="ID:154, Type:drop table, State:running, SchemaState:delete only, SchemaID:114, TableID:150, RowCount:0, ArgLen:1, start time: 2026-07-17 08:18:14.327 +0800 CST, Err:<nil>, ErrCount:0, SnapshotVersion:0, Version: v2"] [summary="server count: 1"]
[2026/07/17 08:18:14.396 +08:00] [INFO] [job_worker.go:854] ["run one job step"] [category=ddl] [jobID=154] [conn=1] [job="ID:154, Type:drop table, State:running, SchemaState:delete only, SchemaID:114, TableID:150, RowCount:0, ArgLen:0, start time: 2026-07-17 08:18:14.327 +0800 CST, Err:<nil>, ErrCount:0, SnapshotVersion:0, Version: v2"]
[2026/07/17 08:18:14.397 +08:00] [WARN] [ddl.go:700] ["fail to notify DDL event"] [category=ddl] [event="(Event Type: drop table, Old Table ID: 150, Old Table Name: ai_stmt_control)"]
[2026/07/17 08:18:14.404 +08:00] [INFO] [loader.go:216] ["diff load InfoSchema success"] [mode=auto] [isV2=true] [currVer=113] [neededVer=114] [gotVer=114] ["elapsed time"=192.75µs] [phyTblIDs="[150]"] [actionTypes="[4]"] [diffTypes="[\"drop table\"]"]
[2026/07/17 08:18:14.405 +08:00] [INFO] [syncer.go:281] ["mdl gets lock, update self version to owner"] [jobID=154] [version=114]
[2026/07/17 08:18:14.409 +08:00] [INFO] [schema_version.go:397] ["wait schema version synced success"] [category=ddl] [ver=114] [checkAssumedSvr=false] ["take time"=5.912125ms] [job="ID:154, Type:drop table, State:done, SchemaState:none, SchemaID:114, TableID:150, RowCount:0, ArgLen:1, start time: 2026-07-17 08:18:14.327 +0800 CST, Err:<nil>, ErrCount:0, SnapshotVersion:0, Version: v2"] [summary="server count: 1"]
[2026/07/17 08:18:14.411 +08:00] [INFO] [delete_range.go:470] ["insert into delete-range table"] [category=ddl] [jobID=154] [tableIDs="[150]"] [comment="drop table: table ID"]
[2026/07/17 08:18:14.413 +08:00] [INFO] [delete_range.go:112] ["add job into delete-range table"] [category=ddl] [jobID=154] [jobType="drop table"]
[2026/07/17 08:18:14.413 +08:00] [INFO] [job_worker.go:447] ["finish DDL job"] [category=ddl] [jobID=154] [conn=1] [job="ID:154, Type:drop table, State:synced, SchemaState:none, SchemaID:114, TableID:150, RowCount:0, ArgLen:1, start time: 2026-07-17 08:18:14.327 +0800 CST, Err:<nil>, ErrCount:0, SnapshotVersion:0, Version: v2"]
[2026/07/17 08:18:14.417 +08:00] [INFO] [executor.go:7423] ["DDL job is finished"] [category=ddl] [jobID=154]
[2026/07/17 08:18:14.421 +08:00] [INFO] [job_submitter.go:118] ["add DDL jobs"] [category=ddl] ["batch count"=1] [jobs="ID:155, Type:drop table, State:queueing, SchemaState:public, SchemaID:114, TableID:152, RowCount:0, ArgLen:1, start time: 2026-07-17 08:18:14.376 +0800 CST, Err:<nil>, ErrCount:0, SnapshotVersion:0, Version: v2; "] [fast_create=true]
[2026/07/17 08:18:14.421 +08:00] [INFO] [executor.go:7285] ["DDL job submitted"] [category=ddl] [job="ID:155, Type:drop table, State:queueing, SchemaState:public, SchemaID:114, TableID:152, RowCount:0, ArgLen:1, start time: 2026-07-17 08:18:14.376 +0800 CST, Err:<nil>, ErrCount:0, SnapshotVersion:0, Version: v2"] [query="drop table `ai_stmt_control`,`ai_stmt_probe`"]
[2026/07/17 08:18:14.421 +08:00] [INFO] [lock_resolver.go:1631] ["txn lock cleanup resolve-lock rpc finished"] [action=commit] [txnStartTS=467729775165702179] [commitTS=467729775165702181] [regionID=8] [resolveLite=true] [resolvedByCheckTxnStatus=false]
[2026/07/17 08:18:14.423 +08:00] [INFO] [job_worker.go:854] ["run one job step"] [category=ddl] [jobID=155] [conn=1] [job="ID:155, Type:drop table, State:queueing, SchemaState:public, SchemaID:114, TableID:152, RowCount:0, ArgLen:0, start time: 2026-07-17 08:18:14.376 +0800 CST, Err:<nil>, ErrCount:0, SnapshotVersion:0, Version: v2"]
[2026/07/17 08:18:14.429 +08:00] [INFO] [loader.go:216] ["diff load InfoSchema success"] [mode=auto] [isV2=true] [currVer=114] [neededVer=115] [gotVer=115] ["elapsed time"=353.625µs] [phyTblIDs="[152]"] [actionTypes="[4]"] [diffTypes="[\"drop table\"]"]
[2026/07/17 08:18:14.430 +08:00] [INFO] [syncer.go:281] ["mdl gets lock, update self version to owner"] [jobID=155] [version=115]
[2026/07/17 08:18:14.434 +08:00] [INFO] [schema_version.go:397] ["wait schema version synced success"] [category=ddl] [ver=115] [checkAssumedSvr=false] ["take time"=5.977208ms] [job="ID:155, Type:drop table, State:running, SchemaState:write only, SchemaID:114, TableID:152, RowCount:0, ArgLen:1, start time: 2026-07-17 08:18:14.376 +0800 CST, Err:<nil>, ErrCount:0, SnapshotVersion:0, Version: v2"] [summary="server count: 1"]
[2026/07/17 08:18:14.436 +08:00] [INFO] [job_worker.go:854] ["run one job step"] [category=ddl] [jobID=155] [conn=1] [job="ID:155, Type:drop table, State:running, SchemaState:write only, SchemaID:114, TableID:152, RowCount:0, ArgLen:0, start time: 2026-07-17 08:18:14.376 +0800 CST, Err:<nil>, ErrCount:0, SnapshotVersion:0, Version: v2"]
[2026/07/17 08:18:14.442 +08:00] [INFO] [loader.go:216] ["diff load InfoSchema success"] [mode=auto] [isV2=true] [currVer=115] [neededVer=116] [gotVer=116] ["elapsed time"=316.209µs] [phyTblIDs="[152]"] [actionTypes="[4]"] [diffTypes="[\"drop table\"]"]
[2026/07/17 08:18:14.443 +08:00] [INFO] [syncer.go:281] ["mdl gets lock, update self version to owner"] [jobID=155] [version=116]
[2026/07/17 08:18:14.457 +08:00] [INFO] [schema_version.go:397] ["wait schema version synced success"] [category=ddl] [ver=116] [checkAssumedSvr=false] ["take time"=16.109875ms] [job="ID:155, Type:drop table, State:running, SchemaState:delete only, SchemaID:114, TableID:152, RowCount:0, ArgLen:1, start time: 2026-07-17 08:18:14.376 +0800 CST, Err:<nil>, ErrCount:0, SnapshotVersion:0, Version: v2"] [summary="server count: 1"]
[2026/07/17 08:18:14.459 +08:00] [INFO] [job_worker.go:854] ["run one job step"] [category=ddl] [jobID=155] [conn=1] [job="ID:155, Type:drop table, State:running, SchemaState:delete only, SchemaID:114, TableID:152, RowCount:0, ArgLen:0, start time: 2026-07-17 08:18:14.376 +0800 CST, Err:<nil>, ErrCount:0, SnapshotVersion:0, Version: v2"]
[2026/07/17 08:18:14.461 +08:00] [WARN] [ddl.go:700] ["fail to notify DDL event"] [category=ddl] [event="(Event Type: drop table, Old Table ID: 152, Old Table Name: ai_stmt_probe)"]
[2026/07/17 08:18:14.467 +08:00] [INFO] [loader.go:216] ["diff load InfoSchema success"] [mode=auto] [isV2=true] [currVer=116] [neededVer=117] [gotVer=117] ["elapsed time"=188.625µs] [phyTblIDs="[152]"] [actionTypes="[4]"] [diffTypes="[\"drop table\"]"]
[2026/07/17 08:18:14.467 +08:00] [INFO] [syncer.go:281] ["mdl gets lock, update self version to owner"] [jobID=155] [version=117]
[2026/07/17 08:18:14.471 +08:00] [INFO] [schema_version.go:397] ["wait schema version synced success"] [category=ddl] [ver=117] [checkAssumedSvr=false] ["take time"=5.189583ms] [job="ID:155, Type:drop table, State:done, SchemaState:none, SchemaID:114, TableID:152, RowCount:0, ArgLen:1, start time: 2026-07-17 08:18:14.376 +0800 CST, Err:<nil>, ErrCount:0, SnapshotVersion:0, Version: v2"] [summary="server count: 1"]
[2026/07/17 08:18:14.473 +08:00] [INFO] [delete_range.go:470] ["insert into delete-range table"] [category=ddl] [jobID=155] [tableIDs="[152]"] [comment="drop table: table ID"]
[2026/07/17 08:18:14.473 +08:00] [INFO] [delete_range.go:112] ["add job into delete-range table"] [category=ddl] [jobID=155] [jobType="drop table"]
[2026/07/17 08:18:14.473 +08:00] [INFO] [job_worker.go:447] ["finish DDL job"] [category=ddl] [jobID=155] [conn=1] [job="ID:155, Type:drop table, State:synced, SchemaState:none, SchemaID:114, TableID:152, RowCount:0, ArgLen:1, start time: 2026-07-17 08:18:14.376 +0800 CST, Err:<nil>, ErrCount:0, SnapshotVersion:0, Version: v2"]
[2026/07/17 08:18:14.476 +08:00] [INFO] [executor.go:7423] ["DDL job is finished"] [category=ddl] [jobID=155]
[2026/07/17 08:18:14.476 +08:00] [INFO] [session.go:5195] ["CRUCIAL OPERATION"] [conn=1] [schemaVersion=117] [cur_db=test] [sql="drop table `ai_stmt_control`,`ai_stmt_probe`"] [user=]
    testkit.go:325: cleaned up ddl and tables
=== RUN   TestAINativeFailedStatementCannotPoisonPriorMutation/optimistic/delete_then_failed_reinsert_on_later_unique_key
[2026/07/17 08:18:14.477 +08:00] [INFO] [session.go:5195] ["CRUCIAL OPERATION"] [conn=2] [schemaVersion=117] [cur_db=test] [sql="drop table if exists ai_stmt_control, ai_stmt_probe"] [user=]
[2026/07/17 08:18:14.480 +08:00] [INFO] [executor.go:7285] ["DDL job submitted"] [category=ddl] [job="ID:157, Type:create table, State:queueing, SchemaState:none, SchemaID:114, TableID:156, RowCount:0, ArgLen:1, start time: 2026-07-17 08:18:14.476 +0800 CST, Err:<nil>, ErrCount:0, SnapshotVersion:0, Version: v2"] [query="create table ai_stmt_control (\n\t\t\tid int primary key clustered,\n\t\t\tu1 int not null,\n\t\t\tu2 int not null,\n\t\t\tbase int not null,\n\t\t\tg int as (base + 1) stored,\n\t\t\tunique key u1_idx(u1),\n\t\t\tunique key u2_idx(u2),\n\t\t\tkey base_idx(base),\n\t\t\tkey g_idx(g)\n\t\t)"]
[2026/07/17 08:18:14.480 +08:00] [INFO] [job_submitter.go:118] ["add DDL jobs"] [category=ddl] ["batch count"=1] [jobs="ID:157, Type:create table, State:queueing, SchemaState:none, SchemaID:114, TableID:156, RowCount:0, ArgLen:1, start time: 2026-07-17 08:18:14.476 +0800 CST, Err:<nil>, ErrCount:0, SnapshotVersion:0, Version: v2; "] [fast_create=true]
[2026/07/17 08:18:14.480 +08:00] [INFO] [lock_resolver.go:1631] ["txn lock cleanup resolve-lock rpc finished"] [action=commit] [txnStartTS=467729775191916556] [commitTS=467729775191916558] [regionID=8] [resolveLite=true] [resolvedByCheckTxnStatus=false]
[2026/07/17 08:18:14.482 +08:00] [INFO] [job_worker.go:854] ["run one job step"] [category=ddl] [jobID=157] [conn=2] [job="ID:157, Type:create table, State:queueing, SchemaState:none, SchemaID:114, TableID:156, RowCount:0, ArgLen:0, start time: 2026-07-17 08:18:14.476 +0800 CST, Err:<nil>, ErrCount:0, SnapshotVersion:0, Version: v2"]
[2026/07/17 08:18:14.483 +08:00] [WARN] [ddl.go:700] ["fail to notify DDL event"] [category=ddl] [event="(Event Type: create table, Table ID: 156, Table Name: ai_stmt_control)"]
[2026/07/17 08:18:14.489 +08:00] [INFO] [loader.go:216] ["diff load InfoSchema success"] [mode=auto] [isV2=true] [currVer=117] [neededVer=118] [gotVer=118] ["elapsed time"=338.875µs] [phyTblIDs="[156]"] [actionTypes="[3]"] [diffTypes="[\"create table\"]"]
[2026/07/17 08:18:14.490 +08:00] [INFO] [syncer.go:281] ["mdl gets lock, update self version to owner"] [jobID=157] [version=118]
[2026/07/17 08:18:14.494 +08:00] [INFO] [schema_version.go:397] ["wait schema version synced success"] [category=ddl] [ver=118] [checkAssumedSvr=false] ["take time"=5.907416ms] [job="ID:157, Type:create table, State:done, SchemaState:public, SchemaID:114, TableID:156, RowCount:0, ArgLen:1, start time: 2026-07-17 08:18:14.476 +0800 CST, Err:<nil>, ErrCount:0, SnapshotVersion:0, Version: v2"] [summary="server count: 1"]
[2026/07/17 08:18:14.496 +08:00] [INFO] [job_worker.go:447] ["finish DDL job"] [category=ddl] [jobID=157] [conn=2] [job="ID:157, Type:create table, State:synced, SchemaState:public, SchemaID:114, TableID:156, RowCount:0, ArgLen:0, start time: 2026-07-17 08:18:14.476 +0800 CST, Err:<nil>, ErrCount:0, SnapshotVersion:0, Version: v2"]
[2026/07/17 08:18:14.497 +08:00] [INFO] [executor.go:7423] ["DDL job is finished"] [category=ddl] [jobID=157]
[2026/07/17 08:18:14.497 +08:00] [INFO] [session.go:5195] ["CRUCIAL OPERATION"] [conn=2] [schemaVersion=118] [cur_db=test] [sql="create table ai_stmt_control (\n\t\t\tid int primary key clustered,\n\t\t\tu1 int not null,\n\t\t\tu2 int not null,\n\t\t\tbase int not null,\n\t\t\tg int as (base + 1) stored,\n\t\t\tunique key u1_idx(u1),\n\t\t\tunique key u2_idx(u2),\n\t\t\tkey base_idx(base),\n\t\t\tkey g_idx(g)\n\t\t)"] [user=]
[2026/07/17 08:18:14.502 +08:00] [WARN] [prewrite.go:619] ["1pc failed and fallbacks to normal commit procedure"] [startTS=467729775191916575]
[2026/07/17 08:18:14.504 +08:00] [INFO] [job_submitter.go:118] ["add DDL jobs"] [category=ddl] ["batch count"=1] [jobs="ID:159, Type:create table, State:queueing, SchemaState:none, SchemaID:114, TableID:158, RowCount:0, ArgLen:1, start time: 2026-07-17 08:18:14.476 +0800 CST, Err:<nil>, ErrCount:0, SnapshotVersion:0, Version: v2; "] [fast_create=true]
[2026/07/17 08:18:14.504 +08:00] [INFO] [executor.go:7285] ["DDL job submitted"] [category=ddl] [job="ID:159, Type:create table, State:queueing, SchemaState:none, SchemaID:114, TableID:158, RowCount:0, ArgLen:1, start time: 2026-07-17 08:18:14.476 +0800 CST, Err:<nil>, ErrCount:0, SnapshotVersion:0, Version: v2"] [query="create table ai_stmt_probe (\n\t\t\tid int primary key clustered,\n\t\t\tu1 int not null,\n\t\t\tu2 int not null,\n\t\t\tbase int not null,\n\t\t\tg int as (base + 1) stored,\n\t\t\tunique key u1_idx(u1),\n\t\t\tunique key u2_idx(u2),\n\t\t\tkey base_idx(base),\n\t\t\tkey g_idx(g)\n\t\t)"]
[2026/07/17 08:18:14.505 +08:00] [INFO] [job_worker.go:854] ["run one job step"] [category=ddl] [jobID=159] [conn=2] [job="ID:159, Type:create table, State:queueing, SchemaState:none, SchemaID:114, TableID:158, RowCount:0, ArgLen:0, start time: 2026-07-17 08:18:14.476 +0800 CST, Err:<nil>, ErrCount:0, SnapshotVersion:0, Version: v2"]
[2026/07/17 08:18:14.506 +08:00] [WARN] [ddl.go:700] ["fail to notify DDL event"] [category=ddl] [event="(Event Type: create table, Table ID: 158, Table Name: ai_stmt_probe)"]
[2026/07/17 08:18:14.512 +08:00] [INFO] [loader.go:216] ["diff load InfoSchema success"] [mode=auto] [isV2=true] [currVer=118] [neededVer=119] [gotVer=119] ["elapsed time"=288.541µs] [phyTblIDs="[158]"] [actionTypes="[3]"] [diffTypes="[\"create table\"]"]
[2026/07/17 08:18:14.513 +08:00] [INFO] [syncer.go:281] ["mdl gets lock, update self version to owner"] [jobID=159] [version=119]
[2026/07/17 08:18:14.520 +08:00] [INFO] [schema_version.go:397] ["wait schema version synced success"] [category=ddl] [ver=119] [checkAssumedSvr=false] ["take time"=8.200583ms] [job="ID:159, Type:create table, State:done, SchemaState:public, SchemaID:114, TableID:158, RowCount:0, ArgLen:1, start time: 2026-07-17 08:18:14.476 +0800 CST, Err:<nil>, ErrCount:0, SnapshotVersion:0, Version: v2"] [summary="server count: 1"]
[2026/07/17 08:18:14.521 +08:00] [INFO] [job_worker.go:447] ["finish DDL job"] [category=ddl] [jobID=159] [conn=2] [job="ID:159, Type:create table, State:synced, SchemaState:public, SchemaID:114, TableID:158, RowCount:0, ArgLen:0, start time: 2026-07-17 08:18:14.476 +0800 CST, Err:<nil>, ErrCount:0, SnapshotVersion:0, Version: v2"]
[2026/07/17 08:18:14.523 +08:00] [INFO] [executor.go:7423] ["DDL job is finished"] [category=ddl] [jobID=159]
[2026/07/17 08:18:14.523 +08:00] [INFO] [session.go:5195] ["CRUCIAL OPERATION"] [conn=2] [schemaVersion=119] [cur_db=test] [sql="create table ai_stmt_probe (\n\t\t\tid int primary key clustered,\n\t\t\tu1 int not null,\n\t\t\tu2 int not null,\n\t\t\tbase int not null,\n\t\t\tg int as (base + 1) stored,\n\t\t\tunique key u1_idx(u1),\n\t\t\tunique key u2_idx(u2),\n\t\t\tkey base_idx(base),\n\t\t\tkey g_idx(g)\n\t\t)"] [user=]
[2026/07/17 08:18:14.528 +08:00] [WARN] [prewrite.go:619] ["1pc failed and fallbacks to normal commit procedure"] [startTS=467729775191916601]
[2026/07/17 08:18:14.529 +08:00] [WARN] [prewrite.go:619] ["1pc failed and fallbacks to normal commit procedure"] [startTS=467729775205023747]
    ai_native_unique_owner_fuzz_test.go:925: 
        	Error Trace:	/Users/bba/pc/tidb-ai-master/tests/realtikvtest/txntest/ai_native_unique_owner_fuzz_test.go:925
        	Error:      	An error is expected but got nil.
        	Test:       	TestAINativeFailedStatementCannotPoisonPriorMutation/optimistic/delete_then_failed_reinsert_on_later_unique_key
        	Messages:   	the poison statement must reach statement rollback
[2026/07/17 08:18:14.530 +08:00] [INFO] [manager.go:420] ["watch owner finished"] [key=/tidb/ddl/fg/owner] [id=61d6c9d4-f296-44b6-9106-77c0ac404b47] []
[2026/07/17 08:18:14.530 +08:00] [INFO] [job_scheduler.go:269] ["scheduleLoop quit due to context canceled"] [category=ddl]
[2026/07/17 08:18:14.530 +08:00] [INFO] [syncer.go:488] ["schema version sync loop interrupted, retrying..."] [category=ddl]
[2026/07/17 08:18:14.530 +08:00] [INFO] [manager.go:333] ["retire owner"] [key=/tidb/ddl/fg/owner] [id=61d6c9d4-f296-44b6-9106-77c0ac404b47]
[2026/07/17 08:18:14.530 +08:00] [INFO] [ddl_workerpool.go:78] ["closing workerPool"] [category=ddl]
[2026/07/17 08:18:14.530 +08:00] [INFO] [ddl_workerpool.go:78] ["closing workerPool"] [category=ddl]
[2026/07/17 08:18:14.530 +08:00] [INFO] [job_worker.go:267] ["DDL worker closed"] [category=ddl] [worker="worker 1, tp general"] ["take time"=2.25µs]
[2026/07/17 08:18:14.530 +08:00] [INFO] [job_worker.go:267] ["DDL worker closed"] [category=ddl] [worker="worker 2, tp general"] ["take time"=1.416µs]
[2026/07/17 08:18:14.530 +08:00] [INFO] [job_worker.go:267] ["DDL worker closed"] [category=ddl] [worker="worker 3, tp general"] ["take time"=2.042µs]
[2026/07/17 08:18:14.530 +08:00] [INFO] [job_worker.go:267] ["DDL worker closed"] [category=ddl] [worker="worker 4, tp general"] ["take time"=833ns]
[2026/07/17 08:18:14.530 +08:00] [INFO] [manager.go:424] ["is not the owner"] [key=/tidb/ddl/fg/owner] [id=61d6c9d4-f296-44b6-9106-77c0ac404b47]
[2026/07/17 08:18:14.530 +08:00] [INFO] [manager.go:385] ["break campaign loop, context is done"] [key=/tidb/ddl/fg/owner] [id=61d6c9d4-f296-44b6-9106-77c0ac404b47]
[2026/07/17 08:18:14.534 +08:00] [INFO] [delete_range.go:162] ["closing delRange"] [category=ddl]
[2026/07/17 08:18:14.534 +08:00] [INFO] [session_pool.go:133] ["closing session pool"] [category=ddl]
[2026/07/17 08:18:14.534 +08:00] [INFO] [ddl.go:1157] ["DDL closed"] [category=ddl] [ID=61d6c9d4-f296-44b6-9106-77c0ac404b47] ["take time"=4.716416ms]
[2026/07/17 08:18:14.534 +08:00] [INFO] [ddl.go:848] ["stop DDL"] [category=ddl] [ID=61d6c9d4-f296-44b6-9106-77c0ac404b47]
[2026/07/17 08:18:14.534 +08:00] [INFO] [domain.go:484] ["stopping ttlJobManager"]
[2026/07/17 08:18:14.534 +08:00] [INFO] [notifier.go:227] ["etcd notify loop to watch timer events stopped"] [EtcdKey=/tidb/timer/cluster/1/notify/3b84ad7b-a552-43d0-af32-e90a56ee9332]
[2026/07/17 08:18:14.534 +08:00] [INFO] [task_manager.go:225] ["shrink ttl worker"] [ttl-worker=job-manager] [ttl-worker=61d6c9d4-f296-44b6-9106-77c0ac404b47] [ttl-worker=task-manager] [ttl-worker=61d6c9d4-f296-44b6-9106-77c0ac404b47] [originalCount=4] [newCount=0]
[2026/07/17 08:18:14.534 +08:00] [INFO] [scan.go:379] ["ttlScanWorker loop exited."]
[2026/07/17 08:18:14.534 +08:00] [INFO] [scan.go:379] ["ttlScanWorker loop exited."]
[2026/07/17 08:18:14.534 +08:00] [INFO] [scan.go:379] ["ttlScanWorker loop exited."]
[2026/07/17 08:18:14.534 +08:00] [INFO] [scan.go:379] ["ttlScanWorker loop exited."]
[2026/07/17 08:18:14.535 +08:00] [INFO] [task_manager.go:225] ["shrink ttl worker"] [ttl-worker=job-manager] [ttl-worker=61d6c9d4-f296-44b6-9106-77c0ac404b47] [ttl-worker=task-manager] [ttl-worker=61d6c9d4-f296-44b6-9106-77c0ac404b47] [originalCount=4] [newCount=0]
[2026/07/17 08:18:14.535 +08:00] [INFO] [del.go:344] ["ttlDeleteWorker loop exited."]
[2026/07/17 08:18:14.535 +08:00] [INFO] [del.go:344] ["ttlDeleteWorker loop exited."]
[2026/07/17 08:18:14.535 +08:00] [INFO] [del.go:344] ["ttlDeleteWorker loop exited."]
[2026/07/17 08:18:14.535 +08:00] [INFO] [del.go:344] ["ttlDeleteWorker loop exited."]
[2026/07/17 08:18:14.535 +08:00] [INFO] [job_manager.go:183] ["ttlJobManager loop exited."] [ttl-worker=job-manager] [ttl-worker=61d6c9d4-f296-44b6-9106-77c0ac404b47]
[2026/07/17 08:18:14.535 +08:00] [INFO] [job_manager.go:168] ["ttlJobManager loop exited."] [ttl-worker=job-manager] [ttl-worker=61d6c9d4-f296-44b6-9106-77c0ac404b47]
[2026/07/17 08:18:14.535 +08:00] [INFO] [domain.go:495] ["ttlJobManager exited."]
[2026/07/17 08:18:14.535 +08:00] [INFO] [domain.go:2868] ["serverIDSession need restart"]
[2026/07/17 08:18:14.547 +08:00] [INFO] [domain.go:2733] ["releaseServerID succeed"] [serverID=600] [leaseID=2463925762081077574]
[2026/07/17 08:18:14.547 +08:00] [INFO] [domain.go:2800] ["serverIDKeeper exited."]
[2026/07/17 08:18:14.547 +08:00] [INFO] [domain.go:1477] ["LoadSysVarCacheLoop exited."]
[2026/07/17 08:18:14.547 +08:00] [INFO] [wait_group_wrapper.go:150] ["background process exited"] [source=domain] [process=LoadSysVarCacheLoop]
[2026/07/17 08:18:14.547 +08:00] [INFO] [domain.go:1403] ["loadPrivilegeInLoop exited."]
[2026/07/17 08:18:14.547 +08:00] [INFO] [wait_group_wrapper.go:150] ["background process exited"] [source=domain] [process=loadPrivilegeInLoop]
[2026/07/17 08:18:14.547 +08:00] [INFO] [domain.go:2396] ["analyzeJobsCleanupWorker exited."]
[2026/07/17 08:18:14.547 +08:00] [INFO] [wait_group_wrapper.go:150] ["background process exited"] [source=domain] [process=analyzeJobsCleanupWorker]
[2026/07/17 08:18:14.547 +08:00] [INFO] [domain.go:1222] ["stopping dist task executor manager"]
[2026/07/17 08:18:14.547 +08:00] [INFO] [flusher.go:89] ["flushing remaining records before stop"] [name=runaway-record]
[2026/07/17 08:18:14.547 +08:00] [INFO] [flusher.go:91] ["stopped flusher"] [name=runaway-record]
[2026/07/17 08:18:14.547 +08:00] [INFO] [manager.go:157] ["handle tasks loop done"] [server-id=:4000]
[2026/07/17 08:18:14.547 +08:00] [INFO] [flusher.go:89] ["flushing remaining records before stop"] [name=quarantine-record]
[2026/07/17 08:18:14.547 +08:00] [INFO] [flusher.go:91] ["stopped flusher"] [name=quarantine-record]
[2026/07/17 08:18:14.547 +08:00] [INFO] [flusher.go:89] ["flushing remaining records before stop"] [name=stale-quarantine-record]
[2026/07/17 08:18:14.547 +08:00] [INFO] [flusher.go:91] ["stopped flusher"] [name=stale-quarantine-record]
[2026/07/17 08:18:14.547 +08:00] [INFO] [manager.go:205] ["runaway record flush loop exit"]
[2026/07/17 08:18:14.547 +08:00] [INFO] [wait_group_wrapper.go:150] ["background process exited"] [source=domain] [process=runawayRecordFlushLoop]
[2026/07/17 08:18:14.547 +08:00] [INFO] [domain.go:1892] ["HistoricalStatsWorker exited."]
[2026/07/17 08:18:14.547 +08:00] [INFO] [domain.go:1861] ["dumpFileGcChecker exited."]
[2026/07/17 08:18:14.547 +08:00] [INFO] [wait_group_wrapper.go:150] ["background process exited"] [source=domain] [process=dumpFileGcChecker]
[2026/07/17 08:18:14.547 +08:00] [INFO] [wait_group_wrapper.go:150] ["background process exited"] [source=domain] [process=HistoricalStatsWorker]
[2026/07/17 08:18:14.547 +08:00] [INFO] [domain.go:2332] ["autoAnalyzeWorker exited."] [category=stats]
[2026/07/17 08:18:14.547 +08:00] [INFO] [domain.go:1827] ["PlanReplayerTaskDumpHandle exited."]
[2026/07/17 08:18:14.547 +08:00] [INFO] [syncer.go:288] ["server info sync loop exited."]
[2026/07/17 08:18:14.547 +08:00] [INFO] [domain.go:2989] ["readTableCostWorker exited."]
[2026/07/17 08:18:14.547 +08:00] [INFO] [wait_group_wrapper.go:150] ["background process exited"] [source=domain] [process=infoSyncerKeeper]
[2026/07/17 08:18:14.547 +08:00] [INFO] [domain.go:419] ["globalConfigSyncerKeeper exited."]
[2026/07/17 08:18:14.547 +08:00] [INFO] [wait_group_wrapper.go:150] ["background process exited"] [source=domain] [process=PlanReplayerTaskDumpHandle]
[2026/07/17 08:18:14.547 +08:00] [INFO] [domain.go:2219] ["deltaUpdateTicker is going to exit, start to flush stats"]
[2026/07/17 08:18:14.547 +08:00] [INFO] [stats_syncload.go:255] ["SubLoadWorker: exits now because the domain is closed."] [category=stats]
[2026/07/17 08:18:14.547 +08:00] [INFO] [domain.go:1807] ["PlanReplayerTaskCollectHandle exited."]
[2026/07/17 08:18:14.547 +08:00] [INFO] [stats_syncload.go:255] ["SubLoadWorker: exits now because the domain is closed."] [category=stats]
[2026/07/17 08:18:14.547 +08:00] [INFO] [domain.go:2282] ["dumpColStatsUsageWorker exited."]
[2026/07/17 08:18:14.547 +08:00] [INFO] [stats_syncload.go:245] ["SubLoadWorker: exited."] [category=stats]
[2026/07/17 08:18:14.547 +08:00] [INFO] [stats_syncload.go:255] ["SubLoadWorker: exits now because the domain is closed."] [category=stats]
[2026/07/17 08:18:14.547 +08:00] [INFO] [wait_group_wrapper.go:150] ["background process exited"] [source=domain] [process=dumpColStatsUsageWorker]
[2026/07/17 08:18:14.547 +08:00] [INFO] [stats_syncload.go:255] ["SubLoadWorker: exits now because the domain is closed."] [category=stats]
[2026/07/17 08:18:14.547 +08:00] [INFO] [stats_syncload.go:245] ["SubLoadWorker: exited."] [category=stats]
[2026/07/17 08:18:14.547 +08:00] [INFO] [wait_group_wrapper.go:150] ["background process exited"] [source=domain] [process=readTableCostWorker]
[2026/07/17 08:18:14.547 +08:00] [INFO] [wait_group_wrapper.go:150] ["background process exited"] [source=domain] [process=autoAnalyzeWorker]
[2026/07/17 08:18:14.548 +08:00] [INFO] [domain.go:2945] ["planCacheEvictTrigger exited."]
[2026/07/17 08:18:14.548 +08:00] [INFO] [manager.go:285] ["recoverMetaLoop done"] [server-id=:4000]
[2026/07/17 08:18:14.548 +08:00] [INFO] [wait_group_wrapper.go:150] ["background process exited"] [source=domain] [process=planCacheEvictTrigger]
[2026/07/17 08:18:14.548 +08:00] [INFO] [domain.go:1224] ["dist task executor manager stopped"]
[2026/07/17 08:18:14.548 +08:00] [INFO] [wait_group_wrapper.go:150] ["background process exited"] [source=domain] [process=distTaskFrameworkLoop]
[2026/07/17 08:18:14.548 +08:00] [INFO] [domain.go:2114] ["loadStatsWorker exited."]
[2026/07/17 08:18:14.548 +08:00] [INFO] [wait_group_wrapper.go:150] ["background process exited"] [source=domain] [process=loadStatsWorker]
[2026/07/17 08:18:14.547 +08:00] [INFO] [domain.go:2193] ["gcStatsWorker ready to release owner"]
[2026/07/17 08:18:14.548 +08:00] [INFO] [stats_syncload.go:245] ["SubLoadWorker: exited."] [category=stats]
[2026/07/17 08:18:14.547 +08:00] [INFO] [wait_group_wrapper.go:150] ["background process exited"] [source=domain] [process=PlanReplayerTaskCollectHandle]
[2026/07/17 08:18:14.548 +08:00] [INFO] [stats_syncload.go:255] ["SubLoadWorker: exits now because the domain is closed."] [category=stats]
[2026/07/17 08:18:14.548 +08:00] [INFO] [stats_syncload.go:245] ["SubLoadWorker: exited."] [category=stats]
[2026/07/17 08:18:14.547 +08:00] [INFO] [stats_syncload.go:255] ["SubLoadWorker: exits now because the domain is closed."] [category=stats]
[2026/07/17 08:18:14.548 +08:00] [INFO] [domain.go:2174] ["indexUsageWorker exited."]
[2026/07/17 08:18:14.547 +08:00] [INFO] [manager.go:420] ["watch owner finished"] [key=/tidb/br-stream/owner] [id=627c177c-aaea-4d7b-b8d5-3c864e8db498] []
[2026/07/17 08:18:14.548 +08:00] [INFO] [wait_group_wrapper.go:150] ["background process exited"] [source=domain] [process=indexUsageWorker]
[2026/07/17 08:18:14.547 +08:00] [INFO] [stats_syncload.go:245] ["SubLoadWorker: exited."] [category=stats]
[2026/07/17 08:18:14.547 +08:00] [INFO] [wait_group_wrapper.go:150] ["background process exited"] [source=domain] [process=globalConfigSyncerKeeper]
[2026/07/17 08:18:14.548 +08:00] [INFO] [stats_syncload.go:245] ["SubLoadWorker: exited."] [category=stats]
[2026/07/17 08:18:14.547 +08:00] [INFO] [domain.go:2914] ["planCacheMetricsAndVars exited."]
[2026/07/17 08:18:14.548 +08:00] [INFO] [wait_group_wrapper.go:150] ["background process exited"] [source=domain] [process=planCacheMetricsAndVars]
[2026/07/17 08:18:14.547 +08:00] [INFO] [syncer.go:422] ["topology sync loop exited."]
[2026/07/17 08:18:14.548 +08:00] [INFO] [wait_group_wrapper.go:150] ["background process exited"] [source=domain] [process=topologySyncerKeeper]
[2026/07/17 08:18:14.547 +08:00] [INFO] [domain.go:2147] ["asyncLoadStats exited."]
[2026/07/17 08:18:14.548 +08:00] [INFO] [wait_group_wrapper.go:150] ["background process exited"] [source=domain] [process=asyncLoadHistogram]
[2026/07/17 08:18:14.547 +08:00] [INFO] [wait_group_wrapper.go:150] ["background process exited"] [source=domain] [process=loadSigningCertLoop]
[2026/07/17 08:18:14.548 +08:00] [INFO] [manager.go:420] ["watch owner finished"] [key=/tidb/stats/owner] [id=61d6c9d4-f296-44b6-9106-77c0ac404b47] []
[2026/07/17 08:18:14.548 +08:00] [INFO] [manager.go:333] ["retire owner"] [key=/tidb/stats/owner] [id=61d6c9d4-f296-44b6-9106-77c0ac404b47]
[2026/07/17 08:18:14.547 +08:00] [INFO] [manager.go:241] ["runaway watch sync loop exit"]
[2026/07/17 08:18:14.548 +08:00] [INFO] [manager.go:333] ["retire owner"] [key=/tidb/br-stream/owner] [id=627c177c-aaea-4d7b-b8d5-3c864e8db498]
[2026/07/17 08:18:14.548 +08:00] [INFO] [manager.go:424] ["is not the owner"] [key=/tidb/br-stream/owner] [id=627c177c-aaea-4d7b-b8d5-3c864e8db498]
[2026/07/17 08:18:14.547 +08:00] [INFO] [plan_replayer.go:411] ["planReplayerTaskDumpWorker exited."]
[2026/07/17 08:18:14.548 +08:00] [INFO] [manager.go:424] ["is not the owner"] [key=/tidb/stats/owner] [id=61d6c9d4-f296-44b6-9106-77c0ac404b47]
[2026/07/17 08:18:14.548 +08:00] [INFO] [manager.go:385] ["break campaign loop, context is done"] [key=/tidb/stats/owner] [id=61d6c9d4-f296-44b6-9106-77c0ac404b47]
[2026/07/17 08:18:14.548 +08:00] [INFO] [wait_group_wrapper.go:150] ["background process exited"] [source=domain] [process=runawayWatchSyncLoop]
[2026/07/17 08:18:14.548 +08:00] [INFO] [manager.go:385] ["break campaign loop, context is done"] [key=/tidb/br-stream/owner] [id=627c177c-aaea-4d7b-b8d5-3c864e8db498]
[2026/07/17 08:18:14.548 +08:00] [INFO] [manager.go:420] ["watch owner finished"] [key=/tidb/bindinfo/owner] [id=61d6c9d4-f296-44b6-9106-77c0ac404b47] []
[2026/07/17 08:18:14.548 +08:00] [INFO] [manager.go:333] ["retire owner"] [key=/tidb/bindinfo/owner] [id=61d6c9d4-f296-44b6-9106-77c0ac404b47]
[2026/07/17 08:18:14.548 +08:00] [INFO] [manager.go:424] ["is not the owner"] [key=/tidb/bindinfo/owner] [id=61d6c9d4-f296-44b6-9106-77c0ac404b47]
[2026/07/17 08:18:14.548 +08:00] [INFO] [manager.go:385] ["break campaign loop, context is done"] [key=/tidb/bindinfo/owner] [id=61d6c9d4-f296-44b6-9106-77c0ac404b47]
[2026/07/17 08:18:14.557 +08:00] [INFO] [domain.go:2225] ["deltaUpdateTicker exit preprocessing finished"]
[2026/07/17 08:18:14.557 +08:00] [INFO] [wait_group_wrapper.go:150] ["background process exited"] [source=domain] [process=deltaUpdateTickerWorker]
[2026/07/17 08:18:14.566 +08:00] [INFO] [domain.go:2201] ["gcStatsWorker exit preprocessing finished"]
[2026/07/17 08:18:14.566 +08:00] [INFO] [domain.go:2246] ["gcStatsWorker exited."]
[2026/07/17 08:18:14.566 +08:00] [INFO] [wait_group_wrapper.go:150] ["background process exited"] [source=domain] [process=gcStatsWorker]
[2026/07/17 08:18:14.576 +08:00] [INFO] [domain.go:979] ["closestReplicaReadCheckLoop exited."]
[2026/07/17 08:18:14.576 +08:00] [INFO] [wait_group_wrapper.go:150] ["background process exited"] [source=domain] [process=closestReplicaReadCheckLoop]
[2026/07/17 08:18:14.576 +08:00] [INFO] [domain.go:391] ["topNSlowQueryLoop exited."]
[2026/07/17 08:18:14.576 +08:00] [INFO] [wait_group_wrapper.go:150] ["background process exited"] [source=domain] [process=topNSlowQueryLoop]
[2026/07/17 08:18:14.576 +08:00] [INFO] [wait_group_wrapper.go:150] ["background process exited"] [source=domain] [process=mdlCheckLoop]
[2026/07/17 08:18:14.576 +08:00] [INFO] [manager.go:431] ["etcd session close failed"] [key=/tidb/bindinfo/owner] [id=61d6c9d4-f296-44b6-9106-77c0ac404b47] [error="context canceled"]
[2026/07/17 08:18:14.576 +08:00] [INFO] [syncer.go:304] ["info schema sync loop exited."]
[2026/07/17 08:18:14.576 +08:00] [INFO] [wait_group_wrapper.go:150] ["background process exited"] [source=domain] [process=loadSchemaInLoop]
[2026/07/17 08:18:14.576 +08:00] [INFO] [domain.go:1616] ["globalBindHandleWorkerLoop exited."]
[2026/07/17 08:18:14.576 +08:00] [INFO] [wait_group_wrapper.go:150] ["background process exited"] [source=domain] [process=globalBindHandleWorkerLoop]
[2026/07/17 08:18:14.576 +08:00] [WARN] [meta_storage_client.go:165] ["watch stream closed"] [error="rpc error: code = Canceled desc = context canceled"]
[2026/07/17 08:18:14.576 +08:00] [WARN] [meta_storage_client.go:165] ["watch stream closed"] [error="rpc error: code = Canceled desc = context canceled"]
[2026/07/17 08:18:14.576 +08:00] [INFO] [owner_daemon.go:87] ["daemon loop exits"] [id=627c177c-aaea-4d7b-b8d5-3c864e8db498] [daemon-id=LogBackup::Advancer]
[2026/07/17 08:18:14.576 +08:00] [INFO] [wait_group_wrapper.go:150] ["background process exited"] [source=domain] [process=logBackupAdvancer]
[2026/07/17 08:18:14.576 +08:00] [INFO] [advancer_cliext.go:194] ["Start collecting remaining events in the channel."] [category="log backup advancer"] [remained=0]
[2026/07/17 08:18:14.576 +08:00] [INFO] [advancer_cliext.go:199] ["Finish collecting remaining events in the channel."] [category="log backup advancer"]
[2026/07/17 08:18:14.601 +08:00] [INFO] [domain.go:550] ["domain closed"] ["take time"=71.280333ms]
[2026/07/17 08:18:14.616 +08:00] [INFO] [client.go:356] ["[pd] http client closed"] [source=tikv-driver]
[2026/07/17 08:18:14.616 +08:00] [INFO] [router_service_discovery.go:273] ["[router service] exit check member loop"]
[2026/07/17 08:18:14.616 +08:00] [INFO] [service_discovery.go:562] ["[pd] exit member loop due to context canceled"]
[2026/07/17 08:18:14.616 +08:00] [INFO] [router_service_discovery.go:315] ["[router service] exit health check member loop"]
[2026/07/17 08:18:14.616 +08:00] [INFO] [resource_manager_client.go:341] ["[resource manager] exit resource token dispatcher"]
[2026/07/17 08:18:14.616 +08:00] [INFO] [inner_client.go:96] ["[pd] exit router client initializer"]
[2026/07/17 08:18:14.616 +08:00] [INFO] [watcher.go:73] ["[pd] exit the deadline watcher"] [source=tso]
[2026/07/17 08:18:14.616 +08:00] [INFO] [client.go:277] ["[tso] exit tso connection contexts updater"]
[2026/07/17 08:18:14.616 +08:00] [INFO] [router_service_discovery.go:287] ["[router service] closing router service discovery"]
[2026/07/17 08:18:14.616 +08:00] [INFO] [router_service_discovery.go:303] ["[router service] is closed"]
[2026/07/17 08:18:14.616 +08:00] [INFO] [client.go:155] ["[tso] closing tso client"]
[2026/07/17 08:18:14.616 +08:00] [INFO] [dispatcher.go:207] ["[tso] stop fetching the pending tso requests due to context canceled"]
[2026/07/17 08:18:14.617 +08:00] [INFO] [dispatcher.go:149] ["[tso] exit tso dispatcher"]
[2026/07/17 08:18:14.617 +08:00] [INFO] [client.go:160] ["[tso] close tso client"]
[2026/07/17 08:18:14.617 +08:00] [INFO] [client.go:162] ["[tso] tso client is closed"]
[2026/07/17 08:18:14.617 +08:00] [INFO] [service_discovery.go:653] ["[pd] close service discovery client"]
[2026/07/17 08:18:14.617 +08:00] [INFO] [stream.go:366] ["tsoStream.recvLoop ended"] [stream=127.0.0.1:2379-1] [error="rpc error: code = Canceled desc = context canceled"] [errorVerbose="rpc error: code = Canceled desc = context canceled\ngithub.com/tikv/pd/client/clients/tso.(*tsoStream).recvLoop\n\t/Users/bba/.gvm/pkgsets/go1.25.1/global/pkg/mod/github.com/tikv/pd/client@v0.0.0-20260708075407-4e05b9d2c2d3/clients/tso/stream.go:434\nruntime.goexit\n\t/Users/bba/.gvm/pkgsets/go1.25.1/global/pkg/mod/golang.org/toolchain@v0.0.1-go1.25.10.darwin-arm64/src/runtime/asm_arm64.s:1268"]
[2026/07/17 08:18:14.617 +08:00] [INFO] [inner_client.go:275] ["[pd] close client successfully"]
--- FAIL: TestAINativeFailedStatementCannotPoisonPriorMutation (0.49s)
    --- FAIL: TestAINativeFailedStatementCannotPoisonPriorMutation/optimistic/delete_then_failed_reinsert_on_later_unique_key (0.05s)
FAIL
FAIL	github.com/pingcap/tidb/tests/realtikvtest/txntest	2.670s
FAIL
