id2970003 AUTO_ID_CACHE=1 AUTO_INCREMENT -> AUTO_RANDOM RED/GREEN evidence
Date: 2026-07-25
Kernel: Classic, one PD, one real TiKV
MDL: ON

CURRENT MASTER RED
------------------
TiDB binary: /Users/bba/pc/tidb-ai-critical-scan/bin/tidb-server
TiDB commit: 231dad5225f0d3c9cf38d4ab7ebc03a5326785c7
SQL/status: 127.0.0.1:4002 / 127.0.0.1:10082
ADMIN SHOW DDL owner: 127.0.0.1:4002
Product modification: none

Input:
  64 rows, generated primary keys 1..64, payload order-001..order-064
  AUTO_ID_CACHE=1
  SET SESSION tidb_allow_remove_auto_inc=1
  ALTER id BIGINT PRIMARY KEY AUTO_RANDOM(1)
  24 generated REPLACE statements

Output:
  affected_rows=2 and old-row replacement at IDs:
  1,5,9,10,12,14,15,16,19,20,21,22

  final_count      = 76
  original_rows    = 52
  replacement_rows = 24
  ADMIN CHECK TABLE = success

Interpretation:
  12 SQL statements reported success while permanently replacing 12 pre-migration rows.
  The table is structurally valid, so ADMIN CHECK does not detect semantic data loss.

PACKAGED NIGHTLY RED
--------------------
TiDB commit: ed2376acc6e0feeff9f3e2c38db489727933aa80
Product modification: none

Same 64-row input and 24 generated REPLACE statements:
  affected_rows=2 = 14
  final_count      = 74
  original_rows    = 50
  replacement_rows = 24
  ADMIN CHECK TABLE = success

DEFAULT-CACHE GREEN
-------------------
Same schema and conversion without AUTO_ID_CACHE=1:
  affected_rows=2 = 0
  final_count      = 88
  original_rows    = 64
  replacement_rows = 24
  ADMIN CHECK TABLE = success

EXACT OWNER COUNTERFACTUAL GREEN
--------------------------------
Current-master source changed only applyNewAutoRandomBits old-accessor selection:
  RowID by default
  IncrementID(tblInfo.Version) when tblInfo.SepAutoInc()

The patched 127.0.0.1:4002 TiDB was explicitly made and verified as DDL owner before ALTER:
  affected_rows=2 = 0
  final_count      = 88
  original_rows    = 64
  replacement_rows = 24
  ADMIN CHECK TABLE = success

The patch was reverted and the worktree was confirmed clean.

REUSABLE 64-ATTEMPT SCRIPT RED/GREEN
------------------------------------
Command target: unmodified current master at 127.0.0.1:4002
DDL owner: 127.0.0.1:4002

AUTO_ID_CACHE=1:
  generated REPLACE attempts = 64
  affected_rows=2            = 34
  final_count                = 94
  original_rows              = 30
  replacement_rows           = 64
  overwritten old IDs        =
    1,3,4,5,6,7,10,13,15,17,18,19,22,23,24,25,27,28,30,33,34,35,37,40,
    43,48,52,55,58,59,60,62,63,64

Default-cache control:
  generated REPLACE attempts = 64
  affected_rows=2            = 0
  final_count                = 128
  original_rows              = 64
  replacement_rows           = 64

Both ADMIN CHECK TABLE statements succeeded.
Scaffold verdict: RED.

INVALID COUNTERFACTUAL ATTEMPT
------------------------------
The first patched run remained RED because unpatched 127.0.0.1:4000 still owned DDL. It is excluded
from evidence. This established a harness rule: record ADMIN SHOW DDL and the owner binary revision
before accepting any DDL RED/GREEN counterfactual.
