[2026/07/25 12:22:54.593 +08:00] [INFO] [meminfo.go:196] ["use physical memory hook"] [cgroupMemorySize=0] [physicalMemorySize=38654705664]
[2026/07/25 12:22:54.594 +08:00] [INFO] [cmd.go:197] ["calculate the rest memory"] [memtotal=38654705664] [memused=29819469824] [memlimit=8298364928]
[2026/07/25 12:22:54.595 +08:00] [INFO] [memory_monitor.go:62] ["Memory monitor starting"] [dump_dir=/tmp/br_heap_dumps] [using_temp_dir=false] [memory_usage_alarm_ratio=0.8] [memory_limit_mb=7913]
[2026/07/25 12:22:54.595 +08:00] [INFO] [info.go:54] ["Welcome to Backup & Restore (BR)"] [release-version=v9.0.0-beta.2.pre-2019-ga942e4684f] [git-hash=a942e4684f4346e8f3b1b4985dfbba38ae6305e2] [git-branch=HEAD] [go-version=go1.25.10] [utc-build-time="2026-07-24 03:50:15"] [race-enabled=false] [for-next-gen?=false]
[2026/07/25 12:22:54.596 +08:00] [INFO] [common.go:991] [arguments] [__command="br restore table"] [db=brgenbig] [log-file=/tmp/ai-br-checkpoint-generation-interrupt-v4.log] [merge-region-key-count=1] [merge-region-size-bytes=1] [pd="[127.0.0.1:2379]"] [ratelimit=1] [storage=local:///Users/bba/pc/agent-test/runs/critical-br-generation-20260725/backup-big] [table=t] [tikv-max-restore-concurrency=1]
[2026/07/25 12:22:54.602 +08:00] [INFO] [context.go:73] ["BR operation started"] [operation_id=2d1e72da-af95-4e1b-9810-1be8654ef141] [operation_started_at=2026/07/25 12:22:54.602 +08:00] [host=wj.local] [pid=42665] [command="Table Restore"]
[2026/07/25 12:22:54.603 +08:00] [INFO] [common.go:199] ["trying to connect to etcd"] [addr="[127.0.0.1:2379]"]
[2026/07/25 12:22:54.627 +08:00] [INFO] [conn.go:169] ["new mgr"] [pdAddrs="[127.0.0.1:2379]"]
[2026/07/25 12:22:54.632 +08:00] [INFO] [service_discovery.go:1030] ["[pd] switch leader"] [new-leader=http://127.0.0.1:2379] [old-leader=]
[2026/07/25 12:22:54.632 +08:00] [INFO] [service_discovery.go:509] ["[pd] init cluster id"] [cluster-id=7666169322391198283]
[2026/07/25 12:22:54.632 +08:00] [INFO] [client.go:214] ["[tso] switch the tso leader serving url"] [new-url=http://127.0.0.1:2379]
[2026/07/25 12:22:54.632 +08:00] [INFO] [watcher.go:56] ["[pd] start the deadline watcher"] [source=tso]
[2026/07/25 12:22:54.632 +08:00] [INFO] [inner_client.go:173] ["[pd] tso provider changed to pd"]
[2026/07/25 12:22:54.632 +08:00] [INFO] [client.go:251] ["[tso] start tso connection contexts updater"]
[2026/07/25 12:22:54.633 +08:00] [INFO] [inner_client.go:154] ["[pd] service mode changed"] [new-mode=PD_SVC_MODE]
[2026/07/25 12:22:54.633 +08:00] [INFO] [router_service_discovery.go:162] ["[router service] created router service discovery"] [cluster-id=7666169322391198283] [keyspace-id=4294967295] [default-discovery-key=/ms/7666169322391198283/router/registry/]
[2026/07/25 12:22:54.633 +08:00] [INFO] [router_service_discovery.go:174] ["[router service] initializing router service discovery"] [max-retry-times=100] [retry-interval=1s]
[2026/07/25 12:22:54.633 +08:00] [INFO] [router_service_discovery.go:260] ["[router service] update member sorted urls"] [new-sorted-urls="[]"]
[2026/07/25 12:22:54.633 +08:00] [INFO] [router_service_discovery.go:245] ["[router service] updating nodes succeeded"] [urls="[]"] [clients-length=0]
[2026/07/25 12:22:54.633 +08:00] [INFO] [inner_client.go:91] ["[pd] start router client initializer"]
[2026/07/25 12:22:54.633 +08:00] [INFO] [client.go:424] ["[router] connection daemon is started"]
[2026/07/25 12:22:54.633 +08:00] [INFO] [client.go:585] ["[router] dispatcher is started"]
[2026/07/25 12:22:54.633 +08:00] [INFO] [dispatcher.go:146] ["[tso] tso dispatcher created"]
[2026/07/25 12:22:54.633 +08:00] [INFO] [dispatcher.go:598] ["[tso] switching tso rpc concurrency"] [old=0] [new=1]
[2026/07/25 12:22:54.634 +08:00] [INFO] [client.go:509] ["[router] successfully established the leader router stream connection"] [url=http://127.0.0.1:2379]
[2026/07/25 12:22:54.637 +08:00] [INFO] [conn.go:142] ["checked alive KV stores"] [aliveStores=1] [totalStores=1]
[2026/07/25 12:22:54.638 +08:00] [INFO] [service_discovery.go:1030] ["[pd] switch leader"] [new-leader=http://127.0.0.1:2379] [old-leader=]
[2026/07/25 12:22:54.638 +08:00] [INFO] [service_discovery.go:509] ["[pd] init cluster id"] [cluster-id=7666169322391198283]
[2026/07/25 12:22:54.638 +08:00] [INFO] [client.go:214] ["[tso] switch the tso leader serving url"] [new-url=http://127.0.0.1:2379]
[2026/07/25 12:22:54.638 +08:00] [INFO] [inner_client.go:173] ["[pd] tso provider changed to pd"]
[2026/07/25 12:22:54.638 +08:00] [INFO] [watcher.go:56] ["[pd] start the deadline watcher"] [source=tso]
[2026/07/25 12:22:54.638 +08:00] [INFO] [dispatcher.go:146] ["[tso] tso dispatcher created"]
[2026/07/25 12:22:54.638 +08:00] [INFO] [client.go:251] ["[tso] start tso connection contexts updater"]
[2026/07/25 12:22:54.638 +08:00] [INFO] [dispatcher.go:598] ["[tso] switching tso rpc concurrency"] [old=0] [new=1]
[2026/07/25 12:22:54.639 +08:00] [INFO] [inner_client.go:154] ["[pd] service mode changed"] [new-mode=PD_SVC_MODE]
[2026/07/25 12:22:54.639 +08:00] [INFO] [router_service_discovery.go:162] ["[router service] created router service discovery"] [cluster-id=7666169322391198283] [keyspace-id=4294967295] [default-discovery-key=/ms/7666169322391198283/router/registry/]
[2026/07/25 12:22:54.639 +08:00] [INFO] [router_service_discovery.go:174] ["[router service] initializing router service discovery"] [max-retry-times=100] [retry-interval=1s]
[2026/07/25 12:22:54.639 +08:00] [INFO] [router_service_discovery.go:260] ["[router service] update member sorted urls"] [new-sorted-urls="[]"]
[2026/07/25 12:22:54.639 +08:00] [INFO] [router_service_discovery.go:245] ["[router service] updating nodes succeeded"] [urls="[]"] [clients-length=0]
[2026/07/25 12:22:54.639 +08:00] [INFO] [client.go:424] ["[router] connection daemon is started"]
[2026/07/25 12:22:54.639 +08:00] [INFO] [client.go:585] ["[router] dispatcher is started"]
[2026/07/25 12:22:54.639 +08:00] [INFO] [client.go:509] ["[router] successfully established the leader router stream connection"] [url=http://127.0.0.1:2379]
[2026/07/25 12:22:54.639 +08:00] [INFO] [inner_client.go:91] ["[pd] start router client initializer"]
[2026/07/25 12:22:54.639 +08:00] [INFO] [tikv_driver.go:194] ["using API V1."]
[2026/07/25 12:22:54.640 +08:00] [INFO] [metamanager.go:146] ["return meta service group info"] [meta-service-info="{\"PDAddrs\":[\"127.0.0.1:2379\"],\"Group\":{\"GroupID\":\"0\",\"Addrs\":[\"127.0.0.1:2379\"]}}"]
[2026/07/25 12:22:54.646 +08:00] [INFO] [tidb.go:103] ["new domain"] [store=tikv-7666169322391198283/] ["ddl lease"=45s] ["stats lease"=-1ns]
[2026/07/25 12:22:54.688 +08:00] [INFO] [info.go:279] ["init TiFlashReplicaManager"]
[2026/07/25 12:22:54.713 +08:00] [INFO] [domain.go:2708] [acquireServerID] [serverID=800] ["lease id"=22319f95e129a682]
[2026/07/25 12:22:54.718 +08:00] [INFO] [global_controller.go:219] ["load resource controller config"] [config="{\"degraded-mode-wait-duration\":\"0s\",\"ltb-max-wait-duration\":\"30s\",\"ltb-token-rpc-max-delay\":\"1s\",\"request-unit\":{\"read-base-cost\":0.125,\"read-per-batch-base-cost\":0.5,\"read-cost-per-byte\":0.0000152587890625,\"write-base-cost\":1,\"write-per-batch-base-cost\":1,\"write-cost-per-byte\":0.0009765625,\"read-cpu-ms-cost\":0.3333333333333333},\"enable-controller-trace-log\":\"false\",\"token-rpc-params\":{\"wait-retry-interval\":\"50ms\",\"wait-retry-times\":20}}"] [ru-config="{\"ReadBaseCost\":0.125,\"ReadPerBatchBaseCost\":0.5,\"ReadBytesCost\":0.0000152587890625,\"WriteBaseCost\":1,\"WritePerBatchBaseCost\":1,\"WriteBytesCost\":0.0009765625,\"CPUMsCost\":0.3333333333333333,\"LTBMaxWaitDuration\":30000000000,\"WaitRetryInterval\":50000000,\"WaitRetryTimes\":20,\"DegradedModeWaitDuration\":0}"] [keyspace-id=4294967295]
[2026/07/25 12:22:54.723 +08:00] [INFO] [store_cache.go:572] ["change store resolve state"] [store=1] [addr=127.0.0.1:20160] [from=unresolved] [to=resolved] [liveness-state=reachable]
[2026/07/25 12:22:54.743 +08:00] [INFO] [loader.go:281] ["full load InfoSchema success"] [mode=auto] [isV2=true] [currentSchemaVersion=0] [neededSchemaVersion=1914] ["elapsed time"=11.430625ms]
[2026/07/25 12:22:54.748 +08:00] [INFO] [syncer.go:456] ["full load and reset schema validator"]
[2026/07/25 12:22:54.748 +08:00] [INFO] [ddl.go:1068] ["change job version in use"] [category=ddl] [old=v1] [new=v2]
[2026/07/25 12:22:54.749 +08:00] [INFO] [ddl.go:1074] ["change global index V1 support"] [category=ddl] [old=false] [new=true]
[2026/07/25 12:22:54.749 +08:00] [INFO] [ddl.go:881] ["start DDL"] [category=ddl] [ID=a5e6ae47-e224-473e-8d17-0fea9907f5b2] [runWorker=false] [jobVersion=v2] [startMode=br]
[2026/07/25 12:22:54.750 +08:00] [INFO] [ddl.go:856] ["start delRangeManager OK"] [category=ddl] ["is a emulator"=false]
[2026/07/25 12:22:54.754 +08:00] [INFO] [env.go:123] ["the ingest sorted directory"] [category=ddl-ingest] ["data path"=/tmp/tidb/tmp_ddl-4000]
[2026/07/25 12:22:54.755 +08:00] [WARN] [env.go:84] ["ingest backfill may not be available"] [category=ddl-ingest] [error="the available disk space(3020886016) in /tmp/tidb/tmp_ddl-4000 should be greater than @@tidb_ddl_disk_quota(107374182400)"] [errorVerbose="the available disk space(3020886016) in /tmp/tidb/tmp_ddl-4000 should be greater than @@tidb_ddl_disk_quota(107374182400)\ngithub.com/pingcap/tidb/pkg/ddl/ingest.(*diskRootImpl).StartupCheck\n\t/Users/pingcap/workspace/bp-tidb-release-darwin-arm64-npwgw-build-binaries/source/tidb/pkg/ddl/ingest/disk_root.go:191\ngithub.com/pingcap/tidb/pkg/ddl/ingest.InitGlobalLightningEnv\n\t/Users/pingcap/workspace/bp-tidb-release-darwin-arm64-npwgw-build-binaries/source/tidb/pkg/ddl/ingest/env.go:82\ngithub.com/pingcap/tidb/pkg/ddl.(*ddl).Start\n\t/Users/pingcap/workspace/bp-tidb-release-darwin-arm64-npwgw-build-binaries/source/tidb/pkg/ddl/ddl.go:942\ngithub.com/pingcap/tidb/pkg/domain.(*Domain).Start\n\t/Users/pingcap/workspace/bp-tidb-release-darwin-arm64-npwgw-build-binaries/source/tidb/pkg/domain/domain.go:809\ngithub.com/pingcap/tidb/br/pkg/gluetidb.Glue.startDomainAsNeeded\n\t/Users/pingcap/workspace/bp-tidb-release-darwin-arm64-npwgw-build-binaries/source/tidb/br/pkg/gluetidb/glue.go:150\ngithub.com/pingcap/tidb/br/pkg/gluetidb.Glue.GetDomain\n\t/Users/pingcap/workspace/bp-tidb-release-darwin-arm64-npwgw-build-binaries/source/tidb/br/pkg/gluetidb/glue.go:102\ngithub.com/pingcap/tidb/br/pkg/conn.NewMgr\n\t/Users/pingcap/workspace/bp-tidb-release-darwin-arm64-npwgw-build-binaries/source/tidb/br/pkg/conn/conn.go:219\ngithub.com/pingcap/tidb/br/pkg/task.NewMgr\n\t/Users/pingcap/workspace/bp-tidb-release-darwin-arm64-npwgw-build-binaries/source/tidb/br/pkg/task/common.go:874\ngithub.com/pingcap/tidb/br/pkg/task.RunRestore\n\t/Users/pingcap/workspace/bp-tidb-release-darwin-arm64-npwgw-build-binaries/source/tidb/br/pkg/task/restore.go:1019\nmain.runRestoreCommand\n\t/Users/pingcap/workspace/bp-tidb-release-darwin-arm64-npwgw-build-binaries/source/tidb/br/cmd/br/restore.go:92\nmain.newTableRestoreCommand.func1\n\t/Users/pingcap/workspace/bp-tidb-release-darwin-arm64-npwgw-build-binaries/source/tidb/br/cmd/br/restore.go:226\ngithub.com/spf13/cobra.(*Command).execute\n\t/Users/pingcap/go/pkg/mod/github.com/spf13/cobra@v1.10.2/command.go:1015\ngithub.com/spf13/cobra.(*Command).ExecuteC\n\t/Users/pingcap/go/pkg/mod/github.com/spf13/cobra@v1.10.2/command.go:1148\ngithub.com/spf13/cobra.(*Command).Execute\n\t/Users/pingcap/go/pkg/mod/github.com/spf13/cobra@v1.10.2/command.go:1071\nmain.main\n\t/Users/pingcap/workspace/bp-tidb-release-darwin-arm64-npwgw-build-binaries/source/tidb/br/cmd/br/main.go:42\nruntime.main\n\t/Users/pingcap/go/pkg/mod/golang.org/toolchain@v0.0.1-go1.25.10.darwin-arm64/src/runtime/proc.go:285\nruntime.goexit\n\t/Users/pingcap/go/pkg/mod/golang.org/toolchain@v0.0.1-go1.25.10.darwin-arm64/src/runtime/asm_arm64.s:1268"]
[2026/07/25 12:22:54.755 +08:00] [INFO] [env.go:88] ["init global ingest backend environment finished"] [category=ddl-ingest] ["memory limitation"=19327352832] ["disk usage info"="disk usage: 991641698304/994662584320, backend usage: 0"] ["max open file number"=138240] ["lightning is initialized"=true]
[2026/07/25 12:22:54.755 +08:00] [INFO] [wait_group_wrapper.go:141] ["background process started"] [source=domain] [process=loadSchemaInLoop]
[2026/07/25 12:22:54.756 +08:00] [INFO] [wait_group_wrapper.go:141] ["background process started"] [source=domain] [process=mdlCheckLoop]
[2026/07/25 12:22:54.756 +08:00] [INFO] [wait_group_wrapper.go:141] ["background process started"] [source=domain] [process=topNSlowQueryLoop]
[2026/07/25 12:22:54.756 +08:00] [INFO] [wait_group_wrapper.go:141] ["background process started"] [source=domain] [process=infoSyncerKeeper]
[2026/07/25 12:22:54.756 +08:00] [INFO] [wait_group_wrapper.go:141] ["background process started"] [source=domain] [process=globalConfigSyncerKeeper]
[2026/07/25 12:22:54.756 +08:00] [INFO] [wait_group_wrapper.go:141] ["background process started"] [source=domain] [process=runawayRecordFlushLoop]
[2026/07/25 12:22:54.756 +08:00] [INFO] [wait_group_wrapper.go:141] ["background process started"] [source=domain] [process=runawayWatchSyncLoop]
[2026/07/25 12:22:54.756 +08:00] [INFO] [wait_group_wrapper.go:141] ["background process started"] [source=domain] [process=requestUnitsWriterLoop]
[2026/07/25 12:22:54.756 +08:00] [INFO] [wait_group_wrapper.go:141] ["background process started"] [source=domain] [process=closestReplicaReadCheckLoop]
[2026/07/25 12:22:54.758 +08:00] [INFO] [manager.go:289] ["start campaign owner"] [key=/tidb/stats/owner] [id=a5e6ae47-e224-473e-8d17-0fea9907f5b2]
[2026/07/25 12:22:54.763 +08:00] [INFO] [wait_group_wrapper.go:141] ["background process started"] [source=domain] [process=indexUsageWorker]
[2026/07/25 12:22:54.763 +08:00] [INFO] [wait_group_wrapper.go:141] ["background process started"] [source=domain] [process=quitStatsOwner]
[2026/07/25 12:22:54.764 +08:00] [WARN] [sysvar_cache.go:53] ["sysvar cache is empty, triggering rebuild"]
[2026/07/25 12:22:54.782 +08:00] [WARN] [global_controller.go:850] ["[resource group controller] resource group name does not exist"] [name=default]
[2026/07/25 12:22:54.782 +08:00] [INFO] [sysvar.go:3400] ["set resource control"] [enable=true]
[2026/07/25 12:22:54.783 +08:00] [INFO] [inner_client.go:103] ["[pd] notified to disable the router client"]
[2026/07/25 12:22:54.783 +08:00] [INFO] [client.go:434] ["[router] follower handle status changed"] [enable=true]
[2026/07/25 12:22:54.783 +08:00] [INFO] [client.go:325] ["[router] closing router client"]
[2026/07/25 12:22:54.783 +08:00] [INFO] [client.go:606] ["[router] stop fetching the pending router requests due to context canceled"]
[2026/07/25 12:22:54.783 +08:00] [INFO] [client.go:587] ["[router] dispatcher is exiting"]
[2026/07/25 12:22:54.783 +08:00] [INFO] [client.go:592] ["[router] dispatcher exited"]
[2026/07/25 12:22:54.783 +08:00] [INFO] [client.go:430] ["[router] connection daemon is exiting"]
[2026/07/25 12:22:54.783 +08:00] [INFO] [client.go:330] ["[router] router client is closed"]
[2026/07/25 12:22:54.783 +08:00] [INFO] [client.go:434] ["[router] follower handle status changed"] [enable=true]
[2026/07/25 12:22:54.783 +08:00] [INFO] [pd.go:880] ["set follower handle"] [enable=true]
[2026/07/25 12:22:54.784 +08:00] [INFO] [glue.go:196] ["one shot session closed"]
[2026/07/25 12:22:54.785 +08:00] [INFO] [restore.go:1307] ["starting snapshot restore"]
[2026/07/25 12:22:54.785 +08:00] [INFO] [restore.go:1378] ["Checking incompatible TiCDC changefeeds before restoring."] [restore-ts=467905523978862594]
[2026/07/25 12:22:54.787 +08:00] [INFO] [global_controller.go:586] ["[resource group controller] create resource group cost controller"] [name=default]
[2026/07/25 12:22:54.788 +08:00] [INFO] [restore.go:862] ["set new_collation_enabled"] [new_collation_enabled=true]
[2026/07/25 12:22:54.788 +08:00] [INFO] [conn.go:339] ["no need to retrieve the config from tikv if user has set the config"]
[2026/07/25 12:22:54.788 +08:00] [INFO] [client.go:308] ["per-store download worker pool"] [size=1]
[2026/07/25 12:22:54.792 +08:00] [INFO] [client.go:314] ["region scan request concurrency"] [size=256]
[2026/07/25 12:22:54.792 +08:00] [INFO] [client.go:325] ["split region index step"] [step=128]
[2026/07/25 12:22:54.792 +08:00] [INFO] [client.go:336] ["coarse scatter"] [enabled=false]
[2026/07/25 12:22:54.792 +08:00] [INFO] [client.go:385] ["set placement policy mode"] [mode=STRICT]
[2026/07/25 12:22:54.817 +08:00] [INFO] [registration.go:701] ["no existing tasks found with same parameters"] [restored_ts=0]
[2026/07/25 12:22:54.817 +08:00] [INFO] [registration.go:308] ["attempting to resume or create registration"] [filter_strings=`brgenbig`.`t`] [start_ts=0] [restored_ts=0] [upstream_cluster_id=7666161978985758102] [with_sys_table=true] [cmd="Table Restore"] [is_restored_ts_user_specified=false]
[2026/07/25 12:22:54.829 +08:00] [INFO] [registration.go:395] ["successfully created new registration"] [restore_id=40055959] [filters="[`brgenbig`.`t`]"]
[2026/07/25 12:22:54.830 +08:00] [INFO] [context.go:123] ["BR operation hint field resolved"] [operation_id=2d1e72da-af95-4e1b-9810-1be8654ef141] [operation_started_at=2026/07/25 12:22:54.602 +08:00] [hint_key=restore_id] [hint_value=40055959]
[2026/07/25 12:22:54.830 +08:00] [INFO] [stream.go:2516] ["registered restore task"] [restoreID=40055959] [cmdName="Table Restore"]
[2026/07/25 12:22:54.830 +08:00] [INFO] [registration.go:667] ["started heartbeat manager for restore task"] [restore_id=40055959]
[2026/07/25 12:22:54.832 +08:00] [INFO] [client.go:903] ["loaded backup meta"] [databases=1] [jobs=0]
[2026/07/25 12:22:54.832 +08:00] [INFO] [client.go:302] ["download coarse worker pool"] [size=32]
[2026/07/25 12:22:54.835 +08:00] [INFO] [client.go:1494] ["mark full cluster restore"] [value=false]
[2026/07/25 12:22:54.835 +08:00] [WARN] [restore.go:1445] ["Cannot set --fast-load-sys-tables when it is not full restore. Fallback to logically load stats."]
[2026/07/25 12:22:54.835 +08:00] [WARN] [restore.go:1449] ["Cannot set --fast-load-sys-tables when it is not full restore. Fallback to logically load system tables."]
[2026/07/25 12:22:54.835 +08:00] [INFO] [restore.go:383] ["hash of restore config"] [hash=a971d43f8c0b9d4a6d6c5e03f481c4aa5215101dd1689725ca17b5749cdb8225] [config="{\"CmdName\":\"Table Restore\",\"UpstreamClusterID\":7666161978985758102,\"Storage\":\"local:///Users/bba/pc/agent-test/runs/critical-br-generation-20260725/backup-big\",\"ExplictFilter\":false,\"FilterStr\":[\"`brgenbig`.`t`\"],\"WithSysTable\":true,\"FastLoadSysTables\":true,\"LoadStats\":true}"]
[2026/07/25 12:22:54.835 +08:00] [INFO] [restore.go:1471] ["checkpoint status in restore"] [enabled=true] [exists=false]
[2026/07/25 12:22:54.835 +08:00] [INFO] [restore.go:1481] ["found items to restore after filtering"] [tables=1] [db=1]
[2026/07/25 12:22:54.835 +08:00] [INFO] [restore.go:1576] ["checking ongoing conflicting restore task using restore registry"] [tables_count=1] [current_restore_id=40055959]
[2026/07/25 12:22:54.837 +08:00] [INFO] [registration.go:555] ["found zero existing registered tasks"]
[2026/07/25 12:22:54.837 +08:00] [INFO] [restore.go:1990] ["estimate tikv usage"] ["total size"=37141815] [replicaCnt=1] ["store count"=1]
[2026/07/25 12:22:54.837 +08:00] [INFO] [restore.go:2058] ["preserved disk space"] [tikv=40855996] [tiflash=0]
[2026/07/25 12:22:54.838 +08:00] [INFO] [client.go:463] ["registering the table IDs"] [ids="ID:[1648,1649)"]
[2026/07/25 12:22:54.838 +08:00] [INFO] [import_mode_switcher.go:212] ["switch to import mode for offline restore"]
[2026/07/25 12:22:54.838 +08:00] [INFO] [import_mode_switcher.go:147] ["switch to import mode at beginning"]
[2026/07/25 12:22:54.912 +08:00] [INFO] [pd.go:649] ["removing scheduler on region"]
[2026/07/25 12:22:54.947 +08:00] [INFO] [executor.go:7285] ["DDL job submitted"] [category=ddl] [job="ID:1650, Type:create schema, State:queueing, SchemaState:none, SchemaID:1649, TableID:0, RowCount:0, ArgLen:1, start time: 2026-07-25 12:22:54.942 +0800 CST, Err:<nil>, ErrCount:0, SnapshotVersion:0, Version: v2"] [query="CREATE DATABASE IF NOT EXISTS `__TiDB_BR_Temporary_Snapshot_Restore_Checkpoint_40055959`;"]
[2026/07/25 12:22:54.952 +08:00] [INFO] [job_submitter.go:118] ["add DDL jobs"] [category=ddl] ["batch count"=1] [jobs="ID:1650, Type:create schema, State:queueing, SchemaState:none, SchemaID:1649, TableID:0, RowCount:0, ArgLen:1, start time: 2026-07-25 12:22:54.942 +0800 CST, Err:<nil>, ErrCount:0, SnapshotVersion:0, Version: v2; "] [fast_create=true]
[2026/07/25 12:22:54.962 +08:00] [INFO] [loader.go:216] ["diff load InfoSchema success"] [mode=auto] [isV2=true] [currVer=1914] [neededVer=1915] [gotVer=1915] ["elapsed time"=159.917µs] [phyTblIDs="[]"] [actionTypes="[]"] [diffTypes="[\"create schema\"]"]
[2026/07/25 12:22:54.963 +08:00] [INFO] [syncer.go:258] ["session manager is nil"]
[2026/07/25 12:22:54.966 +08:00] [INFO] [syncer.go:281] ["mdl gets lock, update self version to owner"] [jobID=1650] [version=1915]
[2026/07/25 12:22:55.451 +08:00] [INFO] [executor.go:7423] ["DDL job is finished"] [category=ddl] [jobID=1650]
[2026/07/25 12:22:55.451 +08:00] [INFO] [session.go:5229] ["CRUCIAL OPERATION"] [conn=0] [schemaVersion=1915] [cur_db=] [sql="CREATE DATABASE IF NOT EXISTS `__TiDB_BR_Temporary_Snapshot_Restore_Checkpoint_40055959`;"] [user=]
[2026/07/25 12:22:55.452 +08:00] [INFO] [add_column.go:1339] ["Automatically convert BLOB(524288) to MEDIUMBLOB"] [category=ddl]
[2026/07/25 12:22:55.462 +08:00] [INFO] [executor.go:7285] ["DDL job submitted"] [category=ddl] [job="ID:1652, Type:create table, State:queueing, SchemaState:none, SchemaID:1649, TableID:1651, RowCount:0, ArgLen:1, start time: 2026-07-25 12:22:55.443 +0800 CST, Err:<nil>, ErrCount:0, SnapshotVersion:0, Version: v2"] [query="\t\tCREATE TABLE `__TiDB_BR_Temporary_Snapshot_Restore_Checkpoint_40055959`.`cpt_data` (\n\t\t\tuuid binary(32) NOT NULL,\n\t\t\tsegment_id BIGINT NOT NULL,\n\t\t\tdata BLOB(524288) NOT NULL,\n\t\t\tupdate_time TIMESTAMP DEFAULT CURRENT_TIMESTAMP,\n\t\t\tPRIMARY KEY(uuid, segment_id));"]
[2026/07/25 12:22:55.468 +08:00] [INFO] [job_submitter.go:118] ["add DDL jobs"] [category=ddl] ["batch count"=1] [jobs="ID:1652, Type:create table, State:queueing, SchemaState:none, SchemaID:1649, TableID:1651, RowCount:0, ArgLen:1, start time: 2026-07-25 12:22:55.443 +0800 CST, Err:<nil>, ErrCount:0, SnapshotVersion:0, Version: v2; "] [fast_create=true]
[2026/07/25 12:22:55.482 +08:00] [INFO] [loader.go:216] ["diff load InfoSchema success"] [mode=auto] [isV2=true] [currVer=1915] [neededVer=1916] [gotVer=1916] ["elapsed time"=678.959µs] [phyTblIDs="[1651]"] [actionTypes="[3]"] [diffTypes="[\"create table\"]"]
[2026/07/25 12:22:55.484 +08:00] [INFO] [syncer.go:258] ["session manager is nil"]
[2026/07/25 12:22:55.484 +08:00] [INFO] [syncer.go:281] ["mdl gets lock, update self version to owner"] [jobID=1652] [version=1916]
[2026/07/25 12:22:55.968 +08:00] [INFO] [executor.go:7423] ["DDL job is finished"] [category=ddl] [jobID=1652]
[2026/07/25 12:22:55.968 +08:00] [INFO] [session.go:5229] ["CRUCIAL OPERATION"] [conn=0] [schemaVersion=1916] [cur_db=] [sql="\t\tCREATE TABLE `__TiDB_BR_Temporary_Snapshot_Restore_Checkpoint_40055959`.`cpt_data` (\n\t\t\tuuid binary(32) NOT NULL,\n\t\t\tsegment_id BIGINT NOT NULL,\n\t\t\tdata BLOB(524288) NOT NULL,\n\t\t\tupdate_time TIMESTAMP DEFAULT CURRENT_TIMESTAMP,\n\t\t\tPRIMARY KEY(uuid, segment_id));"] [user=]
[2026/07/25 12:22:55.969 +08:00] [INFO] [add_column.go:1339] ["Automatically convert BLOB(524288) to MEDIUMBLOB"] [category=ddl]
[2026/07/25 12:22:55.976 +08:00] [INFO] [executor.go:7285] ["DDL job submitted"] [category=ddl] [job="ID:1654, Type:create table, State:queueing, SchemaState:none, SchemaID:1649, TableID:1653, RowCount:0, ArgLen:1, start time: 2026-07-25 12:22:55.942 +0800 CST, Err:<nil>, ErrCount:0, SnapshotVersion:0, Version: v2"] [query="\t\tCREATE TABLE `__TiDB_BR_Temporary_Snapshot_Restore_Checkpoint_40055959`.`cpt_checksum` (\n\t\t\tuuid binary(32) NOT NULL,\n\t\t\tsegment_id BIGINT NOT NULL,\n\t\t\tdata BLOB(524288) NOT NULL,\n\t\t\tupdate_time TIMESTAMP DEFAULT CURRENT_TIMESTAMP,\n\t\t\tPRIMARY KEY(uuid, segment_id));"]
[2026/07/25 12:22:55.983 +08:00] [INFO] [job_submitter.go:118] ["add DDL jobs"] [category=ddl] ["batch count"=1] [jobs="ID:1654, Type:create table, State:queueing, SchemaState:none, SchemaID:1649, TableID:1653, RowCount:0, ArgLen:1, start time: 2026-07-25 12:22:55.942 +0800 CST, Err:<nil>, ErrCount:0, SnapshotVersion:0, Version: v2; "] [fast_create=true]
[2026/07/25 12:22:55.996 +08:00] [INFO] [loader.go:216] ["diff load InfoSchema success"] [mode=auto] [isV2=true] [currVer=1916] [neededVer=1917] [gotVer=1917] ["elapsed time"=499.209µs] [phyTblIDs="[1653]"] [actionTypes="[3]"] [diffTypes="[\"create table\"]"]
[2026/07/25 12:22:55.998 +08:00] [INFO] [syncer.go:258] ["session manager is nil"]
[2026/07/25 12:22:56.001 +08:00] [INFO] [syncer.go:281] ["mdl gets lock, update self version to owner"] [jobID=1654] [version=1917]
[2026/07/25 12:22:56.478 +08:00] [INFO] [executor.go:7423] ["DDL job is finished"] [category=ddl] [jobID=1654]
[2026/07/25 12:22:56.478 +08:00] [INFO] [session.go:5229] ["CRUCIAL OPERATION"] [conn=0] [schemaVersion=1917] [cur_db=] [sql="\t\tCREATE TABLE `__TiDB_BR_Temporary_Snapshot_Restore_Checkpoint_40055959`.`cpt_checksum` (\n\t\t\tuuid binary(32) NOT NULL,\n\t\t\tsegment_id BIGINT NOT NULL,\n\t\t\tdata BLOB(524288) NOT NULL,\n\t\t\tupdate_time TIMESTAMP DEFAULT CURRENT_TIMESTAMP,\n\t\t\tPRIMARY KEY(uuid, segment_id));"] [user=]
[2026/07/25 12:22:56.479 +08:00] [INFO] [add_column.go:1339] ["Automatically convert BLOB(524288) to MEDIUMBLOB"] [category=ddl]
[2026/07/25 12:22:56.487 +08:00] [INFO] [executor.go:7285] ["DDL job submitted"] [category=ddl] [job="ID:1656, Type:create table, State:queueing, SchemaState:none, SchemaID:1649, TableID:1655, RowCount:0, ArgLen:1, start time: 2026-07-25 12:22:56.443 +0800 CST, Err:<nil>, ErrCount:0, SnapshotVersion:0, Version: v2"] [query="\t\tCREATE TABLE `__TiDB_BR_Temporary_Snapshot_Restore_Checkpoint_40055959`.`cpt_metadata` (\n\t\t\tsegment_id BIGINT NOT NULL,\n\t\t\tdata BLOB(524288) NOT NULL,\n\t\t\tupdate_time TIMESTAMP DEFAULT CURRENT_TIMESTAMP,\n\t\t\tPRIMARY KEY(segment_id));"]
[2026/07/25 12:22:56.492 +08:00] [INFO] [job_submitter.go:118] ["add DDL jobs"] [category=ddl] ["batch count"=1] [jobs="ID:1656, Type:create table, State:queueing, SchemaState:none, SchemaID:1649, TableID:1655, RowCount:0, ArgLen:1, start time: 2026-07-25 12:22:56.443 +0800 CST, Err:<nil>, ErrCount:0, SnapshotVersion:0, Version: v2; "] [fast_create=true]
[2026/07/25 12:22:56.508 +08:00] [INFO] [loader.go:216] ["diff load InfoSchema success"] [mode=auto] [isV2=true] [currVer=1917] [neededVer=1918] [gotVer=1918] ["elapsed time"=637.625µs] [phyTblIDs="[1655]"] [actionTypes="[3]"] [diffTypes="[\"create table\"]"]
[2026/07/25 12:22:56.509 +08:00] [INFO] [syncer.go:258] ["session manager is nil"]
[2026/07/25 12:22:56.509 +08:00] [INFO] [syncer.go:281] ["mdl gets lock, update self version to owner"] [jobID=1656] [version=1918]
[2026/07/25 12:22:56.643 +08:00] [INFO] [pd.go:434] ["adaptive update ts interval state transition"] [configuredInterval=2s] [prevAdaptiveUpdateInterval=2s] [newAdaptiveUpdateInterval=2s] [requiredStaleness=0s] [prevState=unknown(0)] [newState=normal]
[2026/07/25 12:22:56.754 +08:00] [INFO] [info.go:988] [SetTiFlashGroupConfig]
[2026/07/25 12:22:56.988 +08:00] [INFO] [executor.go:7423] ["DDL job is finished"] [category=ddl] [jobID=1656]
[2026/07/25 12:22:56.988 +08:00] [INFO] [session.go:5229] ["CRUCIAL OPERATION"] [conn=0] [schemaVersion=1918] [cur_db=] [sql="\t\tCREATE TABLE `__TiDB_BR_Temporary_Snapshot_Restore_Checkpoint_40055959`.`cpt_metadata` (\n\t\t\tsegment_id BIGINT NOT NULL,\n\t\t\tdata BLOB(524288) NOT NULL,\n\t\t\tupdate_time TIMESTAMP DEFAULT CURRENT_TIMESTAMP,\n\t\t\tPRIMARY KEY(segment_id));"] [user=]
[2026/07/25 12:22:56.991 +08:00] [INFO] [restore.go:1675] ["try to reuse restore start timestamp for blocklist"] ["new restore start ts"=0] ["old restore start ts"=0]
[2026/07/25 12:22:56.993 +08:00] [INFO] [pitr_collector.go:495] ["Load max copy concurrency"] [maxCopyConcurrency=1] [stores=1]
[2026/07/25 12:22:57.002 +08:00] [WARN] [restore.go:2411] ["set max-index-length to max(3072*4) to skip check index length in DDL"]
[2026/07/25 12:22:57.003 +08:00] [WARN] [restore.go:2413] ["set index-limit to max(64*8) to skip check index count in DDL"]
[2026/07/25 12:22:57.003 +08:00] [WARN] [restore.go:2415] ["set table-column-count to max(4096) to skip check column count in DDL"]
[2026/07/25 12:22:57.003 +08:00] [INFO] [client.go:1122] ["create databases in db pool"] ["pool size"=64] ["number of db"=1]
[2026/07/25 12:22:57.003 +08:00] [INFO] [db.go:142] ["create database"] [name=brgenbig]
[2026/07/25 12:22:57.008 +08:00] [INFO] [executor.go:7285] ["DDL job submitted"] [category=ddl] [job="ID:1658, Type:create schema, State:queueing, SchemaState:none, SchemaID:1657, TableID:0, RowCount:0, ArgLen:1, start time: 2026-07-25 12:22:56.993 +0800 CST, Err:<nil>, ErrCount:0, SnapshotVersion:0, Version: v2"] [query="/*from(br)*/CREATE DATABASE IF NOT EXISTS `brgenbig` /*!40100 DEFAULT CHARACTER SET utf8mb4 */"]
[2026/07/25 12:22:57.013 +08:00] [INFO] [job_submitter.go:118] ["add DDL jobs"] [category=ddl] ["batch count"=1] [jobs="ID:1658, Type:create schema, State:queueing, SchemaState:none, SchemaID:1657, TableID:0, RowCount:0, ArgLen:1, start time: 2026-07-25 12:22:56.993 +0800 CST, Err:<nil>, ErrCount:0, SnapshotVersion:0, Version: v2; "] [fast_create=true]
[2026/07/25 12:22:57.025 +08:00] [INFO] [loader.go:216] ["diff load InfoSchema success"] [mode=auto] [isV2=true] [currVer=1918] [neededVer=1919] [gotVer=1919] ["elapsed time"=201.917µs] [phyTblIDs="[]"] [actionTypes="[]"] [diffTypes="[\"create schema\"]"]
[2026/07/25 12:22:57.026 +08:00] [INFO] [syncer.go:258] ["session manager is nil"]
[2026/07/25 12:22:57.026 +08:00] [INFO] [syncer.go:281] ["mdl gets lock, update self version to owner"] [jobID=1658] [version=1919]
[2026/07/25 12:22:57.510 +08:00] [INFO] [executor.go:7423] ["DDL job is finished"] [category=ddl] [jobID=1658]
[2026/07/25 12:22:57.510 +08:00] [INFO] [client.go:1173] ["start create tables"] ["total count"=1]
[2026/07/25 12:22:57.511 +08:00] [INFO] [client.go:1381] ["create tables"] ["table start"=0] ["table end"=1]
[2026/07/25 12:22:57.511 +08:00] [INFO] [client.go:1202] ["client to create tables"]
[2026/07/25 12:22:57.518 +08:00] [INFO] [executor.go:7285] ["DDL job submitted"] [category=ddl] [job="ID:1659, Type:create tables, State:queueing, SchemaState:none, SchemaID:1657, TableID:0, RowCount:0, ArgLen:1, start time: 2026-07-25 12:22:57.493 +0800 CST, Err:<nil>, ErrCount:0, SnapshotVersion:0, Version: v2"] [query="/*from(br)*/CREATE TABLE `t` (\n  `id` bigint(20) NOT NULL,\n  `u` bigint(20) NOT NULL,\n  `payload` varchar(1000) DEFAULT NULL,\n  PRIMARY KEY (`id`) /*T![clustered_index] CLUSTERED */,\n  UNIQUE KEY `u` (`u`)\n) ENGINE=InnoDB DEFAULT CHARSET=utf8mb4 COLLATE=utf8mb4_bin;"]
[2026/07/25 12:22:57.527 +08:00] [INFO] [job_submitter.go:118] ["add DDL jobs"] [category=ddl] ["batch count"=1] [jobs="ID:1659, Type:create tables, State:queueing, SchemaState:none, SchemaID:1657, TableID:0, RowCount:0, ArgLen:1, start time: 2026-07-25 12:22:57.493 +0800 CST, Err:<nil>, ErrCount:0, SnapshotVersion:0, Version: v2; "] [fast_create=true]
[2026/07/25 12:22:57.542 +08:00] [INFO] [loader.go:216] ["diff load InfoSchema success"] [mode=auto] [isV2=true] [currVer=1919] [neededVer=1920] [gotVer=1920] ["elapsed time"=644.792µs] [phyTblIDs="[1648]"] [actionTypes="[60]"] [diffTypes="[\"create tables\"]"]
[2026/07/25 12:22:57.544 +08:00] [INFO] [syncer.go:258] ["session manager is nil"]
[2026/07/25 12:22:57.544 +08:00] [INFO] [syncer.go:281] ["mdl gets lock, update self version to owner"] [jobID=1659] [version=1920]
[2026/07/25 12:22:58.024 +08:00] [INFO] [executor.go:7423] ["DDL job is finished"] [category=ddl] [jobID=1659]
[2026/07/25 12:22:58.025 +08:00] [INFO] [client.go:1397] ["tables created"] [speed="1.95 ops/s"] [num=1]
[2026/07/25 12:22:58.025 +08:00] [INFO] [client.go:979] ["reset pd timestamp"] [ts=467905523978862594]
[2026/07/25 12:22:58.027 +08:00] [INFO] [tikv_sender.go:131] ["start to merge ranges"] ["kv size threshold"=1] ["kv count threshold"=1]
[2026/07/25 12:22:58.027 +08:00] [INFO] [tikv_sender.go:148] ["merge and validate file"] ["new physical ID"=1648] ["old physical ID"=175] [Files(total)=7] [File(write)=4] [File(default)=3] [Region(total)=4] ["Regoin(keys avg)"=64000] ["Region(bytes avg)"=18656000] [Merged(regions)=4] ["Merged(keys avg)"=64000] ["Merged(bytes avg)"=18656000]
[2026/07/25 12:22:58.027 +08:00] [INFO] [tikv_sender.go:187] ["merge ranges across tables due to kv size/count or merged count threshold exceeded"] ["merged kv size"=0] ["merged kv count"=0] ["merged range count"=0]
[2026/07/25 12:22:58.027 +08:00] [INFO] [tikv_sender.go:187] ["merge ranges across tables due to kv size/count or merged count threshold exceeded"] ["merged kv size"=4608000] ["merged kv count"=128000] ["merged range count"=1]
[2026/07/25 12:22:58.027 +08:00] [INFO] [tikv_sender.go:187] ["merge ranges across tables due to kv size/count or merged count threshold exceeded"] ["merged kv size"=33554074] ["merged kv count"=61342] ["merged range count"=2]
[2026/07/25 12:22:58.027 +08:00] [INFO] [tikv_sender.go:187] ["merge ranges across tables due to kv size/count or merged count threshold exceeded"] ["merged kv size"=32704036] ["merged kv count"=59788] ["merged range count"=2]
[2026/07/25 12:22:58.027 +08:00] [INFO] [tikv_sender.go:251] ["merge ranges across tables due to the last group"] ["merged kv size"=3757890] ["merged kv count"=6870] ["merged range count"=2]
[2026/07/25 12:22:58.027 +08:00] [INFO] [tikv_sender.go:259] ["range and file prepared"] ["default file count"=3] ["write file count"=4]
[2026/07/25 12:22:58.027 +08:00] [INFO] [tikv_sender.go:304] ["Restore Stage Duration"] [stage="merge ranges"] [take=260.833µs]
[2026/07/25 12:22:58.028 +08:00] [INFO] [split.go:97] ["execute split sorted keys"] ["keys count"=4]
[2026/07/25 12:22:58.029 +08:00] [INFO] [split.go:121] ["finish spliting regions roughly"] [take=42ns]
[2026/07/25 12:22:58.030 +08:00] [INFO] [client.go:684] ["paginate scan regions"] [count=1] [start=7480000000000006FF705F698000000000FF000001FB00000000FB] [end=7480000000000006FF705F72FFFFFFFFFFFFFFFFFF0000000000FC]
[2026/07/25 12:22:58.044 +08:00] [INFO] [client.go:239] ["scatter regions"] [regions=4]
[2026/07/25 12:22:58.045 +08:00] [INFO] [split.go:147] ["finish splitting and scattering regions. and starts to wait"] [regions=4] [take=15.717416ms]
[2026/07/25 12:22:58.045 +08:00] [INFO] [split.go:167] ["start to wait for scattering regions"] [regions=4]
[2026/07/25 12:22:58.047 +08:00] [INFO] [split.go:171] ["waiting for scattering regions done"] [regions=4] [take=1.8645ms]
[2026/07/25 12:22:58.047 +08:00] [INFO] [split.go:128] ["finish spliting and scattering regions"] [take=17.929917ms]
[2026/07/25 12:22:58.047 +08:00] [INFO] [tikv_sender.go:355] ["Restore Stage Duration"] [stage="split regions"] [take=18.340917ms]
[2026/07/25 12:22:58.047 +08:00] [INFO] [tikv_sender.go:314] ["start to check and compact the restore range"]
[2026/07/25 12:22:58.049 +08:00] [INFO] [progress.go:176] [progress] [step="Split&Scatter Regions"] [progress=100.00%] [count="4 / 4"] [speed="? p/s"] [elapsed=0s] [remaining=0s]
[2026/07/25 12:23:15.083 +08:00] [INFO] [import.go:1198] ["finish ingesting into a region."] [sn=2] [region#=0] [total#=1] [region="{ID=6345,startKey=7480000000000006FF705F728000000000FF00EF9F0000000000FA,endKey=7480000000000006FF705F728000000000FF01D92B0000000000FA,epoch=\"conf_ver:1 version:499 \",peers=\"id:6346 store_id:1 \"}"] [sst=2]
[2026/07/25 12:23:15.084 +08:00] [INFO] [restorer.go:374] ["import files done"] [sn=2] [take=17.03428475s]
[2026/07/25 12:23:32.310 +08:00] [INFO] [import.go:1198] ["finish ingesting into a region."] [sn=1] [region#=0] [total#=1] [region="{ID=6343,startKey=7480000000000006FF705F698000000000FF000001FB00000000FB,endKey=7480000000000006FF705F728000000000FF00EF9F0000000000FA,epoch=\"conf_ver:1 version:499 \",peers=\"id:6344 store_id:1 \"}"] [sst=2]
[2026/07/25 12:23:32.310 +08:00] [INFO] [restorer.go:374] ["import files done"] [sn=1] [take=34.2603615s]
[2026/07/25 12:23:32.328 +08:00] [WARN] [misc.go:217] ["received signal to exit"] [signal=interrupt]
[2026/07/25 12:23:32.328 +08:00] [INFO] [client.go:606] ["[router] stop fetching the pending router requests due to context canceled"]
[2026/07/25 12:23:32.328 +08:00] [INFO] [resource_manager_client.go:341] ["[resource manager] exit resource token dispatcher"]
[2026/07/25 12:23:32.328 +08:00] [INFO] [client.go:587] ["[router] dispatcher is exiting"]
[2026/07/25 12:23:32.329 +08:00] [INFO] [client.go:592] ["[router] dispatcher exited"]
[2026/07/25 12:23:32.328 +08:00] [INFO] [watcher.go:73] ["[pd] exit the deadline watcher"] [source=tso]
[2026/07/25 12:23:32.328 +08:00] [INFO] [service_discovery.go:562] ["[pd] exit member loop due to context canceled"]
[2026/07/25 12:23:32.328 +08:00] [INFO] [dispatcher.go:207] ["[tso] stop fetching the pending tso requests due to context canceled"]
[2026/07/25 12:23:32.329 +08:00] [INFO] [dispatcher.go:149] ["[tso] exit tso dispatcher"]
[2026/07/25 12:23:32.328 +08:00] [INFO] [router_service_discovery.go:315] ["[router service] exit health check member loop"]
[2026/07/25 12:23:32.328 +08:00] [INFO] [import_mode_switcher.go:166] ["stop automatic switch to import mode when context done"]
[2026/07/25 12:23:32.328 +08:00] [INFO] [router_service_discovery.go:273] ["[router service] exit check member loop"]
[2026/07/25 12:23:32.328 +08:00] [INFO] [client.go:430] ["[router] connection daemon is exiting"]
[2026/07/25 12:23:32.328 +08:00] [WARN] [import.go:492] ["download file failed, retry later"] [sn=0] [region#=0] [total#=1] [region="{ID=6341,startKey=7480000000000006FF7000000000000000F8,endKey=7480000000000006FF705F698000000000FF000001FB00000000FB,epoch=\"conf_ver:1 version:499 \",peers=\"id:6342 store_id:1 \"}"] [startKey=7480000000000006FF705F698000000000FF0000010000000000FB] [endKey=7480000000000006FF705F698000000000FF000001FB00000000FB] [error="context canceled"]
[2026/07/25 12:23:32.328 +08:00] [WARN] [heartbeat.go:101] ["heartbeat manager context done"] [restore_id=40055959] [error="context canceled"]
[2026/07/25 12:23:32.329 +08:00] [INFO] [inner_client.go:96] ["[pd] exit router client initializer"]
[2026/07/25 12:23:32.328 +08:00] [INFO] [client.go:277] ["[tso] exit tso connection contexts updater"]
[2026/07/25 12:23:32.329 +08:00] [INFO] [progress.go:176] [progress] [step="Download&Ingest SST"] [progress=25.00%] [count="1 / 4"] [speed="? p/s"] [elapsed=34s] [remaining=34s]
[2026/07/25 12:23:32.329 +08:00] [ERROR] [checkpoint.go:421] ["send the error"] [category=checkpoint] [error="context canceled"] [stack="github.com/pingcap/tidb/br/pkg/checkpoint.(*CheckpointRunner[...]).sendError\n\t/Users/pingcap/workspace/bp-tidb-release-darwin-arm64-npwgw-build-binaries/source/tidb/br/pkg/checkpoint/checkpoint.go:421\ngithub.com/pingcap/tidb/br/pkg/checkpoint.(*CheckpointRunner[...]).startCheckpointMainLoop.func2\n\t/Users/pingcap/workspace/bp-tidb-release-darwin-arm64-npwgw-build-binaries/source/tidb/br/pkg/checkpoint/checkpoint.go:468"]
[2026/07/25 12:23:32.329 +08:00] [WARN] [retry.go:193] ["Encountered err, retrying."] [sn=0] [nextBackoff=0s] [err="context canceled"] [gid=3a9a6fc4-c281-42e9-8f06-5435007288c7]
[2026/07/25 12:23:32.329 +08:00] [WARN] [retry.go:206] ["Retry limit exceeded."] [sn=0] [gid=3a9a6fc4-c281-42e9-8f06-5435007288c7]
[2026/07/25 12:23:32.329 +08:00] [INFO] [stream.go:366] ["tsoStream.recvLoop ended"] [stream=127.0.0.1:2379-1] [error="rpc error: code = Canceled desc = context canceled"] [errorVerbose="rpc error: code = Canceled desc = context canceled\ngithub.com/tikv/pd/client/clients/tso.(*tsoStream).recvLoop\n\t/Users/pingcap/go/pkg/mod/github.com/tikv/pd/client@v0.0.0-20260708075407-4e05b9d2c2d3/clients/tso/stream.go:434\nruntime.goexit\n\t/Users/pingcap/go/pkg/mod/golang.org/toolchain@v0.0.1-go1.25.10.darwin-arm64/src/runtime/asm_arm64.s:1268"]
[2026/07/25 12:23:32.329 +08:00] [WARN] [import.go:492] ["download file failed, retry later"] [sn=3] [region#=0] [total#=1] [region="{ID=6347,startKey=7480000000000006FF705F728000000000FF01D92B0000000000FA,endKey=7480000000000006FF705F72FFFFFFFFFFFFFFFFFF0000000000FB,epoch=\"conf_ver:1 version:499 \",peers=\"id:6348 store_id:1 \"}"] [startKey=7480000000000006FF705F728000000000FF01D92B0000000000FA] [endKey=7480000000000006FF705F72FFFFFFFFFFFFFFFFFF0000000000FB] [error="rpc error: code = Canceled desc = context canceled"]
[2026/07/25 12:23:32.329 +08:00] [WARN] [retry.go:193] ["Encountered err, retrying."] [sn=3] [nextBackoff=0s] [err="rpc error: code = Canceled desc = context canceled"] [gid=5ca12859-5b2f-44dd-9cb9-332d094ebc50]
[2026/07/25 12:23:32.329 +08:00] [ERROR] [import.go:518] ["import sst file failed after retry, stop the whole progress"] [sn=3] [fileset="{total=2,files=\"[1/16_73_1eaa7e94be102a4aa94b11c52de6d096d95f2689a730157153310914cb405724_1784917926646_default.sst,1/16_73_1eaa7e94be102a4aa94b11c52de6d096d95f2689a730157153310914cb405724_1784917926646_write.sst]\",totalKVs=6870,totalBytes=3757890,totalSize=1967716}"] [error="rpc error: code = Canceled desc = context canceled"] [errorVerbose="rpc error: code = Canceled desc = context canceled\ngithub.com/pingcap/errors.Trace\n\t/Users/pingcap/go/pkg/mod/github.com/pingcap/errors@v0.11.5-0.20260508054701-306e305bcf41/juju_adaptor.go:15\ngithub.com/pingcap/tidb/br/pkg/restore/snap_client.(*SnapFileImporter).downloadSST.func1\n\t/Users/pingcap/workspace/bp-tidb-release-darwin-arm64-npwgw-build-binaries/source/tidb/br/pkg/restore/snap_client/import.go:1046\ngolang.org/x/sync/errgroup.(*Group).Go.func1\n\t/Users/pingcap/go/pkg/mod/golang.org/x/sync@v0.22.0/errgroup/errgroup.go:93\nruntime.goexit\n\t/Users/pingcap/go/pkg/mod/golang.org/toolchain@v0.0.1-go1.25.10.darwin-arm64/src/runtime/asm_arm64.s:1268"] [stack="github.com/pingcap/tidb/br/pkg/restore/snap_client.(*SnapFileImporter).Import\n\t/Users/pingcap/workspace/bp-tidb-release-darwin-arm64-npwgw-build-binaries/source/tidb/br/pkg/restore/snap_client/import.go:518\ngithub.com/pingcap/tidb/br/pkg/restore.(*MultiTablesRestorer).GoRestore.func1\n\t/Users/pingcap/workspace/bp-tidb-release-darwin-arm64-npwgw-build-binaries/source/tidb/br/pkg/restore/restorer.go:378\ngithub.com/pingcap/tidb/pkg/util.(*WorkerPool).ApplyOnErrorGroup.func1\n\t/Users/pingcap/workspace/bp-tidb-release-darwin-arm64-npwgw-build-binaries/source/tidb/pkg/util/worker_pool.go:81\ngolang.org/x/sync/errgroup.(*Group).Go.func1\n\t/Users/pingcap/go/pkg/mod/golang.org/x/sync@v0.22.0/errgroup/errgroup.go:93"]
[2026/07/25 12:23:32.329 +08:00] [ERROR] [import.go:518] ["import sst file failed after retry, stop the whole progress"] [sn=0] [fileset="{total=1,files=\"[1/158_74_80ae8bf34b2e9994a75df66877086b9eb28e5c642b90d86d359d9c8d9aab14b4_1784917926154_write.sst]\",totalKVs=128000,totalBytes=4608000,totalSize=506661}"] [error="context canceled"] [errorVerbose="context canceled\ngithub.com/pingcap/errors.Trace\n\t/Users/pingcap/go/pkg/mod/github.com/pingcap/errors@v0.11.5-0.20260508054701-306e305bcf41/juju_adaptor.go:15\ngithub.com/pingcap/tidb/br/pkg/restore/snap_client.(*SnapFileImporter).download.func1\n\t/Users/pingcap/workspace/bp-tidb-release-darwin-arm64-npwgw-build-binaries/source/tidb/br/pkg/restore/snap_client/import.go:663\ngithub.com/pingcap/tidb/br/pkg/utils.WithRetry.func1\n\t/Users/pingcap/workspace/bp-tidb-release-darwin-arm64-npwgw-build-binaries/source/tidb/br/pkg/utils/retry.go:37\ngithub.com/pingcap/tidb/br/pkg/utils.WithRetryV2[...]\n\t/Users/pingcap/workspace/bp-tidb-release-darwin-arm64-npwgw-build-binaries/source/tidb/br/pkg/utils/retry.go:55\ngithub.com/pingcap/tidb/br/pkg/utils.WithRetry\n\t/Users/pingcap/workspace/bp-tidb-release-darwin-arm64-npwgw-build-binaries/source/tidb/br/pkg/utils/retry.go:36\ngithub.com/pingcap/tidb/br/pkg/restore/snap_client.(*SnapFileImporter).download\n\t/Users/pingcap/workspace/bp-tidb-release-darwin-arm64-npwgw-build-binaries/source/tidb/br/pkg/restore/snap_client/import.go:628\ngithub.com/pingcap/tidb/br/pkg/restore/snap_client.(*SnapFileImporter).Import.func1.1\n\t/Users/pingcap/workspace/bp-tidb-release-darwin-arm64-npwgw-build-binaries/source/tidb/br/pkg/restore/snap_client/import.go:490\ngithub.com/pingcap/tidb/pkg/util.(*WorkerPool).ApplyOnErrorGroup.func1\n\t/Users/pingcap/workspace/bp-tidb-release-darwin-arm64-npwgw-build-binaries/source/tidb/pkg/util/worker_pool.go:81\ngolang.org/x/sync/errgroup.(*Group).Go.func1\n\t/Users/pingcap/go/pkg/mod/golang.org/x/sync@v0.22.0/errgroup/errgroup.go:93\nruntime.goexit\n\t/Users/pingcap/go/pkg/mod/golang.org/toolchain@v0.0.1-go1.25.10.darwin-arm64/src/runtime/asm_arm64.s:1268"] [stack="github.com/pingcap/tidb/br/pkg/restore/snap_client.(*SnapFileImporter).Import\n\t/Users/pingcap/workspace/bp-tidb-release-darwin-arm64-npwgw-build-binaries/source/tidb/br/pkg/restore/snap_client/import.go:518\ngithub.com/pingcap/tidb/br/pkg/restore.(*MultiTablesRestorer).GoRestore.func1\n\t/Users/pingcap/workspace/bp-tidb-release-darwin-arm64-npwgw-build-binaries/source/tidb/br/pkg/restore/restorer.go:378\ngithub.com/pingcap/tidb/pkg/util.(*WorkerPool).ApplyOnErrorGroup.func1\n\t/Users/pingcap/workspace/bp-tidb-release-darwin-arm64-npwgw-build-binaries/source/tidb/pkg/util/worker_pool.go:81\ngolang.org/x/sync/errgroup.(*Group).Go.func1\n\t/Users/pingcap/go/pkg/mod/golang.org/x/sync@v0.22.0/errgroup/errgroup.go:93"]
[2026/07/25 12:23:32.330 +08:00] [ERROR] [restorer.go:336] ["restore files failed"] [error="rpc error: code = Canceled desc = context canceled"] [errorVerbose="rpc error: code = Canceled desc = context canceled\ngithub.com/pingcap/errors.Trace\n\t/Users/pingcap/go/pkg/mod/github.com/pingcap/errors@v0.11.5-0.20260508054701-306e305bcf41/juju_adaptor.go:15\ngithub.com/pingcap/tidb/br/pkg/restore/snap_client.(*SnapFileImporter).downloadSST.func1\n\t/Users/pingcap/workspace/bp-tidb-release-darwin-arm64-npwgw-build-binaries/source/tidb/br/pkg/restore/snap_client/import.go:1046\ngolang.org/x/sync/errgroup.(*Group).Go.func1\n\t/Users/pingcap/go/pkg/mod/golang.org/x/sync@v0.22.0/errgroup/errgroup.go:93\nruntime.goexit\n\t/Users/pingcap/go/pkg/mod/golang.org/toolchain@v0.0.1-go1.25.10.darwin-arm64/src/runtime/asm_arm64.s:1268"] [stack="github.com/pingcap/tidb/br/pkg/restore.(*MultiTablesRestorer).WaitUntilFinish\n\t/Users/pingcap/workspace/bp-tidb-release-darwin-arm64-npwgw-build-binaries/source/tidb/br/pkg/restore/restorer.go:336\ngithub.com/pingcap/tidb/br/pkg/restore/snap_client.(*SnapClient).RestoreSSTFiles\n\t/Users/pingcap/workspace/bp-tidb-release-darwin-arm64-npwgw-build-binaries/source/tidb/br/pkg/restore/snap_client/tikv_sender.go:488\ngithub.com/pingcap/tidb/br/pkg/restore/snap_client.(*SnapClient).RestoreTables.func3\n\t/Users/pingcap/workspace/bp-tidb-release-darwin-arm64-npwgw-build-binaries/source/tidb/br/pkg/restore/snap_client/tikv_sender.go:324\ngithub.com/pingcap/tidb/br/pkg/glue.WithProgress\n\t/Users/pingcap/workspace/bp-tidb-release-darwin-arm64-npwgw-build-binaries/source/tidb/br/pkg/glue/glue.go:100\ngithub.com/pingcap/tidb/br/pkg/restore/snap_client.(*SnapClient).RestoreTables\n\t/Users/pingcap/workspace/bp-tidb-release-darwin-arm64-npwgw-build-binaries/source/tidb/br/pkg/restore/snap_client/tikv_sender.go:323\ngithub.com/pingcap/tidb/br/pkg/task.runSnapshotRestore\n\t/Users/pingcap/workspace/bp-tidb-release-darwin-arm64-npwgw-build-binaries/source/tidb/br/pkg/task/restore.go:1890\ngithub.com/pingcap/tidb/br/pkg/task.RunRestore\n\t/Users/pingcap/workspace/bp-tidb-release-darwin-arm64-npwgw-build-binaries/source/tidb/br/pkg/task/restore.go:1132\nmain.runRestoreCommand\n\t/Users/pingcap/workspace/bp-tidb-release-darwin-arm64-npwgw-build-binaries/source/tidb/br/cmd/br/restore.go:92\nmain.newTableRestoreCommand.func1\n\t/Users/pingcap/workspace/bp-tidb-release-darwin-arm64-npwgw-build-binaries/source/tidb/br/cmd/br/restore.go:226\ngithub.com/spf13/cobra.(*Command).execute\n\t/Users/pingcap/go/pkg/mod/github.com/spf13/cobra@v1.10.2/command.go:1015\ngithub.com/spf13/cobra.(*Command).ExecuteC\n\t/Users/pingcap/go/pkg/mod/github.com/spf13/cobra@v1.10.2/command.go:1148\ngithub.com/spf13/cobra.(*Command).Execute\n\t/Users/pingcap/go/pkg/mod/github.com/spf13/cobra@v1.10.2/command.go:1071\nmain.main\n\t/Users/pingcap/workspace/bp-tidb-release-darwin-arm64-npwgw-build-binaries/source/tidb/br/cmd/br/main.go:42\nruntime.main\n\t/Users/pingcap/go/pkg/mod/golang.org/toolchain@v0.0.1-go1.25.10.darwin-arm64/src/runtime/proc.go:285"]
[2026/07/25 12:23:32.333 +08:00] [INFO] [restore.go:1714] ["start to remove gc-safepoint keeper"]
[2026/07/25 12:23:32.333 +08:00] [WARN] [restore.go:1719] ["failed to remove service safe point, backup may fail if gc triggered"] [error="rpc error: code = Canceled desc = context canceled"] [errorVerbose="rpc error: code = Canceled desc = context canceled\ngithub.com/tikv/pd/client.(*client).respForErr\n\t/Users/pingcap/go/pkg/mod/github.com/tikv/pd/client@v0.0.0-20260708075407-4e05b9d2c2d3/client.go:1516\ngithub.com/tikv/pd/client.(*client).UpdateServiceGCSafePoint\n\t/Users/pingcap/go/pkg/mod/github.com/tikv/pd/client@v0.0.0-20260708075407-4e05b9d2c2d3/client.go:1204\ngithub.com/pingcap/tidb/br/pkg/gc.(*globalManager).DeleteServiceSafePoint\n\t/Users/pingcap/workspace/bp-tidb-release-darwin-arm64-npwgw-build-binaries/source/tidb/br/pkg/gc/manager_global.go:73\ngithub.com/pingcap/tidb/br/pkg/task.runSnapshotRestore.func7\n\t/Users/pingcap/workspace/bp-tidb-release-darwin-arm64-npwgw-build-binaries/source/tidb/br/pkg/task/restore.go:1718\ngithub.com/pingcap/tidb/br/pkg/task.runSnapshotRestore\n\t/Users/pingcap/workspace/bp-tidb-release-darwin-arm64-npwgw-build-binaries/source/tidb/br/pkg/task/restore.go:1936\ngithub.com/pingcap/tidb/br/pkg/task.RunRestore\n\t/Users/pingcap/workspace/bp-tidb-release-darwin-arm64-npwgw-build-binaries/source/tidb/br/pkg/task/restore.go:1132\nmain.runRestoreCommand\n\t/Users/pingcap/workspace/bp-tidb-release-darwin-arm64-npwgw-build-binaries/source/tidb/br/cmd/br/restore.go:92\nmain.newTableRestoreCommand.func1\n\t/Users/pingcap/workspace/bp-tidb-release-darwin-arm64-npwgw-build-binaries/source/tidb/br/cmd/br/restore.go:226\ngithub.com/spf13/cobra.(*Command).execute\n\t/Users/pingcap/go/pkg/mod/github.com/spf13/cobra@v1.10.2/command.go:1015\ngithub.com/spf13/cobra.(*Command).ExecuteC\n\t/Users/pingcap/go/pkg/mod/github.com/spf13/cobra@v1.10.2/command.go:1148\ngithub.com/spf13/cobra.(*Command).Execute\n\t/Users/pingcap/go/pkg/mod/github.com/spf13/cobra@v1.10.2/command.go:1071\nmain.main\n\t/Users/pingcap/workspace/bp-tidb-release-darwin-arm64-npwgw-build-binaries/source/tidb/br/cmd/br/main.go:42\nruntime.main\n\t/Users/pingcap/go/pkg/mod/golang.org/toolchain@v0.0.1-go1.25.10.darwin-arm64/src/runtime/proc.go:285\nruntime.goexit\n\t/Users/pingcap/go/pkg/mod/golang.org/toolchain@v0.0.1-go1.25.10.darwin-arm64/src/runtime/asm_arm64.s:1268"]
[2026/07/25 12:23:32.333 +08:00] [INFO] [restore.go:1723] ["finish removing gc-safepoint keeper"]
[2026/07/25 12:23:32.333 +08:00] [INFO] [restore.go:1690] ["wait for flush checkpoint..."]
[2026/07/25 12:23:32.333 +08:00] [INFO] [restore.go:1653] ["skip removing pd scheduler for next retry"]
[2026/07/25 12:23:32.334 +08:00] [INFO] [client.go:236] ["Restore client closed"]
[2026/07/25 12:23:32.334 +08:00] [INFO] [collector.go:224] ["units canceled"] [cancel-unit=0]
[2026/07/25 12:23:32.334 +08:00] [INFO] [collector.go:78] ["Table Restore failed summary"] [total-ranges=1] [ranges-succeed=0] [ranges-failed=1] [merge-ranges=260.833µs] [split-regions=18.340917ms] [default-CF-files=3] [write-CF-files=4] [split-keys=4] [unit-name=file] [error="rpc error: code = Canceled desc = context canceled"] [errorVerbose="rpc error: code = Canceled desc = context canceled\ngithub.com/pingcap/errors.Trace\n\t/Users/pingcap/go/pkg/mod/github.com/pingcap/errors@v0.11.5-0.20260508054701-306e305bcf41/juju_adaptor.go:15\ngithub.com/pingcap/tidb/br/pkg/restore/snap_client.(*SnapFileImporter).downloadSST.func1\n\t/Users/pingcap/workspace/bp-tidb-release-darwin-arm64-npwgw-build-binaries/source/tidb/br/pkg/restore/snap_client/import.go:1046\ngolang.org/x/sync/errgroup.(*Group).Go.func1\n\t/Users/pingcap/go/pkg/mod/golang.org/x/sync@v0.22.0/errgroup/errgroup.go:93\nruntime.goexit\n\t/Users/pingcap/go/pkg/mod/golang.org/toolchain@v0.0.1-go1.25.10.darwin-arm64/src/runtime/asm_arm64.s:1268"]
[2026/07/25 12:23:32.334 +08:00] [INFO] [restore.go:1156] ["pausing restore task from registry"] [restoreId=40055959] [error="rpc error: code = Canceled desc = context canceled"] [errorVerbose="rpc error: code = Canceled desc = context canceled\ngithub.com/pingcap/errors.Trace\n\t/Users/pingcap/go/pkg/mod/github.com/pingcap/errors@v0.11.5-0.20260508054701-306e305bcf41/juju_adaptor.go:15\ngithub.com/pingcap/tidb/br/pkg/restore/snap_client.(*SnapFileImporter).downloadSST.func1\n\t/Users/pingcap/workspace/bp-tidb-release-darwin-arm64-npwgw-build-binaries/source/tidb/br/pkg/restore/snap_client/import.go:1046\ngolang.org/x/sync/errgroup.(*Group).Go.func1\n\t/Users/pingcap/go/pkg/mod/golang.org/x/sync@v0.22.0/errgroup/errgroup.go:93\nruntime.goexit\n\t/Users/pingcap/go/pkg/mod/golang.org/toolchain@v0.0.1-go1.25.10.darwin-arm64/src/runtime/asm_arm64.s:1268"]
[2026/07/25 12:23:32.334 +08:00] [INFO] [heartbeat.go:114] ["stopped heartbeat manager"]
[2026/07/25 12:23:32.334 +08:00] [INFO] [registration.go:675] ["stopped heartbeat manager for restore task"]
[2026/07/25 12:23:32.334 +08:00] [INFO] [registration.go:448] ["attempting to update task status from multiple possible statuses"] [restore_id=40055959] [current_statuses="[running,resetting]"] [new_status=paused]
[2026/07/25 12:23:32.334 +08:00] [ERROR] [restore.go:1159] ["failed to pause restore task from registry"] [restoreId=40055959] [error="failed to conditionally update task status from [running resetting] to paused: context canceled"] [errorVerbose="context canceled\ngithub.com/pingcap/errors.Trace\n\t/Users/pingcap/go/pkg/mod/github.com/pingcap/errors@v0.11.5-0.20260508054701-306e305bcf41/juju_adaptor.go:15\ngithub.com/pingcap/tidb/br/pkg/gluetidb.(*tidbSession).ExecuteInternal\n\t/Users/pingcap/workspace/bp-tidb-release-darwin-arm64-npwgw-build-binaries/source/tidb/br/pkg/gluetidb/glue.go:241\ngithub.com/pingcap/tidb/br/pkg/registry.(*Registry).updateTaskStatusFromMultiple\n\t/Users/pingcap/workspace/bp-tidb-release-darwin-arm64-npwgw-build-binaries/source/tidb/br/pkg/registry/registration.go:463\ngithub.com/pingcap/tidb/br/pkg/registry.(*Registry).PauseTask\n\t/Users/pingcap/workspace/bp-tidb-release-darwin-arm64-npwgw-build-binaries/source/tidb/br/pkg/registry/registration.go:489\ngithub.com/pingcap/tidb/br/pkg/task.RunRestore\n\t/Users/pingcap/workspace/bp-tidb-release-darwin-arm64-npwgw-build-binaries/source/tidb/br/pkg/task/restore.go:1158\nmain.runRestoreCommand\n\t/Users/pingcap/workspace/bp-tidb-release-darwin-arm64-npwgw-build-binaries/source/tidb/br/cmd/br/restore.go:92\nmain.newTableRestoreCommand.func1\n\t/Users/pingcap/workspace/bp-tidb-release-darwin-arm64-npwgw-build-binaries/source/tidb/br/cmd/br/restore.go:226\ngithub.com/spf13/cobra.(*Command).execute\n\t/Users/pingcap/go/pkg/mod/github.com/spf13/cobra@v1.10.2/command.go:1015\ngithub.com/spf13/cobra.(*Command).ExecuteC\n\t/Users/pingcap/go/pkg/mod/github.com/spf13/cobra@v1.10.2/command.go:1148\ngithub.com/spf13/cobra.(*Command).Execute\n\t/Users/pingcap/go/pkg/mod/github.com/spf13/cobra@v1.10.2/command.go:1071\nmain.main\n\t/Users/pingcap/workspace/bp-tidb-release-darwin-arm64-npwgw-build-binaries/source/tidb/br/cmd/br/main.go:42\nruntime.main\n\t/Users/pingcap/go/pkg/mod/golang.org/toolchain@v0.0.1-go1.25.10.darwin-arm64/src/runtime/proc.go:285\nruntime.goexit\n\t/Users/pingcap/go/pkg/mod/golang.org/toolchain@v0.0.1-go1.25.10.darwin-arm64/src/runtime/asm_arm64.s:1268\nfailed to conditionally update task status from [running resetting] to paused"] [stack="github.com/pingcap/tidb/br/pkg/task.RunRestore\n\t/Users/pingcap/workspace/bp-tidb-release-darwin-arm64-npwgw-build-binaries/source/tidb/br/pkg/task/restore.go:1159\nmain.runRestoreCommand\n\t/Users/pingcap/workspace/bp-tidb-release-darwin-arm64-npwgw-build-binaries/source/tidb/br/cmd/br/restore.go:92\nmain.newTableRestoreCommand.func1\n\t/Users/pingcap/workspace/bp-tidb-release-darwin-arm64-npwgw-build-binaries/source/tidb/br/cmd/br/restore.go:226\ngithub.com/spf13/cobra.(*Command).execute\n\t/Users/pingcap/go/pkg/mod/github.com/spf13/cobra@v1.10.2/command.go:1015\ngithub.com/spf13/cobra.(*Command).ExecuteC\n\t/Users/pingcap/go/pkg/mod/github.com/spf13/cobra@v1.10.2/command.go:1148\ngithub.com/spf13/cobra.(*Command).Execute\n\t/Users/pingcap/go/pkg/mod/github.com/spf13/cobra@v1.10.2/command.go:1071\nmain.main\n\t/Users/pingcap/workspace/bp-tidb-release-darwin-arm64-npwgw-build-binaries/source/tidb/br/cmd/br/main.go:42\nruntime.main\n\t/Users/pingcap/go/pkg/mod/golang.org/toolchain@v0.0.1-go1.25.10.darwin-arm64/src/runtime/proc.go:285"]
[2026/07/25 12:23:32.334 +08:00] [INFO] [registration.go:239] ["closing registry"]
[2026/07/25 12:23:32.334 +08:00] [INFO] [registration.go:241] ["closing registry session"]
[2026/07/25 12:23:32.334 +08:00] [INFO] [registration.go:246] ["closing registry heartbeat session"]
[2026/07/25 12:23:32.335 +08:00] [INFO] [restore.go:963] ["Metric: import_file_seconds"] [metric="{lt_0.010000=0,lt_0.040000=0,lt_0.160000=0,lt_0.640000=0,lt_2.560000=0,lt_10.240000=0,lt_40.960000=2,lt_163.840000=2,lt_655.360000=2,lt_2621.440000=2,lt_10485.760000=2,lt_41943.040000=2,lt_167772.160000=2,lt_671088.640000=2,count=2,total=51.29460812400001}"]
[2026/07/25 12:23:32.335 +08:00] [INFO] [restore.go:964] ["Metric: upload_sst_for_pitr_seconds"] [metric="{lt_0.005000=0,lt_0.010000=0,lt_0.025000=0,lt_0.050000=0,lt_0.100000=0,lt_0.250000=0,lt_0.500000=0,lt_1.000000=0,lt_2.500000=0,lt_5.000000=0,lt_10.000000=0,count=0,total=0}"]
[2026/07/25 12:23:32.335 +08:00] [INFO] [restore.go:965] ["Metric: upload_sst_meta_for_pitr_seconds"] [metric="{lt_0.010000=0,lt_0.020000=0,lt_0.040000=0,lt_0.080000=0,lt_0.160000=0,lt_0.320000=0,lt_0.640000=0,lt_1.280000=0,lt_2.560000=0,lt_5.120000=0,lt_10.240000=0,lt_20.480000=0,lt_40.960000=0,lt_81.920000=0,count=0,total=0}"]
[2026/07/25 12:23:32.339 +08:00] [INFO] [delete_range.go:162] ["closing delRange"] [category=ddl]
[2026/07/25 12:23:32.340 +08:00] [INFO] [session_pool.go:133] ["closing session pool"] [category=ddl]
[2026/07/25 12:23:32.340 +08:00] [INFO] [ddl.go:1157] ["DDL closed"] [category=ddl] [ID=a5e6ae47-e224-473e-8d17-0fea9907f5b2] ["take time"=5.30375ms]
[2026/07/25 12:23:32.340 +08:00] [INFO] [ddl.go:848] ["stop DDL"] [category=ddl] [ID=a5e6ae47-e224-473e-8d17-0fea9907f5b2]
[2026/07/25 12:23:32.340 +08:00] [INFO] [domain.go:2868] ["serverIDSession need restart"]
[2026/07/25 12:23:32.353 +08:00] [INFO] [domain.go:2733] ["releaseServerID succeed"] [serverID=800] [leaseID=2463925937224918658]
[2026/07/25 12:23:32.353 +08:00] [INFO] [syncer.go:304] ["info schema sync loop exited."]
[2026/07/25 12:23:32.353 +08:00] [WARN] [meta_storage_client.go:165] ["watch stream closed"] [error="rpc error: code = Canceled desc = context canceled"]
[2026/07/25 12:23:32.353 +08:00] [INFO] [wait_group_wrapper.go:150] ["background process exited"] [source=domain] [process=loadSchemaInLoop]
[2026/07/25 12:23:32.353 +08:00] [INFO] [domain.go:2800] ["serverIDKeeper exited."]
[2026/07/25 12:23:32.353 +08:00] [INFO] [wait_group_wrapper.go:150] ["background process exited"] [source=domain] [process=requestUnitsWriterLoop]
[2026/07/25 12:23:32.353 +08:00] [INFO] [manager.go:241] ["runaway watch sync loop exit"]
[2026/07/25 12:23:32.353 +08:00] [WARN] [meta_storage_client.go:165] ["watch stream closed"] [error="rpc error: code = Canceled desc = context canceled"]
[2026/07/25 12:23:32.353 +08:00] [INFO] [wait_group_wrapper.go:150] ["background process exited"] [source=domain] [process=runawayWatchSyncLoop]
[2026/07/25 12:23:32.353 +08:00] [INFO] [domain.go:391] ["topNSlowQueryLoop exited."]
[2026/07/25 12:23:32.353 +08:00] [INFO] [wait_group_wrapper.go:150] ["background process exited"] [source=domain] [process=topNSlowQueryLoop]
[2026/07/25 12:23:32.353 +08:00] [INFO] [wait_group_wrapper.go:150] ["background process exited"] [source=domain] [process=mdlCheckLoop]
[2026/07/25 12:23:32.353 +08:00] [INFO] [domain.go:979] ["closestReplicaReadCheckLoop exited."]
[2026/07/25 12:23:32.353 +08:00] [INFO] [wait_group_wrapper.go:150] ["background process exited"] [source=domain] [process=closestReplicaReadCheckLoop]
[2026/07/25 12:23:32.353 +08:00] [INFO] [syncer.go:288] ["server info sync loop exited."]
[2026/07/25 12:23:32.353 +08:00] [INFO] [wait_group_wrapper.go:150] ["background process exited"] [source=domain] [process=infoSyncerKeeper]
[2026/07/25 12:23:32.353 +08:00] [INFO] [domain.go:2174] ["indexUsageWorker exited."]
[2026/07/25 12:23:32.353 +08:00] [INFO] [wait_group_wrapper.go:150] ["background process exited"] [source=domain] [process=indexUsageWorker]
[2026/07/25 12:23:32.353 +08:00] [INFO] [domain.go:419] ["globalConfigSyncerKeeper exited."]
[2026/07/25 12:23:32.353 +08:00] [INFO] [wait_group_wrapper.go:150] ["background process exited"] [source=domain] [process=globalConfigSyncerKeeper]
[2026/07/25 12:23:32.353 +08:00] [INFO] [flusher.go:89] ["flushing remaining records before stop"] [name=runaway-record]
[2026/07/25 12:23:32.354 +08:00] [INFO] [flusher.go:91] ["stopped flusher"] [name=runaway-record]
[2026/07/25 12:23:32.354 +08:00] [INFO] [flusher.go:89] ["flushing remaining records before stop"] [name=quarantine-record]
[2026/07/25 12:23:32.354 +08:00] [INFO] [flusher.go:91] ["stopped flusher"] [name=quarantine-record]
[2026/07/25 12:23:32.354 +08:00] [INFO] [flusher.go:89] ["flushing remaining records before stop"] [name=stale-quarantine-record]
[2026/07/25 12:23:32.354 +08:00] [INFO] [flusher.go:91] ["stopped flusher"] [name=stale-quarantine-record]
[2026/07/25 12:23:32.354 +08:00] [INFO] [manager.go:205] ["runaway record flush loop exit"]
[2026/07/25 12:23:32.354 +08:00] [INFO] [wait_group_wrapper.go:150] ["background process exited"] [source=domain] [process=runawayRecordFlushLoop]
[2026/07/25 12:23:32.357 +08:00] [INFO] [manager.go:399] ["campaign and watch failed"] [key=/tidb/stats/owner] [id=a5e6ae47-e224-473e-8d17-0fea9907f5b2] [error="context canceled"]
[2026/07/25 12:23:32.357 +08:00] [INFO] [manager.go:385] ["break campaign loop, context is done"] [key=/tidb/stats/owner] [id=a5e6ae47-e224-473e-8d17-0fea9907f5b2]
[2026/07/25 12:23:32.357 +08:00] [INFO] [manager.go:431] ["etcd session close failed"] [key=/tidb/stats/owner] [id=a5e6ae47-e224-473e-8d17-0fea9907f5b2] [error="context canceled"]
[2026/07/25 12:23:32.357 +08:00] [INFO] [wait_group_wrapper.go:150] ["background process exited"] [source=domain] [process=quitStatsOwner]
[2026/07/25 12:23:32.371 +08:00] [INFO] [domain.go:550] ["domain closed"] ["take time"=35.961625ms]
[2026/07/25 12:23:32.372 +08:00] [INFO] [client.go:356] ["[pd] http client closed"] [source=tikv-driver]
[2026/07/25 12:23:32.372 +08:00] [INFO] [client.go:277] ["[tso] exit tso connection contexts updater"]
[2026/07/25 12:23:32.372 +08:00] [INFO] [inner_client.go:96] ["[pd] exit router client initializer"]
[2026/07/25 12:23:32.372 +08:00] [INFO] [watcher.go:73] ["[pd] exit the deadline watcher"] [source=tso]
[2026/07/25 12:23:32.372 +08:00] [INFO] [dispatcher.go:207] ["[tso] stop fetching the pending tso requests due to context canceled"]
[2026/07/25 12:23:32.372 +08:00] [INFO] [dispatcher.go:149] ["[tso] exit tso dispatcher"]
[2026/07/25 12:23:32.372 +08:00] [INFO] [stream.go:366] ["tsoStream.recvLoop ended"] [stream=127.0.0.1:2379-2] [error="rpc error: code = Canceled desc = context canceled"] [errorVerbose="rpc error: code = Canceled desc = context canceled\ngithub.com/tikv/pd/client/clients/tso.(*tsoStream).recvLoop\n\t/Users/pingcap/go/pkg/mod/github.com/tikv/pd/client@v0.0.0-20260708075407-4e05b9d2c2d3/clients/tso/stream.go:434\nruntime.goexit\n\t/Users/pingcap/go/pkg/mod/golang.org/toolchain@v0.0.1-go1.25.10.darwin-arm64/src/runtime/asm_arm64.s:1268"]
[2026/07/25 12:23:32.372 +08:00] [INFO] [resource_manager_client.go:341] ["[resource manager] exit resource token dispatcher"]
[2026/07/25 12:23:32.372 +08:00] [INFO] [router_service_discovery.go:315] ["[router service] exit health check member loop"]
[2026/07/25 12:23:32.372 +08:00] [INFO] [service_discovery.go:562] ["[pd] exit member loop due to context canceled"]
[2026/07/25 12:23:32.372 +08:00] [INFO] [router_service_discovery.go:287] ["[router service] closing router service discovery"]
[2026/07/25 12:23:32.372 +08:00] [INFO] [router_service_discovery.go:273] ["[router service] exit check member loop"]
[2026/07/25 12:23:32.372 +08:00] [INFO] [router_service_discovery.go:303] ["[router service] is closed"]
[2026/07/25 12:23:32.372 +08:00] [INFO] [client.go:155] ["[tso] closing tso client"]
[2026/07/25 12:23:32.372 +08:00] [INFO] [client.go:160] ["[tso] close tso client"]
[2026/07/25 12:23:32.372 +08:00] [INFO] [client.go:162] ["[tso] tso client is closed"]
[2026/07/25 12:23:32.372 +08:00] [INFO] [service_discovery.go:653] ["[pd] close service discovery client"]
[2026/07/25 12:23:32.372 +08:00] [INFO] [inner_client.go:275] ["[pd] close client successfully"]
[2026/07/25 12:23:32.372 +08:00] [INFO] [router_service_discovery.go:287] ["[router service] closing router service discovery"]
[2026/07/25 12:23:32.372 +08:00] [INFO] [router_service_discovery.go:303] ["[router service] is closed"]
[2026/07/25 12:23:32.372 +08:00] [INFO] [client.go:155] ["[tso] closing tso client"]
[2026/07/25 12:23:32.372 +08:00] [INFO] [client.go:160] ["[tso] close tso client"]
[2026/07/25 12:23:32.372 +08:00] [INFO] [client.go:162] ["[tso] tso client is closed"]
[2026/07/25 12:23:32.372 +08:00] [INFO] [service_discovery.go:653] ["[pd] close service discovery client"]
[2026/07/25 12:23:32.373 +08:00] [INFO] [inner_client.go:275] ["[pd] close client successfully"]
[2026/07/25 12:23:32.373 +08:00] [INFO] [client.go:356] ["[pd] http client closed"] [source="br/lightning PD controller"]
[2026/07/25 12:23:32.373 +08:00] [WARN] [register.go:122] ["failed to revoke the lease"] [error="context canceled"] [lease-id=2463925937224918641]
[2026/07/25 12:23:32.373 +08:00] [ERROR] [restore.go:93] ["failed to restore"] [error="rpc error: code = Canceled desc = context canceled"] [errorVerbose="rpc error: code = Canceled desc = context canceled\ngithub.com/pingcap/errors.Trace\n\t/Users/pingcap/go/pkg/mod/github.com/pingcap/errors@v0.11.5-0.20260508054701-306e305bcf41/juju_adaptor.go:15\ngithub.com/pingcap/tidb/br/pkg/restore/snap_client.(*SnapFileImporter).downloadSST.func1\n\t/Users/pingcap/workspace/bp-tidb-release-darwin-arm64-npwgw-build-binaries/source/tidb/br/pkg/restore/snap_client/import.go:1046\ngolang.org/x/sync/errgroup.(*Group).Go.func1\n\t/Users/pingcap/go/pkg/mod/golang.org/x/sync@v0.22.0/errgroup/errgroup.go:93\nruntime.goexit\n\t/Users/pingcap/go/pkg/mod/golang.org/toolchain@v0.0.1-go1.25.10.darwin-arm64/src/runtime/asm_arm64.s:1268"] [stack="main.runRestoreCommand\n\t/Users/pingcap/workspace/bp-tidb-release-darwin-arm64-npwgw-build-binaries/source/tidb/br/cmd/br/restore.go:93\nmain.newTableRestoreCommand.func1\n\t/Users/pingcap/workspace/bp-tidb-release-darwin-arm64-npwgw-build-binaries/source/tidb/br/cmd/br/restore.go:226\ngithub.com/spf13/cobra.(*Command).execute\n\t/Users/pingcap/go/pkg/mod/github.com/spf13/cobra@v1.10.2/command.go:1015\ngithub.com/spf13/cobra.(*Command).ExecuteC\n\t/Users/pingcap/go/pkg/mod/github.com/spf13/cobra@v1.10.2/command.go:1148\ngithub.com/spf13/cobra.(*Command).Execute\n\t/Users/pingcap/go/pkg/mod/github.com/spf13/cobra@v1.10.2/command.go:1071\nmain.main\n\t/Users/pingcap/workspace/bp-tidb-release-darwin-arm64-npwgw-build-binaries/source/tidb/br/cmd/br/main.go:42\nruntime.main\n\t/Users/pingcap/go/pkg/mod/golang.org/toolchain@v0.0.1-go1.25.10.darwin-arm64/src/runtime/proc.go:285"]
[2026/07/25 12:23:32.373 +08:00] [ERROR] [main.go:43] ["br failed"] [error="rpc error: code = Canceled desc = context canceled"] [errorVerbose="rpc error: code = Canceled desc = context canceled\ngithub.com/pingcap/errors.Trace\n\t/Users/pingcap/go/pkg/mod/github.com/pingcap/errors@v0.11.5-0.20260508054701-306e305bcf41/juju_adaptor.go:15\ngithub.com/pingcap/tidb/br/pkg/restore/snap_client.(*SnapFileImporter).downloadSST.func1\n\t/Users/pingcap/workspace/bp-tidb-release-darwin-arm64-npwgw-build-binaries/source/tidb/br/pkg/restore/snap_client/import.go:1046\ngolang.org/x/sync/errgroup.(*Group).Go.func1\n\t/Users/pingcap/go/pkg/mod/golang.org/x/sync@v0.22.0/errgroup/errgroup.go:93\nruntime.goexit\n\t/Users/pingcap/go/pkg/mod/golang.org/toolchain@v0.0.1-go1.25.10.darwin-arm64/src/runtime/asm_arm64.s:1268"] [stack="main.main\n\t/Users/pingcap/workspace/bp-tidb-release-darwin-arm64-npwgw-build-binaries/source/tidb/br/cmd/br/main.go:43\nruntime.main\n\t/Users/pingcap/go/pkg/mod/golang.org/toolchain@v0.0.1-go1.25.10.darwin-arm64/src/runtime/proc.go:285"]
