[2026/07/25 12:26:23.806 +08:00] [INFO] [meminfo.go:196] ["use physical memory hook"] [cgroupMemorySize=0] [physicalMemorySize=38654705664]
[2026/07/25 12:26:23.808 +08:00] [INFO] [cmd.go:197] ["calculate the rest memory"] [memtotal=38654705664] [memused=30348967936] [memlimit=7768866816]
[2026/07/25 12:26:23.808 +08:00] [INFO] [memory_monitor.go:62] ["Memory monitor starting"] [dump_dir=/tmp/br_heap_dumps] [using_temp_dir=false] [memory_usage_alarm_ratio=0.8] [memory_limit_mb=7408]
[2026/07/25 12:26:23.809 +08:00] [INFO] [info.go:54] ["Welcome to Backup & Restore (BR)"] [release-version=v9.0.0-beta.2.pre-2019-ga942e4684f] [git-hash=a942e4684f4346e8f3b1b4985dfbba38ae6305e2] [git-branch=HEAD] [go-version=go1.25.10] [utc-build-time="2026-07-24 03:50:15"] [race-enabled=false] [for-next-gen?=false]
[2026/07/25 12:26:23.810 +08:00] [INFO] [common.go:991] [arguments] [__command="br restore table"] [db=brgenbig] [log-file=/tmp/ai-br-checkpoint-generation-resume-red-v2.log] [merge-region-key-count=1] [merge-region-size-bytes=1] [pd="[127.0.0.1:2379]"] [ratelimit=1] [storage=local:///Users/bba/pc/agent-test/runs/critical-br-generation-20260725/backup-big] [table=t] [tikv-max-restore-concurrency=1]
[2026/07/25 12:26:23.819 +08:00] [INFO] [context.go:73] ["BR operation started"] [operation_id=dbf3acd4-660b-440c-8b44-06c7552df3a4] [operation_started_at=2026/07/25 12:26:23.819 +08:00] [host=wj.local] [pid=48452] [command="Table Restore"]
[2026/07/25 12:26:23.819 +08:00] [INFO] [common.go:199] ["trying to connect to etcd"] [addr="[127.0.0.1:2379]"]
[2026/07/25 12:26:23.840 +08:00] [INFO] [conn.go:169] ["new mgr"] [pdAddrs="[127.0.0.1:2379]"]
[2026/07/25 12:26:23.849 +08:00] [INFO] [service_discovery.go:1030] ["[pd] switch leader"] [new-leader=http://127.0.0.1:2379] [old-leader=]
[2026/07/25 12:26:23.849 +08:00] [INFO] [service_discovery.go:509] ["[pd] init cluster id"] [cluster-id=7666169322391198283]
[2026/07/25 12:26:23.849 +08:00] [INFO] [client.go:214] ["[tso] switch the tso leader serving url"] [new-url=http://127.0.0.1:2379]
[2026/07/25 12:26:23.850 +08:00] [INFO] [watcher.go:56] ["[pd] start the deadline watcher"] [source=tso]
[2026/07/25 12:26:23.850 +08:00] [INFO] [inner_client.go:173] ["[pd] tso provider changed to pd"]
[2026/07/25 12:26:23.850 +08:00] [INFO] [client.go:251] ["[tso] start tso connection contexts updater"]
[2026/07/25 12:26:23.850 +08:00] [INFO] [inner_client.go:154] ["[pd] service mode changed"] [new-mode=PD_SVC_MODE]
[2026/07/25 12:26:23.850 +08:00] [INFO] [router_service_discovery.go:162] ["[router service] created router service discovery"] [cluster-id=7666169322391198283] [keyspace-id=4294967295] [default-discovery-key=/ms/7666169322391198283/router/registry/]
[2026/07/25 12:26:23.850 +08:00] [INFO] [router_service_discovery.go:174] ["[router service] initializing router service discovery"] [max-retry-times=100] [retry-interval=1s]
[2026/07/25 12:26:23.850 +08:00] [INFO] [dispatcher.go:146] ["[tso] tso dispatcher created"]
[2026/07/25 12:26:23.851 +08:00] [INFO] [dispatcher.go:598] ["[tso] switching tso rpc concurrency"] [old=0] [new=1]
[2026/07/25 12:26:23.851 +08:00] [INFO] [router_service_discovery.go:260] ["[router service] update member sorted urls"] [new-sorted-urls="[]"]
[2026/07/25 12:26:23.851 +08:00] [INFO] [router_service_discovery.go:245] ["[router service] updating nodes succeeded"] [urls="[]"] [clients-length=0]
[2026/07/25 12:26:23.851 +08:00] [INFO] [client.go:424] ["[router] connection daemon is started"]
[2026/07/25 12:26:23.851 +08:00] [INFO] [client.go:585] ["[router] dispatcher is started"]
[2026/07/25 12:26:23.851 +08:00] [INFO] [inner_client.go:91] ["[pd] start router client initializer"]
[2026/07/25 12:26:23.851 +08:00] [INFO] [client.go:509] ["[router] successfully established the leader router stream connection"] [url=http://127.0.0.1:2379]
[2026/07/25 12:26:23.855 +08:00] [INFO] [conn.go:142] ["checked alive KV stores"] [aliveStores=1] [totalStores=1]
[2026/07/25 12:26:23.855 +08:00] [INFO] [service_discovery.go:1030] ["[pd] switch leader"] [new-leader=http://127.0.0.1:2379] [old-leader=]
[2026/07/25 12:26:23.855 +08:00] [INFO] [service_discovery.go:509] ["[pd] init cluster id"] [cluster-id=7666169322391198283]
[2026/07/25 12:26:23.856 +08:00] [INFO] [client.go:214] ["[tso] switch the tso leader serving url"] [new-url=http://127.0.0.1:2379]
[2026/07/25 12:26:23.856 +08:00] [INFO] [inner_client.go:173] ["[pd] tso provider changed to pd"]
[2026/07/25 12:26:23.856 +08:00] [INFO] [dispatcher.go:146] ["[tso] tso dispatcher created"]
[2026/07/25 12:26:23.856 +08:00] [INFO] [client.go:251] ["[tso] start tso connection contexts updater"]
[2026/07/25 12:26:23.856 +08:00] [INFO] [watcher.go:56] ["[pd] start the deadline watcher"] [source=tso]
[2026/07/25 12:26:23.856 +08:00] [INFO] [dispatcher.go:598] ["[tso] switching tso rpc concurrency"] [old=0] [new=1]
[2026/07/25 12:26:23.856 +08:00] [INFO] [inner_client.go:154] ["[pd] service mode changed"] [new-mode=PD_SVC_MODE]
[2026/07/25 12:26:23.856 +08:00] [INFO] [router_service_discovery.go:162] ["[router service] created router service discovery"] [cluster-id=7666169322391198283] [keyspace-id=4294967295] [default-discovery-key=/ms/7666169322391198283/router/registry/]
[2026/07/25 12:26:23.856 +08:00] [INFO] [router_service_discovery.go:174] ["[router service] initializing router service discovery"] [max-retry-times=100] [retry-interval=1s]
[2026/07/25 12:26:23.856 +08:00] [INFO] [router_service_discovery.go:260] ["[router service] update member sorted urls"] [new-sorted-urls="[]"]
[2026/07/25 12:26:23.856 +08:00] [INFO] [router_service_discovery.go:245] ["[router service] updating nodes succeeded"] [urls="[]"] [clients-length=0]
[2026/07/25 12:26:23.856 +08:00] [INFO] [client.go:424] ["[router] connection daemon is started"]
[2026/07/25 12:26:23.856 +08:00] [INFO] [inner_client.go:91] ["[pd] start router client initializer"]
[2026/07/25 12:26:23.856 +08:00] [INFO] [client.go:509] ["[router] successfully established the leader router stream connection"] [url=http://127.0.0.1:2379]
[2026/07/25 12:26:23.856 +08:00] [INFO] [client.go:585] ["[router] dispatcher is started"]
[2026/07/25 12:26:23.856 +08:00] [INFO] [tikv_driver.go:194] ["using API V1."]
[2026/07/25 12:26:23.857 +08:00] [INFO] [metamanager.go:146] ["return meta service group info"] [meta-service-info="{\"PDAddrs\":[\"127.0.0.1:2379\"],\"Group\":{\"GroupID\":\"0\",\"Addrs\":[\"127.0.0.1:2379\"]}}"]
[2026/07/25 12:26:23.865 +08:00] [INFO] [tidb.go:103] ["new domain"] [store=tikv-7666169322391198283/] ["ddl lease"=45s] ["stats lease"=-1ns]
[2026/07/25 12:26:23.894 +08:00] [INFO] [info.go:279] ["init TiFlashReplicaManager"]
[2026/07/25 12:26:23.919 +08:00] [INFO] [domain.go:2708] [acquireServerID] [serverID=161] ["lease id"=22319f95e129aa71]
[2026/07/25 12:26:23.925 +08:00] [INFO] [global_controller.go:219] ["load resource controller config"] [config="{\"degraded-mode-wait-duration\":\"0s\",\"ltb-max-wait-duration\":\"30s\",\"ltb-token-rpc-max-delay\":\"1s\",\"request-unit\":{\"read-base-cost\":0.125,\"read-per-batch-base-cost\":0.5,\"read-cost-per-byte\":0.0000152587890625,\"write-base-cost\":1,\"write-per-batch-base-cost\":1,\"write-cost-per-byte\":0.0009765625,\"read-cpu-ms-cost\":0.3333333333333333},\"enable-controller-trace-log\":\"false\",\"token-rpc-params\":{\"wait-retry-interval\":\"50ms\",\"wait-retry-times\":20}}"] [ru-config="{\"ReadBaseCost\":0.125,\"ReadPerBatchBaseCost\":0.5,\"ReadBytesCost\":0.0000152587890625,\"WriteBaseCost\":1,\"WritePerBatchBaseCost\":1,\"WriteBytesCost\":0.0009765625,\"CPUMsCost\":0.3333333333333333,\"LTBMaxWaitDuration\":30000000000,\"WaitRetryInterval\":50000000,\"WaitRetryTimes\":20,\"DegradedModeWaitDuration\":0}"] [keyspace-id=4294967295]
[2026/07/25 12:26:23.928 +08:00] [INFO] [store_cache.go:572] ["change store resolve state"] [store=1] [addr=127.0.0.1:20160] [from=unresolved] [to=resolved] [liveness-state=reachable]
[2026/07/25 12:26:23.943 +08:00] [INFO] [loader.go:281] ["full load InfoSchema success"] [mode=auto] [isV2=true] [currentSchemaVersion=0] [neededSchemaVersion=1923] ["elapsed time"=9.759333ms]
[2026/07/25 12:26:23.947 +08:00] [INFO] [syncer.go:456] ["full load and reset schema validator"]
[2026/07/25 12:26:23.948 +08:00] [INFO] [ddl.go:1068] ["change job version in use"] [category=ddl] [old=v1] [new=v2]
[2026/07/25 12:26:23.949 +08:00] [INFO] [ddl.go:1074] ["change global index V1 support"] [category=ddl] [old=false] [new=true]
[2026/07/25 12:26:23.949 +08:00] [INFO] [ddl.go:881] ["start DDL"] [category=ddl] [ID=bd74e3ed-db82-476e-a148-8f18ace98045] [runWorker=false] [jobVersion=v2] [startMode=br]
[2026/07/25 12:26:23.949 +08:00] [INFO] [ddl.go:856] ["start delRangeManager OK"] [category=ddl] ["is a emulator"=false]
[2026/07/25 12:26:23.954 +08:00] [INFO] [env.go:123] ["the ingest sorted directory"] [category=ddl-ingest] ["data path"=/tmp/tidb/tmp_ddl-4000]
[2026/07/25 12:26:23.954 +08:00] [WARN] [env.go:84] ["ingest backfill may not be available"] [category=ddl-ingest] [error="the available disk space(3003518976) in /tmp/tidb/tmp_ddl-4000 should be greater than @@tidb_ddl_disk_quota(107374182400)"] [errorVerbose="the available disk space(3003518976) in /tmp/tidb/tmp_ddl-4000 should be greater than @@tidb_ddl_disk_quota(107374182400)\ngithub.com/pingcap/tidb/pkg/ddl/ingest.(*diskRootImpl).StartupCheck\n\t/Users/pingcap/workspace/bp-tidb-release-darwin-arm64-npwgw-build-binaries/source/tidb/pkg/ddl/ingest/disk_root.go:191\ngithub.com/pingcap/tidb/pkg/ddl/ingest.InitGlobalLightningEnv\n\t/Users/pingcap/workspace/bp-tidb-release-darwin-arm64-npwgw-build-binaries/source/tidb/pkg/ddl/ingest/env.go:82\ngithub.com/pingcap/tidb/pkg/ddl.(*ddl).Start\n\t/Users/pingcap/workspace/bp-tidb-release-darwin-arm64-npwgw-build-binaries/source/tidb/pkg/ddl/ddl.go:942\ngithub.com/pingcap/tidb/pkg/domain.(*Domain).Start\n\t/Users/pingcap/workspace/bp-tidb-release-darwin-arm64-npwgw-build-binaries/source/tidb/pkg/domain/domain.go:809\ngithub.com/pingcap/tidb/br/pkg/gluetidb.Glue.startDomainAsNeeded\n\t/Users/pingcap/workspace/bp-tidb-release-darwin-arm64-npwgw-build-binaries/source/tidb/br/pkg/gluetidb/glue.go:150\ngithub.com/pingcap/tidb/br/pkg/gluetidb.Glue.GetDomain\n\t/Users/pingcap/workspace/bp-tidb-release-darwin-arm64-npwgw-build-binaries/source/tidb/br/pkg/gluetidb/glue.go:102\ngithub.com/pingcap/tidb/br/pkg/conn.NewMgr\n\t/Users/pingcap/workspace/bp-tidb-release-darwin-arm64-npwgw-build-binaries/source/tidb/br/pkg/conn/conn.go:219\ngithub.com/pingcap/tidb/br/pkg/task.NewMgr\n\t/Users/pingcap/workspace/bp-tidb-release-darwin-arm64-npwgw-build-binaries/source/tidb/br/pkg/task/common.go:874\ngithub.com/pingcap/tidb/br/pkg/task.RunRestore\n\t/Users/pingcap/workspace/bp-tidb-release-darwin-arm64-npwgw-build-binaries/source/tidb/br/pkg/task/restore.go:1019\nmain.runRestoreCommand\n\t/Users/pingcap/workspace/bp-tidb-release-darwin-arm64-npwgw-build-binaries/source/tidb/br/cmd/br/restore.go:92\nmain.newTableRestoreCommand.func1\n\t/Users/pingcap/workspace/bp-tidb-release-darwin-arm64-npwgw-build-binaries/source/tidb/br/cmd/br/restore.go:226\ngithub.com/spf13/cobra.(*Command).execute\n\t/Users/pingcap/go/pkg/mod/github.com/spf13/cobra@v1.10.2/command.go:1015\ngithub.com/spf13/cobra.(*Command).ExecuteC\n\t/Users/pingcap/go/pkg/mod/github.com/spf13/cobra@v1.10.2/command.go:1148\ngithub.com/spf13/cobra.(*Command).Execute\n\t/Users/pingcap/go/pkg/mod/github.com/spf13/cobra@v1.10.2/command.go:1071\nmain.main\n\t/Users/pingcap/workspace/bp-tidb-release-darwin-arm64-npwgw-build-binaries/source/tidb/br/cmd/br/main.go:42\nruntime.main\n\t/Users/pingcap/go/pkg/mod/golang.org/toolchain@v0.0.1-go1.25.10.darwin-arm64/src/runtime/proc.go:285\nruntime.goexit\n\t/Users/pingcap/go/pkg/mod/golang.org/toolchain@v0.0.1-go1.25.10.darwin-arm64/src/runtime/asm_arm64.s:1268"]
[2026/07/25 12:26:23.954 +08:00] [INFO] [env.go:88] ["init global ingest backend environment finished"] [category=ddl-ingest] ["memory limitation"=19327352832] ["disk usage info"="disk usage: 991659065344/994662584320, backend usage: 0"] ["max open file number"=138240] ["lightning is initialized"=true]
[2026/07/25 12:26:23.954 +08:00] [INFO] [wait_group_wrapper.go:141] ["background process started"] [source=domain] [process=loadSchemaInLoop]
[2026/07/25 12:26:23.954 +08:00] [INFO] [wait_group_wrapper.go:141] ["background process started"] [source=domain] [process=mdlCheckLoop]
[2026/07/25 12:26:23.954 +08:00] [INFO] [wait_group_wrapper.go:141] ["background process started"] [source=domain] [process=topNSlowQueryLoop]
[2026/07/25 12:26:23.954 +08:00] [INFO] [wait_group_wrapper.go:141] ["background process started"] [source=domain] [process=infoSyncerKeeper]
[2026/07/25 12:26:23.954 +08:00] [INFO] [wait_group_wrapper.go:141] ["background process started"] [source=domain] [process=globalConfigSyncerKeeper]
[2026/07/25 12:26:23.954 +08:00] [INFO] [wait_group_wrapper.go:141] ["background process started"] [source=domain] [process=runawayRecordFlushLoop]
[2026/07/25 12:26:23.954 +08:00] [INFO] [wait_group_wrapper.go:141] ["background process started"] [source=domain] [process=runawayWatchSyncLoop]
[2026/07/25 12:26:23.954 +08:00] [INFO] [wait_group_wrapper.go:141] ["background process started"] [source=domain] [process=requestUnitsWriterLoop]
[2026/07/25 12:26:23.954 +08:00] [INFO] [wait_group_wrapper.go:141] ["background process started"] [source=domain] [process=closestReplicaReadCheckLoop]
[2026/07/25 12:26:23.959 +08:00] [INFO] [manager.go:289] ["start campaign owner"] [key=/tidb/stats/owner] [id=bd74e3ed-db82-476e-a148-8f18ace98045]
[2026/07/25 12:26:23.964 +08:00] [INFO] [wait_group_wrapper.go:141] ["background process started"] [source=domain] [process=indexUsageWorker]
[2026/07/25 12:26:23.964 +08:00] [INFO] [wait_group_wrapper.go:141] ["background process started"] [source=domain] [process=quitStatsOwner]
[2026/07/25 12:26:23.964 +08:00] [WARN] [sysvar_cache.go:53] ["sysvar cache is empty, triggering rebuild"]
[2026/07/25 12:26:23.984 +08:00] [WARN] [global_controller.go:850] ["[resource group controller] resource group name does not exist"] [name=default]
[2026/07/25 12:26:23.985 +08:00] [INFO] [client.go:434] ["[router] follower handle status changed"] [enable=true]
[2026/07/25 12:26:23.985 +08:00] [INFO] [sysvar.go:3400] ["set resource control"] [enable=true]
[2026/07/25 12:26:23.986 +08:00] [INFO] [inner_client.go:103] ["[pd] notified to disable the router client"]
[2026/07/25 12:26:23.986 +08:00] [INFO] [client.go:325] ["[router] closing router client"]
[2026/07/25 12:26:23.986 +08:00] [INFO] [client.go:606] ["[router] stop fetching the pending router requests due to context canceled"]
[2026/07/25 12:26:23.986 +08:00] [INFO] [client.go:587] ["[router] dispatcher is exiting"]
[2026/07/25 12:26:23.986 +08:00] [INFO] [client.go:592] ["[router] dispatcher exited"]
[2026/07/25 12:26:23.986 +08:00] [INFO] [client.go:430] ["[router] connection daemon is exiting"]
[2026/07/25 12:26:23.986 +08:00] [INFO] [client.go:330] ["[router] router client is closed"]
[2026/07/25 12:26:23.986 +08:00] [INFO] [client.go:434] ["[router] follower handle status changed"] [enable=true]
[2026/07/25 12:26:23.986 +08:00] [INFO] [pd.go:880] ["set follower handle"] [enable=true]
[2026/07/25 12:26:23.987 +08:00] [INFO] [glue.go:196] ["one shot session closed"]
[2026/07/25 12:26:23.988 +08:00] [INFO] [restore.go:1307] ["starting snapshot restore"]
[2026/07/25 12:26:23.989 +08:00] [INFO] [restore.go:1378] ["Checking incompatible TiCDC changefeeds before restoring."] [restore-ts=467905523978862594]
[2026/07/25 12:26:23.991 +08:00] [INFO] [global_controller.go:586] ["[resource group controller] create resource group cost controller"] [name=default]
[2026/07/25 12:26:23.992 +08:00] [INFO] [restore.go:862] ["set new_collation_enabled"] [new_collation_enabled=true]
[2026/07/25 12:26:23.992 +08:00] [INFO] [conn.go:339] ["no need to retrieve the config from tikv if user has set the config"]
[2026/07/25 12:26:23.992 +08:00] [INFO] [client.go:308] ["per-store download worker pool"] [size=1]
[2026/07/25 12:26:23.992 +08:00] [INFO] [client.go:314] ["region scan request concurrency"] [size=256]
[2026/07/25 12:26:23.992 +08:00] [INFO] [client.go:325] ["split region index step"] [step=128]
[2026/07/25 12:26:23.992 +08:00] [INFO] [client.go:336] ["coarse scatter"] [enabled=false]
[2026/07/25 12:26:23.993 +08:00] [INFO] [client.go:385] ["set placement policy mode"] [mode=STRICT]
[2026/07/25 12:26:24.014 +08:00] [INFO] [registration.go:711] ["found existing task with same parameters"] [existing_task_id=40055959] [existing_restored_ts=0] [existing_status=paused] [current_restored_ts=0] [filters="[`brgenbig`.`t`]"] [start_ts=0] ["last heartbeat time"="2026-07-25 12:22:54 +0800 CST"]
[2026/07/25 12:26:24.014 +08:00] [INFO] [registration.go:732] ["existing task is paused, reusing its restoredTS"] [existing_task_id=40055959] [existing_restored_ts=0]
[2026/07/25 12:26:24.014 +08:00] [INFO] [registration.go:308] ["attempting to resume or create registration"] [filter_strings=`brgenbig`.`t`] [start_ts=0] [restored_ts=0] [upstream_cluster_id=7666161978985758102] [with_sys_table=true] [cmd="Table Restore"] [is_restored_ts_user_specified=false]
[2026/07/25 12:26:24.021 +08:00] [INFO] [registration.go:355] ["successfully resumed existing registration"] [restore_id=40055959] [filters="[`brgenbig`.`t`]"]
[2026/07/25 12:26:24.023 +08:00] [INFO] [context.go:123] ["BR operation hint field resolved"] [operation_id=dbf3acd4-660b-440c-8b44-06c7552df3a4] [operation_started_at=2026/07/25 12:26:23.819 +08:00] [hint_key=restore_id] [hint_value=40055959]
[2026/07/25 12:26:24.023 +08:00] [INFO] [stream.go:2516] ["registered restore task"] [restoreID=40055959] [cmdName="Table Restore"]
[2026/07/25 12:26:24.024 +08:00] [INFO] [registration.go:667] ["started heartbeat manager for restore task"] [restore_id=40055959]
[2026/07/25 12:26:24.025 +08:00] [INFO] [client.go:903] ["loaded backup meta"] [databases=1] [jobs=0]
[2026/07/25 12:26:24.025 +08:00] [INFO] [client.go:302] ["download coarse worker pool"] [size=32]
[2026/07/25 12:26:24.028 +08:00] [INFO] [client.go:1494] ["mark full cluster restore"] [value=false]
[2026/07/25 12:26:24.028 +08:00] [WARN] [restore.go:1445] ["Cannot set --fast-load-sys-tables when it is not full restore. Fallback to logically load stats."]
[2026/07/25 12:26:24.028 +08:00] [WARN] [restore.go:1449] ["Cannot set --fast-load-sys-tables when it is not full restore. Fallback to logically load system tables."]
[2026/07/25 12:26:24.028 +08:00] [INFO] [restore.go:383] ["hash of restore config"] [hash=a971d43f8c0b9d4a6d6c5e03f481c4aa5215101dd1689725ca17b5749cdb8225] [config="{\"CmdName\":\"Table Restore\",\"UpstreamClusterID\":7666161978985758102,\"Storage\":\"local:///Users/bba/pc/agent-test/runs/critical-br-generation-20260725/backup-big\",\"ExplictFilter\":false,\"FilterStr\":[\"`brgenbig`.`t`\"],\"WithSysTable\":true,\"FastLoadSysTables\":true,\"LoadStats\":true}"]
[2026/07/25 12:26:24.030 +08:00] [INFO] [restore.go:1944] ["checkpoint metadata exists"] [hash=a971d43f8c0b9d4a6d6c5e03f481c4aa5215101dd1689725ca17b5749cdb8225] ["checkpoint hash"=a971d43f8c0b9d4a6d6c5e03f481c4aa5215101dd1689725ca17b5749cdb8225]
[2026/07/25 12:26:24.030 +08:00] [INFO] [restore.go:1471] ["checkpoint status in restore"] [enabled=true] [exists=true]
[2026/07/25 12:26:24.030 +08:00] [INFO] [restore.go:1481] ["found items to restore after filtering"] [tables=1] [db=1]
[2026/07/25 12:26:24.030 +08:00] [INFO] [restore.go:1576] ["checking ongoing conflicting restore task using restore registry"] [tables_count=1] [current_restore_id=40055959]
[2026/07/25 12:26:24.031 +08:00] [INFO] [registration.go:555] ["found zero existing registered tasks"]
[2026/07/25 12:26:24.031 +08:00] [INFO] [client.go:463] ["registering the table IDs"] [ids="ID:[1648,1649)"]
[2026/07/25 12:26:24.031 +08:00] [INFO] [import_mode_switcher.go:212] ["switch to import mode for offline restore"]
[2026/07/25 12:26:24.031 +08:00] [INFO] [import_mode_switcher.go:147] ["switch to import mode at beginning"]
[2026/07/25 12:26:24.032 +08:00] [INFO] [pd.go:649] ["removing scheduler on region"]
[2026/07/25 12:26:24.060 +08:00] [INFO] [restore.go:1675] ["try to reuse restore start timestamp for blocklist"] ["new restore start ts"=0] ["old restore start ts"=0]
[2026/07/25 12:26:24.061 +08:00] [INFO] [pitr_collector.go:495] ["Load max copy concurrency"] [maxCopyConcurrency=1] [stores=1]
[2026/07/25 12:26:24.068 +08:00] [WARN] [restore.go:2411] ["set max-index-length to max(3072*4) to skip check index length in DDL"]
[2026/07/25 12:26:24.068 +08:00] [WARN] [restore.go:2413] ["set index-limit to max(64*8) to skip check index count in DDL"]
[2026/07/25 12:26:24.068 +08:00] [WARN] [restore.go:2415] ["set table-column-count to max(4096) to skip check column count in DDL"]
[2026/07/25 12:26:24.069 +08:00] [INFO] [client.go:1122] ["create databases in db pool"] ["pool size"=64] ["number of db"=1]
[2026/07/25 12:26:24.069 +08:00] [INFO] [db.go:142] ["create database"] [name=brgenbig]
[2026/07/25 12:26:24.078 +08:00] [INFO] [executor.go:7285] ["DDL job submitted"] [category=ddl] [job="ID:1662, Type:create schema, State:queueing, SchemaState:none, SchemaID:1661, TableID:0, RowCount:0, ArgLen:1, start time: 2026-07-25 12:26:24.047 +0800 CST, Err:<nil>, ErrCount:0, SnapshotVersion:0, Version: v2"] [query="/*from(br)*/CREATE DATABASE IF NOT EXISTS `brgenbig` /*!40100 DEFAULT CHARACTER SET utf8mb4 */"]
[2026/07/25 12:26:24.090 +08:00] [INFO] [job_submitter.go:118] ["add DDL jobs"] [category=ddl] ["batch count"=1] [jobs="ID:1662, Type:create schema, State:queueing, SchemaState:none, SchemaID:1661, TableID:0, RowCount:0, ArgLen:1, start time: 2026-07-25 12:26:24.047 +0800 CST, Err:<nil>, ErrCount:0, SnapshotVersion:0, Version: v2; "] [fast_create=true]
[2026/07/25 12:26:24.099 +08:00] [INFO] [loader.go:216] ["diff load InfoSchema success"] [mode=auto] [isV2=true] [currVer=1923] [neededVer=1924] [gotVer=1924] ["elapsed time"=154.459µs] [phyTblIDs="[]"] [actionTypes="[]"] [diffTypes="[\"create schema\"]"]
[2026/07/25 12:26:24.101 +08:00] [INFO] [syncer.go:258] ["session manager is nil"]
[2026/07/25 12:26:24.104 +08:00] [INFO] [syncer.go:281] ["mdl gets lock, update self version to owner"] [jobID=1662] [version=1924]
[2026/07/25 12:26:24.581 +08:00] [INFO] [executor.go:7423] ["DDL job is finished"] [category=ddl] [jobID=1662]
[2026/07/25 12:26:24.581 +08:00] [INFO] [client.go:1173] ["start create tables"] ["total count"=1]
[2026/07/25 12:26:24.581 +08:00] [INFO] [client.go:1381] ["create tables"] ["table start"=0] ["table end"=1]
[2026/07/25 12:26:24.581 +08:00] [INFO] [client.go:1202] ["client to create tables"]
[2026/07/25 12:26:24.590 +08:00] [INFO] [executor.go:7285] ["DDL job submitted"] [category=ddl] [job="ID:1663, Type:create tables, State:queueing, SchemaState:none, SchemaID:1661, TableID:0, RowCount:0, ArgLen:1, start time: 2026-07-25 12:26:24.546 +0800 CST, Err:<nil>, ErrCount:0, SnapshotVersion:0, Version: v2"] [query="/*from(br)*/CREATE TABLE `t` (\n  `id` bigint(20) NOT NULL,\n  `u` bigint(20) NOT NULL,\n  `payload` varchar(1000) DEFAULT NULL,\n  PRIMARY KEY (`id`) /*T![clustered_index] CLUSTERED */,\n  UNIQUE KEY `u` (`u`)\n) ENGINE=InnoDB DEFAULT CHARSET=utf8mb4 COLLATE=utf8mb4_bin;"]
[2026/07/25 12:26:24.596 +08:00] [INFO] [job_submitter.go:118] ["add DDL jobs"] [category=ddl] ["batch count"=1] [jobs="ID:1663, Type:create tables, State:queueing, SchemaState:none, SchemaID:1661, TableID:0, RowCount:0, ArgLen:1, start time: 2026-07-25 12:26:24.546 +0800 CST, Err:<nil>, ErrCount:0, SnapshotVersion:0, Version: v2; "] [fast_create=true]
[2026/07/25 12:26:24.618 +08:00] [INFO] [loader.go:216] ["diff load InfoSchema success"] [mode=auto] [isV2=true] [currVer=1924] [neededVer=1925] [gotVer=1925] ["elapsed time"=748.5µs] [phyTblIDs="[1648]"] [actionTypes="[60]"] [diffTypes="[\"create tables\"]"]
[2026/07/25 12:26:24.620 +08:00] [INFO] [syncer.go:258] ["session manager is nil"]
[2026/07/25 12:26:24.620 +08:00] [INFO] [syncer.go:281] ["mdl gets lock, update self version to owner"] [jobID=1663] [version=1925]
[2026/07/25 12:26:25.095 +08:00] [INFO] [executor.go:7423] ["DDL job is finished"] [category=ddl] [jobID=1663]
[2026/07/25 12:26:25.095 +08:00] [INFO] [client.go:1397] ["tables created"] [speed="1.95 ops/s"] [num=1]
[2026/07/25 12:26:25.095 +08:00] [INFO] [client.go:979] ["reset pd timestamp"] [ts=467905523978862594]
[2026/07/25 12:26:25.097 +08:00] [INFO] [tikv_sender.go:131] ["start to merge ranges"] ["kv size threshold"=1] ["kv count threshold"=1]
[2026/07/25 12:26:25.098 +08:00] [INFO] [tikv_sender.go:148] ["merge and validate file"] ["new physical ID"=1648] ["old physical ID"=175] [Files(total)=7] [File(write)=4] [File(default)=3] [Region(total)=4] ["Regoin(keys avg)"=64000] ["Region(bytes avg)"=18656000] [Merged(regions)=4] ["Merged(keys avg)"=64000] ["Merged(bytes avg)"=18656000]
[2026/07/25 12:26:25.098 +08:00] [INFO] [tikv_sender.go:187] ["merge ranges across tables due to kv size/count or merged count threshold exceeded"] ["merged kv size"=0] ["merged kv count"=0] ["merged range count"=0]
[2026/07/25 12:26:25.098 +08:00] [INFO] [tikv_sender.go:187] ["merge ranges across tables due to kv size/count or merged count threshold exceeded"] ["merged kv size"=4608000] ["merged kv count"=128000] ["merged range count"=1]
[2026/07/25 12:26:25.098 +08:00] [INFO] [tikv_sender.go:187] ["merge ranges across tables due to kv size/count or merged count threshold exceeded"] ["merged kv size"=33554074] ["merged kv count"=61342] ["merged range count"=2]
[2026/07/25 12:26:25.098 +08:00] [INFO] [tikv_sender.go:187] ["merge ranges across tables due to kv size/count or merged count threshold exceeded"] ["merged kv size"=32704036] ["merged kv count"=59788] ["merged range count"=2]
[2026/07/25 12:26:25.098 +08:00] [INFO] [tikv_sender.go:251] ["merge ranges across tables due to the last group"] ["merged kv size"=3757890] ["merged kv count"=6870] ["merged range count"=2]
[2026/07/25 12:26:25.098 +08:00] [INFO] [tikv_sender.go:259] ["range and file prepared"] ["default file count"=3] ["write file count"=4]
[2026/07/25 12:26:25.098 +08:00] [INFO] [tikv_sender.go:304] ["Restore Stage Duration"] [stage="merge ranges"] [take=402.709µs]
[2026/07/25 12:26:25.098 +08:00] [INFO] [split.go:97] ["execute split sorted keys"] ["keys count"=4]
[2026/07/25 12:26:25.098 +08:00] [INFO] [split.go:121] ["finish spliting regions roughly"] [take=41ns]
[2026/07/25 12:26:25.099 +08:00] [INFO] [client.go:684] ["paginate scan regions"] [count=4] [start=7480000000000006FF705F698000000000FF000001FB00000000FB] [end=7480000000000006FF705F72FFFFFFFFFFFFFFFFFF0000000000FC]
[2026/07/25 12:26:25.099 +08:00] [INFO] [split.go:151] ["finish splitting regions."] [take=336.334µs]
[2026/07/25 12:26:25.099 +08:00] [INFO] [split.go:128] ["finish spliting and scattering regions"] [take=595.625µs]
[2026/07/25 12:26:25.099 +08:00] [INFO] [tikv_sender.go:355] ["Restore Stage Duration"] [stage="split regions"] [take=1.00825ms]
[2026/07/25 12:26:25.099 +08:00] [INFO] [tikv_sender.go:314] ["start to check and compact the restore range"]
[2026/07/25 12:26:25.677 +08:00] [INFO] [import.go:1198] ["finish ingesting into a region."] [sn=0] [region#=0] [total#=1] [region="{ID=6341,startKey=7480000000000006FF7000000000000000F8,endKey=7480000000000006FF705F698000000000FF000001FB00000000FB,epoch=\"conf_ver:1 version:499 \",peers=\"id:6342 store_id:1 \"}"] [sst=1]
[2026/07/25 12:26:25.677 +08:00] [INFO] [restorer.go:374] ["import files done"] [sn=0] [take=576.606958ms]
[2026/07/25 12:26:25.860 +08:00] [INFO] [pd.go:434] ["adaptive update ts interval state transition"] [configuredInterval=2s] [prevAdaptiveUpdateInterval=2s] [newAdaptiveUpdateInterval=2s] [requiredStaleness=0s] [prevState=unknown(0)] [newState=normal]
[2026/07/25 12:26:25.957 +08:00] [INFO] [info.go:988] [SetTiFlashGroupConfig]
[2026/07/25 12:26:27.639 +08:00] [INFO] [import.go:1198] ["finish ingesting into a region."] [sn=2] [region#=0] [total#=1] [region="{ID=6347,startKey=7480000000000006FF705F728000000000FF01D92B0000000000FA,endKey=7480000000000006FF705F72FFFFFFFFFFFFFFFFFF0000000000FB,epoch=\"conf_ver:1 version:499 \",peers=\"id:6348 store_id:1 \"}"] [sst=2]
[2026/07/25 12:26:27.640 +08:00] [INFO] [restorer.go:374] ["import files done"] [sn=2] [take=2.538994833s]
[2026/07/25 12:26:44.837 +08:00] [INFO] [import.go:1198] ["finish ingesting into a region."] [sn=1] [region#=0] [total#=1] [region="{ID=6343,startKey=7480000000000006FF705F698000000000FF000001FB00000000FB,endKey=7480000000000006FF705F728000000000FF00EF9F0000000000FA,epoch=\"conf_ver:1 version:499 \",peers=\"id:6344 store_id:1 \"}"] [sst=2]
[2026/07/25 12:26:44.838 +08:00] [INFO] [restorer.go:374] ["import files done"] [sn=1] [take=19.736693s]
[2026/07/25 12:26:44.838 +08:00] [INFO] [restorer.go:340] ["Restore Stage Duration"] [stage="restore files"] [take=19.736785166s]
[2026/07/25 12:26:44.838 +08:00] [INFO] [tikv_sender.go:331] ["start to remove the force partition restore range"]
[2026/07/25 12:26:44.838 +08:00] [INFO] [pipeline_items.go:603] ["start update metas"] [table=t] [db=brgenbig]
[2026/07/25 12:26:44.845 +08:00] [INFO] [pipeline_items.go:615] ["all stats updated"]
[2026/07/25 12:26:44.845 +08:00] [INFO] [restore.go:1919] ["restoring system schemas"] [withSys=true] [filter="[`brgenbig`.`t`]"]
[2026/07/25 12:26:44.845 +08:00] [INFO] [systable_restore.go:383] ["system database filtered out"] [database=mysql]
[2026/07/25 12:26:44.847 +08:00] [INFO] [session.go:5229] ["CRUCIAL OPERATION"] [conn=0] [schemaVersion=1925] [cur_db=] [sql="DROP DATABASE IF EXISTS `__tidb_br_temporary_mysql`"] [user=]
[2026/07/25 12:26:44.847 +08:00] [INFO] [systable_restore.go:383] ["system database filtered out"] [database=sys]
[2026/07/25 12:26:44.847 +08:00] [INFO] [session.go:5229] ["CRUCIAL OPERATION"] [conn=0] [schemaVersion=1925] [cur_db=] [sql="DROP DATABASE IF EXISTS `__tidb_br_temporary_sys`"] [user=]
[2026/07/25 12:26:44.847 +08:00] [INFO] [systable_restore.go:383] ["system database filtered out"] [database=workload_schema]
[2026/07/25 12:26:44.847 +08:00] [INFO] [session.go:5229] ["CRUCIAL OPERATION"] [conn=0] [schemaVersion=1925] [cur_db=] [sql="DROP DATABASE IF EXISTS `__tidb_br_temporary_workload_schema`"] [user=]
[2026/07/25 12:26:44.847 +08:00] [INFO] [restore.go:1932] ["snapshot restore success"]
[2026/07/25 12:26:44.847 +08:00] [INFO] [restore.go:1714] ["start to remove gc-safepoint keeper"]
[2026/07/25 12:26:44.853 +08:00] [INFO] [restore.go:1723] ["finish removing gc-safepoint keeper"]
[2026/07/25 12:26:44.853 +08:00] [INFO] [restore.go:1690] ["wait for flush checkpoint..."]
[2026/07/25 12:26:44.854 +08:00] [INFO] [checkpoint.go:499] ["stop checkpoint runner"]
[2026/07/25 12:26:44.854 +08:00] [INFO] [checkpoint.go:388] ["stop checkpoint flush worker"]
[2026/07/25 12:26:44.854 +08:00] [INFO] [restore.go:1656] ["start to restore pd scheduler"]
[2026/07/25 12:26:44.854 +08:00] [INFO] [import_mode_switcher.go:61] ["Stopping the import mode goroutine"]
[2026/07/25 12:26:44.854 +08:00] [INFO] [import_mode_switcher.go:166] ["stop automatic switch to import mode when context done"]
[2026/07/25 12:26:44.941 +08:00] [INFO] [pd.go:444] ["restoring config"] [config="{\"affinity-schedule-limit\":0,\"enable-cross-table-merge\":\"true\",\"enable-debug-metrics\":\"false\",\"enable-diagnostic\":\"true\",\"enable-heartbeat-breakdown-metrics\":\"true\",\"enable-heartbeat-concurrent-runner\":\"true\",\"enable-joint-consensus\":\"true\",\"enable-location-replacement\":\"true\",\"enable-make-up-replica\":\"true\",\"enable-one-way-merge\":\"false\",\"enable-remove-down-replica\":\"true\",\"enable-remove-extra-replica\":\"true\",\"enable-replace-offline-replica\":\"true\",\"enable-tikv-split-region\":\"true\",\"enable-witness\":\"false\",\"high-space-ratio\":0.7,\"hot-region-cache-hits-threshold\":3,\"hot-region-schedule-limit\":4,\"hot-regions-reserved-days\":7,\"hot-regions-write-interval\":\"10m0s\",\"leader-schedule-limit\":4,\"leader-schedule-policy\":\"count\",\"low-space-ratio\":1,\"max-affinity-merge-region-size\":256,\"max-merge-region-keys\":540000,\"max-merge-region-size\":54,\"max-movable-hot-peer-size\":512,\"max-pending-peer-count\":64,\"max-snapshot-count\":64,\"max-store-down-time\":\"30m0s\",\"max-store-preparing-time\":\"48h0m0s\",\"merge-schedule-limit\":8,\"patrol-region-interval\":\"100ms\",\"patrol-region-worker-count\":1,\"region-schedule-limit\":2048,\"region-score-formula-version\":\"v2\",\"replica-schedule-limit\":64,\"scheduler-max-waiting-operator\":5,\"schedulers-v2\":[{\"args\":null,\"args-payload\":\"\",\"disable\":false,\"type\":\"balance-region\"},{\"args\":null,\"args-payload\":\"\",\"disable\":false,\"type\":\"balance-leader\"},{\"args\":null,\"args-payload\":\"\",\"disable\":false,\"type\":\"hot-region\"},{\"args\":null,\"args-payload\":\"\",\"disable\":false,\"type\":\"evict-slow-store\"},{\"args\":null,\"args-payload\":\"\",\"disable\":false,\"type\":\"evict-stopping-store\"}],\"slow-store-evicting-affected-store-ratio-threshold\":0.3,\"split-merge-interval\":\"1h0m0s\",\"split-scatter-schedule-limit\":4,\"store-limit\":{\"1\":{\"add-peer\":15,\"remove-peer\":15}},\"store-limit-version\":\"v1\",\"switch-witness-interval\":\"1h0m0s\",\"tolerant-size-ratio\":0,\"witness-schedule-limit\":4}"]
[2026/07/25 12:26:44.968 +08:00] [INFO] [restore.go:1660] ["finish restoring pd scheduler"]
[2026/07/25 12:26:44.969 +08:00] [INFO] [client.go:236] ["Restore client closed"]
[2026/07/25 12:26:44.969 +08:00] [WARN] [heartbeat.go:101] ["heartbeat manager context done"] [restore_id=40055959] [error="context canceled"]
[2026/07/25 12:26:44.969 +08:00] [INFO] [collector.go:78] ["Table Restore success summary"] [total-ranges=5] [ranges-succeed=5] [ranges-failed=0] [merge-ranges=402.709µs] [split-regions=1.00825ms] [restore-files=19.736785166s] [restore-pipeline=6.897875ms] [default-CF-files=3] [write-CF-files=4] [split-keys=4] [total-take=53.563556083s] [restore-data-size(after-compressed)=37.14MB] [Size=37141815] [BackupTS=467905523978862594] [RestoreTS=467914872323047529] [skipped-kv-count-by-checkpoint=59788] [total-kv=256000] [total-kv-size=74.62MB] [average-speed=1.393MB/s] [skipped-kv-size-by-checkpoint=32.7MB]
[2026/07/25 12:26:44.969 +08:00] [INFO] [heartbeat.go:114] ["stopped heartbeat manager"]
[2026/07/25 12:26:44.969 +08:00] [INFO] [registration.go:675] ["stopped heartbeat manager for restore task"]
[2026/07/25 12:26:44.973 +08:00] [INFO] [registration.go:481] ["unregistered restore task"] [restore_id=40055959]
[2026/07/25 12:26:44.973 +08:00] [INFO] [restore.go:1204] ["start to remove checkpoint data restore"]
[2026/07/25 12:26:44.978 +08:00] [INFO] [executor.go:7285] ["DDL job submitted"] [category=ddl] [job="ID:1664, Type:drop table, State:queueing, SchemaState:public, SchemaID:1649, TableID:1651, RowCount:0, ArgLen:1, start time: 2026-07-25 12:26:44.946 +0800 CST, Err:<nil>, ErrCount:0, SnapshotVersion:0, Version: v2"] [query="DROP TABLE IF EXISTS `__TiDB_BR_Temporary_Snapshot_Restore_Checkpoint_40055959`.`cpt_data`;"]
[2026/07/25 12:26:44.982 +08:00] [INFO] [job_submitter.go:118] ["add DDL jobs"] [category=ddl] ["batch count"=1] [jobs="ID:1664, Type:drop table, State:queueing, SchemaState:public, SchemaID:1649, TableID:1651, RowCount:0, ArgLen:1, start time: 2026-07-25 12:26:44.946 +0800 CST, Err:<nil>, ErrCount:0, SnapshotVersion:0, Version: v2; "] [fast_create=true]
[2026/07/25 12:26:44.993 +08:00] [INFO] [loader.go:216] ["diff load InfoSchema success"] [mode=auto] [isV2=true] [currVer=1925] [neededVer=1926] [gotVer=1926] ["elapsed time"=629.417µs] [phyTblIDs="[1651]"] [actionTypes="[4]"] [diffTypes="[\"drop table\"]"]
[2026/07/25 12:26:44.994 +08:00] [INFO] [syncer.go:258] ["session manager is nil"]
[2026/07/25 12:26:44.994 +08:00] [INFO] [syncer.go:281] ["mdl gets lock, update self version to owner"] [jobID=1664] [version=1926]
[2026/07/25 12:26:45.012 +08:00] [INFO] [loader.go:216] ["diff load InfoSchema success"] [mode=auto] [isV2=true] [currVer=1926] [neededVer=1927] [gotVer=1927] ["elapsed time"=447.167µs] [phyTblIDs="[1651]"] [actionTypes="[4]"] [diffTypes="[\"drop table\"]"]
[2026/07/25 12:26:45.013 +08:00] [INFO] [syncer.go:258] ["session manager is nil"]
[2026/07/25 12:26:45.017 +08:00] [INFO] [syncer.go:281] ["mdl gets lock, update self version to owner"] [jobID=1664] [version=1927]
[2026/07/25 12:26:45.042 +08:00] [INFO] [loader.go:216] ["diff load InfoSchema success"] [mode=auto] [isV2=true] [currVer=1927] [neededVer=1928] [gotVer=1928] ["elapsed time"=305.417µs] [phyTblIDs="[1651]"] [actionTypes="[4]"] [diffTypes="[\"drop table\"]"]
[2026/07/25 12:26:45.043 +08:00] [INFO] [syncer.go:258] ["session manager is nil"]
[2026/07/25 12:26:45.043 +08:00] [INFO] [syncer.go:281] ["mdl gets lock, update self version to owner"] [jobID=1664] [version=1928]
[2026/07/25 12:26:45.480 +08:00] [INFO] [executor.go:7423] ["DDL job is finished"] [category=ddl] [jobID=1664]
[2026/07/25 12:26:45.481 +08:00] [INFO] [session.go:5229] ["CRUCIAL OPERATION"] [conn=0] [schemaVersion=1928] [cur_db=] [sql="DROP TABLE IF EXISTS `__TiDB_BR_Temporary_Snapshot_Restore_Checkpoint_40055959`.`cpt_data`;"] [user=]
[2026/07/25 12:26:45.489 +08:00] [INFO] [executor.go:7285] ["DDL job submitted"] [category=ddl] [job="ID:1665, Type:drop table, State:queueing, SchemaState:public, SchemaID:1649, TableID:1653, RowCount:0, ArgLen:1, start time: 2026-07-25 12:26:45.447 +0800 CST, Err:<nil>, ErrCount:0, SnapshotVersion:0, Version: v2"] [query="DROP TABLE IF EXISTS `__TiDB_BR_Temporary_Snapshot_Restore_Checkpoint_40055959`.`cpt_checksum`;"]
[2026/07/25 12:26:45.495 +08:00] [INFO] [job_submitter.go:118] ["add DDL jobs"] [category=ddl] ["batch count"=1] [jobs="ID:1665, Type:drop table, State:queueing, SchemaState:public, SchemaID:1649, TableID:1653, RowCount:0, ArgLen:1, start time: 2026-07-25 12:26:45.447 +0800 CST, Err:<nil>, ErrCount:0, SnapshotVersion:0, Version: v2; "] [fast_create=true]
[2026/07/25 12:26:45.511 +08:00] [INFO] [loader.go:216] ["diff load InfoSchema success"] [mode=auto] [isV2=true] [currVer=1928] [neededVer=1929] [gotVer=1929] ["elapsed time"=586.083µs] [phyTblIDs="[1653]"] [actionTypes="[4]"] [diffTypes="[\"drop table\"]"]
[2026/07/25 12:26:45.513 +08:00] [INFO] [syncer.go:258] ["session manager is nil"]
[2026/07/25 12:26:45.513 +08:00] [INFO] [syncer.go:281] ["mdl gets lock, update self version to owner"] [jobID=1665] [version=1929]
[2026/07/25 12:26:45.534 +08:00] [INFO] [loader.go:216] ["diff load InfoSchema success"] [mode=auto] [isV2=true] [currVer=1929] [neededVer=1930] [gotVer=1930] ["elapsed time"=499.167µs] [phyTblIDs="[1653]"] [actionTypes="[4]"] [diffTypes="[\"drop table\"]"]
[2026/07/25 12:26:45.536 +08:00] [INFO] [syncer.go:258] ["session manager is nil"]
[2026/07/25 12:26:45.536 +08:00] [INFO] [syncer.go:281] ["mdl gets lock, update self version to owner"] [jobID=1665] [version=1930]
[2026/07/25 12:26:45.567 +08:00] [INFO] [loader.go:216] ["diff load InfoSchema success"] [mode=auto] [isV2=true] [currVer=1930] [neededVer=1931] [gotVer=1931] ["elapsed time"=408.584µs] [phyTblIDs="[1653]"] [actionTypes="[4]"] [diffTypes="[\"drop table\"]"]
[2026/07/25 12:26:45.569 +08:00] [INFO] [syncer.go:258] ["session manager is nil"]
[2026/07/25 12:26:45.569 +08:00] [INFO] [syncer.go:281] ["mdl gets lock, update self version to owner"] [jobID=1665] [version=1931]
[2026/07/25 12:26:45.994 +08:00] [INFO] [executor.go:7423] ["DDL job is finished"] [category=ddl] [jobID=1665]
[2026/07/25 12:26:45.994 +08:00] [INFO] [session.go:5229] ["CRUCIAL OPERATION"] [conn=0] [schemaVersion=1931] [cur_db=] [sql="DROP TABLE IF EXISTS `__TiDB_BR_Temporary_Snapshot_Restore_Checkpoint_40055959`.`cpt_checksum`;"] [user=]
[2026/07/25 12:26:46.002 +08:00] [INFO] [executor.go:7285] ["DDL job submitted"] [category=ddl] [job="ID:1666, Type:drop table, State:queueing, SchemaState:public, SchemaID:1649, TableID:1655, RowCount:0, ArgLen:1, start time: 2026-07-25 12:26:45.996 +0800 CST, Err:<nil>, ErrCount:0, SnapshotVersion:0, Version: v2"] [query="DROP TABLE IF EXISTS `__TiDB_BR_Temporary_Snapshot_Restore_Checkpoint_40055959`.`cpt_metadata`;"]
[2026/07/25 12:26:46.008 +08:00] [INFO] [job_submitter.go:118] ["add DDL jobs"] [category=ddl] ["batch count"=1] [jobs="ID:1666, Type:drop table, State:queueing, SchemaState:public, SchemaID:1649, TableID:1655, RowCount:0, ArgLen:1, start time: 2026-07-25 12:26:45.996 +0800 CST, Err:<nil>, ErrCount:0, SnapshotVersion:0, Version: v2; "] [fast_create=true]
[2026/07/25 12:26:46.022 +08:00] [INFO] [loader.go:216] ["diff load InfoSchema success"] [mode=auto] [isV2=true] [currVer=1931] [neededVer=1932] [gotVer=1932] ["elapsed time"=443.583µs] [phyTblIDs="[1655]"] [actionTypes="[4]"] [diffTypes="[\"drop table\"]"]
[2026/07/25 12:26:46.023 +08:00] [INFO] [syncer.go:258] ["session manager is nil"]
[2026/07/25 12:26:46.023 +08:00] [INFO] [syncer.go:281] ["mdl gets lock, update self version to owner"] [jobID=1666] [version=1932]
[2026/07/25 12:26:46.046 +08:00] [INFO] [loader.go:216] ["diff load InfoSchema success"] [mode=auto] [isV2=true] [currVer=1932] [neededVer=1933] [gotVer=1933] ["elapsed time"=427.792µs] [phyTblIDs="[1655]"] [actionTypes="[4]"] [diffTypes="[\"drop table\"]"]
[2026/07/25 12:26:46.047 +08:00] [INFO] [syncer.go:258] ["session manager is nil"]
[2026/07/25 12:26:46.051 +08:00] [INFO] [syncer.go:281] ["mdl gets lock, update self version to owner"] [jobID=1666] [version=1933]
[2026/07/25 12:26:46.076 +08:00] [INFO] [loader.go:216] ["diff load InfoSchema success"] [mode=auto] [isV2=true] [currVer=1933] [neededVer=1934] [gotVer=1934] ["elapsed time"=1.384167ms] [phyTblIDs="[1655]"] [actionTypes="[4]"] [diffTypes="[\"drop table\"]"]
[2026/07/25 12:26:46.078 +08:00] [INFO] [syncer.go:258] ["session manager is nil"]
[2026/07/25 12:26:46.078 +08:00] [INFO] [syncer.go:281] ["mdl gets lock, update self version to owner"] [jobID=1666] [version=1934]
[2026/07/25 12:26:46.505 +08:00] [INFO] [executor.go:7423] ["DDL job is finished"] [category=ddl] [jobID=1666]
[2026/07/25 12:26:46.505 +08:00] [INFO] [session.go:5229] ["CRUCIAL OPERATION"] [conn=0] [schemaVersion=1934] [cur_db=] [sql="DROP TABLE IF EXISTS `__TiDB_BR_Temporary_Snapshot_Restore_Checkpoint_40055959`.`cpt_metadata`;"] [user=]
[2026/07/25 12:26:46.506 +08:00] [INFO] [session.go:5229] ["CRUCIAL OPERATION"] [conn=0] [schemaVersion=1934] [cur_db=] [sql="DROP TABLE IF EXISTS `__TiDB_BR_Temporary_Snapshot_Restore_Checkpoint_40055959`.`cpt_progress`;"] [user=]
[2026/07/25 12:26:46.506 +08:00] [INFO] [session.go:5229] ["CRUCIAL OPERATION"] [conn=0] [schemaVersion=1934] [cur_db=] [sql="DROP TABLE IF EXISTS `__TiDB_BR_Temporary_Snapshot_Restore_Checkpoint_40055959`.`cpt_ingest`;"] [user=]
[2026/07/25 12:26:46.517 +08:00] [INFO] [executor.go:7285] ["DDL job submitted"] [category=ddl] [job="ID:1667, Type:drop schema, State:queueing, SchemaState:public, SchemaID:1649, TableID:0, RowCount:0, ArgLen:1, start time: 2026-07-25 12:26:46.496 +0800 CST, Err:<nil>, ErrCount:0, SnapshotVersion:0, Version: v2"] [query="DROP DATABASE `__TiDB_BR_Temporary_Snapshot_Restore_Checkpoint_40055959`;"]
[2026/07/25 12:26:46.523 +08:00] [INFO] [job_submitter.go:118] ["add DDL jobs"] [category=ddl] ["batch count"=1] [jobs="ID:1667, Type:drop schema, State:queueing, SchemaState:public, SchemaID:1649, TableID:0, RowCount:0, ArgLen:1, start time: 2026-07-25 12:26:46.496 +0800 CST, Err:<nil>, ErrCount:0, SnapshotVersion:0, Version: v2; "] [fast_create=true]
[2026/07/25 12:26:46.538 +08:00] [INFO] [loader.go:216] ["diff load InfoSchema success"] [mode=auto] [isV2=true] [currVer=1934] [neededVer=1935] [gotVer=1935] ["elapsed time"=468.125µs] [phyTblIDs="[]"] [actionTypes="[]"] [diffTypes="[\"drop schema\"]"]
[2026/07/25 12:26:46.540 +08:00] [INFO] [syncer.go:258] ["session manager is nil"]
[2026/07/25 12:26:46.540 +08:00] [INFO] [syncer.go:281] ["mdl gets lock, update self version to owner"] [jobID=1667] [version=1935]
[2026/07/25 12:26:46.561 +08:00] [INFO] [infoschema_filter.go:32] ["skip load a schema diff due to configuration."] [type="drop schema"] [schema-id=1649] [table-id=0] [old-schema-id=0] [version=1936]
[2026/07/25 12:26:46.561 +08:00] [INFO] [loader.go:216] ["diff load InfoSchema success"] [mode=auto] [isV2=true] [currVer=1935] [neededVer=1936] [gotVer=1936] ["elapsed time"=61.875µs] [phyTblIDs="[]"] [actionTypes="[]"] [diffTypes="[]"]
[2026/07/25 12:26:46.563 +08:00] [INFO] [syncer.go:258] ["session manager is nil"]
[2026/07/25 12:26:46.563 +08:00] [INFO] [syncer.go:281] ["mdl gets lock, update self version to owner"] [jobID=1667] [version=1936]
[2026/07/25 12:26:46.593 +08:00] [INFO] [infoschema_filter.go:32] ["skip load a schema diff due to configuration."] [type="drop schema"] [schema-id=1649] [table-id=0] [old-schema-id=0] [version=1937]
[2026/07/25 12:26:46.593 +08:00] [INFO] [loader.go:216] ["diff load InfoSchema success"] [mode=auto] [isV2=true] [currVer=1936] [neededVer=1937] [gotVer=1937] ["elapsed time"=67.75µs] [phyTblIDs="[]"] [actionTypes="[]"] [diffTypes="[]"]
[2026/07/25 12:26:46.595 +08:00] [INFO] [syncer.go:258] ["session manager is nil"]
[2026/07/25 12:26:46.598 +08:00] [INFO] [syncer.go:281] ["mdl gets lock, update self version to owner"] [jobID=1667] [version=1937]
[2026/07/25 12:26:47.019 +08:00] [INFO] [executor.go:7423] ["DDL job is finished"] [category=ddl] [jobID=1667]
[2026/07/25 12:26:47.019 +08:00] [INFO] [session.go:5229] ["CRUCIAL OPERATION"] [conn=0] [schemaVersion=1937] [cur_db=] [sql="DROP DATABASE `__TiDB_BR_Temporary_Snapshot_Restore_Checkpoint_40055959`;"] [user=]
[2026/07/25 12:26:47.019 +08:00] [INFO] [restore.go:1226] ["all checkpoint data removed."]
[2026/07/25 12:26:47.019 +08:00] [INFO] [registration.go:239] ["closing registry"]
[2026/07/25 12:26:47.019 +08:00] [INFO] [registration.go:241] ["closing registry session"]
[2026/07/25 12:26:47.019 +08:00] [INFO] [registration.go:246] ["closing registry heartbeat session"]
[2026/07/25 12:26:47.019 +08:00] [INFO] [restore.go:963] ["Metric: import_file_seconds"] [metric="{lt_0.010000=0,lt_0.040000=0,lt_0.160000=0,lt_0.640000=1,lt_2.560000=2,lt_10.240000=2,lt_40.960000=3,lt_163.840000=3,lt_655.360000=3,lt_2621.440000=3,lt_10485.760000=3,lt_41943.040000=3,lt_167772.160000=3,lt_671088.640000=3,count=3,total=22.851384041}"]
[2026/07/25 12:26:47.019 +08:00] [INFO] [restore.go:964] ["Metric: upload_sst_for_pitr_seconds"] [metric="{lt_0.005000=0,lt_0.010000=0,lt_0.025000=0,lt_0.050000=0,lt_0.100000=0,lt_0.250000=0,lt_0.500000=0,lt_1.000000=0,lt_2.500000=0,lt_5.000000=0,lt_10.000000=0,count=0,total=0}"]
[2026/07/25 12:26:47.019 +08:00] [INFO] [restore.go:965] ["Metric: upload_sst_meta_for_pitr_seconds"] [metric="{lt_0.010000=0,lt_0.020000=0,lt_0.040000=0,lt_0.080000=0,lt_0.160000=0,lt_0.320000=0,lt_0.640000=0,lt_1.280000=0,lt_2.560000=0,lt_5.120000=0,lt_10.240000=0,lt_20.480000=0,lt_40.960000=0,lt_81.920000=0,count=0,total=0}"]
[2026/07/25 12:26:47.025 +08:00] [INFO] [delete_range.go:162] ["closing delRange"] [category=ddl]
[2026/07/25 12:26:47.025 +08:00] [INFO] [session_pool.go:133] ["closing session pool"] [category=ddl]
[2026/07/25 12:26:47.026 +08:00] [INFO] [ddl.go:1157] ["DDL closed"] [category=ddl] [ID=bd74e3ed-db82-476e-a148-8f18ace98045] ["take time"=6.718083ms]
[2026/07/25 12:26:47.026 +08:00] [INFO] [ddl.go:848] ["stop DDL"] [category=ddl] [ID=bd74e3ed-db82-476e-a148-8f18ace98045]
[2026/07/25 12:26:47.026 +08:00] [INFO] [domain.go:2868] ["serverIDSession need restart"]
[2026/07/25 12:26:47.040 +08:00] [INFO] [domain.go:2733] ["releaseServerID succeed"] [serverID=161] [leaseID=2463925937224919665]
[2026/07/25 12:26:47.040 +08:00] [INFO] [domain.go:2174] ["indexUsageWorker exited."]
[2026/07/25 12:26:47.040 +08:00] [INFO] [domain.go:419] ["globalConfigSyncerKeeper exited."]
[2026/07/25 12:26:47.040 +08:00] [INFO] [domain.go:2800] ["serverIDKeeper exited."]
[2026/07/25 12:26:47.040 +08:00] [INFO] [wait_group_wrapper.go:150] ["background process exited"] [source=domain] [process=indexUsageWorker]
[2026/07/25 12:26:47.040 +08:00] [INFO] [wait_group_wrapper.go:150] ["background process exited"] [source=domain] [process=globalConfigSyncerKeeper]
[2026/07/25 12:26:47.040 +08:00] [WARN] [meta_storage_client.go:165] ["watch stream closed"] [error="rpc error: code = Canceled desc = context canceled"]
[2026/07/25 12:26:47.040 +08:00] [WARN] [meta_storage_client.go:165] ["watch stream closed"] [error="rpc error: code = Canceled desc = context canceled"]
[2026/07/25 12:26:47.040 +08:00] [INFO] [domain.go:979] ["closestReplicaReadCheckLoop exited."]
[2026/07/25 12:26:47.040 +08:00] [INFO] [wait_group_wrapper.go:150] ["background process exited"] [source=domain] [process=closestReplicaReadCheckLoop]
[2026/07/25 12:26:47.040 +08:00] [INFO] [syncer.go:304] ["info schema sync loop exited."]
[2026/07/25 12:26:47.040 +08:00] [INFO] [wait_group_wrapper.go:150] ["background process exited"] [source=domain] [process=loadSchemaInLoop]
[2026/07/25 12:26:47.040 +08:00] [INFO] [syncer.go:288] ["server info sync loop exited."]
[2026/07/25 12:26:47.040 +08:00] [INFO] [wait_group_wrapper.go:150] ["background process exited"] [source=domain] [process=infoSyncerKeeper]
[2026/07/25 12:26:47.040 +08:00] [INFO] [wait_group_wrapper.go:150] ["background process exited"] [source=domain] [process=mdlCheckLoop]
[2026/07/25 12:26:47.040 +08:00] [INFO] [wait_group_wrapper.go:150] ["background process exited"] [source=domain] [process=requestUnitsWriterLoop]
[2026/07/25 12:26:47.040 +08:00] [INFO] [domain.go:391] ["topNSlowQueryLoop exited."]
[2026/07/25 12:26:47.040 +08:00] [INFO] [wait_group_wrapper.go:150] ["background process exited"] [source=domain] [process=topNSlowQueryLoop]
[2026/07/25 12:26:47.040 +08:00] [INFO] [manager.go:241] ["runaway watch sync loop exit"]
[2026/07/25 12:26:47.040 +08:00] [INFO] [wait_group_wrapper.go:150] ["background process exited"] [source=domain] [process=runawayWatchSyncLoop]
[2026/07/25 12:26:47.040 +08:00] [INFO] [flusher.go:89] ["flushing remaining records before stop"] [name=runaway-record]
[2026/07/25 12:26:47.040 +08:00] [INFO] [flusher.go:91] ["stopped flusher"] [name=runaway-record]
[2026/07/25 12:26:47.040 +08:00] [INFO] [flusher.go:89] ["flushing remaining records before stop"] [name=quarantine-record]
[2026/07/25 12:26:47.040 +08:00] [INFO] [flusher.go:91] ["stopped flusher"] [name=quarantine-record]
[2026/07/25 12:26:47.040 +08:00] [INFO] [flusher.go:89] ["flushing remaining records before stop"] [name=stale-quarantine-record]
[2026/07/25 12:26:47.040 +08:00] [INFO] [flusher.go:91] ["stopped flusher"] [name=stale-quarantine-record]
[2026/07/25 12:26:47.040 +08:00] [INFO] [manager.go:205] ["runaway record flush loop exit"]
[2026/07/25 12:26:47.040 +08:00] [INFO] [wait_group_wrapper.go:150] ["background process exited"] [source=domain] [process=runawayRecordFlushLoop]
[2026/07/25 12:26:47.045 +08:00] [INFO] [manager.go:399] ["campaign and watch failed"] [key=/tidb/stats/owner] [id=bd74e3ed-db82-476e-a148-8f18ace98045] [error="context canceled"]
[2026/07/25 12:26:47.045 +08:00] [INFO] [manager.go:385] ["break campaign loop, context is done"] [key=/tidb/stats/owner] [id=bd74e3ed-db82-476e-a148-8f18ace98045]
[2026/07/25 12:26:47.045 +08:00] [INFO] [manager.go:431] ["etcd session close failed"] [key=/tidb/stats/owner] [id=bd74e3ed-db82-476e-a148-8f18ace98045] [error="context canceled"]
[2026/07/25 12:26:47.045 +08:00] [INFO] [wait_group_wrapper.go:150] ["background process exited"] [source=domain] [process=quitStatsOwner]
[2026/07/25 12:26:47.060 +08:00] [INFO] [domain.go:550] ["domain closed"] ["take time"=40.854416ms]
[2026/07/25 12:26:47.061 +08:00] [INFO] [client.go:356] ["[pd] http client closed"] [source=tikv-driver]
[2026/07/25 12:26:47.061 +08:00] [INFO] [router_service_discovery.go:273] ["[router service] exit check member loop"]
[2026/07/25 12:26:47.061 +08:00] [INFO] [router_service_discovery.go:315] ["[router service] exit health check member loop"]
[2026/07/25 12:26:47.061 +08:00] [INFO] [inner_client.go:96] ["[pd] exit router client initializer"]
[2026/07/25 12:26:47.061 +08:00] [INFO] [service_discovery.go:562] ["[pd] exit member loop due to context canceled"]
[2026/07/25 12:26:47.061 +08:00] [INFO] [resource_manager_client.go:341] ["[resource manager] exit resource token dispatcher"]
[2026/07/25 12:26:47.061 +08:00] [INFO] [watcher.go:73] ["[pd] exit the deadline watcher"] [source=tso]
[2026/07/25 12:26:47.061 +08:00] [INFO] [client.go:277] ["[tso] exit tso connection contexts updater"]
[2026/07/25 12:26:47.061 +08:00] [INFO] [dispatcher.go:207] ["[tso] stop fetching the pending tso requests due to context canceled"]
[2026/07/25 12:26:47.061 +08:00] [INFO] [dispatcher.go:149] ["[tso] exit tso dispatcher"]
[2026/07/25 12:26:47.061 +08:00] [INFO] [router_service_discovery.go:287] ["[router service] closing router service discovery"]
[2026/07/25 12:26:47.061 +08:00] [INFO] [router_service_discovery.go:303] ["[router service] is closed"]
[2026/07/25 12:26:47.061 +08:00] [INFO] [client.go:155] ["[tso] closing tso client"]
[2026/07/25 12:26:47.061 +08:00] [INFO] [stream.go:366] ["tsoStream.recvLoop ended"] [stream=127.0.0.1:2379-2] [error="rpc error: code = Canceled desc = context canceled"] [errorVerbose="rpc error: code = Canceled desc = context canceled\ngithub.com/tikv/pd/client/clients/tso.(*tsoStream).recvLoop\n\t/Users/pingcap/go/pkg/mod/github.com/tikv/pd/client@v0.0.0-20260708075407-4e05b9d2c2d3/clients/tso/stream.go:434\nruntime.goexit\n\t/Users/pingcap/go/pkg/mod/golang.org/toolchain@v0.0.1-go1.25.10.darwin-arm64/src/runtime/asm_arm64.s:1268"]
[2026/07/25 12:26:47.061 +08:00] [INFO] [client.go:160] ["[tso] close tso client"]
[2026/07/25 12:26:47.062 +08:00] [INFO] [client.go:162] ["[tso] tso client is closed"]
[2026/07/25 12:26:47.062 +08:00] [INFO] [service_discovery.go:653] ["[pd] close service discovery client"]
[2026/07/25 12:26:47.062 +08:00] [INFO] [inner_client.go:275] ["[pd] close client successfully"]
[2026/07/25 12:26:47.062 +08:00] [INFO] [router_service_discovery.go:273] ["[router service] exit check member loop"]
[2026/07/25 12:26:47.062 +08:00] [INFO] [client.go:430] ["[router] connection daemon is exiting"]
[2026/07/25 12:26:47.062 +08:00] [INFO] [client.go:606] ["[router] stop fetching the pending router requests due to context canceled"]
[2026/07/25 12:26:47.062 +08:00] [INFO] [client.go:587] ["[router] dispatcher is exiting"]
[2026/07/25 12:26:47.062 +08:00] [INFO] [client.go:592] ["[router] dispatcher exited"]
[2026/07/25 12:26:47.062 +08:00] [INFO] [client.go:277] ["[tso] exit tso connection contexts updater"]
[2026/07/25 12:26:47.062 +08:00] [INFO] [watcher.go:73] ["[pd] exit the deadline watcher"] [source=tso]
[2026/07/25 12:26:47.062 +08:00] [INFO] [stream.go:366] ["tsoStream.recvLoop ended"] [stream=127.0.0.1:2379-1] [error="rpc error: code = Canceled desc = context canceled"] [errorVerbose="rpc error: code = Canceled desc = context canceled\ngithub.com/tikv/pd/client/clients/tso.(*tsoStream).recvLoop\n\t/Users/pingcap/go/pkg/mod/github.com/tikv/pd/client@v0.0.0-20260708075407-4e05b9d2c2d3/clients/tso/stream.go:434\nruntime.goexit\n\t/Users/pingcap/go/pkg/mod/golang.org/toolchain@v0.0.1-go1.25.10.darwin-arm64/src/runtime/asm_arm64.s:1268"]
[2026/07/25 12:26:47.062 +08:00] [INFO] [router_service_discovery.go:315] ["[router service] exit health check member loop"]
[2026/07/25 12:26:47.062 +08:00] [INFO] [dispatcher.go:207] ["[tso] stop fetching the pending tso requests due to context canceled"]
[2026/07/25 12:26:47.062 +08:00] [INFO] [dispatcher.go:149] ["[tso] exit tso dispatcher"]
[2026/07/25 12:26:47.062 +08:00] [INFO] [service_discovery.go:562] ["[pd] exit member loop due to context canceled"]
[2026/07/25 12:26:47.062 +08:00] [INFO] [inner_client.go:96] ["[pd] exit router client initializer"]
[2026/07/25 12:26:47.062 +08:00] [INFO] [resource_manager_client.go:341] ["[resource manager] exit resource token dispatcher"]
[2026/07/25 12:26:47.062 +08:00] [INFO] [router_service_discovery.go:287] ["[router service] closing router service discovery"]
[2026/07/25 12:26:47.062 +08:00] [INFO] [router_service_discovery.go:303] ["[router service] is closed"]
[2026/07/25 12:26:47.062 +08:00] [INFO] [client.go:155] ["[tso] closing tso client"]
[2026/07/25 12:26:47.062 +08:00] [INFO] [client.go:160] ["[tso] close tso client"]
[2026/07/25 12:26:47.062 +08:00] [INFO] [client.go:162] ["[tso] tso client is closed"]
[2026/07/25 12:26:47.062 +08:00] [INFO] [service_discovery.go:653] ["[pd] close service discovery client"]
[2026/07/25 12:26:47.062 +08:00] [INFO] [inner_client.go:275] ["[pd] close client successfully"]
[2026/07/25 12:26:47.062 +08:00] [INFO] [client.go:356] ["[pd] http client closed"] [source="br/lightning PD controller"]
