[2026/07/25 02:39:54.338 +08:00] [INFO] [meminfo.go:196] ["use physical memory hook"] [cgroupMemorySize=0] [physicalMemorySize=38654705664]
[2026/07/25 02:39:54.340 +08:00] [INFO] [cmd.go:197] ["calculate the rest memory"] [memtotal=38654705664] [memused=28867100672] [memlimit=9250734080]
[2026/07/25 02:39:54.340 +08:00] [INFO] [memory_monitor.go:62] ["Memory monitor starting"] [dump_dir=/tmp/br_heap_dumps] [using_temp_dir=false] [memory_usage_alarm_ratio=0.8] [memory_limit_mb=8822]
[2026/07/25 02:39:54.341 +08:00] [INFO] [info.go:54] ["Welcome to Backup & Restore (BR)"] [release-version=v9.0.0-beta.2.pre-2019-ga942e4684f] [git-hash=a942e4684f4346e8f3b1b4985dfbba38ae6305e2] [git-branch=HEAD] [go-version=go1.25.10] [utc-build-time="2026-07-24 03:50:15"] [race-enabled=false] [for-next-gen?=false]
[2026/07/25 02:39:54.341 +08:00] [INFO] [common.go:991] [arguments] [__command="br restore table"] [db=brgenbig] [log-file=runs/critical-br-generation-20260725/artifacts/br-restore-big-concurrent-dml-red.log] [pd="[127.0.0.1:2379]"] [ratelimit=1] [storage=local:///Users/bba/pc/agent-test/runs/critical-br-generation-20260725/backup-big] [table=t]
[2026/07/25 02:39:54.349 +08:00] [INFO] [context.go:73] ["BR operation started"] [operation_id=02119c3d-0a9d-44bb-8420-8a4e43970072] [operation_started_at=2026/07/25 02:39:54.349 +08:00] [host=wj.local] [pid=2305] [command="Table Restore"]
[2026/07/25 02:39:54.349 +08:00] [INFO] [common.go:199] ["trying to connect to etcd"] [addr="[127.0.0.1:2379]"]
[2026/07/25 02:39:54.370 +08:00] [INFO] [conn.go:169] ["new mgr"] [pdAddrs="[127.0.0.1:2379]"]
[2026/07/25 02:39:54.375 +08:00] [INFO] [service_discovery.go:1030] ["[pd] switch leader"] [new-leader=http://127.0.0.1:2379] [old-leader=]
[2026/07/25 02:39:54.375 +08:00] [INFO] [service_discovery.go:509] ["[pd] init cluster id"] [cluster-id=7666161978985758102]
[2026/07/25 02:39:54.375 +08:00] [INFO] [client.go:214] ["[tso] switch the tso leader serving url"] [new-url=http://127.0.0.1:2379]
[2026/07/25 02:39:54.375 +08:00] [INFO] [watcher.go:56] ["[pd] start the deadline watcher"] [source=tso]
[2026/07/25 02:39:54.375 +08:00] [INFO] [inner_client.go:173] ["[pd] tso provider changed to pd"]
[2026/07/25 02:39:54.376 +08:00] [INFO] [client.go:251] ["[tso] start tso connection contexts updater"]
[2026/07/25 02:39:54.376 +08:00] [INFO] [inner_client.go:154] ["[pd] service mode changed"] [new-mode=PD_SVC_MODE]
[2026/07/25 02:39:54.376 +08:00] [INFO] [router_service_discovery.go:162] ["[router service] created router service discovery"] [cluster-id=7666161978985758102] [keyspace-id=4294967295] [default-discovery-key=/ms/7666161978985758102/router/registry/]
[2026/07/25 02:39:54.376 +08:00] [INFO] [router_service_discovery.go:174] ["[router service] initializing router service discovery"] [max-retry-times=100] [retry-interval=1s]
[2026/07/25 02:39:54.376 +08:00] [INFO] [dispatcher.go:146] ["[tso] tso dispatcher created"]
[2026/07/25 02:39:54.377 +08:00] [INFO] [dispatcher.go:598] ["[tso] switching tso rpc concurrency"] [old=0] [new=1]
[2026/07/25 02:39:54.378 +08:00] [INFO] [router_service_discovery.go:260] ["[router service] update member sorted urls"] [new-sorted-urls="[]"]
[2026/07/25 02:39:54.378 +08:00] [INFO] [router_service_discovery.go:245] ["[router service] updating nodes succeeded"] [urls="[]"] [clients-length=0]
[2026/07/25 02:39:54.378 +08:00] [INFO] [client.go:424] ["[router] connection daemon is started"]
[2026/07/25 02:39:54.378 +08:00] [INFO] [client.go:585] ["[router] dispatcher is started"]
[2026/07/25 02:39:54.378 +08:00] [INFO] [inner_client.go:91] ["[pd] start router client initializer"]
[2026/07/25 02:39:54.378 +08:00] [INFO] [client.go:509] ["[router] successfully established the leader router stream connection"] [url=http://127.0.0.1:2379]
[2026/07/25 02:39:54.382 +08:00] [INFO] [conn.go:142] ["checked alive KV stores"] [aliveStores=1] [totalStores=1]
[2026/07/25 02:39:54.383 +08:00] [INFO] [service_discovery.go:1030] ["[pd] switch leader"] [new-leader=http://127.0.0.1:2379] [old-leader=]
[2026/07/25 02:39:54.383 +08:00] [INFO] [service_discovery.go:509] ["[pd] init cluster id"] [cluster-id=7666161978985758102]
[2026/07/25 02:39:54.383 +08:00] [INFO] [client.go:214] ["[tso] switch the tso leader serving url"] [new-url=http://127.0.0.1:2379]
[2026/07/25 02:39:54.383 +08:00] [INFO] [inner_client.go:173] ["[pd] tso provider changed to pd"]
[2026/07/25 02:39:54.383 +08:00] [INFO] [watcher.go:56] ["[pd] start the deadline watcher"] [source=tso]
[2026/07/25 02:39:54.383 +08:00] [INFO] [dispatcher.go:146] ["[tso] tso dispatcher created"]
[2026/07/25 02:39:54.383 +08:00] [INFO] [dispatcher.go:598] ["[tso] switching tso rpc concurrency"] [old=0] [new=1]
[2026/07/25 02:39:54.383 +08:00] [INFO] [client.go:251] ["[tso] start tso connection contexts updater"]
[2026/07/25 02:39:54.383 +08:00] [INFO] [inner_client.go:154] ["[pd] service mode changed"] [new-mode=PD_SVC_MODE]
[2026/07/25 02:39:54.383 +08:00] [INFO] [router_service_discovery.go:162] ["[router service] created router service discovery"] [cluster-id=7666161978985758102] [keyspace-id=4294967295] [default-discovery-key=/ms/7666161978985758102/router/registry/]
[2026/07/25 02:39:54.383 +08:00] [INFO] [router_service_discovery.go:174] ["[router service] initializing router service discovery"] [max-retry-times=100] [retry-interval=1s]
[2026/07/25 02:39:54.384 +08:00] [INFO] [router_service_discovery.go:260] ["[router service] update member sorted urls"] [new-sorted-urls="[]"]
[2026/07/25 02:39:54.384 +08:00] [INFO] [router_service_discovery.go:245] ["[router service] updating nodes succeeded"] [urls="[]"] [clients-length=0]
[2026/07/25 02:39:54.384 +08:00] [INFO] [client.go:424] ["[router] connection daemon is started"]
[2026/07/25 02:39:54.384 +08:00] [INFO] [inner_client.go:91] ["[pd] start router client initializer"]
[2026/07/25 02:39:54.384 +08:00] [INFO] [client.go:509] ["[router] successfully established the leader router stream connection"] [url=http://127.0.0.1:2379]
[2026/07/25 02:39:54.384 +08:00] [INFO] [client.go:585] ["[router] dispatcher is started"]
[2026/07/25 02:39:54.384 +08:00] [INFO] [tikv_driver.go:194] ["using API V1."]
[2026/07/25 02:39:54.385 +08:00] [INFO] [metamanager.go:146] ["return meta service group info"] [meta-service-info="{\"PDAddrs\":[\"127.0.0.1:2379\"],\"Group\":{\"GroupID\":\"0\",\"Addrs\":[\"127.0.0.1:2379\"]}}"]
[2026/07/25 02:39:54.392 +08:00] [INFO] [tidb.go:103] ["new domain"] [store=tikv-7666161978985758102/] ["ddl lease"=45s] ["stats lease"=-1ns]
[2026/07/25 02:39:54.427 +08:00] [INFO] [info.go:279] ["init TiFlashReplicaManager"]
[2026/07/25 02:39:54.451 +08:00] [INFO] [domain.go:2708] [acquireServerID] [serverID=1063] ["lease id"=22319f955e83205e]
[2026/07/25 02:39:54.464 +08:00] [INFO] [global_controller.go:219] ["load resource controller config"] [config="{\"degraded-mode-wait-duration\":\"0s\",\"ltb-max-wait-duration\":\"30s\",\"ltb-token-rpc-max-delay\":\"1s\",\"request-unit\":{\"read-base-cost\":0.125,\"read-per-batch-base-cost\":0.5,\"read-cost-per-byte\":0.0000152587890625,\"write-base-cost\":1,\"write-per-batch-base-cost\":1,\"write-cost-per-byte\":0.0009765625,\"read-cpu-ms-cost\":0.3333333333333333},\"enable-controller-trace-log\":\"false\",\"token-rpc-params\":{\"wait-retry-interval\":\"50ms\",\"wait-retry-times\":20}}"] [ru-config="{\"ReadBaseCost\":0.125,\"ReadPerBatchBaseCost\":0.5,\"ReadBytesCost\":0.0000152587890625,\"WriteBaseCost\":1,\"WritePerBatchBaseCost\":1,\"WriteBytesCost\":0.0009765625,\"CPUMsCost\":0.3333333333333333,\"LTBMaxWaitDuration\":30000000000,\"WaitRetryInterval\":50000000,\"WaitRetryTimes\":20,\"DegradedModeWaitDuration\":0}"] [keyspace-id=4294967295]
[2026/07/25 02:39:54.467 +08:00] [INFO] [store_cache.go:572] ["change store resolve state"] [store=1] [addr=127.0.0.1:20160] [from=unresolved] [to=resolved] [liveness-state=reachable]
[2026/07/25 02:39:54.481 +08:00] [INFO] [loader.go:281] ["full load InfoSchema success"] [mode=auto] [isV2=true] [currentSchemaVersion=0] [neededSchemaVersion=234] ["elapsed time"=8.586625ms]
[2026/07/25 02:39:54.487 +08:00] [INFO] [syncer.go:456] ["full load and reset schema validator"]
[2026/07/25 02:39:54.487 +08:00] [INFO] [ddl.go:1068] ["change job version in use"] [category=ddl] [old=v1] [new=v2]
[2026/07/25 02:39:54.487 +08:00] [INFO] [ddl.go:1074] ["change global index V1 support"] [category=ddl] [old=false] [new=true]
[2026/07/25 02:39:54.487 +08:00] [INFO] [ddl.go:881] ["start DDL"] [category=ddl] [ID=371b012e-e2e0-40a1-8141-c37090c64edf] [runWorker=false] [jobVersion=v2] [startMode=br]
[2026/07/25 02:39:54.488 +08:00] [INFO] [ddl.go:856] ["start delRangeManager OK"] [category=ddl] ["is a emulator"=false]
[2026/07/25 02:39:54.493 +08:00] [INFO] [env.go:123] ["the ingest sorted directory"] [category=ddl-ingest] ["data path"=/tmp/tidb/tmp_ddl-4000]
[2026/07/25 02:39:54.493 +08:00] [WARN] [env.go:84] ["ingest backfill may not be available"] [category=ddl-ingest] [error="the available disk space(33895825408) in /tmp/tidb/tmp_ddl-4000 should be greater than @@tidb_ddl_disk_quota(107374182400)"] [errorVerbose="the available disk space(33895825408) in /tmp/tidb/tmp_ddl-4000 should be greater than @@tidb_ddl_disk_quota(107374182400)\ngithub.com/pingcap/tidb/pkg/ddl/ingest.(*diskRootImpl).StartupCheck\n\t/Users/pingcap/workspace/bp-tidb-release-darwin-arm64-npwgw-build-binaries/source/tidb/pkg/ddl/ingest/disk_root.go:191\ngithub.com/pingcap/tidb/pkg/ddl/ingest.InitGlobalLightningEnv\n\t/Users/pingcap/workspace/bp-tidb-release-darwin-arm64-npwgw-build-binaries/source/tidb/pkg/ddl/ingest/env.go:82\ngithub.com/pingcap/tidb/pkg/ddl.(*ddl).Start\n\t/Users/pingcap/workspace/bp-tidb-release-darwin-arm64-npwgw-build-binaries/source/tidb/pkg/ddl/ddl.go:942\ngithub.com/pingcap/tidb/pkg/domain.(*Domain).Start\n\t/Users/pingcap/workspace/bp-tidb-release-darwin-arm64-npwgw-build-binaries/source/tidb/pkg/domain/domain.go:809\ngithub.com/pingcap/tidb/br/pkg/gluetidb.Glue.startDomainAsNeeded\n\t/Users/pingcap/workspace/bp-tidb-release-darwin-arm64-npwgw-build-binaries/source/tidb/br/pkg/gluetidb/glue.go:150\ngithub.com/pingcap/tidb/br/pkg/gluetidb.Glue.GetDomain\n\t/Users/pingcap/workspace/bp-tidb-release-darwin-arm64-npwgw-build-binaries/source/tidb/br/pkg/gluetidb/glue.go:102\ngithub.com/pingcap/tidb/br/pkg/conn.NewMgr\n\t/Users/pingcap/workspace/bp-tidb-release-darwin-arm64-npwgw-build-binaries/source/tidb/br/pkg/conn/conn.go:219\ngithub.com/pingcap/tidb/br/pkg/task.NewMgr\n\t/Users/pingcap/workspace/bp-tidb-release-darwin-arm64-npwgw-build-binaries/source/tidb/br/pkg/task/common.go:874\ngithub.com/pingcap/tidb/br/pkg/task.RunRestore\n\t/Users/pingcap/workspace/bp-tidb-release-darwin-arm64-npwgw-build-binaries/source/tidb/br/pkg/task/restore.go:1019\nmain.runRestoreCommand\n\t/Users/pingcap/workspace/bp-tidb-release-darwin-arm64-npwgw-build-binaries/source/tidb/br/cmd/br/restore.go:92\nmain.newTableRestoreCommand.func1\n\t/Users/pingcap/workspace/bp-tidb-release-darwin-arm64-npwgw-build-binaries/source/tidb/br/cmd/br/restore.go:226\ngithub.com/spf13/cobra.(*Command).execute\n\t/Users/pingcap/go/pkg/mod/github.com/spf13/cobra@v1.10.2/command.go:1015\ngithub.com/spf13/cobra.(*Command).ExecuteC\n\t/Users/pingcap/go/pkg/mod/github.com/spf13/cobra@v1.10.2/command.go:1148\ngithub.com/spf13/cobra.(*Command).Execute\n\t/Users/pingcap/go/pkg/mod/github.com/spf13/cobra@v1.10.2/command.go:1071\nmain.main\n\t/Users/pingcap/workspace/bp-tidb-release-darwin-arm64-npwgw-build-binaries/source/tidb/br/cmd/br/main.go:42\nruntime.main\n\t/Users/pingcap/go/pkg/mod/golang.org/toolchain@v0.0.1-go1.25.10.darwin-arm64/src/runtime/proc.go:285\nruntime.goexit\n\t/Users/pingcap/go/pkg/mod/golang.org/toolchain@v0.0.1-go1.25.10.darwin-arm64/src/runtime/asm_arm64.s:1268"]
[2026/07/25 02:39:54.494 +08:00] [INFO] [env.go:88] ["init global ingest backend environment finished"] [category=ddl-ingest] ["memory limitation"=19327352832] ["disk usage info"="disk usage: 960766758912/994662584320, backend usage: 0"] ["max open file number"=138240] ["lightning is initialized"=true]
[2026/07/25 02:39:54.494 +08:00] [INFO] [wait_group_wrapper.go:141] ["background process started"] [source=domain] [process=loadSchemaInLoop]
[2026/07/25 02:39:54.494 +08:00] [INFO] [wait_group_wrapper.go:141] ["background process started"] [source=domain] [process=mdlCheckLoop]
[2026/07/25 02:39:54.494 +08:00] [INFO] [wait_group_wrapper.go:141] ["background process started"] [source=domain] [process=topNSlowQueryLoop]
[2026/07/25 02:39:54.494 +08:00] [INFO] [wait_group_wrapper.go:141] ["background process started"] [source=domain] [process=infoSyncerKeeper]
[2026/07/25 02:39:54.494 +08:00] [INFO] [wait_group_wrapper.go:141] ["background process started"] [source=domain] [process=globalConfigSyncerKeeper]
[2026/07/25 02:39:54.494 +08:00] [INFO] [wait_group_wrapper.go:141] ["background process started"] [source=domain] [process=runawayRecordFlushLoop]
[2026/07/25 02:39:54.494 +08:00] [INFO] [wait_group_wrapper.go:141] ["background process started"] [source=domain] [process=runawayWatchSyncLoop]
[2026/07/25 02:39:54.494 +08:00] [INFO] [wait_group_wrapper.go:141] ["background process started"] [source=domain] [process=requestUnitsWriterLoop]
[2026/07/25 02:39:54.494 +08:00] [INFO] [wait_group_wrapper.go:141] ["background process started"] [source=domain] [process=closestReplicaReadCheckLoop]
[2026/07/25 02:39:54.496 +08:00] [INFO] [manager.go:289] ["start campaign owner"] [key=/tidb/stats/owner] [id=371b012e-e2e0-40a1-8141-c37090c64edf]
[2026/07/25 02:39:54.501 +08:00] [INFO] [wait_group_wrapper.go:141] ["background process started"] [source=domain] [process=indexUsageWorker]
[2026/07/25 02:39:54.501 +08:00] [INFO] [wait_group_wrapper.go:141] ["background process started"] [source=domain] [process=quitStatsOwner]
[2026/07/25 02:39:54.502 +08:00] [WARN] [sysvar_cache.go:53] ["sysvar cache is empty, triggering rebuild"]
[2026/07/25 02:39:54.523 +08:00] [WARN] [global_controller.go:850] ["[resource group controller] resource group name does not exist"] [name=default]
[2026/07/25 02:39:54.524 +08:00] [INFO] [client.go:434] ["[router] follower handle status changed"] [enable=true]
[2026/07/25 02:39:54.524 +08:00] [INFO] [inner_client.go:103] ["[pd] notified to disable the router client"]
[2026/07/25 02:39:54.524 +08:00] [INFO] [client.go:325] ["[router] closing router client"]
[2026/07/25 02:39:54.524 +08:00] [INFO] [client.go:606] ["[router] stop fetching the pending router requests due to context canceled"]
[2026/07/25 02:39:54.524 +08:00] [INFO] [client.go:587] ["[router] dispatcher is exiting"]
[2026/07/25 02:39:54.524 +08:00] [INFO] [client.go:592] ["[router] dispatcher exited"]
[2026/07/25 02:39:54.524 +08:00] [INFO] [client.go:430] ["[router] connection daemon is exiting"]
[2026/07/25 02:39:54.524 +08:00] [INFO] [client.go:330] ["[router] router client is closed"]
[2026/07/25 02:39:54.525 +08:00] [INFO] [sysvar.go:3400] ["set resource control"] [enable=true]
[2026/07/25 02:39:54.525 +08:00] [INFO] [client.go:434] ["[router] follower handle status changed"] [enable=true]
[2026/07/25 02:39:54.525 +08:00] [INFO] [pd.go:880] ["set follower handle"] [enable=true]
[2026/07/25 02:39:54.525 +08:00] [INFO] [glue.go:196] ["one shot session closed"]
[2026/07/25 02:39:54.526 +08:00] [INFO] [restore.go:1307] ["starting snapshot restore"]
[2026/07/25 02:39:54.526 +08:00] [INFO] [restore.go:1378] ["Checking incompatible TiCDC changefeeds before restoring."] [restore-ts=467905523978862594]
[2026/07/25 02:39:54.528 +08:00] [INFO] [global_controller.go:586] ["[resource group controller] create resource group cost controller"] [name=default]
[2026/07/25 02:39:54.529 +08:00] [INFO] [restore.go:862] ["set new_collation_enabled"] [new_collation_enabled=true]
[2026/07/25 02:39:54.531 +08:00] [INFO] [client.go:308] ["per-store download worker pool"] [size=64]
[2026/07/25 02:39:54.531 +08:00] [INFO] [client.go:314] ["region scan request concurrency"] [size=256]
[2026/07/25 02:39:54.531 +08:00] [INFO] [client.go:325] ["split region index step"] [step=128]
[2026/07/25 02:39:54.531 +08:00] [INFO] [client.go:336] ["coarse scatter"] [enabled=false]
[2026/07/25 02:39:54.531 +08:00] [INFO] [client.go:385] ["set placement policy mode"] [mode=STRICT]
[2026/07/25 02:39:54.550 +08:00] [INFO] [registration.go:701] ["no existing tasks found with same parameters"] [restored_ts=0]
[2026/07/25 02:39:54.550 +08:00] [INFO] [registration.go:308] ["attempting to resume or create registration"] [filter_strings=`brgenbig`.`t`] [start_ts=0] [restored_ts=0] [upstream_cluster_id=7666161978985758102] [with_sys_table=true] [cmd="Table Restore"] [is_restored_ts_user_specified=false]
[2026/07/25 02:39:54.559 +08:00] [INFO] [registration.go:395] ["successfully created new registration"] [restore_id=16000001] [filters="[`brgenbig`.`t`]"]
[2026/07/25 02:39:54.560 +08:00] [INFO] [context.go:123] ["BR operation hint field resolved"] [operation_id=02119c3d-0a9d-44bb-8420-8a4e43970072] [operation_started_at=2026/07/25 02:39:54.349 +08:00] [hint_key=restore_id] [hint_value=16000001]
[2026/07/25 02:39:54.560 +08:00] [INFO] [stream.go:2516] ["registered restore task"] [restoreID=16000001] [cmdName="Table Restore"]
[2026/07/25 02:39:54.560 +08:00] [INFO] [registration.go:667] ["started heartbeat manager for restore task"] [restore_id=16000001]
[2026/07/25 02:39:54.562 +08:00] [INFO] [client.go:903] ["loaded backup meta"] [databases=1] [jobs=0]
[2026/07/25 02:39:54.562 +08:00] [INFO] [client.go:302] ["download coarse worker pool"] [size=2048]
[2026/07/25 02:39:54.564 +08:00] [INFO] [client.go:1494] ["mark full cluster restore"] [value=false]
[2026/07/25 02:39:54.568 +08:00] [WARN] [restore.go:1445] ["Cannot set --fast-load-sys-tables when it is not full restore. Fallback to logically load stats."]
[2026/07/25 02:39:54.568 +08:00] [WARN] [restore.go:1449] ["Cannot set --fast-load-sys-tables when it is not full restore. Fallback to logically load system tables."]
[2026/07/25 02:39:54.569 +08:00] [INFO] [restore.go:383] ["hash of restore config"] [hash=a971d43f8c0b9d4a6d6c5e03f481c4aa5215101dd1689725ca17b5749cdb8225] [config="{\"CmdName\":\"Table Restore\",\"UpstreamClusterID\":7666161978985758102,\"Storage\":\"local:///Users/bba/pc/agent-test/runs/critical-br-generation-20260725/backup-big\",\"ExplictFilter\":false,\"FilterStr\":[\"`brgenbig`.`t`\"],\"WithSysTable\":true,\"FastLoadSysTables\":true,\"LoadStats\":true}"]
[2026/07/25 02:39:54.573 +08:00] [INFO] [restore.go:1471] ["checkpoint status in restore"] [enabled=true] [exists=false]
[2026/07/25 02:39:54.573 +08:00] [INFO] [restore.go:1481] ["found items to restore after filtering"] [tables=1] [db=1]
[2026/07/25 02:39:54.573 +08:00] [INFO] [restore.go:1576] ["checking ongoing conflicting restore task using restore registry"] [tables_count=1] [current_restore_id=16000001]
[2026/07/25 02:39:54.574 +08:00] [INFO] [registration.go:555] ["found zero existing registered tasks"]
[2026/07/25 02:39:54.575 +08:00] [INFO] [restore.go:1990] ["estimate tikv usage"] ["total size"=37141815] [replicaCnt=1] ["store count"=1]
[2026/07/25 02:39:54.575 +08:00] [INFO] [restore.go:2058] ["preserved disk space"] [tikv=40855996] [tiflash=0]
[2026/07/25 02:39:54.575 +08:00] [INFO] [client.go:463] ["registering the table IDs"] [ids="ID:[265,266)"]
[2026/07/25 02:39:54.575 +08:00] [INFO] [import_mode_switcher.go:212] ["switch to import mode for offline restore"]
[2026/07/25 02:39:54.575 +08:00] [INFO] [import_mode_switcher.go:147] ["switch to import mode at beginning"]
[2026/07/25 02:39:54.647 +08:00] [INFO] [pd.go:649] ["removing scheduler on region"]
[2026/07/25 02:39:54.686 +08:00] [INFO] [executor.go:7285] ["DDL job submitted"] [category=ddl] [job="ID:267, Type:create schema, State:queueing, SchemaState:none, SchemaID:266, TableID:0, RowCount:0, ArgLen:1, start time: 2026-07-25 02:39:54.636 +0800 CST, Err:<nil>, ErrCount:0, SnapshotVersion:0, Version: v2"] [query="CREATE DATABASE IF NOT EXISTS `__TiDB_BR_Temporary_Snapshot_Restore_Checkpoint_16000001`;"]
[2026/07/25 02:39:54.690 +08:00] [INFO] [job_submitter.go:118] ["add DDL jobs"] [category=ddl] ["batch count"=1] [jobs="ID:267, Type:create schema, State:queueing, SchemaState:none, SchemaID:266, TableID:0, RowCount:0, ArgLen:1, start time: 2026-07-25 02:39:54.636 +0800 CST, Err:<nil>, ErrCount:0, SnapshotVersion:0, Version: v2; "] [fast_create=true]
[2026/07/25 02:39:54.698 +08:00] [INFO] [loader.go:216] ["diff load InfoSchema success"] [mode=auto] [isV2=true] [currVer=234] [neededVer=235] [gotVer=235] ["elapsed time"=211.5µs] [phyTblIDs="[]"] [actionTypes="[]"] [diffTypes="[\"create schema\"]"]
[2026/07/25 02:39:54.699 +08:00] [INFO] [syncer.go:258] ["session manager is nil"]
[2026/07/25 02:39:54.699 +08:00] [INFO] [syncer.go:281] ["mdl gets lock, update self version to owner"] [jobID=267] [version=235]
[2026/07/25 02:39:55.191 +08:00] [INFO] [executor.go:7423] ["DDL job is finished"] [category=ddl] [jobID=267]
[2026/07/25 02:39:55.192 +08:00] [INFO] [session.go:5229] ["CRUCIAL OPERATION"] [conn=0] [schemaVersion=235] [cur_db=] [sql="CREATE DATABASE IF NOT EXISTS `__TiDB_BR_Temporary_Snapshot_Restore_Checkpoint_16000001`;"] [user=]
[2026/07/25 02:39:55.195 +08:00] [INFO] [add_column.go:1339] ["Automatically convert BLOB(524288) to MEDIUMBLOB"] [category=ddl]
[2026/07/25 02:39:55.202 +08:00] [INFO] [executor.go:7285] ["DDL job submitted"] [category=ddl] [job="ID:269, Type:create table, State:queueing, SchemaState:none, SchemaID:266, TableID:268, RowCount:0, ArgLen:1, start time: 2026-07-25 02:39:55.185 +0800 CST, Err:<nil>, ErrCount:0, SnapshotVersion:0, Version: v2"] [query="\t\tCREATE TABLE `__TiDB_BR_Temporary_Snapshot_Restore_Checkpoint_16000001`.`cpt_data` (\n\t\t\tuuid binary(32) NOT NULL,\n\t\t\tsegment_id BIGINT NOT NULL,\n\t\t\tdata BLOB(524288) NOT NULL,\n\t\t\tupdate_time TIMESTAMP DEFAULT CURRENT_TIMESTAMP,\n\t\t\tPRIMARY KEY(uuid, segment_id));"]
[2026/07/25 02:39:55.207 +08:00] [INFO] [job_submitter.go:118] ["add DDL jobs"] [category=ddl] ["batch count"=1] [jobs="ID:269, Type:create table, State:queueing, SchemaState:none, SchemaID:266, TableID:268, RowCount:0, ArgLen:1, start time: 2026-07-25 02:39:55.185 +0800 CST, Err:<nil>, ErrCount:0, SnapshotVersion:0, Version: v2; "] [fast_create=true]
[2026/07/25 02:39:55.221 +08:00] [INFO] [loader.go:216] ["diff load InfoSchema success"] [mode=auto] [isV2=true] [currVer=235] [neededVer=236] [gotVer=236] ["elapsed time"=586.166µs] [phyTblIDs="[268]"] [actionTypes="[3]"] [diffTypes="[\"create table\"]"]
[2026/07/25 02:39:55.223 +08:00] [INFO] [syncer.go:258] ["session manager is nil"]
[2026/07/25 02:39:55.223 +08:00] [INFO] [syncer.go:281] ["mdl gets lock, update self version to owner"] [jobID=269] [version=236]
[2026/07/25 02:39:55.704 +08:00] [INFO] [executor.go:7423] ["DDL job is finished"] [category=ddl] [jobID=269]
[2026/07/25 02:39:55.705 +08:00] [INFO] [session.go:5229] ["CRUCIAL OPERATION"] [conn=0] [schemaVersion=236] [cur_db=] [sql="\t\tCREATE TABLE `__TiDB_BR_Temporary_Snapshot_Restore_Checkpoint_16000001`.`cpt_data` (\n\t\t\tuuid binary(32) NOT NULL,\n\t\t\tsegment_id BIGINT NOT NULL,\n\t\t\tdata BLOB(524288) NOT NULL,\n\t\t\tupdate_time TIMESTAMP DEFAULT CURRENT_TIMESTAMP,\n\t\t\tPRIMARY KEY(uuid, segment_id));"] [user=]
[2026/07/25 02:39:55.705 +08:00] [INFO] [add_column.go:1339] ["Automatically convert BLOB(524288) to MEDIUMBLOB"] [category=ddl]
[2026/07/25 02:39:55.711 +08:00] [INFO] [executor.go:7285] ["DDL job submitted"] [category=ddl] [job="ID:271, Type:create table, State:queueing, SchemaState:none, SchemaID:266, TableID:270, RowCount:0, ArgLen:1, start time: 2026-07-25 02:39:55.687 +0800 CST, Err:<nil>, ErrCount:0, SnapshotVersion:0, Version: v2"] [query="\t\tCREATE TABLE `__TiDB_BR_Temporary_Snapshot_Restore_Checkpoint_16000001`.`cpt_checksum` (\n\t\t\tuuid binary(32) NOT NULL,\n\t\t\tsegment_id BIGINT NOT NULL,\n\t\t\tdata BLOB(524288) NOT NULL,\n\t\t\tupdate_time TIMESTAMP DEFAULT CURRENT_TIMESTAMP,\n\t\t\tPRIMARY KEY(uuid, segment_id));"]
[2026/07/25 02:39:55.717 +08:00] [INFO] [job_submitter.go:118] ["add DDL jobs"] [category=ddl] ["batch count"=1] [jobs="ID:271, Type:create table, State:queueing, SchemaState:none, SchemaID:266, TableID:270, RowCount:0, ArgLen:1, start time: 2026-07-25 02:39:55.687 +0800 CST, Err:<nil>, ErrCount:0, SnapshotVersion:0, Version: v2; "] [fast_create=true]
[2026/07/25 02:39:55.730 +08:00] [INFO] [loader.go:216] ["diff load InfoSchema success"] [mode=auto] [isV2=true] [currVer=236] [neededVer=237] [gotVer=237] ["elapsed time"=535.708µs] [phyTblIDs="[270]"] [actionTypes="[3]"] [diffTypes="[\"create table\"]"]
[2026/07/25 02:39:55.731 +08:00] [INFO] [syncer.go:258] ["session manager is nil"]
[2026/07/25 02:39:55.731 +08:00] [INFO] [syncer.go:281] ["mdl gets lock, update self version to owner"] [jobID=271] [version=237]
[2026/07/25 02:39:56.214 +08:00] [INFO] [executor.go:7423] ["DDL job is finished"] [category=ddl] [jobID=271]
[2026/07/25 02:39:56.214 +08:00] [INFO] [session.go:5229] ["CRUCIAL OPERATION"] [conn=0] [schemaVersion=237] [cur_db=] [sql="\t\tCREATE TABLE `__TiDB_BR_Temporary_Snapshot_Restore_Checkpoint_16000001`.`cpt_checksum` (\n\t\t\tuuid binary(32) NOT NULL,\n\t\t\tsegment_id BIGINT NOT NULL,\n\t\t\tdata BLOB(524288) NOT NULL,\n\t\t\tupdate_time TIMESTAMP DEFAULT CURRENT_TIMESTAMP,\n\t\t\tPRIMARY KEY(uuid, segment_id));"] [user=]
[2026/07/25 02:39:56.216 +08:00] [INFO] [add_column.go:1339] ["Automatically convert BLOB(524288) to MEDIUMBLOB"] [category=ddl]
[2026/07/25 02:39:56.224 +08:00] [INFO] [executor.go:7285] ["DDL job submitted"] [category=ddl] [job="ID:273, Type:create table, State:queueing, SchemaState:none, SchemaID:266, TableID:272, RowCount:0, ArgLen:1, start time: 2026-07-25 02:39:56.186 +0800 CST, Err:<nil>, ErrCount:0, SnapshotVersion:0, Version: v2"] [query="\t\tCREATE TABLE `__TiDB_BR_Temporary_Snapshot_Restore_Checkpoint_16000001`.`cpt_metadata` (\n\t\t\tsegment_id BIGINT NOT NULL,\n\t\t\tdata BLOB(524288) NOT NULL,\n\t\t\tupdate_time TIMESTAMP DEFAULT CURRENT_TIMESTAMP,\n\t\t\tPRIMARY KEY(segment_id));"]
[2026/07/25 02:39:56.228 +08:00] [INFO] [job_submitter.go:118] ["add DDL jobs"] [category=ddl] ["batch count"=1] [jobs="ID:273, Type:create table, State:queueing, SchemaState:none, SchemaID:266, TableID:272, RowCount:0, ArgLen:1, start time: 2026-07-25 02:39:56.186 +0800 CST, Err:<nil>, ErrCount:0, SnapshotVersion:0, Version: v2; "] [fast_create=true]
[2026/07/25 02:39:56.241 +08:00] [INFO] [loader.go:216] ["diff load InfoSchema success"] [mode=auto] [isV2=true] [currVer=237] [neededVer=238] [gotVer=238] ["elapsed time"=490.209µs] [phyTblIDs="[272]"] [actionTypes="[3]"] [diffTypes="[\"create table\"]"]
[2026/07/25 02:39:56.243 +08:00] [INFO] [syncer.go:258] ["session manager is nil"]
[2026/07/25 02:39:56.243 +08:00] [INFO] [syncer.go:281] ["mdl gets lock, update self version to owner"] [jobID=273] [version=238]
[2026/07/25 02:39:56.389 +08:00] [INFO] [pd.go:434] ["adaptive update ts interval state transition"] [configuredInterval=2s] [prevAdaptiveUpdateInterval=2s] [newAdaptiveUpdateInterval=2s] [requiredStaleness=0s] [prevState=unknown(0)] [newState=normal]
[2026/07/25 02:39:56.494 +08:00] [INFO] [info.go:988] [SetTiFlashGroupConfig]
[2026/07/25 02:39:56.725 +08:00] [INFO] [executor.go:7423] ["DDL job is finished"] [category=ddl] [jobID=273]
[2026/07/25 02:39:56.725 +08:00] [INFO] [session.go:5229] ["CRUCIAL OPERATION"] [conn=0] [schemaVersion=238] [cur_db=] [sql="\t\tCREATE TABLE `__TiDB_BR_Temporary_Snapshot_Restore_Checkpoint_16000001`.`cpt_metadata` (\n\t\t\tsegment_id BIGINT NOT NULL,\n\t\t\tdata BLOB(524288) NOT NULL,\n\t\t\tupdate_time TIMESTAMP DEFAULT CURRENT_TIMESTAMP,\n\t\t\tPRIMARY KEY(segment_id));"] [user=]
[2026/07/25 02:39:56.728 +08:00] [INFO] [restore.go:1675] ["try to reuse restore start timestamp for blocklist"] ["new restore start ts"=0] ["old restore start ts"=0]
[2026/07/25 02:39:56.730 +08:00] [INFO] [pitr_collector.go:495] ["Load max copy concurrency"] [maxCopyConcurrency=64] [stores=1]
[2026/07/25 02:39:56.738 +08:00] [WARN] [restore.go:2411] ["set max-index-length to max(3072*4) to skip check index length in DDL"]
[2026/07/25 02:39:56.738 +08:00] [WARN] [restore.go:2413] ["set index-limit to max(64*8) to skip check index count in DDL"]
[2026/07/25 02:39:56.738 +08:00] [WARN] [restore.go:2415] ["set table-column-count to max(4096) to skip check column count in DDL"]
[2026/07/25 02:39:56.738 +08:00] [INFO] [client.go:1122] ["create databases in db pool"] ["pool size"=64] ["number of db"=1]
[2026/07/25 02:39:56.738 +08:00] [INFO] [db.go:142] ["create database"] [name=brgenbig]
[2026/07/25 02:39:56.744 +08:00] [INFO] [executor.go:7285] ["DDL job submitted"] [category=ddl] [job="ID:275, Type:create schema, State:queueing, SchemaState:none, SchemaID:274, TableID:0, RowCount:0, ArgLen:1, start time: 2026-07-25 02:39:56.736 +0800 CST, Err:<nil>, ErrCount:0, SnapshotVersion:0, Version: v2"] [query="/*from(br)*/CREATE DATABASE IF NOT EXISTS `brgenbig` /*!40100 DEFAULT CHARACTER SET utf8mb4 */"]
[2026/07/25 02:39:56.749 +08:00] [INFO] [job_submitter.go:118] ["add DDL jobs"] [category=ddl] ["batch count"=1] [jobs="ID:275, Type:create schema, State:queueing, SchemaState:none, SchemaID:274, TableID:0, RowCount:0, ArgLen:1, start time: 2026-07-25 02:39:56.736 +0800 CST, Err:<nil>, ErrCount:0, SnapshotVersion:0, Version: v2; "] [fast_create=true]
[2026/07/25 02:39:56.764 +08:00] [INFO] [loader.go:216] ["diff load InfoSchema success"] [mode=auto] [isV2=true] [currVer=238] [neededVer=239] [gotVer=239] ["elapsed time"=305µs] [phyTblIDs="[]"] [actionTypes="[]"] [diffTypes="[\"create schema\"]"]
[2026/07/25 02:39:56.766 +08:00] [INFO] [syncer.go:258] ["session manager is nil"]
[2026/07/25 02:39:56.766 +08:00] [INFO] [syncer.go:281] ["mdl gets lock, update self version to owner"] [jobID=275] [version=239]
[2026/07/25 02:39:57.249 +08:00] [INFO] [executor.go:7423] ["DDL job is finished"] [category=ddl] [jobID=275]
[2026/07/25 02:39:57.250 +08:00] [INFO] [client.go:1173] ["start create tables"] ["total count"=1]
[2026/07/25 02:39:57.250 +08:00] [INFO] [client.go:1381] ["create tables"] ["table start"=0] ["table end"=1]
[2026/07/25 02:39:57.250 +08:00] [INFO] [client.go:1202] ["client to create tables"]
[2026/07/25 02:39:57.258 +08:00] [INFO] [executor.go:7285] ["DDL job submitted"] [category=ddl] [job="ID:276, Type:create tables, State:queueing, SchemaState:none, SchemaID:274, TableID:0, RowCount:0, ArgLen:1, start time: 2026-07-25 02:39:57.235 +0800 CST, Err:<nil>, ErrCount:0, SnapshotVersion:0, Version: v2"] [query="/*from(br)*/CREATE TABLE `t` (\n  `id` bigint(20) NOT NULL,\n  `u` bigint(20) NOT NULL,\n  `payload` varchar(1000) DEFAULT NULL,\n  PRIMARY KEY (`id`) /*T![clustered_index] CLUSTERED */,\n  UNIQUE KEY `u` (`u`)\n) ENGINE=InnoDB DEFAULT CHARSET=utf8mb4 COLLATE=utf8mb4_bin;"]
[2026/07/25 02:39:57.269 +08:00] [INFO] [job_submitter.go:118] ["add DDL jobs"] [category=ddl] ["batch count"=1] [jobs="ID:276, Type:create tables, State:queueing, SchemaState:none, SchemaID:274, TableID:0, RowCount:0, ArgLen:1, start time: 2026-07-25 02:39:57.235 +0800 CST, Err:<nil>, ErrCount:0, SnapshotVersion:0, Version: v2; "] [fast_create=true]
[2026/07/25 02:39:57.284 +08:00] [INFO] [loader.go:216] ["diff load InfoSchema success"] [mode=auto] [isV2=true] [currVer=239] [neededVer=240] [gotVer=240] ["elapsed time"=533.541µs] [phyTblIDs="[265]"] [actionTypes="[60]"] [diffTypes="[\"create tables\"]"]
[2026/07/25 02:39:57.285 +08:00] [INFO] [syncer.go:258] ["session manager is nil"]
[2026/07/25 02:39:57.285 +08:00] [INFO] [syncer.go:281] ["mdl gets lock, update self version to owner"] [jobID=276] [version=240]
[2026/07/25 02:39:57.764 +08:00] [INFO] [executor.go:7423] ["DDL job is finished"] [category=ddl] [jobID=276]
[2026/07/25 02:39:57.764 +08:00] [INFO] [client.go:1397] ["tables created"] [speed="1.95 ops/s"] [num=1]
[2026/07/25 02:39:57.764 +08:00] [INFO] [client.go:979] ["reset pd timestamp"] [ts=467905523978862594]
[2026/07/25 02:39:57.767 +08:00] [INFO] [tikv_sender.go:131] ["start to merge ranges"] ["kv size threshold"=268435456] ["kv count threshold"=2560000]
[2026/07/25 02:39:57.768 +08:00] [INFO] [tikv_sender.go:148] ["merge and validate file"] ["new physical ID"=265] ["old physical ID"=175] [Files(total)=7] [File(write)=4] [File(default)=3] [Region(total)=4] ["Regoin(keys avg)"=64000] ["Region(bytes avg)"=18656000] [Merged(regions)=2] ["Merged(keys avg)"=128000] ["Merged(bytes avg)"=37312000]
[2026/07/25 02:39:57.768 +08:00] [INFO] [tikv_sender.go:251] ["merge ranges across tables due to the last group"] ["merged kv size"=74624000] ["merged kv count"=256000] ["merged range count"=7]
[2026/07/25 02:39:57.768 +08:00] [INFO] [tikv_sender.go:259] ["range and file prepared"] ["default file count"=3] ["write file count"=4]
[2026/07/25 02:39:57.768 +08:00] [INFO] [tikv_sender.go:304] ["Restore Stage Duration"] [stage="merge ranges"] [take=1.243833ms]
[2026/07/25 02:39:57.769 +08:00] [INFO] [split.go:97] ["execute split sorted keys"] ["keys count"=1]
[2026/07/25 02:39:57.769 +08:00] [INFO] [split.go:121] ["finish spliting regions roughly"] [take=125ns]
[2026/07/25 02:39:57.770 +08:00] [INFO] [client.go:684] ["paginate scan regions"] [count=1] [start=7480000000000001FF095F72FFFFFFFFFFFFFFFFFF0000000000FB] [end=7480000000000001FF095F72FFFFFFFFFFFFFFFFFF0000000000FC]
[2026/07/25 02:39:57.777 +08:00] [INFO] [client.go:239] ["scatter regions"] [regions=1]
[2026/07/25 02:39:57.777 +08:00] [INFO] [split.go:147] ["finish splitting and scattering regions. and starts to wait"] [regions=1] [take=7.748167ms]
[2026/07/25 02:39:57.777 +08:00] [INFO] [split.go:167] ["start to wait for scattering regions"] [regions=1]
[2026/07/25 02:39:57.777 +08:00] [INFO] [split.go:171] ["waiting for scattering regions done"] [regions=1] [take=334.042µs]
[2026/07/25 02:39:57.777 +08:00] [INFO] [split.go:128] ["finish spliting and scattering regions"] [take=8.196875ms]
[2026/07/25 02:39:57.777 +08:00] [INFO] [tikv_sender.go:355] ["Restore Stage Duration"] [stage="split regions"] [take=8.493166ms]
[2026/07/25 02:39:57.777 +08:00] [INFO] [tikv_sender.go:314] ["start to check and compact the restore range"]
[2026/07/25 02:39:57.779 +08:00] [INFO] [progress.go:176] [progress] [step="Split&Scatter Regions"] [progress=100.00%] [count="1 / 1"] [speed="? p/s"] [elapsed=0s] [remaining=0s]
[2026/07/25 02:40:34.213 +08:00] [INFO] [import.go:1198] ["finish ingesting into a region."] [sn=0] [region#=0] [total#=1] [region="{ID=196,startKey=7480000000000001FF0900000000000000F8,endKey=7480000000000001FF095F72FFFFFFFFFFFFFFFFFF0000000000FB,epoch=\"conf_ver:1 version:87 \",peers=\"id:197 store_id:1 \"}"] [sst=7]
[2026/07/25 02:40:34.214 +08:00] [INFO] [restorer.go:374] ["import files done"] [sn=0] [take=36.433962208s]
[2026/07/25 02:40:34.214 +08:00] [INFO] [restorer.go:340] ["Restore Stage Duration"] [stage="restore files"] [take=36.434177459s]
[2026/07/25 02:40:34.214 +08:00] [INFO] [tikv_sender.go:331] ["start to remove the force partition restore range"]
[2026/07/25 02:40:34.214 +08:00] [INFO] [progress.go:176] [progress] [step="Download&Ingest SST"] [progress=100.00%] [count="1 / 1"] [speed="? p/s"] [elapsed=36s] [remaining=36s]
[2026/07/25 02:40:34.214 +08:00] [INFO] [pipeline_items.go:603] ["start update metas"] [table=t] [db=brgenbig]
[2026/07/25 02:40:34.220 +08:00] [INFO] [pipeline_items.go:615] ["all stats updated"]
[2026/07/25 02:40:34.220 +08:00] [INFO] [progress.go:176] [progress] [step="Restore Pipeline"] [progress=100.00%] [count="1 / 1"] [speed="? p/s"] [elapsed=0s] [remaining=0s]
[2026/07/25 02:40:34.220 +08:00] [INFO] [restore.go:1919] ["restoring system schemas"] [withSys=true] [filter="[`brgenbig`.`t`]"]
[2026/07/25 02:40:34.220 +08:00] [INFO] [systable_restore.go:383] ["system database filtered out"] [database=mysql]
[2026/07/25 02:40:34.221 +08:00] [INFO] [session.go:5229] ["CRUCIAL OPERATION"] [conn=0] [schemaVersion=240] [cur_db=] [sql="DROP DATABASE IF EXISTS `__tidb_br_temporary_mysql`"] [user=]
[2026/07/25 02:40:34.221 +08:00] [INFO] [systable_restore.go:383] ["system database filtered out"] [database=sys]
[2026/07/25 02:40:34.221 +08:00] [INFO] [session.go:5229] ["CRUCIAL OPERATION"] [conn=0] [schemaVersion=240] [cur_db=] [sql="DROP DATABASE IF EXISTS `__tidb_br_temporary_sys`"] [user=]
[2026/07/25 02:40:34.221 +08:00] [INFO] [systable_restore.go:383] ["system database filtered out"] [database=workload_schema]
[2026/07/25 02:40:34.221 +08:00] [INFO] [session.go:5229] ["CRUCIAL OPERATION"] [conn=0] [schemaVersion=240] [cur_db=] [sql="DROP DATABASE IF EXISTS `__tidb_br_temporary_workload_schema`"] [user=]
[2026/07/25 02:40:34.221 +08:00] [INFO] [restore.go:1932] ["snapshot restore success"]
[2026/07/25 02:40:34.221 +08:00] [INFO] [restore.go:1714] ["start to remove gc-safepoint keeper"]
[2026/07/25 02:40:34.227 +08:00] [INFO] [restore.go:1723] ["finish removing gc-safepoint keeper"]
[2026/07/25 02:40:34.227 +08:00] [INFO] [restore.go:1690] ["wait for flush checkpoint..."]
[2026/07/25 02:40:34.228 +08:00] [INFO] [checkpoint.go:499] ["stop checkpoint runner"]
[2026/07/25 02:40:34.228 +08:00] [INFO] [checkpoint.go:388] ["stop checkpoint flush worker"]
[2026/07/25 02:40:34.228 +08:00] [INFO] [restore.go:1656] ["start to restore pd scheduler"]
[2026/07/25 02:40:34.228 +08:00] [INFO] [import_mode_switcher.go:61] ["Stopping the import mode goroutine"]
[2026/07/25 02:40:34.228 +08:00] [INFO] [import_mode_switcher.go:166] ["stop automatic switch to import mode when context done"]
[2026/07/25 02:40:34.321 +08:00] [INFO] [pd.go:667] ["scheduler pause cancelled and cleaned up"]
[2026/07/25 02:40:34.322 +08:00] [WARN] [pd.go:358] ["failed to get the region label rule, the rule may have been removed"] [rule-id=bdfaccd1-5dd4-48be-a44b-1c7ec4d1c822]
[2026/07/25 02:40:34.322 +08:00] [INFO] [pd.go:444] ["restoring config"] [config="{\"affinity-schedule-limit\":0,\"enable-cross-table-merge\":\"true\",\"enable-debug-metrics\":\"false\",\"enable-diagnostic\":\"true\",\"enable-heartbeat-breakdown-metrics\":\"true\",\"enable-heartbeat-concurrent-runner\":\"true\",\"enable-joint-consensus\":\"true\",\"enable-location-replacement\":\"true\",\"enable-make-up-replica\":\"true\",\"enable-one-way-merge\":\"false\",\"enable-remove-down-replica\":\"true\",\"enable-remove-extra-replica\":\"true\",\"enable-replace-offline-replica\":\"true\",\"enable-tikv-split-region\":\"true\",\"enable-witness\":\"false\",\"high-space-ratio\":0.7,\"hot-region-cache-hits-threshold\":3,\"hot-region-schedule-limit\":4,\"hot-regions-reserved-days\":7,\"hot-regions-write-interval\":\"10m0s\",\"leader-schedule-limit\":4,\"leader-schedule-policy\":\"count\",\"low-space-ratio\":1,\"max-affinity-merge-region-size\":256,\"max-merge-region-keys\":540000,\"max-merge-region-size\":54,\"max-movable-hot-peer-size\":512,\"max-pending-peer-count\":64,\"max-snapshot-count\":64,\"max-store-down-time\":\"30m0s\",\"max-store-preparing-time\":\"48h0m0s\",\"merge-schedule-limit\":8,\"patrol-region-interval\":\"100ms\",\"patrol-region-worker-count\":1,\"region-schedule-limit\":2048,\"region-score-formula-version\":\"v2\",\"replica-schedule-limit\":64,\"scheduler-max-waiting-operator\":5,\"schedulers-v2\":[{\"args\":null,\"args-payload\":\"\",\"disable\":false,\"type\":\"balance-region\"},{\"args\":null,\"args-payload\":\"\",\"disable\":false,\"type\":\"balance-leader\"},{\"args\":null,\"args-payload\":\"\",\"disable\":false,\"type\":\"hot-region\"},{\"args\":null,\"args-payload\":\"\",\"disable\":false,\"type\":\"evict-slow-store\"},{\"args\":null,\"args-payload\":\"\",\"disable\":false,\"type\":\"evict-stopping-store\"}],\"slow-store-evicting-affected-store-ratio-threshold\":0.3,\"split-merge-interval\":\"1h0m0s\",\"split-scatter-schedule-limit\":4,\"store-limit\":{\"1\":{\"add-peer\":15,\"remove-peer\":15}},\"store-limit-version\":\"v1\",\"switch-witness-interval\":\"1h0m0s\",\"tolerant-size-ratio\":0,\"witness-schedule-limit\":4}"]
[2026/07/25 02:40:34.352 +08:00] [INFO] [restore.go:1660] ["finish restoring pd scheduler"]
[2026/07/25 02:40:34.353 +08:00] [INFO] [client.go:236] ["Restore client closed"]
[2026/07/25 02:40:34.353 +08:00] [INFO] [collector.go:78] ["Table Restore success summary"] [total-ranges=7] [ranges-succeed=7] [ranges-failed=0] [merge-ranges=1.243833ms] [split-regions=8.493166ms] [restore-files=36.434177459s] [restore-pipeline=5.860125ms] [default-CF-files=3] [write-CF-files=4] [split-keys=1] [total-take=40.014785s] [restore-data-size(after-compressed)=37.14MB] [Size=37141815] [BackupTS=467905523978862594] [RestoreTS=467905647616983141] [total-kv=256000] [total-kv-size=74.62MB] [average-speed=1.865MB/s]
[2026/07/25 02:40:34.353 +08:00] [WARN] [heartbeat.go:101] ["heartbeat manager context done"] [restore_id=16000001] [error="context canceled"]
[2026/07/25 02:40:34.353 +08:00] [INFO] [heartbeat.go:114] ["stopped heartbeat manager"]
[2026/07/25 02:40:34.353 +08:00] [INFO] [registration.go:675] ["stopped heartbeat manager for restore task"]
[2026/07/25 02:40:34.357 +08:00] [INFO] [registration.go:481] ["unregistered restore task"] [restore_id=16000001]
[2026/07/25 02:40:34.357 +08:00] [INFO] [restore.go:1204] ["start to remove checkpoint data restore"]
[2026/07/25 02:40:34.372 +08:00] [INFO] [executor.go:7285] ["DDL job submitted"] [category=ddl] [job="ID:277, Type:drop table, State:queueing, SchemaState:public, SchemaID:266, TableID:268, RowCount:0, ArgLen:1, start time: 2026-07-25 02:40:34.337 +0800 CST, Err:<nil>, ErrCount:0, SnapshotVersion:0, Version: v2"] [query="DROP TABLE IF EXISTS `__TiDB_BR_Temporary_Snapshot_Restore_Checkpoint_16000001`.`cpt_data`;"]
[2026/07/25 02:40:34.384 +08:00] [INFO] [job_submitter.go:118] ["add DDL jobs"] [category=ddl] ["batch count"=1] [jobs="ID:277, Type:drop table, State:queueing, SchemaState:public, SchemaID:266, TableID:268, RowCount:0, ArgLen:1, start time: 2026-07-25 02:40:34.337 +0800 CST, Err:<nil>, ErrCount:0, SnapshotVersion:0, Version: v2; "] [fast_create=true]
[2026/07/25 02:40:34.395 +08:00] [INFO] [loader.go:216] ["diff load InfoSchema success"] [mode=auto] [isV2=true] [currVer=240] [neededVer=241] [gotVer=241] ["elapsed time"=640.042µs] [phyTblIDs="[268]"] [actionTypes="[4]"] [diffTypes="[\"drop table\"]"]
[2026/07/25 02:40:34.395 +08:00] [INFO] [syncer.go:258] ["session manager is nil"]
[2026/07/25 02:40:34.395 +08:00] [INFO] [syncer.go:281] ["mdl gets lock, update self version to owner"] [jobID=277] [version=241]
[2026/07/25 02:40:34.415 +08:00] [INFO] [loader.go:216] ["diff load InfoSchema success"] [mode=auto] [isV2=true] [currVer=241] [neededVer=242] [gotVer=242] ["elapsed time"=435.083µs] [phyTblIDs="[268]"] [actionTypes="[4]"] [diffTypes="[\"drop table\"]"]
[2026/07/25 02:40:34.416 +08:00] [INFO] [syncer.go:258] ["session manager is nil"]
[2026/07/25 02:40:34.416 +08:00] [INFO] [syncer.go:281] ["mdl gets lock, update self version to owner"] [jobID=277] [version=242]
[2026/07/25 02:40:34.434 +08:00] [INFO] [loader.go:216] ["diff load InfoSchema success"] [mode=auto] [isV2=true] [currVer=242] [neededVer=243] [gotVer=243] ["elapsed time"=308.458µs] [phyTblIDs="[268]"] [actionTypes="[4]"] [diffTypes="[\"drop table\"]"]
[2026/07/25 02:40:34.435 +08:00] [INFO] [syncer.go:258] ["session manager is nil"]
[2026/07/25 02:40:34.435 +08:00] [INFO] [syncer.go:281] ["mdl gets lock, update self version to owner"] [jobID=277] [version=243]
[2026/07/25 02:40:34.879 +08:00] [INFO] [executor.go:7423] ["DDL job is finished"] [category=ddl] [jobID=277]
[2026/07/25 02:40:34.879 +08:00] [INFO] [session.go:5229] ["CRUCIAL OPERATION"] [conn=0] [schemaVersion=243] [cur_db=] [sql="DROP TABLE IF EXISTS `__TiDB_BR_Temporary_Snapshot_Restore_Checkpoint_16000001`.`cpt_data`;"] [user=]
[2026/07/25 02:40:34.885 +08:00] [INFO] [executor.go:7285] ["DDL job submitted"] [category=ddl] [job="ID:278, Type:drop table, State:queueing, SchemaState:public, SchemaID:266, TableID:270, RowCount:0, ArgLen:1, start time: 2026-07-25 02:40:34.836 +0800 CST, Err:<nil>, ErrCount:0, SnapshotVersion:0, Version: v2"] [query="DROP TABLE IF EXISTS `__TiDB_BR_Temporary_Snapshot_Restore_Checkpoint_16000001`.`cpt_checksum`;"]
[2026/07/25 02:40:34.890 +08:00] [INFO] [job_submitter.go:118] ["add DDL jobs"] [category=ddl] ["batch count"=1] [jobs="ID:278, Type:drop table, State:queueing, SchemaState:public, SchemaID:266, TableID:270, RowCount:0, ArgLen:1, start time: 2026-07-25 02:40:34.836 +0800 CST, Err:<nil>, ErrCount:0, SnapshotVersion:0, Version: v2; "] [fast_create=true]
[2026/07/25 02:40:34.916 +08:00] [INFO] [loader.go:216] ["diff load InfoSchema success"] [mode=auto] [isV2=true] [currVer=243] [neededVer=244] [gotVer=244] ["elapsed time"=1.060375ms] [phyTblIDs="[270]"] [actionTypes="[4]"] [diffTypes="[\"drop table\"]"]
[2026/07/25 02:40:34.918 +08:00] [INFO] [syncer.go:258] ["session manager is nil"]
[2026/07/25 02:40:34.918 +08:00] [INFO] [syncer.go:281] ["mdl gets lock, update self version to owner"] [jobID=278] [version=244]
[2026/07/25 02:40:34.938 +08:00] [INFO] [loader.go:216] ["diff load InfoSchema success"] [mode=auto] [isV2=true] [currVer=244] [neededVer=245] [gotVer=245] ["elapsed time"=493.625µs] [phyTblIDs="[270]"] [actionTypes="[4]"] [diffTypes="[\"drop table\"]"]
[2026/07/25 02:40:34.939 +08:00] [INFO] [syncer.go:258] ["session manager is nil"]
[2026/07/25 02:40:34.940 +08:00] [INFO] [syncer.go:281] ["mdl gets lock, update self version to owner"] [jobID=278] [version=245]
[2026/07/25 02:40:34.962 +08:00] [INFO] [loader.go:216] ["diff load InfoSchema success"] [mode=auto] [isV2=true] [currVer=245] [neededVer=246] [gotVer=246] ["elapsed time"=363.167µs] [phyTblIDs="[270]"] [actionTypes="[4]"] [diffTypes="[\"drop table\"]"]
[2026/07/25 02:40:34.963 +08:00] [INFO] [syncer.go:258] ["session manager is nil"]
[2026/07/25 02:40:34.963 +08:00] [INFO] [syncer.go:281] ["mdl gets lock, update self version to owner"] [jobID=278] [version=246]
[2026/07/25 02:40:35.386 +08:00] [INFO] [executor.go:7423] ["DDL job is finished"] [category=ddl] [jobID=278]
[2026/07/25 02:40:35.387 +08:00] [INFO] [session.go:5229] ["CRUCIAL OPERATION"] [conn=0] [schemaVersion=246] [cur_db=] [sql="DROP TABLE IF EXISTS `__TiDB_BR_Temporary_Snapshot_Restore_Checkpoint_16000001`.`cpt_checksum`;"] [user=]
[2026/07/25 02:40:35.392 +08:00] [INFO] [executor.go:7285] ["DDL job submitted"] [category=ddl] [job="ID:279, Type:drop table, State:queueing, SchemaState:public, SchemaID:266, TableID:272, RowCount:0, ArgLen:1, start time: 2026-07-25 02:40:35.386 +0800 CST, Err:<nil>, ErrCount:0, SnapshotVersion:0, Version: v2"] [query="DROP TABLE IF EXISTS `__TiDB_BR_Temporary_Snapshot_Restore_Checkpoint_16000001`.`cpt_metadata`;"]
[2026/07/25 02:40:35.398 +08:00] [INFO] [job_submitter.go:118] ["add DDL jobs"] [category=ddl] ["batch count"=1] [jobs="ID:279, Type:drop table, State:queueing, SchemaState:public, SchemaID:266, TableID:272, RowCount:0, ArgLen:1, start time: 2026-07-25 02:40:35.386 +0800 CST, Err:<nil>, ErrCount:0, SnapshotVersion:0, Version: v2; "] [fast_create=true]
[2026/07/25 02:40:35.410 +08:00] [INFO] [loader.go:216] ["diff load InfoSchema success"] [mode=auto] [isV2=true] [currVer=246] [neededVer=247] [gotVer=247] ["elapsed time"=566.583µs] [phyTblIDs="[272]"] [actionTypes="[4]"] [diffTypes="[\"drop table\"]"]
[2026/07/25 02:40:35.411 +08:00] [INFO] [syncer.go:258] ["session manager is nil"]
[2026/07/25 02:40:35.411 +08:00] [INFO] [syncer.go:281] ["mdl gets lock, update self version to owner"] [jobID=279] [version=247]
[2026/07/25 02:40:35.438 +08:00] [INFO] [loader.go:216] ["diff load InfoSchema success"] [mode=auto] [isV2=true] [currVer=247] [neededVer=248] [gotVer=248] ["elapsed time"=448.209µs] [phyTblIDs="[272]"] [actionTypes="[4]"] [diffTypes="[\"drop table\"]"]
[2026/07/25 02:40:35.439 +08:00] [INFO] [syncer.go:258] ["session manager is nil"]
[2026/07/25 02:40:35.439 +08:00] [INFO] [syncer.go:281] ["mdl gets lock, update self version to owner"] [jobID=279] [version=248]
[2026/07/25 02:40:35.458 +08:00] [INFO] [loader.go:216] ["diff load InfoSchema success"] [mode=auto] [isV2=true] [currVer=248] [neededVer=249] [gotVer=249] ["elapsed time"=357.542µs] [phyTblIDs="[272]"] [actionTypes="[4]"] [diffTypes="[\"drop table\"]"]
[2026/07/25 02:40:35.459 +08:00] [INFO] [syncer.go:258] ["session manager is nil"]
[2026/07/25 02:40:35.459 +08:00] [INFO] [syncer.go:281] ["mdl gets lock, update self version to owner"] [jobID=279] [version=249]
[2026/07/25 02:40:35.895 +08:00] [INFO] [executor.go:7423] ["DDL job is finished"] [category=ddl] [jobID=279]
[2026/07/25 02:40:35.896 +08:00] [INFO] [session.go:5229] ["CRUCIAL OPERATION"] [conn=0] [schemaVersion=249] [cur_db=] [sql="DROP TABLE IF EXISTS `__TiDB_BR_Temporary_Snapshot_Restore_Checkpoint_16000001`.`cpt_metadata`;"] [user=]
[2026/07/25 02:40:35.896 +08:00] [INFO] [session.go:5229] ["CRUCIAL OPERATION"] [conn=0] [schemaVersion=249] [cur_db=] [sql="DROP TABLE IF EXISTS `__TiDB_BR_Temporary_Snapshot_Restore_Checkpoint_16000001`.`cpt_progress`;"] [user=]
[2026/07/25 02:40:35.897 +08:00] [INFO] [session.go:5229] ["CRUCIAL OPERATION"] [conn=0] [schemaVersion=249] [cur_db=] [sql="DROP TABLE IF EXISTS `__TiDB_BR_Temporary_Snapshot_Restore_Checkpoint_16000001`.`cpt_ingest`;"] [user=]
[2026/07/25 02:40:35.903 +08:00] [INFO] [executor.go:7285] ["DDL job submitted"] [category=ddl] [job="ID:280, Type:drop schema, State:queueing, SchemaState:public, SchemaID:266, TableID:0, RowCount:0, ArgLen:1, start time: 2026-07-25 02:40:35.892 +0800 CST, Err:<nil>, ErrCount:0, SnapshotVersion:0, Version: v2"] [query="DROP DATABASE `__TiDB_BR_Temporary_Snapshot_Restore_Checkpoint_16000001`;"]
[2026/07/25 02:40:35.908 +08:00] [INFO] [job_submitter.go:118] ["add DDL jobs"] [category=ddl] ["batch count"=1] [jobs="ID:280, Type:drop schema, State:queueing, SchemaState:public, SchemaID:266, TableID:0, RowCount:0, ArgLen:1, start time: 2026-07-25 02:40:35.892 +0800 CST, Err:<nil>, ErrCount:0, SnapshotVersion:0, Version: v2; "] [fast_create=true]
[2026/07/25 02:40:35.921 +08:00] [INFO] [loader.go:216] ["diff load InfoSchema success"] [mode=auto] [isV2=true] [currVer=249] [neededVer=250] [gotVer=250] ["elapsed time"=393.625µs] [phyTblIDs="[]"] [actionTypes="[]"] [diffTypes="[\"drop schema\"]"]
[2026/07/25 02:40:35.922 +08:00] [INFO] [syncer.go:258] ["session manager is nil"]
[2026/07/25 02:40:35.922 +08:00] [INFO] [syncer.go:281] ["mdl gets lock, update self version to owner"] [jobID=280] [version=250]
[2026/07/25 02:40:35.953 +08:00] [INFO] [infoschema_filter.go:32] ["skip load a schema diff due to configuration."] [type="drop schema"] [schema-id=266] [table-id=0] [old-schema-id=0] [version=251]
[2026/07/25 02:40:35.953 +08:00] [INFO] [loader.go:216] ["diff load InfoSchema success"] [mode=auto] [isV2=true] [currVer=250] [neededVer=251] [gotVer=251] ["elapsed time"=53.959µs] [phyTblIDs="[]"] [actionTypes="[]"] [diffTypes="[]"]
[2026/07/25 02:40:35.953 +08:00] [INFO] [syncer.go:258] ["session manager is nil"]
[2026/07/25 02:40:35.953 +08:00] [INFO] [syncer.go:281] ["mdl gets lock, update self version to owner"] [jobID=280] [version=251]
[2026/07/25 02:40:35.972 +08:00] [INFO] [infoschema_filter.go:32] ["skip load a schema diff due to configuration."] [type="drop schema"] [schema-id=266] [table-id=0] [old-schema-id=0] [version=252]
[2026/07/25 02:40:35.972 +08:00] [INFO] [loader.go:216] ["diff load InfoSchema success"] [mode=auto] [isV2=true] [currVer=251] [neededVer=252] [gotVer=252] ["elapsed time"=54.792µs] [phyTblIDs="[]"] [actionTypes="[]"] [diffTypes="[]"]
[2026/07/25 02:40:35.973 +08:00] [INFO] [syncer.go:258] ["session manager is nil"]
[2026/07/25 02:40:35.973 +08:00] [INFO] [syncer.go:281] ["mdl gets lock, update self version to owner"] [jobID=280] [version=252]
[2026/07/25 02:40:36.404 +08:00] [INFO] [executor.go:7423] ["DDL job is finished"] [category=ddl] [jobID=280]
[2026/07/25 02:40:36.405 +08:00] [INFO] [session.go:5229] ["CRUCIAL OPERATION"] [conn=0] [schemaVersion=252] [cur_db=] [sql="DROP DATABASE `__TiDB_BR_Temporary_Snapshot_Restore_Checkpoint_16000001`;"] [user=]
[2026/07/25 02:40:36.405 +08:00] [INFO] [restore.go:1226] ["all checkpoint data removed."]
[2026/07/25 02:40:36.405 +08:00] [INFO] [registration.go:239] ["closing registry"]
[2026/07/25 02:40:36.405 +08:00] [INFO] [registration.go:241] ["closing registry session"]
[2026/07/25 02:40:36.405 +08:00] [INFO] [registration.go:246] ["closing registry heartbeat session"]
[2026/07/25 02:40:36.405 +08:00] [INFO] [restore.go:963] ["Metric: import_file_seconds"] [metric="{lt_0.010000=0,lt_0.040000=0,lt_0.160000=0,lt_0.640000=0,lt_2.560000=0,lt_10.240000=0,lt_40.960000=1,lt_163.840000=1,lt_655.360000=1,lt_2621.440000=1,lt_10485.760000=1,lt_41943.040000=1,lt_167772.160000=1,lt_671088.640000=1,count=1,total=36.433884}"]
[2026/07/25 02:40:36.405 +08:00] [INFO] [restore.go:964] ["Metric: upload_sst_for_pitr_seconds"] [metric="{lt_0.005000=0,lt_0.010000=0,lt_0.025000=0,lt_0.050000=0,lt_0.100000=0,lt_0.250000=0,lt_0.500000=0,lt_1.000000=0,lt_2.500000=0,lt_5.000000=0,lt_10.000000=0,count=0,total=0}"]
[2026/07/25 02:40:36.405 +08:00] [INFO] [restore.go:965] ["Metric: upload_sst_meta_for_pitr_seconds"] [metric="{lt_0.010000=0,lt_0.020000=0,lt_0.040000=0,lt_0.080000=0,lt_0.160000=0,lt_0.320000=0,lt_0.640000=0,lt_1.280000=0,lt_2.560000=0,lt_5.120000=0,lt_10.240000=0,lt_20.480000=0,lt_40.960000=0,lt_81.920000=0,count=0,total=0}"]
[2026/07/25 02:40:36.410 +08:00] [INFO] [delete_range.go:162] ["closing delRange"] [category=ddl]
[2026/07/25 02:40:36.410 +08:00] [INFO] [session_pool.go:133] ["closing session pool"] [category=ddl]
[2026/07/25 02:40:36.411 +08:00] [INFO] [ddl.go:1157] ["DDL closed"] [category=ddl] [ID=371b012e-e2e0-40a1-8141-c37090c64edf] ["take time"=5.721167ms]
[2026/07/25 02:40:36.411 +08:00] [INFO] [ddl.go:848] ["stop DDL"] [category=ddl] [ID=371b012e-e2e0-40a1-8141-c37090c64edf]
[2026/07/25 02:40:36.411 +08:00] [INFO] [domain.go:2868] ["serverIDSession need restart"]
[2026/07/25 02:40:36.425 +08:00] [INFO] [domain.go:2733] ["releaseServerID succeed"] [serverID=1063] [leaseID=2463925935032967262]
[2026/07/25 02:40:36.425 +08:00] [INFO] [domain.go:2174] ["indexUsageWorker exited."]
[2026/07/25 02:40:36.425 +08:00] [INFO] [domain.go:979] ["closestReplicaReadCheckLoop exited."]
[2026/07/25 02:40:36.425 +08:00] [INFO] [wait_group_wrapper.go:150] ["background process exited"] [source=domain] [process=closestReplicaReadCheckLoop]
[2026/07/25 02:40:36.425 +08:00] [INFO] [wait_group_wrapper.go:150] ["background process exited"] [source=domain] [process=indexUsageWorker]
[2026/07/25 02:40:36.425 +08:00] [INFO] [syncer.go:288] ["server info sync loop exited."]
[2026/07/25 02:40:36.425 +08:00] [INFO] [wait_group_wrapper.go:150] ["background process exited"] [source=domain] [process=infoSyncerKeeper]
[2026/07/25 02:40:36.425 +08:00] [INFO] [wait_group_wrapper.go:150] ["background process exited"] [source=domain] [process=requestUnitsWriterLoop]
[2026/07/25 02:40:36.425 +08:00] [WARN] [meta_storage_client.go:165] ["watch stream closed"] [error="rpc error: code = Canceled desc = context canceled"]
[2026/07/25 02:40:36.425 +08:00] [INFO] [domain.go:2800] ["serverIDKeeper exited."]
[2026/07/25 02:40:36.425 +08:00] [INFO] [manager.go:241] ["runaway watch sync loop exit"]
[2026/07/25 02:40:36.425 +08:00] [INFO] [wait_group_wrapper.go:150] ["background process exited"] [source=domain] [process=runawayWatchSyncLoop]
[2026/07/25 02:40:36.425 +08:00] [INFO] [flusher.go:89] ["flushing remaining records before stop"] [name=runaway-record]
[2026/07/25 02:40:36.425 +08:00] [INFO] [flusher.go:91] ["stopped flusher"] [name=runaway-record]
[2026/07/25 02:40:36.425 +08:00] [INFO] [wait_group_wrapper.go:150] ["background process exited"] [source=domain] [process=mdlCheckLoop]
[2026/07/25 02:40:36.425 +08:00] [INFO] [syncer.go:304] ["info schema sync loop exited."]
[2026/07/25 02:40:36.425 +08:00] [INFO] [domain.go:419] ["globalConfigSyncerKeeper exited."]
[2026/07/25 02:40:36.425 +08:00] [INFO] [wait_group_wrapper.go:150] ["background process exited"] [source=domain] [process=globalConfigSyncerKeeper]
[2026/07/25 02:40:36.425 +08:00] [WARN] [meta_storage_client.go:165] ["watch stream closed"] [error="rpc error: code = Canceled desc = context canceled"]
[2026/07/25 02:40:36.425 +08:00] [INFO] [flusher.go:89] ["flushing remaining records before stop"] [name=quarantine-record]
[2026/07/25 02:40:36.425 +08:00] [INFO] [flusher.go:91] ["stopped flusher"] [name=quarantine-record]
[2026/07/25 02:40:36.425 +08:00] [INFO] [flusher.go:89] ["flushing remaining records before stop"] [name=stale-quarantine-record]
[2026/07/25 02:40:36.425 +08:00] [INFO] [wait_group_wrapper.go:150] ["background process exited"] [source=domain] [process=loadSchemaInLoop]
[2026/07/25 02:40:36.425 +08:00] [INFO] [domain.go:391] ["topNSlowQueryLoop exited."]
[2026/07/25 02:40:36.425 +08:00] [INFO] [wait_group_wrapper.go:150] ["background process exited"] [source=domain] [process=topNSlowQueryLoop]
[2026/07/25 02:40:36.425 +08:00] [INFO] [flusher.go:91] ["stopped flusher"] [name=stale-quarantine-record]
[2026/07/25 02:40:36.426 +08:00] [INFO] [manager.go:205] ["runaway record flush loop exit"]
[2026/07/25 02:40:36.426 +08:00] [INFO] [wait_group_wrapper.go:150] ["background process exited"] [source=domain] [process=runawayRecordFlushLoop]
[2026/07/25 02:40:36.430 +08:00] [INFO] [manager.go:399] ["campaign and watch failed"] [key=/tidb/stats/owner] [id=371b012e-e2e0-40a1-8141-c37090c64edf] [error="context canceled"]
[2026/07/25 02:40:36.430 +08:00] [INFO] [manager.go:366] ["etcd session done, refresh it"] [key=/tidb/stats/owner] [id=371b012e-e2e0-40a1-8141-c37090c64edf]
[2026/07/25 02:40:36.430 +08:00] [INFO] [manager.go:431] ["etcd session close failed"] [key=/tidb/stats/owner] [id=371b012e-e2e0-40a1-8141-c37090c64edf] [error="context canceled"]
[2026/07/25 02:40:36.430 +08:00] [INFO] [manager.go:368] ["break campaign loop, refresh session failed"] [key=/tidb/stats/owner] [id=371b012e-e2e0-40a1-8141-c37090c64edf] [error="context canceled"] [errorVerbose="context canceled\ngithub.com/pingcap/errors.Trace\n\t/Users/pingcap/go/pkg/mod/github.com/pingcap/errors@v0.11.5-0.20260508054701-306e305bcf41/juju_adaptor.go:15\ngithub.com/pingcap/tidb/pkg/util.contextDone\n\t/Users/pingcap/workspace/bp-tidb-release-darwin-arm64-npwgw-build-binaries/source/tidb/pkg/util/etcd.go:91\ngithub.com/pingcap/tidb/pkg/util.NewSession\n\t/Users/pingcap/workspace/bp-tidb-release-darwin-arm64-npwgw-build-binaries/source/tidb/pkg/util/etcd.go:51\ngithub.com/pingcap/tidb/pkg/owner.(*ownerManager).refreshSession\n\t/Users/pingcap/workspace/bp-tidb-release-darwin-arm64-npwgw-build-binaries/source/tidb/pkg/owner/manager.go:446\ngithub.com/pingcap/tidb/pkg/owner.(*ownerManager).campaignLoop\n\t/Users/pingcap/workspace/bp-tidb-release-darwin-arm64-npwgw-build-binaries/source/tidb/pkg/owner/manager.go:367\nruntime.goexit\n\t/Users/pingcap/go/pkg/mod/golang.org/toolchain@v0.0.1-go1.25.10.darwin-arm64/src/runtime/asm_arm64.s:1268"]
[2026/07/25 02:40:36.430 +08:00] [INFO] [wait_group_wrapper.go:150] ["background process exited"] [source=domain] [process=quitStatsOwner]
[2026/07/25 02:40:36.444 +08:00] [INFO] [domain.go:550] ["domain closed"] ["take time"=38.711875ms]
[2026/07/25 02:40:36.445 +08:00] [INFO] [client.go:356] ["[pd] http client closed"] [source=tikv-driver]
[2026/07/25 02:40:36.445 +08:00] [INFO] [router_service_discovery.go:273] ["[router service] exit check member loop"]
[2026/07/25 02:40:36.445 +08:00] [INFO] [watcher.go:73] ["[pd] exit the deadline watcher"] [source=tso]
[2026/07/25 02:40:36.445 +08:00] [INFO] [dispatcher.go:207] ["[tso] stop fetching the pending tso requests due to context canceled"]
[2026/07/25 02:40:36.445 +08:00] [INFO] [client.go:277] ["[tso] exit tso connection contexts updater"]
[2026/07/25 02:40:36.445 +08:00] [INFO] [dispatcher.go:149] ["[tso] exit tso dispatcher"]
[2026/07/25 02:40:36.445 +08:00] [INFO] [inner_client.go:96] ["[pd] exit router client initializer"]
[2026/07/25 02:40:36.445 +08:00] [INFO] [router_service_discovery.go:315] ["[router service] exit health check member loop"]
[2026/07/25 02:40:36.445 +08:00] [INFO] [resource_manager_client.go:341] ["[resource manager] exit resource token dispatcher"]
[2026/07/25 02:40:36.445 +08:00] [INFO] [service_discovery.go:562] ["[pd] exit member loop due to context canceled"]
[2026/07/25 02:40:36.445 +08:00] [INFO] [router_service_discovery.go:287] ["[router service] closing router service discovery"]
[2026/07/25 02:40:36.445 +08:00] [INFO] [router_service_discovery.go:303] ["[router service] is closed"]
[2026/07/25 02:40:36.445 +08:00] [INFO] [client.go:155] ["[tso] closing tso client"]
[2026/07/25 02:40:36.445 +08:00] [INFO] [stream.go:366] ["tsoStream.recvLoop ended"] [stream=127.0.0.1:2379-2] [error="rpc error: code = Canceled desc = context canceled"] [errorVerbose="rpc error: code = Canceled desc = context canceled\ngithub.com/tikv/pd/client/clients/tso.(*tsoStream).recvLoop\n\t/Users/pingcap/go/pkg/mod/github.com/tikv/pd/client@v0.0.0-20260708075407-4e05b9d2c2d3/clients/tso/stream.go:434\nruntime.goexit\n\t/Users/pingcap/go/pkg/mod/golang.org/toolchain@v0.0.1-go1.25.10.darwin-arm64/src/runtime/asm_arm64.s:1268"]
[2026/07/25 02:40:36.445 +08:00] [INFO] [client.go:160] ["[tso] close tso client"]
[2026/07/25 02:40:36.445 +08:00] [INFO] [client.go:162] ["[tso] tso client is closed"]
[2026/07/25 02:40:36.445 +08:00] [INFO] [service_discovery.go:653] ["[pd] close service discovery client"]
[2026/07/25 02:40:36.446 +08:00] [INFO] [inner_client.go:275] ["[pd] close client successfully"]
[2026/07/25 02:40:36.446 +08:00] [INFO] [router_service_discovery.go:273] ["[router service] exit check member loop"]
[2026/07/25 02:40:36.446 +08:00] [INFO] [client.go:430] ["[router] connection daemon is exiting"]
[2026/07/25 02:40:36.446 +08:00] [INFO] [watcher.go:73] ["[pd] exit the deadline watcher"] [source=tso]
[2026/07/25 02:40:36.446 +08:00] [INFO] [inner_client.go:96] ["[pd] exit router client initializer"]
[2026/07/25 02:40:36.446 +08:00] [INFO] [client.go:606] ["[router] stop fetching the pending router requests due to context canceled"]
[2026/07/25 02:40:36.446 +08:00] [INFO] [client.go:587] ["[router] dispatcher is exiting"]
[2026/07/25 02:40:36.446 +08:00] [INFO] [client.go:592] ["[router] dispatcher exited"]
[2026/07/25 02:40:36.446 +08:00] [INFO] [dispatcher.go:207] ["[tso] stop fetching the pending tso requests due to context canceled"]
[2026/07/25 02:40:36.446 +08:00] [INFO] [dispatcher.go:149] ["[tso] exit tso dispatcher"]
[2026/07/25 02:40:36.446 +08:00] [INFO] [client.go:277] ["[tso] exit tso connection contexts updater"]
[2026/07/25 02:40:36.446 +08:00] [INFO] [service_discovery.go:562] ["[pd] exit member loop due to context canceled"]
[2026/07/25 02:40:36.446 +08:00] [INFO] [stream.go:366] ["tsoStream.recvLoop ended"] [stream=127.0.0.1:2379-1] [error="rpc error: code = Canceled desc = context canceled"] [errorVerbose="rpc error: code = Canceled desc = context canceled\ngithub.com/tikv/pd/client/clients/tso.(*tsoStream).recvLoop\n\t/Users/pingcap/go/pkg/mod/github.com/tikv/pd/client@v0.0.0-20260708075407-4e05b9d2c2d3/clients/tso/stream.go:434\nruntime.goexit\n\t/Users/pingcap/go/pkg/mod/golang.org/toolchain@v0.0.1-go1.25.10.darwin-arm64/src/runtime/asm_arm64.s:1268"]
[2026/07/25 02:40:36.446 +08:00] [INFO] [resource_manager_client.go:341] ["[resource manager] exit resource token dispatcher"]
[2026/07/25 02:40:36.446 +08:00] [INFO] [router_service_discovery.go:287] ["[router service] closing router service discovery"]
[2026/07/25 02:40:36.446 +08:00] [INFO] [router_service_discovery.go:315] ["[router service] exit health check member loop"]
[2026/07/25 02:40:36.446 +08:00] [INFO] [router_service_discovery.go:303] ["[router service] is closed"]
[2026/07/25 02:40:36.446 +08:00] [INFO] [client.go:155] ["[tso] closing tso client"]
[2026/07/25 02:40:36.446 +08:00] [INFO] [client.go:160] ["[tso] close tso client"]
[2026/07/25 02:40:36.446 +08:00] [INFO] [client.go:162] ["[tso] tso client is closed"]
[2026/07/25 02:40:36.446 +08:00] [INFO] [service_discovery.go:653] ["[pd] close service discovery client"]
[2026/07/25 02:40:36.446 +08:00] [INFO] [inner_client.go:275] ["[pd] close client successfully"]
[2026/07/25 02:40:36.446 +08:00] [INFO] [client.go:356] ["[pd] http client closed"] [source="br/lightning PD controller"]
