[2026/07/25 09:49:53.780 +08:00] [INFO] [meminfo.go:196] ["use physical memory hook"] [cgroupMemorySize=0] [physicalMemorySize=38654705664]
[2026/07/25 09:49:53.781 +08:00] [INFO] [cmd.go:197] ["calculate the rest memory"] [memtotal=38654705664] [memused=30342053888] [memlimit=7775780864]
[2026/07/25 09:49:53.781 +08:00] [INFO] [memory_monitor.go:62] ["Memory monitor starting"] [dump_dir=/tmp/br_heap_dumps] [using_temp_dir=false] [memory_usage_alarm_ratio=0.8] [memory_limit_mb=7415]
[2026/07/25 09:49:53.782 +08:00] [INFO] [info.go:54] ["Welcome to Backup & Restore (BR)"] [release-version=v9.0.0-beta.2.pre-2019-ga942e4684f] [git-hash=a942e4684f4346e8f3b1b4985dfbba38ae6305e2] [git-branch=HEAD] [go-version=go1.25.10] [utc-build-time="2026-07-24 03:50:15"] [race-enabled=false] [for-next-gen?=false]
[2026/07/25 09:49:53.784 +08:00] [INFO] [common.go:991] [arguments] [__command="br restore table"] [checksum=true] [db=ai_br_fk_partial_20260725] [log-file=/tmp/ai-br-fk-partial-restore-red2.log] [pd="[127.0.0.1:2379]"] [storage=local:///tmp/ai-br-fk-partial-20260725] [table=c]
[2026/07/25 09:49:53.788 +08:00] [INFO] [context.go:73] ["BR operation started"] [operation_id=55bf6178-2998-4552-99f2-6bc322643e4a] [operation_started_at=2026/07/25 09:49:53.788 +08:00] [host=wj.local] [pid=17648] [command="Table Restore"]
[2026/07/25 09:49:53.789 +08:00] [INFO] [common.go:199] ["trying to connect to etcd"] [addr="[127.0.0.1:2379]"]
[2026/07/25 09:49:53.814 +08:00] [INFO] [conn.go:169] ["new mgr"] [pdAddrs="[127.0.0.1:2379]"]
[2026/07/25 09:49:53.821 +08:00] [INFO] [service_discovery.go:1030] ["[pd] switch leader"] [new-leader=http://127.0.0.1:2379] [old-leader=]
[2026/07/25 09:49:53.821 +08:00] [INFO] [service_discovery.go:509] ["[pd] init cluster id"] [cluster-id=7666169322391198283]
[2026/07/25 09:49:53.822 +08:00] [INFO] [client.go:214] ["[tso] switch the tso leader serving url"] [new-url=http://127.0.0.1:2379]
[2026/07/25 09:49:53.822 +08:00] [INFO] [watcher.go:56] ["[pd] start the deadline watcher"] [source=tso]
[2026/07/25 09:49:53.822 +08:00] [INFO] [inner_client.go:173] ["[pd] tso provider changed to pd"]
[2026/07/25 09:49:53.822 +08:00] [INFO] [client.go:251] ["[tso] start tso connection contexts updater"]
[2026/07/25 09:49:53.822 +08:00] [INFO] [inner_client.go:154] ["[pd] service mode changed"] [new-mode=PD_SVC_MODE]
[2026/07/25 09:49:53.823 +08:00] [INFO] [router_service_discovery.go:162] ["[router service] created router service discovery"] [cluster-id=7666169322391198283] [keyspace-id=4294967295] [default-discovery-key=/ms/7666169322391198283/router/registry/]
[2026/07/25 09:49:53.823 +08:00] [INFO] [router_service_discovery.go:174] ["[router service] initializing router service discovery"] [max-retry-times=100] [retry-interval=1s]
[2026/07/25 09:49:53.823 +08:00] [INFO] [dispatcher.go:146] ["[tso] tso dispatcher created"]
[2026/07/25 09:49:53.823 +08:00] [INFO] [dispatcher.go:598] ["[tso] switching tso rpc concurrency"] [old=0] [new=1]
[2026/07/25 09:49:53.824 +08:00] [INFO] [router_service_discovery.go:260] ["[router service] update member sorted urls"] [new-sorted-urls="[]"]
[2026/07/25 09:49:53.824 +08:00] [INFO] [router_service_discovery.go:245] ["[router service] updating nodes succeeded"] [urls="[]"] [clients-length=0]
[2026/07/25 09:49:53.824 +08:00] [INFO] [inner_client.go:91] ["[pd] start router client initializer"]
[2026/07/25 09:49:53.824 +08:00] [INFO] [client.go:585] ["[router] dispatcher is started"]
[2026/07/25 09:49:53.824 +08:00] [INFO] [client.go:424] ["[router] connection daemon is started"]
[2026/07/25 09:49:53.824 +08:00] [INFO] [client.go:509] ["[router] successfully established the leader router stream connection"] [url=http://127.0.0.1:2379]
[2026/07/25 09:49:53.829 +08:00] [INFO] [conn.go:142] ["checked alive KV stores"] [aliveStores=1] [totalStores=1]
[2026/07/25 09:49:53.830 +08:00] [INFO] [service_discovery.go:1030] ["[pd] switch leader"] [new-leader=http://127.0.0.1:2379] [old-leader=]
[2026/07/25 09:49:53.831 +08:00] [INFO] [service_discovery.go:509] ["[pd] init cluster id"] [cluster-id=7666169322391198283]
[2026/07/25 09:49:53.831 +08:00] [INFO] [client.go:214] ["[tso] switch the tso leader serving url"] [new-url=http://127.0.0.1:2379]
[2026/07/25 09:49:53.831 +08:00] [INFO] [inner_client.go:173] ["[pd] tso provider changed to pd"]
[2026/07/25 09:49:53.831 +08:00] [INFO] [watcher.go:56] ["[pd] start the deadline watcher"] [source=tso]
[2026/07/25 09:49:53.831 +08:00] [INFO] [dispatcher.go:146] ["[tso] tso dispatcher created"]
[2026/07/25 09:49:53.831 +08:00] [INFO] [client.go:251] ["[tso] start tso connection contexts updater"]
[2026/07/25 09:49:53.831 +08:00] [INFO] [dispatcher.go:598] ["[tso] switching tso rpc concurrency"] [old=0] [new=1]
[2026/07/25 09:49:53.831 +08:00] [INFO] [inner_client.go:154] ["[pd] service mode changed"] [new-mode=PD_SVC_MODE]
[2026/07/25 09:49:53.834 +08:00] [INFO] [router_service_discovery.go:162] ["[router service] created router service discovery"] [cluster-id=7666169322391198283] [keyspace-id=4294967295] [default-discovery-key=/ms/7666169322391198283/router/registry/]
[2026/07/25 09:49:53.834 +08:00] [INFO] [router_service_discovery.go:174] ["[router service] initializing router service discovery"] [max-retry-times=100] [retry-interval=1s]
[2026/07/25 09:49:53.834 +08:00] [INFO] [router_service_discovery.go:260] ["[router service] update member sorted urls"] [new-sorted-urls="[]"]
[2026/07/25 09:49:53.834 +08:00] [INFO] [router_service_discovery.go:245] ["[router service] updating nodes succeeded"] [urls="[]"] [clients-length=0]
[2026/07/25 09:49:53.835 +08:00] [INFO] [client.go:424] ["[router] connection daemon is started"]
[2026/07/25 09:49:53.835 +08:00] [INFO] [inner_client.go:91] ["[pd] start router client initializer"]
[2026/07/25 09:49:53.835 +08:00] [INFO] [client.go:509] ["[router] successfully established the leader router stream connection"] [url=http://127.0.0.1:2379]
[2026/07/25 09:49:53.835 +08:00] [INFO] [client.go:585] ["[router] dispatcher is started"]
[2026/07/25 09:49:53.835 +08:00] [INFO] [tikv_driver.go:194] ["using API V1."]
[2026/07/25 09:49:53.835 +08:00] [INFO] [metamanager.go:146] ["return meta service group info"] [meta-service-info="{\"PDAddrs\":[\"127.0.0.1:2379\"],\"Group\":{\"GroupID\":\"0\",\"Addrs\":[\"127.0.0.1:2379\"]}}"]
[2026/07/25 09:49:53.839 +08:00] [INFO] [tidb.go:103] ["new domain"] [store=tikv-7666169322391198283/] ["ddl lease"=45s] ["stats lease"=-1ns]
[2026/07/25 09:49:53.871 +08:00] [INFO] [info.go:279] ["init TiFlashReplicaManager"]
[2026/07/25 09:49:53.900 +08:00] [INFO] [domain.go:2708] [acquireServerID] [serverID=725] ["lease id"=22319f95e12916de]
[2026/07/25 09:49:53.906 +08:00] [INFO] [global_controller.go:219] ["load resource controller config"] [config="{\"degraded-mode-wait-duration\":\"0s\",\"ltb-max-wait-duration\":\"30s\",\"ltb-token-rpc-max-delay\":\"1s\",\"request-unit\":{\"read-base-cost\":0.125,\"read-per-batch-base-cost\":0.5,\"read-cost-per-byte\":0.0000152587890625,\"write-base-cost\":1,\"write-per-batch-base-cost\":1,\"write-cost-per-byte\":0.0009765625,\"read-cpu-ms-cost\":0.3333333333333333},\"enable-controller-trace-log\":\"false\",\"token-rpc-params\":{\"wait-retry-interval\":\"50ms\",\"wait-retry-times\":20}}"] [ru-config="{\"ReadBaseCost\":0.125,\"ReadPerBatchBaseCost\":0.5,\"ReadBytesCost\":0.0000152587890625,\"WriteBaseCost\":1,\"WritePerBatchBaseCost\":1,\"WriteBytesCost\":0.0009765625,\"CPUMsCost\":0.3333333333333333,\"LTBMaxWaitDuration\":30000000000,\"WaitRetryInterval\":50000000,\"WaitRetryTimes\":20,\"DegradedModeWaitDuration\":0}"] [keyspace-id=4294967295]
[2026/07/25 09:49:53.910 +08:00] [INFO] [store_cache.go:572] ["change store resolve state"] [store=1] [addr=127.0.0.1:20160] [from=unresolved] [to=resolved] [liveness-state=reachable]
[2026/07/25 09:49:53.927 +08:00] [INFO] [loader.go:281] ["full load InfoSchema success"] [mode=auto] [isV2=true] [currentSchemaVersion=0] [neededSchemaVersion=1495] ["elapsed time"=9.295875ms]
[2026/07/25 09:49:53.932 +08:00] [INFO] [syncer.go:456] ["full load and reset schema validator"]
[2026/07/25 09:49:53.932 +08:00] [INFO] [ddl.go:1068] ["change job version in use"] [category=ddl] [old=v1] [new=v2]
[2026/07/25 09:49:53.933 +08:00] [INFO] [ddl.go:1074] ["change global index V1 support"] [category=ddl] [old=false] [new=true]
[2026/07/25 09:49:53.933 +08:00] [INFO] [ddl.go:881] ["start DDL"] [category=ddl] [ID=c71f9f0c-6a87-47ac-8965-ac5c049eaca7] [runWorker=false] [jobVersion=v2] [startMode=br]
[2026/07/25 09:49:53.933 +08:00] [INFO] [ddl.go:856] ["start delRangeManager OK"] [category=ddl] ["is a emulator"=false]
[2026/07/25 09:49:53.949 +08:00] [INFO] [env.go:123] ["the ingest sorted directory"] [category=ddl-ingest] ["data path"=/tmp/tidb/tmp_ddl-4000]
[2026/07/25 09:49:53.949 +08:00] [WARN] [env.go:84] ["ingest backfill may not be available"] [category=ddl-ingest] [error="the available disk space(8952885248) in /tmp/tidb/tmp_ddl-4000 should be greater than @@tidb_ddl_disk_quota(107374182400)"] [errorVerbose="the available disk space(8952885248) in /tmp/tidb/tmp_ddl-4000 should be greater than @@tidb_ddl_disk_quota(107374182400)\ngithub.com/pingcap/tidb/pkg/ddl/ingest.(*diskRootImpl).StartupCheck\n\t/Users/pingcap/workspace/bp-tidb-release-darwin-arm64-npwgw-build-binaries/source/tidb/pkg/ddl/ingest/disk_root.go:191\ngithub.com/pingcap/tidb/pkg/ddl/ingest.InitGlobalLightningEnv\n\t/Users/pingcap/workspace/bp-tidb-release-darwin-arm64-npwgw-build-binaries/source/tidb/pkg/ddl/ingest/env.go:82\ngithub.com/pingcap/tidb/pkg/ddl.(*ddl).Start\n\t/Users/pingcap/workspace/bp-tidb-release-darwin-arm64-npwgw-build-binaries/source/tidb/pkg/ddl/ddl.go:942\ngithub.com/pingcap/tidb/pkg/domain.(*Domain).Start\n\t/Users/pingcap/workspace/bp-tidb-release-darwin-arm64-npwgw-build-binaries/source/tidb/pkg/domain/domain.go:809\ngithub.com/pingcap/tidb/br/pkg/gluetidb.Glue.startDomainAsNeeded\n\t/Users/pingcap/workspace/bp-tidb-release-darwin-arm64-npwgw-build-binaries/source/tidb/br/pkg/gluetidb/glue.go:150\ngithub.com/pingcap/tidb/br/pkg/gluetidb.Glue.GetDomain\n\t/Users/pingcap/workspace/bp-tidb-release-darwin-arm64-npwgw-build-binaries/source/tidb/br/pkg/gluetidb/glue.go:102\ngithub.com/pingcap/tidb/br/pkg/conn.NewMgr\n\t/Users/pingcap/workspace/bp-tidb-release-darwin-arm64-npwgw-build-binaries/source/tidb/br/pkg/conn/conn.go:219\ngithub.com/pingcap/tidb/br/pkg/task.NewMgr\n\t/Users/pingcap/workspace/bp-tidb-release-darwin-arm64-npwgw-build-binaries/source/tidb/br/pkg/task/common.go:874\ngithub.com/pingcap/tidb/br/pkg/task.RunRestore\n\t/Users/pingcap/workspace/bp-tidb-release-darwin-arm64-npwgw-build-binaries/source/tidb/br/pkg/task/restore.go:1019\nmain.runRestoreCommand\n\t/Users/pingcap/workspace/bp-tidb-release-darwin-arm64-npwgw-build-binaries/source/tidb/br/cmd/br/restore.go:92\nmain.newTableRestoreCommand.func1\n\t/Users/pingcap/workspace/bp-tidb-release-darwin-arm64-npwgw-build-binaries/source/tidb/br/cmd/br/restore.go:226\ngithub.com/spf13/cobra.(*Command).execute\n\t/Users/pingcap/go/pkg/mod/github.com/spf13/cobra@v1.10.2/command.go:1015\ngithub.com/spf13/cobra.(*Command).ExecuteC\n\t/Users/pingcap/go/pkg/mod/github.com/spf13/cobra@v1.10.2/command.go:1148\ngithub.com/spf13/cobra.(*Command).Execute\n\t/Users/pingcap/go/pkg/mod/github.com/spf13/cobra@v1.10.2/command.go:1071\nmain.main\n\t/Users/pingcap/workspace/bp-tidb-release-darwin-arm64-npwgw-build-binaries/source/tidb/br/cmd/br/main.go:42\nruntime.main\n\t/Users/pingcap/go/pkg/mod/golang.org/toolchain@v0.0.1-go1.25.10.darwin-arm64/src/runtime/proc.go:285\nruntime.goexit\n\t/Users/pingcap/go/pkg/mod/golang.org/toolchain@v0.0.1-go1.25.10.darwin-arm64/src/runtime/asm_arm64.s:1268"]
[2026/07/25 09:49:53.950 +08:00] [INFO] [env.go:88] ["init global ingest backend environment finished"] [category=ddl-ingest] ["memory limitation"=19327352832] ["disk usage info"="disk usage: 985709699072/994662584320, backend usage: 0"] ["max open file number"=138240] ["lightning is initialized"=true]
[2026/07/25 09:49:53.950 +08:00] [INFO] [wait_group_wrapper.go:141] ["background process started"] [source=domain] [process=loadSchemaInLoop]
[2026/07/25 09:49:53.950 +08:00] [INFO] [wait_group_wrapper.go:141] ["background process started"] [source=domain] [process=mdlCheckLoop]
[2026/07/25 09:49:53.950 +08:00] [INFO] [wait_group_wrapper.go:141] ["background process started"] [source=domain] [process=topNSlowQueryLoop]
[2026/07/25 09:49:53.950 +08:00] [INFO] [wait_group_wrapper.go:141] ["background process started"] [source=domain] [process=infoSyncerKeeper]
[2026/07/25 09:49:53.950 +08:00] [INFO] [wait_group_wrapper.go:141] ["background process started"] [source=domain] [process=globalConfigSyncerKeeper]
[2026/07/25 09:49:53.950 +08:00] [INFO] [wait_group_wrapper.go:141] ["background process started"] [source=domain] [process=runawayRecordFlushLoop]
[2026/07/25 09:49:53.950 +08:00] [INFO] [wait_group_wrapper.go:141] ["background process started"] [source=domain] [process=runawayWatchSyncLoop]
[2026/07/25 09:49:53.950 +08:00] [INFO] [wait_group_wrapper.go:141] ["background process started"] [source=domain] [process=requestUnitsWriterLoop]
[2026/07/25 09:49:53.950 +08:00] [INFO] [wait_group_wrapper.go:141] ["background process started"] [source=domain] [process=closestReplicaReadCheckLoop]
[2026/07/25 09:49:53.954 +08:00] [INFO] [manager.go:289] ["start campaign owner"] [key=/tidb/stats/owner] [id=c71f9f0c-6a87-47ac-8965-ac5c049eaca7]
[2026/07/25 09:49:53.958 +08:00] [INFO] [wait_group_wrapper.go:141] ["background process started"] [source=domain] [process=indexUsageWorker]
[2026/07/25 09:49:53.958 +08:00] [INFO] [wait_group_wrapper.go:141] ["background process started"] [source=domain] [process=quitStatsOwner]
[2026/07/25 09:49:53.959 +08:00] [WARN] [sysvar_cache.go:53] ["sysvar cache is empty, triggering rebuild"]
[2026/07/25 09:49:53.974 +08:00] [WARN] [global_controller.go:850] ["[resource group controller] resource group name does not exist"] [name=default]
[2026/07/25 09:49:53.974 +08:00] [INFO] [sysvar.go:3400] ["set resource control"] [enable=true]
[2026/07/25 09:49:53.975 +08:00] [INFO] [inner_client.go:103] ["[pd] notified to disable the router client"]
[2026/07/25 09:49:53.975 +08:00] [INFO] [client.go:434] ["[router] follower handle status changed"] [enable=true]
[2026/07/25 09:49:53.975 +08:00] [INFO] [client.go:325] ["[router] closing router client"]
[2026/07/25 09:49:53.975 +08:00] [INFO] [client.go:606] ["[router] stop fetching the pending router requests due to context canceled"]
[2026/07/25 09:49:53.975 +08:00] [INFO] [client.go:587] ["[router] dispatcher is exiting"]
[2026/07/25 09:49:53.975 +08:00] [INFO] [client.go:592] ["[router] dispatcher exited"]
[2026/07/25 09:49:53.975 +08:00] [INFO] [client.go:430] ["[router] connection daemon is exiting"]
[2026/07/25 09:49:53.975 +08:00] [INFO] [client.go:330] ["[router] router client is closed"]
[2026/07/25 09:49:53.976 +08:00] [INFO] [client.go:434] ["[router] follower handle status changed"] [enable=true]
[2026/07/25 09:49:53.976 +08:00] [INFO] [pd.go:880] ["set follower handle"] [enable=true]
[2026/07/25 09:49:53.976 +08:00] [INFO] [glue.go:196] ["one shot session closed"]
[2026/07/25 09:49:53.977 +08:00] [INFO] [restore.go:1307] ["starting snapshot restore"]
[2026/07/25 09:49:53.978 +08:00] [INFO] [restore.go:1378] ["Checking incompatible TiCDC changefeeds before restoring."] [restore-ts=467912397630210049]
[2026/07/25 09:49:53.980 +08:00] [INFO] [global_controller.go:586] ["[resource group controller] create resource group cost controller"] [name=default]
[2026/07/25 09:49:53.981 +08:00] [INFO] [restore.go:862] ["set new_collation_enabled"] [new_collation_enabled=true]
[2026/07/25 09:49:53.981 +08:00] [INFO] [client.go:308] ["per-store download worker pool"] [size=64]
[2026/07/25 09:49:53.982 +08:00] [INFO] [client.go:314] ["region scan request concurrency"] [size=256]
[2026/07/25 09:49:53.982 +08:00] [INFO] [client.go:325] ["split region index step"] [step=128]
[2026/07/25 09:49:53.982 +08:00] [INFO] [client.go:336] ["coarse scatter"] [enabled=false]
[2026/07/25 09:49:53.982 +08:00] [INFO] [client.go:385] ["set placement policy mode"] [mode=STRICT]
[2026/07/25 09:49:54.001 +08:00] [INFO] [registration.go:701] ["no existing tasks found with same parameters"] [restored_ts=0]
[2026/07/25 09:49:54.001 +08:00] [INFO] [registration.go:308] ["attempting to resume or create registration"] [filter_strings=`ai_br_fk_partial_20260725`.`c`] [start_ts=0] [restored_ts=0] [upstream_cluster_id=7666169322391198283] [with_sys_table=true] [cmd="Table Restore"] [is_restored_ts_user_specified=false]
[2026/07/25 09:49:54.011 +08:00] [INFO] [registration.go:395] ["successfully created new registration"] [restore_id=12055959] [filters="[`ai_br_fk_partial_20260725`.`c`]"]
[2026/07/25 09:49:54.015 +08:00] [INFO] [context.go:123] ["BR operation hint field resolved"] [operation_id=55bf6178-2998-4552-99f2-6bc322643e4a] [operation_started_at=2026/07/25 09:49:53.788 +08:00] [hint_key=restore_id] [hint_value=12055959]
[2026/07/25 09:49:54.015 +08:00] [INFO] [stream.go:2516] ["registered restore task"] [restoreID=12055959] [cmdName="Table Restore"]
[2026/07/25 09:49:54.015 +08:00] [INFO] [registration.go:667] ["started heartbeat manager for restore task"] [restore_id=12055959]
[2026/07/25 09:49:54.017 +08:00] [INFO] [client.go:903] ["loaded backup meta"] [databases=1] [jobs=0]
[2026/07/25 09:49:54.017 +08:00] [INFO] [client.go:302] ["download coarse worker pool"] [size=2048]
[2026/07/25 09:49:54.018 +08:00] [INFO] [client.go:1494] ["mark full cluster restore"] [value=false]
[2026/07/25 09:49:54.018 +08:00] [WARN] [restore.go:1445] ["Cannot set --fast-load-sys-tables when it is not full restore. Fallback to logically load stats."]
[2026/07/25 09:49:54.018 +08:00] [WARN] [restore.go:1449] ["Cannot set --fast-load-sys-tables when it is not full restore. Fallback to logically load system tables."]
[2026/07/25 09:49:54.019 +08:00] [INFO] [restore.go:383] ["hash of restore config"] [hash=16b3c6e1161c28412ae4a87707a39cb9a3c26967f131060d47697590062d954f] [config="{\"CmdName\":\"Table Restore\",\"UpstreamClusterID\":7666169322391198283,\"Storage\":\"local:///tmp/ai-br-fk-partial-20260725\",\"ExplictFilter\":false,\"FilterStr\":[\"`ai_br_fk_partial_20260725`.`c`\"],\"WithSysTable\":true,\"FastLoadSysTables\":true,\"LoadStats\":true}"]
[2026/07/25 09:49:54.019 +08:00] [INFO] [restore.go:1471] ["checkpoint status in restore"] [enabled=true] [exists=false]
[2026/07/25 09:49:54.019 +08:00] [INFO] [restore.go:1481] ["found items to restore after filtering"] [tables=1] [db=1]
[2026/07/25 09:49:54.019 +08:00] [INFO] [restore.go:1576] ["checking ongoing conflicting restore task using restore registry"] [tables_count=1] [current_restore_id=12055959]
[2026/07/25 09:49:54.021 +08:00] [INFO] [registration.go:555] ["found zero existing registered tasks"]
[2026/07/25 09:49:54.021 +08:00] [INFO] [restore.go:1990] ["estimate tikv usage"] ["total size"=3683] [replicaCnt=1] ["store count"=1]
[2026/07/25 09:49:54.021 +08:00] [INFO] [restore.go:2058] ["preserved disk space"] [tikv=4051] [tiflash=0]
[2026/07/25 09:49:54.022 +08:00] [INFO] [client.go:463] ["registering the table IDs"] [ids="ID:[1252,1253)"]
[2026/07/25 09:49:54.022 +08:00] [INFO] [import_mode_switcher.go:212] ["switch to import mode for offline restore"]
[2026/07/25 09:49:54.022 +08:00] [INFO] [import_mode_switcher.go:147] ["switch to import mode at beginning"]
[2026/07/25 09:49:54.107 +08:00] [INFO] [pd.go:649] ["removing scheduler on region"]
[2026/07/25 09:49:54.146 +08:00] [INFO] [executor.go:7285] ["DDL job submitted"] [category=ddl] [job="ID:1254, Type:create schema, State:queueing, SchemaState:none, SchemaID:1253, TableID:0, RowCount:0, ArgLen:1, start time: 2026-07-25 09:49:54.141 +0800 CST, Err:<nil>, ErrCount:0, SnapshotVersion:0, Version: v2"] [query="CREATE DATABASE IF NOT EXISTS `__TiDB_BR_Temporary_Snapshot_Restore_Checkpoint_12055959`;"]
[2026/07/25 09:49:54.152 +08:00] [INFO] [job_submitter.go:118] ["add DDL jobs"] [category=ddl] ["batch count"=1] [jobs="ID:1254, Type:create schema, State:queueing, SchemaState:none, SchemaID:1253, TableID:0, RowCount:0, ArgLen:1, start time: 2026-07-25 09:49:54.141 +0800 CST, Err:<nil>, ErrCount:0, SnapshotVersion:0, Version: v2; "] [fast_create=true]
[2026/07/25 09:49:54.166 +08:00] [INFO] [loader.go:216] ["diff load InfoSchema success"] [mode=auto] [isV2=true] [currVer=1495] [neededVer=1496] [gotVer=1496] ["elapsed time"=187.959µs] [phyTblIDs="[]"] [actionTypes="[]"] [diffTypes="[\"create schema\"]"]
[2026/07/25 09:49:54.167 +08:00] [INFO] [syncer.go:258] ["session manager is nil"]
[2026/07/25 09:49:54.171 +08:00] [INFO] [syncer.go:281] ["mdl gets lock, update self version to owner"] [jobID=1254] [version=1496]
[2026/07/25 09:49:54.654 +08:00] [INFO] [executor.go:7423] ["DDL job is finished"] [category=ddl] [jobID=1254]
[2026/07/25 09:49:54.654 +08:00] [INFO] [session.go:5229] ["CRUCIAL OPERATION"] [conn=0] [schemaVersion=1496] [cur_db=] [sql="CREATE DATABASE IF NOT EXISTS `__TiDB_BR_Temporary_Snapshot_Restore_Checkpoint_12055959`;"] [user=]
[2026/07/25 09:49:54.655 +08:00] [INFO] [add_column.go:1339] ["Automatically convert BLOB(524288) to MEDIUMBLOB"] [category=ddl]
[2026/07/25 09:49:54.658 +08:00] [INFO] [executor.go:7285] ["DDL job submitted"] [category=ddl] [job="ID:1256, Type:create table, State:queueing, SchemaState:none, SchemaID:1253, TableID:1255, RowCount:0, ArgLen:1, start time: 2026-07-25 09:49:54.642 +0800 CST, Err:<nil>, ErrCount:0, SnapshotVersion:0, Version: v2"] [query="\t\tCREATE TABLE `__TiDB_BR_Temporary_Snapshot_Restore_Checkpoint_12055959`.`cpt_data` (\n\t\t\tuuid binary(32) NOT NULL,\n\t\t\tsegment_id BIGINT NOT NULL,\n\t\t\tdata BLOB(524288) NOT NULL,\n\t\t\tupdate_time TIMESTAMP DEFAULT CURRENT_TIMESTAMP,\n\t\t\tPRIMARY KEY(uuid, segment_id));"]
[2026/07/25 09:49:54.663 +08:00] [INFO] [job_submitter.go:118] ["add DDL jobs"] [category=ddl] ["batch count"=1] [jobs="ID:1256, Type:create table, State:queueing, SchemaState:none, SchemaID:1253, TableID:1255, RowCount:0, ArgLen:1, start time: 2026-07-25 09:49:54.642 +0800 CST, Err:<nil>, ErrCount:0, SnapshotVersion:0, Version: v2; "] [fast_create=true]
[2026/07/25 09:49:54.674 +08:00] [INFO] [loader.go:216] ["diff load InfoSchema success"] [mode=auto] [isV2=true] [currVer=1496] [neededVer=1497] [gotVer=1497] ["elapsed time"=533.458µs] [phyTblIDs="[1255]"] [actionTypes="[3]"] [diffTypes="[\"create table\"]"]
[2026/07/25 09:49:54.675 +08:00] [INFO] [syncer.go:258] ["session manager is nil"]
[2026/07/25 09:49:54.675 +08:00] [INFO] [syncer.go:281] ["mdl gets lock, update self version to owner"] [jobID=1256] [version=1497]
[2026/07/25 09:49:55.164 +08:00] [INFO] [executor.go:7423] ["DDL job is finished"] [category=ddl] [jobID=1256]
[2026/07/25 09:49:55.164 +08:00] [INFO] [session.go:5229] ["CRUCIAL OPERATION"] [conn=0] [schemaVersion=1497] [cur_db=] [sql="\t\tCREATE TABLE `__TiDB_BR_Temporary_Snapshot_Restore_Checkpoint_12055959`.`cpt_data` (\n\t\t\tuuid binary(32) NOT NULL,\n\t\t\tsegment_id BIGINT NOT NULL,\n\t\t\tdata BLOB(524288) NOT NULL,\n\t\t\tupdate_time TIMESTAMP DEFAULT CURRENT_TIMESTAMP,\n\t\t\tPRIMARY KEY(uuid, segment_id));"] [user=]
[2026/07/25 09:49:55.166 +08:00] [INFO] [add_column.go:1339] ["Automatically convert BLOB(524288) to MEDIUMBLOB"] [category=ddl]
[2026/07/25 09:49:55.176 +08:00] [INFO] [executor.go:7285] ["DDL job submitted"] [category=ddl] [job="ID:1258, Type:create table, State:queueing, SchemaState:none, SchemaID:1253, TableID:1257, RowCount:0, ArgLen:1, start time: 2026-07-25 09:49:55.142 +0800 CST, Err:<nil>, ErrCount:0, SnapshotVersion:0, Version: v2"] [query="\t\tCREATE TABLE `__TiDB_BR_Temporary_Snapshot_Restore_Checkpoint_12055959`.`cpt_checksum` (\n\t\t\tuuid binary(32) NOT NULL,\n\t\t\tsegment_id BIGINT NOT NULL,\n\t\t\tdata BLOB(524288) NOT NULL,\n\t\t\tupdate_time TIMESTAMP DEFAULT CURRENT_TIMESTAMP,\n\t\t\tPRIMARY KEY(uuid, segment_id));"]
[2026/07/25 09:49:55.183 +08:00] [INFO] [job_submitter.go:118] ["add DDL jobs"] [category=ddl] ["batch count"=1] [jobs="ID:1258, Type:create table, State:queueing, SchemaState:none, SchemaID:1253, TableID:1257, RowCount:0, ArgLen:1, start time: 2026-07-25 09:49:55.142 +0800 CST, Err:<nil>, ErrCount:0, SnapshotVersion:0, Version: v2; "] [fast_create=true]
[2026/07/25 09:49:55.199 +08:00] [INFO] [loader.go:216] ["diff load InfoSchema success"] [mode=auto] [isV2=true] [currVer=1497] [neededVer=1498] [gotVer=1498] ["elapsed time"=563.084µs] [phyTblIDs="[1257]"] [actionTypes="[3]"] [diffTypes="[\"create table\"]"]
[2026/07/25 09:49:55.201 +08:00] [INFO] [syncer.go:258] ["session manager is nil"]
[2026/07/25 09:49:55.202 +08:00] [INFO] [syncer.go:281] ["mdl gets lock, update self version to owner"] [jobID=1258] [version=1498]
[2026/07/25 09:49:55.678 +08:00] [INFO] [executor.go:7423] ["DDL job is finished"] [category=ddl] [jobID=1258]
[2026/07/25 09:49:55.678 +08:00] [INFO] [session.go:5229] ["CRUCIAL OPERATION"] [conn=0] [schemaVersion=1498] [cur_db=] [sql="\t\tCREATE TABLE `__TiDB_BR_Temporary_Snapshot_Restore_Checkpoint_12055959`.`cpt_checksum` (\n\t\t\tuuid binary(32) NOT NULL,\n\t\t\tsegment_id BIGINT NOT NULL,\n\t\t\tdata BLOB(524288) NOT NULL,\n\t\t\tupdate_time TIMESTAMP DEFAULT CURRENT_TIMESTAMP,\n\t\t\tPRIMARY KEY(uuid, segment_id));"] [user=]
[2026/07/25 09:49:55.679 +08:00] [INFO] [add_column.go:1339] ["Automatically convert BLOB(524288) to MEDIUMBLOB"] [category=ddl]
[2026/07/25 09:49:55.682 +08:00] [INFO] [executor.go:7285] ["DDL job submitted"] [category=ddl] [job="ID:1260, Type:create table, State:queueing, SchemaState:none, SchemaID:1253, TableID:1259, RowCount:0, ArgLen:1, start time: 2026-07-25 09:49:55.641 +0800 CST, Err:<nil>, ErrCount:0, SnapshotVersion:0, Version: v2"] [query="\t\tCREATE TABLE `__TiDB_BR_Temporary_Snapshot_Restore_Checkpoint_12055959`.`cpt_metadata` (\n\t\t\tsegment_id BIGINT NOT NULL,\n\t\t\tdata BLOB(524288) NOT NULL,\n\t\t\tupdate_time TIMESTAMP DEFAULT CURRENT_TIMESTAMP,\n\t\t\tPRIMARY KEY(segment_id));"]
[2026/07/25 09:49:55.686 +08:00] [INFO] [job_submitter.go:118] ["add DDL jobs"] [category=ddl] ["batch count"=1] [jobs="ID:1260, Type:create table, State:queueing, SchemaState:none, SchemaID:1253, TableID:1259, RowCount:0, ArgLen:1, start time: 2026-07-25 09:49:55.641 +0800 CST, Err:<nil>, ErrCount:0, SnapshotVersion:0, Version: v2; "] [fast_create=true]
[2026/07/25 09:49:55.698 +08:00] [INFO] [loader.go:216] ["diff load InfoSchema success"] [mode=auto] [isV2=true] [currVer=1498] [neededVer=1499] [gotVer=1499] ["elapsed time"=382.375µs] [phyTblIDs="[1259]"] [actionTypes="[3]"] [diffTypes="[\"create table\"]"]
[2026/07/25 09:49:55.699 +08:00] [INFO] [syncer.go:258] ["session manager is nil"]
[2026/07/25 09:49:55.699 +08:00] [INFO] [syncer.go:281] ["mdl gets lock, update self version to owner"] [jobID=1260] [version=1499]
[2026/07/25 09:49:55.837 +08:00] [INFO] [pd.go:434] ["adaptive update ts interval state transition"] [configuredInterval=2s] [prevAdaptiveUpdateInterval=2s] [newAdaptiveUpdateInterval=2s] [requiredStaleness=0s] [prevState=unknown(0)] [newState=normal]
[2026/07/25 09:49:55.949 +08:00] [INFO] [info.go:988] [SetTiFlashGroupConfig]
[2026/07/25 09:49:56.187 +08:00] [INFO] [executor.go:7423] ["DDL job is finished"] [category=ddl] [jobID=1260]
[2026/07/25 09:49:56.187 +08:00] [INFO] [session.go:5229] ["CRUCIAL OPERATION"] [conn=0] [schemaVersion=1499] [cur_db=] [sql="\t\tCREATE TABLE `__TiDB_BR_Temporary_Snapshot_Restore_Checkpoint_12055959`.`cpt_metadata` (\n\t\t\tsegment_id BIGINT NOT NULL,\n\t\t\tdata BLOB(524288) NOT NULL,\n\t\t\tupdate_time TIMESTAMP DEFAULT CURRENT_TIMESTAMP,\n\t\t\tPRIMARY KEY(segment_id));"] [user=]
[2026/07/25 09:49:56.194 +08:00] [INFO] [restore.go:1675] ["try to reuse restore start timestamp for blocklist"] ["new restore start ts"=0] ["old restore start ts"=0]
[2026/07/25 09:49:56.196 +08:00] [INFO] [pitr_collector.go:495] ["Load max copy concurrency"] [maxCopyConcurrency=64] [stores=1]
[2026/07/25 09:49:56.208 +08:00] [WARN] [restore.go:2411] ["set max-index-length to max(3072*4) to skip check index length in DDL"]
[2026/07/25 09:49:56.208 +08:00] [WARN] [restore.go:2413] ["set index-limit to max(64*8) to skip check index count in DDL"]
[2026/07/25 09:49:56.208 +08:00] [WARN] [restore.go:2415] ["set table-column-count to max(4096) to skip check column count in DDL"]
[2026/07/25 09:49:56.208 +08:00] [INFO] [client.go:1122] ["create databases in db pool"] ["pool size"=64] ["number of db"=1]
[2026/07/25 09:49:56.208 +08:00] [INFO] [db.go:142] ["create database"] [name=ai_br_fk_partial_20260725]
[2026/07/25 09:49:56.216 +08:00] [INFO] [executor.go:7285] ["DDL job submitted"] [category=ddl] [job="ID:1262, Type:create schema, State:queueing, SchemaState:none, SchemaID:1261, TableID:0, RowCount:0, ArgLen:1, start time: 2026-07-25 09:49:56.191 +0800 CST, Err:<nil>, ErrCount:0, SnapshotVersion:0, Version: v2"] [query="/*from(br)*/CREATE DATABASE IF NOT EXISTS `ai_br_fk_partial_20260725` /*!40100 DEFAULT CHARACTER SET utf8mb4 */"]
[2026/07/25 09:49:56.220 +08:00] [INFO] [job_submitter.go:118] ["add DDL jobs"] [category=ddl] ["batch count"=1] [jobs="ID:1262, Type:create schema, State:queueing, SchemaState:none, SchemaID:1261, TableID:0, RowCount:0, ArgLen:1, start time: 2026-07-25 09:49:56.191 +0800 CST, Err:<nil>, ErrCount:0, SnapshotVersion:0, Version: v2; "] [fast_create=true]
[2026/07/25 09:49:56.232 +08:00] [INFO] [loader.go:216] ["diff load InfoSchema success"] [mode=auto] [isV2=true] [currVer=1499] [neededVer=1500] [gotVer=1500] ["elapsed time"=192.083µs] [phyTblIDs="[]"] [actionTypes="[]"] [diffTypes="[\"create schema\"]"]
[2026/07/25 09:49:56.234 +08:00] [INFO] [syncer.go:258] ["session manager is nil"]
[2026/07/25 09:49:56.234 +08:00] [INFO] [syncer.go:281] ["mdl gets lock, update self version to owner"] [jobID=1262] [version=1500]
[2026/07/25 09:49:56.721 +08:00] [INFO] [executor.go:7423] ["DDL job is finished"] [category=ddl] [jobID=1262]
[2026/07/25 09:49:56.721 +08:00] [INFO] [client.go:1173] ["start create tables"] ["total count"=1]
[2026/07/25 09:49:56.722 +08:00] [INFO] [client.go:1381] ["create tables"] ["table start"=0] ["table end"=1]
[2026/07/25 09:49:56.722 +08:00] [INFO] [client.go:1202] ["client to create tables"]
[2026/07/25 09:49:56.729 +08:00] [INFO] [executor.go:7285] ["DDL job submitted"] [category=ddl] [job="ID:1263, Type:create tables, State:queueing, SchemaState:none, SchemaID:1261, TableID:0, RowCount:0, ArgLen:1, start time: 2026-07-25 09:49:56.691 +0800 CST, Err:<nil>, ErrCount:0, SnapshotVersion:0, Version: v2"] [query="/*from(br)*/CREATE TABLE `c` (\n  `id` int(11) NOT NULL,\n  `pid` int(11) DEFAULT NULL,\n  PRIMARY KEY (`id`) /*T![clustered_index] CLUSTERED */,\n  KEY `pid` (`pid`),\n  CONSTRAINT `fk_cp` FOREIGN KEY (`pid`) REFERENCES `p` (`id`)\n) ENGINE=InnoDB DEFAULT CHARSET=utf8mb4 COLLATE=utf8mb4_bin;"]
[2026/07/25 09:49:56.734 +08:00] [INFO] [job_submitter.go:118] ["add DDL jobs"] [category=ddl] ["batch count"=1] [jobs="ID:1263, Type:create tables, State:queueing, SchemaState:none, SchemaID:1261, TableID:0, RowCount:0, ArgLen:1, start time: 2026-07-25 09:49:56.691 +0800 CST, Err:<nil>, ErrCount:0, SnapshotVersion:0, Version: v2; "] [fast_create=true]
[2026/07/25 09:49:56.746 +08:00] [INFO] [loader.go:216] ["diff load InfoSchema success"] [mode=auto] [isV2=true] [currVer=1500] [neededVer=1501] [gotVer=1501] ["elapsed time"=529.583µs] [phyTblIDs="[1252]"] [actionTypes="[60]"] [diffTypes="[\"create tables\"]"]
[2026/07/25 09:49:56.748 +08:00] [INFO] [syncer.go:258] ["session manager is nil"]
[2026/07/25 09:49:56.748 +08:00] [INFO] [syncer.go:281] ["mdl gets lock, update self version to owner"] [jobID=1263] [version=1501]
[2026/07/25 09:49:57.235 +08:00] [INFO] [executor.go:7423] ["DDL job is finished"] [category=ddl] [jobID=1263]
[2026/07/25 09:49:57.235 +08:00] [INFO] [client.go:1397] ["tables created"] [speed="1.95 ops/s"] [num=1]
[2026/07/25 09:49:57.235 +08:00] [INFO] [client.go:979] ["reset pd timestamp"] [ts=467912397630210049]
[2026/07/25 09:49:57.239 +08:00] [INFO] [tikv_sender.go:131] ["start to merge ranges"] ["kv size threshold"=268435456] ["kv count threshold"=2560000]
[2026/07/25 09:49:57.240 +08:00] [INFO] [tikv_sender.go:148] ["merge and validate file"] ["new physical ID"=1252] ["old physical ID"=1232] [Files(total)=2] [File(write)=2] [File(default)=0] [Region(total)=2] ["Regoin(keys avg)"=1] ["Region(bytes avg)"=33] [Merged(regions)=2] ["Merged(keys avg)"=1] ["Merged(bytes avg)"=33]
[2026/07/25 09:49:57.240 +08:00] [INFO] [tikv_sender.go:251] ["merge ranges across tables due to the last group"] ["merged kv size"=67] ["merged kv count"=2] ["merged range count"=2]
[2026/07/25 09:49:57.240 +08:00] [INFO] [tikv_sender.go:259] ["range and file prepared"] ["default file count"=0] ["write file count"=2]
[2026/07/25 09:49:57.240 +08:00] [INFO] [tikv_sender.go:304] ["Restore Stage Duration"] [stage="merge ranges"] [take=1.558125ms]
[2026/07/25 09:49:57.241 +08:00] [INFO] [split.go:97] ["execute split sorted keys"] ["keys count"=1]
[2026/07/25 09:49:57.241 +08:00] [INFO] [split.go:121] ["finish spliting regions roughly"] [take=167ns]
[2026/07/25 09:49:57.242 +08:00] [INFO] [client.go:684] ["paginate scan regions"] [count=1] [start=7480000000000004FFE45F72FFFFFFFFFFFFFFFFFF0000000000FB] [end=7480000000000004FFE45F72FFFFFFFFFFFFFFFFFF0000000000FC]
[2026/07/25 09:49:57.251 +08:00] [INFO] [client.go:239] ["scatter regions"] [regions=1]
[2026/07/25 09:49:57.251 +08:00] [INFO] [split.go:147] ["finish splitting and scattering regions. and starts to wait"] [regions=1] [take=10.058708ms]
[2026/07/25 09:49:57.252 +08:00] [INFO] [split.go:167] ["start to wait for scattering regions"] [regions=1]
[2026/07/25 09:49:57.253 +08:00] [INFO] [split.go:171] ["waiting for scattering regions done"] [regions=1] [take=784.792µs]
[2026/07/25 09:49:57.253 +08:00] [INFO] [split.go:128] ["finish spliting and scattering regions"] [take=11.179792ms]
[2026/07/25 09:49:57.253 +08:00] [INFO] [tikv_sender.go:355] ["Restore Stage Duration"] [stage="split regions"] [take=11.583791ms]
[2026/07/25 09:49:57.253 +08:00] [INFO] [tikv_sender.go:314] ["start to check and compact the restore range"]
[2026/07/25 09:49:57.255 +08:00] [INFO] [progress.go:176] [progress] [step="Split&Scatter Regions"] [progress=100.00%] [count="1 / 1"] [speed="? p/s"] [elapsed=0s] [remaining=0s]
[2026/07/25 09:49:57.328 +08:00] [INFO] [import.go:1198] ["finish ingesting into a region."] [sn=0] [region#=0] [total#=1] [region="{ID=6137,startKey=7480000000000004FFE400000000000000F8,endKey=7480000000000004FFE45F72FFFFFFFFFFFFFFFFFF0000000000FB,epoch=\"conf_ver:1 version:409 \",peers=\"id:6138 store_id:1 \"}"] [sst=2]
[2026/07/25 09:49:57.328 +08:00] [INFO] [restorer.go:374] ["import files done"] [sn=0] [take=73.307334ms]
[2026/07/25 09:49:57.328 +08:00] [INFO] [restorer.go:340] ["Restore Stage Duration"] [stage="restore files"] [take=73.530417ms]
[2026/07/25 09:49:57.328 +08:00] [INFO] [tikv_sender.go:331] ["start to remove the force partition restore range"]
[2026/07/25 09:49:57.329 +08:00] [INFO] [progress.go:176] [progress] [step="Download&Ingest SST"] [progress=100.00%] [count="1 / 1"] [speed="? p/s"] [elapsed=100ms] [remaining=100ms]
[2026/07/25 09:49:57.329 +08:00] [INFO] [client.go:1577] ["did not find checksum from checkpoint, scanning table to calculate checksum"] [db=ai_br_fk_partial_20260725] [table=c]
[2026/07/25 09:49:57.335 +08:00] [INFO] [client.go:1641] ["success in validating checksum"] [db=ai_br_fk_partial_20260725] [table=c]
[2026/07/25 09:49:57.335 +08:00] [INFO] [pipeline_items.go:417] ["all checksum ended"]
[2026/07/25 09:49:57.335 +08:00] [INFO] [pipeline_items.go:603] ["start update metas"] [table=c] [db=ai_br_fk_partial_20260725]
[2026/07/25 09:49:57.343 +08:00] [INFO] [pipeline_items.go:615] ["all stats updated"]
[2026/07/25 09:49:57.344 +08:00] [INFO] [progress.go:176] [progress] [step="Restore Pipeline"] [progress=100.00%] [count="2 / 2"] [speed="? p/s"] [elapsed=0s] [remaining=0s]
[2026/07/25 09:49:57.344 +08:00] [INFO] [restore.go:1919] ["restoring system schemas"] [withSys=true] [filter="[`ai_br_fk_partial_20260725`.`c`]"]
[2026/07/25 09:49:57.344 +08:00] [INFO] [systable_restore.go:383] ["system database filtered out"] [database=mysql]
[2026/07/25 09:49:57.344 +08:00] [INFO] [session.go:5229] ["CRUCIAL OPERATION"] [conn=0] [schemaVersion=1501] [cur_db=] [sql="DROP DATABASE IF EXISTS `__tidb_br_temporary_mysql`"] [user=]
[2026/07/25 09:49:57.345 +08:00] [INFO] [systable_restore.go:383] ["system database filtered out"] [database=sys]
[2026/07/25 09:49:57.345 +08:00] [INFO] [session.go:5229] ["CRUCIAL OPERATION"] [conn=0] [schemaVersion=1501] [cur_db=] [sql="DROP DATABASE IF EXISTS `__tidb_br_temporary_sys`"] [user=]
[2026/07/25 09:49:57.345 +08:00] [INFO] [systable_restore.go:383] ["system database filtered out"] [database=workload_schema]
[2026/07/25 09:49:57.345 +08:00] [INFO] [session.go:5229] ["CRUCIAL OPERATION"] [conn=0] [schemaVersion=1501] [cur_db=] [sql="DROP DATABASE IF EXISTS `__tidb_br_temporary_workload_schema`"] [user=]
[2026/07/25 09:49:57.345 +08:00] [INFO] [restore.go:1932] ["snapshot restore success"]
[2026/07/25 09:49:57.345 +08:00] [INFO] [restore.go:1714] ["start to remove gc-safepoint keeper"]
[2026/07/25 09:49:57.351 +08:00] [INFO] [restore.go:1723] ["finish removing gc-safepoint keeper"]
[2026/07/25 09:49:57.351 +08:00] [INFO] [restore.go:1690] ["wait for flush checkpoint..."]
[2026/07/25 09:49:57.352 +08:00] [INFO] [checkpoint.go:499] ["stop checkpoint runner"]
[2026/07/25 09:49:57.352 +08:00] [INFO] [checkpoint.go:388] ["stop checkpoint flush worker"]
[2026/07/25 09:49:57.352 +08:00] [INFO] [restore.go:1656] ["start to restore pd scheduler"]
[2026/07/25 09:49:57.352 +08:00] [INFO] [import_mode_switcher.go:61] ["Stopping the import mode goroutine"]
[2026/07/25 09:49:57.352 +08:00] [INFO] [import_mode_switcher.go:166] ["stop automatic switch to import mode when context done"]
[2026/07/25 09:49:57.457 +08:00] [INFO] [pd.go:667] ["scheduler pause cancelled and cleaned up"]
[2026/07/25 09:49:57.458 +08:00] [WARN] [pd.go:358] ["failed to get the region label rule, the rule may have been removed"] [rule-id=3e6ec0bf-b3e7-4d47-9596-425b55c99fa1]
[2026/07/25 09:49:57.458 +08:00] [INFO] [pd.go:444] ["restoring config"] [config="{\"affinity-schedule-limit\":0,\"enable-cross-table-merge\":\"true\",\"enable-debug-metrics\":\"false\",\"enable-diagnostic\":\"true\",\"enable-heartbeat-breakdown-metrics\":\"true\",\"enable-heartbeat-concurrent-runner\":\"true\",\"enable-joint-consensus\":\"true\",\"enable-location-replacement\":\"true\",\"enable-make-up-replica\":\"true\",\"enable-one-way-merge\":\"false\",\"enable-remove-down-replica\":\"true\",\"enable-remove-extra-replica\":\"true\",\"enable-replace-offline-replica\":\"true\",\"enable-tikv-split-region\":\"true\",\"enable-witness\":\"false\",\"high-space-ratio\":0.7,\"hot-region-cache-hits-threshold\":3,\"hot-region-schedule-limit\":4,\"hot-regions-reserved-days\":7,\"hot-regions-write-interval\":\"10m0s\",\"leader-schedule-limit\":4,\"leader-schedule-policy\":\"count\",\"low-space-ratio\":1,\"max-affinity-merge-region-size\":256,\"max-merge-region-keys\":540000,\"max-merge-region-size\":54,\"max-movable-hot-peer-size\":512,\"max-pending-peer-count\":64,\"max-snapshot-count\":64,\"max-store-down-time\":\"30m0s\",\"max-store-preparing-time\":\"48h0m0s\",\"merge-schedule-limit\":8,\"patrol-region-interval\":\"100ms\",\"patrol-region-worker-count\":1,\"region-schedule-limit\":2048,\"region-score-formula-version\":\"v2\",\"replica-schedule-limit\":64,\"scheduler-max-waiting-operator\":5,\"schedulers-v2\":[{\"args\":null,\"args-payload\":\"\",\"disable\":false,\"type\":\"balance-region\"},{\"args\":null,\"args-payload\":\"\",\"disable\":false,\"type\":\"balance-leader\"},{\"args\":null,\"args-payload\":\"\",\"disable\":false,\"type\":\"hot-region\"},{\"args\":null,\"args-payload\":\"\",\"disable\":false,\"type\":\"evict-slow-store\"},{\"args\":null,\"args-payload\":\"\",\"disable\":false,\"type\":\"evict-stopping-store\"}],\"slow-store-evicting-affected-store-ratio-threshold\":0.3,\"split-merge-interval\":\"1h0m0s\",\"split-scatter-schedule-limit\":4,\"store-limit\":{\"1\":{\"add-peer\":15,\"remove-peer\":15}},\"store-limit-version\":\"v1\",\"switch-witness-interval\":\"1h0m0s\",\"tolerant-size-ratio\":0,\"witness-schedule-limit\":4}"]
[2026/07/25 09:49:57.487 +08:00] [INFO] [restore.go:1660] ["finish restoring pd scheduler"]
[2026/07/25 09:49:57.488 +08:00] [INFO] [client.go:236] ["Restore client closed"]
[2026/07/25 09:49:57.488 +08:00] [WARN] [heartbeat.go:101] ["heartbeat manager context done"] [restore_id=12055959] [error="context canceled"]
[2026/07/25 09:49:57.488 +08:00] [INFO] [collector.go:78] ["Table Restore success summary"] [total-ranges=2] [ranges-succeed=2] [ranges-failed=0] [merge-ranges=1.558125ms] [split-regions=11.583791ms] [restore-files=73.530417ms] [restore-pipeline=14.672083ms] [split-keys=1] [default-CF-files=0] [write-CF-files=2] [total-take=3.708619583s] [BackupTS=467912397630210049] [RestoreTS=467912410789576714] [total-kv=2] [total-kv-size=67B] [average-speed=18.07B/s] [restore-data-size(after-compressed)=3.683kB] [Size=3683]
[2026/07/25 09:49:57.488 +08:00] [INFO] [heartbeat.go:114] ["stopped heartbeat manager"]
[2026/07/25 09:49:57.488 +08:00] [INFO] [registration.go:675] ["stopped heartbeat manager for restore task"]
[2026/07/25 09:49:57.493 +08:00] [INFO] [registration.go:481] ["unregistered restore task"] [restore_id=12055959]
[2026/07/25 09:49:57.493 +08:00] [INFO] [restore.go:1204] ["start to remove checkpoint data restore"]
[2026/07/25 09:49:57.499 +08:00] [INFO] [executor.go:7285] ["DDL job submitted"] [category=ddl] [job="ID:1264, Type:drop table, State:queueing, SchemaState:public, SchemaID:1253, TableID:1255, RowCount:0, ArgLen:1, start time: 2026-07-25 09:49:57.491 +0800 CST, Err:<nil>, ErrCount:0, SnapshotVersion:0, Version: v2"] [query="DROP TABLE IF EXISTS `__TiDB_BR_Temporary_Snapshot_Restore_Checkpoint_12055959`.`cpt_data`;"]
[2026/07/25 09:49:57.504 +08:00] [INFO] [job_submitter.go:118] ["add DDL jobs"] [category=ddl] ["batch count"=1] [jobs="ID:1264, Type:drop table, State:queueing, SchemaState:public, SchemaID:1253, TableID:1255, RowCount:0, ArgLen:1, start time: 2026-07-25 09:49:57.491 +0800 CST, Err:<nil>, ErrCount:0, SnapshotVersion:0, Version: v2; "] [fast_create=true]
[2026/07/25 09:49:57.521 +08:00] [INFO] [loader.go:216] ["diff load InfoSchema success"] [mode=auto] [isV2=true] [currVer=1501] [neededVer=1502] [gotVer=1502] ["elapsed time"=750.167µs] [phyTblIDs="[1255]"] [actionTypes="[4]"] [diffTypes="[\"drop table\"]"]
[2026/07/25 09:49:57.524 +08:00] [INFO] [syncer.go:258] ["session manager is nil"]
[2026/07/25 09:49:57.524 +08:00] [INFO] [syncer.go:281] ["mdl gets lock, update self version to owner"] [jobID=1264] [version=1502]
[2026/07/25 09:49:57.548 +08:00] [INFO] [loader.go:216] ["diff load InfoSchema success"] [mode=auto] [isV2=true] [currVer=1502] [neededVer=1503] [gotVer=1503] ["elapsed time"=673.25µs] [phyTblIDs="[1255]"] [actionTypes="[4]"] [diffTypes="[\"drop table\"]"]
[2026/07/25 09:49:57.549 +08:00] [INFO] [syncer.go:258] ["session manager is nil"]
[2026/07/25 09:49:57.549 +08:00] [INFO] [syncer.go:281] ["mdl gets lock, update self version to owner"] [jobID=1264] [version=1503]
[2026/07/25 09:49:57.569 +08:00] [INFO] [loader.go:216] ["diff load InfoSchema success"] [mode=auto] [isV2=true] [currVer=1503] [neededVer=1504] [gotVer=1504] ["elapsed time"=610.167µs] [phyTblIDs="[1255]"] [actionTypes="[4]"] [diffTypes="[\"drop table\"]"]
[2026/07/25 09:49:57.571 +08:00] [INFO] [syncer.go:258] ["session manager is nil"]
[2026/07/25 09:49:57.573 +08:00] [INFO] [syncer.go:281] ["mdl gets lock, update self version to owner"] [jobID=1264] [version=1504]
[2026/07/25 09:49:58.001 +08:00] [INFO] [executor.go:7423] ["DDL job is finished"] [category=ddl] [jobID=1264]
[2026/07/25 09:49:58.002 +08:00] [INFO] [session.go:5229] ["CRUCIAL OPERATION"] [conn=0] [schemaVersion=1504] [cur_db=] [sql="DROP TABLE IF EXISTS `__TiDB_BR_Temporary_Snapshot_Restore_Checkpoint_12055959`.`cpt_data`;"] [user=]
[2026/07/25 09:49:58.010 +08:00] [INFO] [executor.go:7285] ["DDL job submitted"] [category=ddl] [job="ID:1265, Type:drop table, State:queueing, SchemaState:public, SchemaID:1253, TableID:1257, RowCount:0, ArgLen:1, start time: 2026-07-25 09:49:57.991 +0800 CST, Err:<nil>, ErrCount:0, SnapshotVersion:0, Version: v2"] [query="DROP TABLE IF EXISTS `__TiDB_BR_Temporary_Snapshot_Restore_Checkpoint_12055959`.`cpt_checksum`;"]
[2026/07/25 09:49:58.015 +08:00] [INFO] [job_submitter.go:118] ["add DDL jobs"] [category=ddl] ["batch count"=1] [jobs="ID:1265, Type:drop table, State:queueing, SchemaState:public, SchemaID:1253, TableID:1257, RowCount:0, ArgLen:1, start time: 2026-07-25 09:49:57.991 +0800 CST, Err:<nil>, ErrCount:0, SnapshotVersion:0, Version: v2; "] [fast_create=true]
[2026/07/25 09:49:58.037 +08:00] [INFO] [loader.go:216] ["diff load InfoSchema success"] [mode=auto] [isV2=true] [currVer=1504] [neededVer=1505] [gotVer=1505] ["elapsed time"=401.667µs] [phyTblIDs="[1257]"] [actionTypes="[4]"] [diffTypes="[\"drop table\"]"]
[2026/07/25 09:49:58.039 +08:00] [INFO] [syncer.go:258] ["session manager is nil"]
[2026/07/25 09:49:58.039 +08:00] [INFO] [syncer.go:281] ["mdl gets lock, update self version to owner"] [jobID=1265] [version=1505]
[2026/07/25 09:49:58.057 +08:00] [INFO] [loader.go:216] ["diff load InfoSchema success"] [mode=auto] [isV2=true] [currVer=1505] [neededVer=1506] [gotVer=1506] ["elapsed time"=336.958µs] [phyTblIDs="[1257]"] [actionTypes="[4]"] [diffTypes="[\"drop table\"]"]
[2026/07/25 09:49:58.058 +08:00] [INFO] [syncer.go:258] ["session manager is nil"]
[2026/07/25 09:49:58.058 +08:00] [INFO] [syncer.go:281] ["mdl gets lock, update self version to owner"] [jobID=1265] [version=1506]
[2026/07/25 09:49:58.076 +08:00] [INFO] [loader.go:216] ["diff load InfoSchema success"] [mode=auto] [isV2=true] [currVer=1506] [neededVer=1507] [gotVer=1507] ["elapsed time"=240.292µs] [phyTblIDs="[1257]"] [actionTypes="[4]"] [diffTypes="[\"drop table\"]"]
[2026/07/25 09:49:58.077 +08:00] [INFO] [syncer.go:258] ["session manager is nil"]
[2026/07/25 09:49:58.077 +08:00] [INFO] [syncer.go:281] ["mdl gets lock, update self version to owner"] [jobID=1265] [version=1507]
[2026/07/25 09:49:58.514 +08:00] [INFO] [executor.go:7423] ["DDL job is finished"] [category=ddl] [jobID=1265]
[2026/07/25 09:49:58.514 +08:00] [INFO] [session.go:5229] ["CRUCIAL OPERATION"] [conn=0] [schemaVersion=1507] [cur_db=] [sql="DROP TABLE IF EXISTS `__TiDB_BR_Temporary_Snapshot_Restore_Checkpoint_12055959`.`cpt_checksum`;"] [user=]
[2026/07/25 09:49:58.522 +08:00] [INFO] [executor.go:7285] ["DDL job submitted"] [category=ddl] [job="ID:1266, Type:drop table, State:queueing, SchemaState:public, SchemaID:1253, TableID:1259, RowCount:0, ArgLen:1, start time: 2026-07-25 09:49:58.491 +0800 CST, Err:<nil>, ErrCount:0, SnapshotVersion:0, Version: v2"] [query="DROP TABLE IF EXISTS `__TiDB_BR_Temporary_Snapshot_Restore_Checkpoint_12055959`.`cpt_metadata`;"]
[2026/07/25 09:49:58.528 +08:00] [INFO] [job_submitter.go:118] ["add DDL jobs"] [category=ddl] ["batch count"=1] [jobs="ID:1266, Type:drop table, State:queueing, SchemaState:public, SchemaID:1253, TableID:1259, RowCount:0, ArgLen:1, start time: 2026-07-25 09:49:58.491 +0800 CST, Err:<nil>, ErrCount:0, SnapshotVersion:0, Version: v2; "] [fast_create=true]
[2026/07/25 09:49:58.543 +08:00] [INFO] [loader.go:216] ["diff load InfoSchema success"] [mode=auto] [isV2=true] [currVer=1507] [neededVer=1508] [gotVer=1508] ["elapsed time"=579.458µs] [phyTblIDs="[1259]"] [actionTypes="[4]"] [diffTypes="[\"drop table\"]"]
[2026/07/25 09:49:58.545 +08:00] [INFO] [syncer.go:258] ["session manager is nil"]
[2026/07/25 09:49:58.545 +08:00] [INFO] [syncer.go:281] ["mdl gets lock, update self version to owner"] [jobID=1266] [version=1508]
[2026/07/25 09:49:58.576 +08:00] [INFO] [loader.go:216] ["diff load InfoSchema success"] [mode=auto] [isV2=true] [currVer=1508] [neededVer=1509] [gotVer=1509] ["elapsed time"=551.834µs] [phyTblIDs="[1259]"] [actionTypes="[4]"] [diffTypes="[\"drop table\"]"]
[2026/07/25 09:49:58.578 +08:00] [INFO] [syncer.go:258] ["session manager is nil"]
[2026/07/25 09:49:58.578 +08:00] [INFO] [syncer.go:281] ["mdl gets lock, update self version to owner"] [jobID=1266] [version=1509]
[2026/07/25 09:49:58.598 +08:00] [INFO] [loader.go:216] ["diff load InfoSchema success"] [mode=auto] [isV2=true] [currVer=1509] [neededVer=1510] [gotVer=1510] ["elapsed time"=309.833µs] [phyTblIDs="[1259]"] [actionTypes="[4]"] [diffTypes="[\"drop table\"]"]
[2026/07/25 09:49:58.599 +08:00] [INFO] [syncer.go:258] ["session manager is nil"]
[2026/07/25 09:49:58.599 +08:00] [INFO] [syncer.go:281] ["mdl gets lock, update self version to owner"] [jobID=1266] [version=1510]
[2026/07/25 09:49:59.028 +08:00] [INFO] [executor.go:7423] ["DDL job is finished"] [category=ddl] [jobID=1266]
[2026/07/25 09:49:59.029 +08:00] [INFO] [session.go:5229] ["CRUCIAL OPERATION"] [conn=0] [schemaVersion=1510] [cur_db=] [sql="DROP TABLE IF EXISTS `__TiDB_BR_Temporary_Snapshot_Restore_Checkpoint_12055959`.`cpt_metadata`;"] [user=]
[2026/07/25 09:49:59.031 +08:00] [INFO] [session.go:5229] ["CRUCIAL OPERATION"] [conn=0] [schemaVersion=1510] [cur_db=] [sql="DROP TABLE IF EXISTS `__TiDB_BR_Temporary_Snapshot_Restore_Checkpoint_12055959`.`cpt_progress`;"] [user=]
[2026/07/25 09:49:59.032 +08:00] [INFO] [session.go:5229] ["CRUCIAL OPERATION"] [conn=0] [schemaVersion=1510] [cur_db=] [sql="DROP TABLE IF EXISTS `__TiDB_BR_Temporary_Snapshot_Restore_Checkpoint_12055959`.`cpt_ingest`;"] [user=]
[2026/07/25 09:49:59.040 +08:00] [INFO] [executor.go:7285] ["DDL job submitted"] [category=ddl] [job="ID:1267, Type:drop schema, State:queueing, SchemaState:public, SchemaID:1253, TableID:0, RowCount:0, ArgLen:1, start time: 2026-07-25 09:49:58.991 +0800 CST, Err:<nil>, ErrCount:0, SnapshotVersion:0, Version: v2"] [query="DROP DATABASE `__TiDB_BR_Temporary_Snapshot_Restore_Checkpoint_12055959`;"]
[2026/07/25 09:49:59.046 +08:00] [INFO] [job_submitter.go:118] ["add DDL jobs"] [category=ddl] ["batch count"=1] [jobs="ID:1267, Type:drop schema, State:queueing, SchemaState:public, SchemaID:1253, TableID:0, RowCount:0, ArgLen:1, start time: 2026-07-25 09:49:58.991 +0800 CST, Err:<nil>, ErrCount:0, SnapshotVersion:0, Version: v2; "] [fast_create=true]
[2026/07/25 09:49:59.060 +08:00] [INFO] [loader.go:216] ["diff load InfoSchema success"] [mode=auto] [isV2=true] [currVer=1510] [neededVer=1511] [gotVer=1511] ["elapsed time"=515.375µs] [phyTblIDs="[]"] [actionTypes="[]"] [diffTypes="[\"drop schema\"]"]
[2026/07/25 09:49:59.062 +08:00] [INFO] [syncer.go:258] ["session manager is nil"]
[2026/07/25 09:49:59.062 +08:00] [INFO] [syncer.go:281] ["mdl gets lock, update self version to owner"] [jobID=1267] [version=1511]
[2026/07/25 09:49:59.091 +08:00] [INFO] [infoschema_filter.go:32] ["skip load a schema diff due to configuration."] [type="drop schema"] [schema-id=1253] [table-id=0] [old-schema-id=0] [version=1512]
[2026/07/25 09:49:59.091 +08:00] [INFO] [loader.go:216] ["diff load InfoSchema success"] [mode=auto] [isV2=true] [currVer=1511] [neededVer=1512] [gotVer=1512] ["elapsed time"=44.042µs] [phyTblIDs="[]"] [actionTypes="[]"] [diffTypes="[]"]
[2026/07/25 09:49:59.093 +08:00] [INFO] [syncer.go:258] ["session manager is nil"]
[2026/07/25 09:49:59.093 +08:00] [INFO] [syncer.go:281] ["mdl gets lock, update self version to owner"] [jobID=1267] [version=1512]
[2026/07/25 09:49:59.112 +08:00] [INFO] [infoschema_filter.go:32] ["skip load a schema diff due to configuration."] [type="drop schema"] [schema-id=1253] [table-id=0] [old-schema-id=0] [version=1513]
[2026/07/25 09:49:59.112 +08:00] [INFO] [loader.go:216] ["diff load InfoSchema success"] [mode=auto] [isV2=true] [currVer=1512] [neededVer=1513] [gotVer=1513] ["elapsed time"=47.875µs] [phyTblIDs="[]"] [actionTypes="[]"] [diffTypes="[]"]
[2026/07/25 09:49:59.114 +08:00] [INFO] [syncer.go:258] ["session manager is nil"]
[2026/07/25 09:49:59.114 +08:00] [INFO] [syncer.go:281] ["mdl gets lock, update self version to owner"] [jobID=1267] [version=1513]
[2026/07/25 09:49:59.545 +08:00] [INFO] [executor.go:7423] ["DDL job is finished"] [category=ddl] [jobID=1267]
[2026/07/25 09:49:59.545 +08:00] [INFO] [session.go:5229] ["CRUCIAL OPERATION"] [conn=0] [schemaVersion=1513] [cur_db=] [sql="DROP DATABASE `__TiDB_BR_Temporary_Snapshot_Restore_Checkpoint_12055959`;"] [user=]
[2026/07/25 09:49:59.545 +08:00] [INFO] [restore.go:1226] ["all checkpoint data removed."]
[2026/07/25 09:49:59.545 +08:00] [INFO] [registration.go:239] ["closing registry"]
[2026/07/25 09:49:59.545 +08:00] [INFO] [registration.go:241] ["closing registry session"]
[2026/07/25 09:49:59.545 +08:00] [INFO] [registration.go:246] ["closing registry heartbeat session"]
[2026/07/25 09:49:59.545 +08:00] [INFO] [restore.go:963] ["Metric: import_file_seconds"] [metric="{lt_0.010000=0,lt_0.040000=0,lt_0.160000=1,lt_0.640000=1,lt_2.560000=1,lt_10.240000=1,lt_40.960000=1,lt_163.840000=1,lt_655.360000=1,lt_2621.440000=1,lt_10485.760000=1,lt_41943.040000=1,lt_167772.160000=1,lt_671088.640000=1,count=1,total=0.073086958}"]
[2026/07/25 09:49:59.546 +08:00] [INFO] [restore.go:964] ["Metric: upload_sst_for_pitr_seconds"] [metric="{lt_0.005000=0,lt_0.010000=0,lt_0.025000=0,lt_0.050000=0,lt_0.100000=0,lt_0.250000=0,lt_0.500000=0,lt_1.000000=0,lt_2.500000=0,lt_5.000000=0,lt_10.000000=0,count=0,total=0}"]
[2026/07/25 09:49:59.546 +08:00] [INFO] [restore.go:965] ["Metric: upload_sst_meta_for_pitr_seconds"] [metric="{lt_0.010000=0,lt_0.020000=0,lt_0.040000=0,lt_0.080000=0,lt_0.160000=0,lt_0.320000=0,lt_0.640000=0,lt_1.280000=0,lt_2.560000=0,lt_5.120000=0,lt_10.240000=0,lt_20.480000=0,lt_40.960000=0,lt_81.920000=0,count=0,total=0}"]
[2026/07/25 09:49:59.552 +08:00] [INFO] [delete_range.go:162] ["closing delRange"] [category=ddl]
[2026/07/25 09:49:59.552 +08:00] [INFO] [session_pool.go:133] ["closing session pool"] [category=ddl]
[2026/07/25 09:49:59.553 +08:00] [INFO] [ddl.go:1157] ["DDL closed"] [category=ddl] [ID=c71f9f0c-6a87-47ac-8965-ac5c049eaca7] ["take time"=6.903583ms]
[2026/07/25 09:49:59.553 +08:00] [INFO] [ddl.go:848] ["stop DDL"] [category=ddl] [ID=c71f9f0c-6a87-47ac-8965-ac5c049eaca7]
[2026/07/25 09:49:59.553 +08:00] [INFO] [domain.go:2868] ["serverIDSession need restart"]
[2026/07/25 09:49:59.567 +08:00] [INFO] [domain.go:2733] ["releaseServerID succeed"] [serverID=725] [leaseID=2463925937224881886]
[2026/07/25 09:49:59.568 +08:00] [INFO] [wait_group_wrapper.go:150] ["background process exited"] [source=domain] [process=mdlCheckLoop]
[2026/07/25 09:49:59.568 +08:00] [INFO] [domain.go:2800] ["serverIDKeeper exited."]
[2026/07/25 09:49:59.568 +08:00] [WARN] [meta_storage_client.go:165] ["watch stream closed"] [error="rpc error: code = Canceled desc = context canceled"]
[2026/07/25 09:49:59.568 +08:00] [WARN] [meta_storage_client.go:165] ["watch stream closed"] [error="rpc error: code = Canceled desc = context canceled"]
[2026/07/25 09:49:59.568 +08:00] [INFO] [syncer.go:304] ["info schema sync loop exited."]
[2026/07/25 09:49:59.568 +08:00] [INFO] [wait_group_wrapper.go:150] ["background process exited"] [source=domain] [process=loadSchemaInLoop]
[2026/07/25 09:49:59.568 +08:00] [INFO] [domain.go:979] ["closestReplicaReadCheckLoop exited."]
[2026/07/25 09:49:59.568 +08:00] [INFO] [wait_group_wrapper.go:150] ["background process exited"] [source=domain] [process=closestReplicaReadCheckLoop]
[2026/07/25 09:49:59.568 +08:00] [INFO] [wait_group_wrapper.go:150] ["background process exited"] [source=domain] [process=requestUnitsWriterLoop]
[2026/07/25 09:49:59.568 +08:00] [INFO] [domain.go:419] ["globalConfigSyncerKeeper exited."]
[2026/07/25 09:49:59.568 +08:00] [INFO] [wait_group_wrapper.go:150] ["background process exited"] [source=domain] [process=globalConfigSyncerKeeper]
[2026/07/25 09:49:59.568 +08:00] [INFO] [domain.go:391] ["topNSlowQueryLoop exited."]
[2026/07/25 09:49:59.568 +08:00] [INFO] [wait_group_wrapper.go:150] ["background process exited"] [source=domain] [process=topNSlowQueryLoop]
[2026/07/25 09:49:59.568 +08:00] [INFO] [domain.go:2174] ["indexUsageWorker exited."]
[2026/07/25 09:49:59.568 +08:00] [INFO] [wait_group_wrapper.go:150] ["background process exited"] [source=domain] [process=indexUsageWorker]
[2026/07/25 09:49:59.568 +08:00] [INFO] [manager.go:241] ["runaway watch sync loop exit"]
[2026/07/25 09:49:59.568 +08:00] [INFO] [flusher.go:89] ["flushing remaining records before stop"] [name=runaway-record]
[2026/07/25 09:49:59.568 +08:00] [INFO] [flusher.go:91] ["stopped flusher"] [name=runaway-record]
[2026/07/25 09:49:59.568 +08:00] [INFO] [flusher.go:89] ["flushing remaining records before stop"] [name=quarantine-record]
[2026/07/25 09:49:59.568 +08:00] [INFO] [wait_group_wrapper.go:150] ["background process exited"] [source=domain] [process=runawayWatchSyncLoop]
[2026/07/25 09:49:59.568 +08:00] [INFO] [syncer.go:288] ["server info sync loop exited."]
[2026/07/25 09:49:59.568 +08:00] [INFO] [wait_group_wrapper.go:150] ["background process exited"] [source=domain] [process=infoSyncerKeeper]
[2026/07/25 09:49:59.568 +08:00] [INFO] [flusher.go:91] ["stopped flusher"] [name=quarantine-record]
[2026/07/25 09:49:59.568 +08:00] [INFO] [flusher.go:89] ["flushing remaining records before stop"] [name=stale-quarantine-record]
[2026/07/25 09:49:59.568 +08:00] [INFO] [flusher.go:91] ["stopped flusher"] [name=stale-quarantine-record]
[2026/07/25 09:49:59.569 +08:00] [INFO] [manager.go:205] ["runaway record flush loop exit"]
[2026/07/25 09:49:59.569 +08:00] [INFO] [wait_group_wrapper.go:150] ["background process exited"] [source=domain] [process=runawayRecordFlushLoop]
[2026/07/25 09:49:59.573 +08:00] [INFO] [manager.go:399] ["campaign and watch failed"] [key=/tidb/stats/owner] [id=c71f9f0c-6a87-47ac-8965-ac5c049eaca7] [error="context canceled"]
[2026/07/25 09:49:59.573 +08:00] [INFO] [manager.go:385] ["break campaign loop, context is done"] [key=/tidb/stats/owner] [id=c71f9f0c-6a87-47ac-8965-ac5c049eaca7]
[2026/07/25 09:49:59.573 +08:00] [INFO] [manager.go:431] ["etcd session close failed"] [key=/tidb/stats/owner] [id=c71f9f0c-6a87-47ac-8965-ac5c049eaca7] [error="context canceled"]
[2026/07/25 09:49:59.573 +08:00] [INFO] [wait_group_wrapper.go:150] ["background process exited"] [source=domain] [process=quitStatsOwner]
[2026/07/25 09:49:59.592 +08:00] [INFO] [domain.go:550] ["domain closed"] ["take time"=45.706333ms]
[2026/07/25 09:49:59.593 +08:00] [INFO] [client.go:356] ["[pd] http client closed"] [source=tikv-driver]
[2026/07/25 09:49:59.593 +08:00] [INFO] [router_service_discovery.go:273] ["[router service] exit check member loop"]
[2026/07/25 09:49:59.593 +08:00] [INFO] [service_discovery.go:562] ["[pd] exit member loop due to context canceled"]
[2026/07/25 09:49:59.593 +08:00] [INFO] [dispatcher.go:207] ["[tso] stop fetching the pending tso requests due to context canceled"]
[2026/07/25 09:49:59.593 +08:00] [INFO] [dispatcher.go:149] ["[tso] exit tso dispatcher"]
[2026/07/25 09:49:59.593 +08:00] [INFO] [inner_client.go:96] ["[pd] exit router client initializer"]
[2026/07/25 09:49:59.593 +08:00] [INFO] [resource_manager_client.go:341] ["[resource manager] exit resource token dispatcher"]
[2026/07/25 09:49:59.593 +08:00] [INFO] [router_service_discovery.go:287] ["[router service] closing router service discovery"]
[2026/07/25 09:49:59.593 +08:00] [INFO] [watcher.go:73] ["[pd] exit the deadline watcher"] [source=tso]
[2026/07/25 09:49:59.593 +08:00] [INFO] [client.go:277] ["[tso] exit tso connection contexts updater"]
[2026/07/25 09:49:59.593 +08:00] [INFO] [router_service_discovery.go:315] ["[router service] exit health check member loop"]
[2026/07/25 09:49:59.593 +08:00] [INFO] [stream.go:366] ["tsoStream.recvLoop ended"] [stream=127.0.0.1:2379-2] [error="rpc error: code = Canceled desc = context canceled"] [errorVerbose="rpc error: code = Canceled desc = context canceled\ngithub.com/tikv/pd/client/clients/tso.(*tsoStream).recvLoop\n\t/Users/pingcap/go/pkg/mod/github.com/tikv/pd/client@v0.0.0-20260708075407-4e05b9d2c2d3/clients/tso/stream.go:434\nruntime.goexit\n\t/Users/pingcap/go/pkg/mod/golang.org/toolchain@v0.0.1-go1.25.10.darwin-arm64/src/runtime/asm_arm64.s:1268"]
[2026/07/25 09:49:59.593 +08:00] [INFO] [router_service_discovery.go:303] ["[router service] is closed"]
[2026/07/25 09:49:59.593 +08:00] [INFO] [client.go:155] ["[tso] closing tso client"]
[2026/07/25 09:49:59.593 +08:00] [INFO] [client.go:160] ["[tso] close tso client"]
[2026/07/25 09:49:59.593 +08:00] [INFO] [client.go:162] ["[tso] tso client is closed"]
[2026/07/25 09:49:59.593 +08:00] [INFO] [service_discovery.go:653] ["[pd] close service discovery client"]
[2026/07/25 09:49:59.593 +08:00] [INFO] [inner_client.go:275] ["[pd] close client successfully"]
[2026/07/25 09:49:59.593 +08:00] [INFO] [router_service_discovery.go:273] ["[router service] exit check member loop"]
[2026/07/25 09:49:59.593 +08:00] [INFO] [client.go:430] ["[router] connection daemon is exiting"]
[2026/07/25 09:49:59.593 +08:00] [INFO] [service_discovery.go:562] ["[pd] exit member loop due to context canceled"]
[2026/07/25 09:49:59.593 +08:00] [INFO] [router_service_discovery.go:315] ["[router service] exit health check member loop"]
[2026/07/25 09:49:59.593 +08:00] [INFO] [client.go:606] ["[router] stop fetching the pending router requests due to context canceled"]
[2026/07/25 09:49:59.594 +08:00] [INFO] [client.go:587] ["[router] dispatcher is exiting"]
[2026/07/25 09:49:59.594 +08:00] [INFO] [client.go:592] ["[router] dispatcher exited"]
[2026/07/25 09:49:59.593 +08:00] [INFO] [resource_manager_client.go:341] ["[resource manager] exit resource token dispatcher"]
[2026/07/25 09:49:59.593 +08:00] [INFO] [inner_client.go:96] ["[pd] exit router client initializer"]
[2026/07/25 09:49:59.593 +08:00] [INFO] [watcher.go:73] ["[pd] exit the deadline watcher"] [source=tso]
[2026/07/25 09:49:59.593 +08:00] [INFO] [stream.go:366] ["tsoStream.recvLoop ended"] [stream=127.0.0.1:2379-1] [error="rpc error: code = Canceled desc = context canceled"] [errorVerbose="rpc error: code = Canceled desc = context canceled\ngithub.com/tikv/pd/client/clients/tso.(*tsoStream).recvLoop\n\t/Users/pingcap/go/pkg/mod/github.com/tikv/pd/client@v0.0.0-20260708075407-4e05b9d2c2d3/clients/tso/stream.go:434\nruntime.goexit\n\t/Users/pingcap/go/pkg/mod/golang.org/toolchain@v0.0.1-go1.25.10.darwin-arm64/src/runtime/asm_arm64.s:1268"]
[2026/07/25 09:49:59.593 +08:00] [INFO] [dispatcher.go:207] ["[tso] stop fetching the pending tso requests due to context canceled"]
[2026/07/25 09:49:59.594 +08:00] [INFO] [dispatcher.go:149] ["[tso] exit tso dispatcher"]
[2026/07/25 09:49:59.593 +08:00] [INFO] [client.go:277] ["[tso] exit tso connection contexts updater"]
[2026/07/25 09:49:59.594 +08:00] [INFO] [router_service_discovery.go:287] ["[router service] closing router service discovery"]
[2026/07/25 09:49:59.594 +08:00] [INFO] [router_service_discovery.go:303] ["[router service] is closed"]
[2026/07/25 09:49:59.594 +08:00] [INFO] [client.go:155] ["[tso] closing tso client"]
[2026/07/25 09:49:59.594 +08:00] [INFO] [client.go:160] ["[tso] close tso client"]
[2026/07/25 09:49:59.594 +08:00] [INFO] [client.go:162] ["[tso] tso client is closed"]
[2026/07/25 09:49:59.594 +08:00] [INFO] [service_discovery.go:653] ["[pd] close service discovery client"]
[2026/07/25 09:49:59.594 +08:00] [INFO] [inner_client.go:275] ["[pd] close client successfully"]
[2026/07/25 09:49:59.597 +08:00] [INFO] [client.go:356] ["[pd] http client closed"] [source="br/lightning PD controller"]
