[2026/07/25 10:13:24.980 +08:00] [INFO] [meminfo.go:196] ["use physical memory hook"] [cgroupMemorySize=0] [physicalMemorySize=38654705664]
[2026/07/25 10:13:24.982 +08:00] [INFO] [cmd.go:197] ["calculate the rest memory"] [memtotal=38654705664] [memused=30780178432] [memlimit=7337656320]
[2026/07/25 10:13:24.982 +08:00] [INFO] [memory_monitor.go:62] ["Memory monitor starting"] [dump_dir=/tmp/br_heap_dumps] [using_temp_dir=false] [memory_usage_alarm_ratio=0.8] [memory_limit_mb=6997]
[2026/07/25 10:13:24.982 +08:00] [INFO] [info.go:54] ["Welcome to Backup & Restore (BR)"] [release-version=v9.0.0-beta.2.pre-2019-ga942e4684f] [git-hash=a942e4684f4346e8f3b1b4985dfbba38ae6305e2] [git-branch=HEAD] [go-version=go1.25.10] [utc-build-time="2026-07-24 03:50:15"] [race-enabled=false] [for-next-gen?=false]
[2026/07/25 10:13:24.983 +08:00] [INFO] [common.go:991] [arguments] [__command="br restore table"] [checksum=true] [db=ai_br_schema_race_20260725] [log-file=/tmp/ai-br-schema-race-restore-red2.log] [pd="[127.0.0.1:2379]"] [storage=local:///tmp/ai-br-schema-race-20260725] [table=t]
[2026/07/25 10:13:24.987 +08:00] [INFO] [context.go:73] ["BR operation started"] [operation_id=950f9cb1-22cc-4bd4-a317-42d8b176f3e7] [operation_started_at=2026/07/25 10:13:24.987 +08:00] [host=wj.local] [pid=80031] [command="Table Restore"]
[2026/07/25 10:13:24.987 +08:00] [INFO] [common.go:199] ["trying to connect to etcd"] [addr="[127.0.0.1:2379]"]
[2026/07/25 10:13:25.007 +08:00] [INFO] [conn.go:169] ["new mgr"] [pdAddrs="[127.0.0.1:2379]"]
[2026/07/25 10:13:25.011 +08:00] [INFO] [service_discovery.go:1030] ["[pd] switch leader"] [new-leader=http://127.0.0.1:2379] [old-leader=]
[2026/07/25 10:13:25.012 +08:00] [INFO] [service_discovery.go:509] ["[pd] init cluster id"] [cluster-id=7666169322391198283]
[2026/07/25 10:13:25.012 +08:00] [INFO] [client.go:214] ["[tso] switch the tso leader serving url"] [new-url=http://127.0.0.1:2379]
[2026/07/25 10:13:25.012 +08:00] [INFO] [watcher.go:56] ["[pd] start the deadline watcher"] [source=tso]
[2026/07/25 10:13:25.012 +08:00] [INFO] [inner_client.go:173] ["[pd] tso provider changed to pd"]
[2026/07/25 10:13:25.013 +08:00] [INFO] [client.go:251] ["[tso] start tso connection contexts updater"]
[2026/07/25 10:13:25.013 +08:00] [INFO] [inner_client.go:154] ["[pd] service mode changed"] [new-mode=PD_SVC_MODE]
[2026/07/25 10:13:25.012 +08:00] [INFO] [dispatcher.go:146] ["[tso] tso dispatcher created"]
[2026/07/25 10:13:25.013 +08:00] [INFO] [router_service_discovery.go:162] ["[router service] created router service discovery"] [cluster-id=7666169322391198283] [keyspace-id=4294967295] [default-discovery-key=/ms/7666169322391198283/router/registry/]
[2026/07/25 10:13:25.013 +08:00] [INFO] [router_service_discovery.go:174] ["[router service] initializing router service discovery"] [max-retry-times=100] [retry-interval=1s]
[2026/07/25 10:13:25.013 +08:00] [INFO] [dispatcher.go:598] ["[tso] switching tso rpc concurrency"] [old=0] [new=1]
[2026/07/25 10:13:25.014 +08:00] [INFO] [router_service_discovery.go:260] ["[router service] update member sorted urls"] [new-sorted-urls="[]"]
[2026/07/25 10:13:25.014 +08:00] [INFO] [router_service_discovery.go:245] ["[router service] updating nodes succeeded"] [urls="[]"] [clients-length=0]
[2026/07/25 10:13:25.014 +08:00] [INFO] [client.go:424] ["[router] connection daemon is started"]
[2026/07/25 10:13:25.014 +08:00] [INFO] [inner_client.go:91] ["[pd] start router client initializer"]
[2026/07/25 10:13:25.014 +08:00] [INFO] [client.go:585] ["[router] dispatcher is started"]
[2026/07/25 10:13:25.014 +08:00] [INFO] [client.go:509] ["[router] successfully established the leader router stream connection"] [url=http://127.0.0.1:2379]
[2026/07/25 10:13:25.017 +08:00] [INFO] [conn.go:142] ["checked alive KV stores"] [aliveStores=1] [totalStores=1]
[2026/07/25 10:13:25.018 +08:00] [INFO] [service_discovery.go:1030] ["[pd] switch leader"] [new-leader=http://127.0.0.1:2379] [old-leader=]
[2026/07/25 10:13:25.018 +08:00] [INFO] [service_discovery.go:509] ["[pd] init cluster id"] [cluster-id=7666169322391198283]
[2026/07/25 10:13:25.018 +08:00] [INFO] [client.go:214] ["[tso] switch the tso leader serving url"] [new-url=http://127.0.0.1:2379]
[2026/07/25 10:13:25.018 +08:00] [INFO] [inner_client.go:173] ["[pd] tso provider changed to pd"]
[2026/07/25 10:13:25.018 +08:00] [INFO] [watcher.go:56] ["[pd] start the deadline watcher"] [source=tso]
[2026/07/25 10:13:25.018 +08:00] [INFO] [dispatcher.go:146] ["[tso] tso dispatcher created"]
[2026/07/25 10:13:25.018 +08:00] [INFO] [client.go:251] ["[tso] start tso connection contexts updater"]
[2026/07/25 10:13:25.019 +08:00] [INFO] [dispatcher.go:598] ["[tso] switching tso rpc concurrency"] [old=0] [new=1]
[2026/07/25 10:13:25.019 +08:00] [INFO] [inner_client.go:154] ["[pd] service mode changed"] [new-mode=PD_SVC_MODE]
[2026/07/25 10:13:25.019 +08:00] [INFO] [router_service_discovery.go:162] ["[router service] created router service discovery"] [cluster-id=7666169322391198283] [keyspace-id=4294967295] [default-discovery-key=/ms/7666169322391198283/router/registry/]
[2026/07/25 10:13:25.019 +08:00] [INFO] [router_service_discovery.go:174] ["[router service] initializing router service discovery"] [max-retry-times=100] [retry-interval=1s]
[2026/07/25 10:13:25.019 +08:00] [INFO] [router_service_discovery.go:260] ["[router service] update member sorted urls"] [new-sorted-urls="[]"]
[2026/07/25 10:13:25.019 +08:00] [INFO] [router_service_discovery.go:245] ["[router service] updating nodes succeeded"] [urls="[]"] [clients-length=0]
[2026/07/25 10:13:25.019 +08:00] [INFO] [client.go:424] ["[router] connection daemon is started"]
[2026/07/25 10:13:25.019 +08:00] [INFO] [inner_client.go:91] ["[pd] start router client initializer"]
[2026/07/25 10:13:25.019 +08:00] [INFO] [client.go:509] ["[router] successfully established the leader router stream connection"] [url=http://127.0.0.1:2379]
[2026/07/25 10:13:25.019 +08:00] [INFO] [client.go:585] ["[router] dispatcher is started"]
[2026/07/25 10:13:25.019 +08:00] [INFO] [tikv_driver.go:194] ["using API V1."]
[2026/07/25 10:13:25.020 +08:00] [INFO] [metamanager.go:146] ["return meta service group info"] [meta-service-info="{\"PDAddrs\":[\"127.0.0.1:2379\"],\"Group\":{\"GroupID\":\"0\",\"Addrs\":[\"127.0.0.1:2379\"]}}"]
[2026/07/25 10:13:25.024 +08:00] [INFO] [tidb.go:103] ["new domain"] [store=tikv-7666169322391198283/] ["ddl lease"=45s] ["stats lease"=-1ns]
[2026/07/25 10:13:25.053 +08:00] [INFO] [info.go:279] ["init TiFlashReplicaManager"]
[2026/07/25 10:13:25.080 +08:00] [INFO] [domain.go:2708] [acquireServerID] [serverID=1209] ["lease id"=22319f95e1292f6c]
[2026/07/25 10:13:25.085 +08:00] [INFO] [global_controller.go:219] ["load resource controller config"] [config="{\"degraded-mode-wait-duration\":\"0s\",\"ltb-max-wait-duration\":\"30s\",\"ltb-token-rpc-max-delay\":\"1s\",\"request-unit\":{\"read-base-cost\":0.125,\"read-per-batch-base-cost\":0.5,\"read-cost-per-byte\":0.0000152587890625,\"write-base-cost\":1,\"write-per-batch-base-cost\":1,\"write-cost-per-byte\":0.0009765625,\"read-cpu-ms-cost\":0.3333333333333333},\"enable-controller-trace-log\":\"false\",\"token-rpc-params\":{\"wait-retry-interval\":\"50ms\",\"wait-retry-times\":20}}"] [ru-config="{\"ReadBaseCost\":0.125,\"ReadPerBatchBaseCost\":0.5,\"ReadBytesCost\":0.0000152587890625,\"WriteBaseCost\":1,\"WritePerBatchBaseCost\":1,\"WriteBytesCost\":0.0009765625,\"CPUMsCost\":0.3333333333333333,\"LTBMaxWaitDuration\":30000000000,\"WaitRetryInterval\":50000000,\"WaitRetryTimes\":20,\"DegradedModeWaitDuration\":0}"] [keyspace-id=4294967295]
[2026/07/25 10:13:25.088 +08:00] [INFO] [store_cache.go:572] ["change store resolve state"] [store=1] [addr=127.0.0.1:20160] [from=unresolved] [to=resolved] [liveness-state=reachable]
[2026/07/25 10:13:25.106 +08:00] [INFO] [loader.go:281] ["full load InfoSchema success"] [mode=auto] [isV2=true] [currentSchemaVersion=0] [neededSchemaVersion=1611] ["elapsed time"=11.356167ms]
[2026/07/25 10:13:25.111 +08:00] [INFO] [syncer.go:456] ["full load and reset schema validator"]
[2026/07/25 10:13:25.111 +08:00] [INFO] [ddl.go:1068] ["change job version in use"] [category=ddl] [old=v1] [new=v2]
[2026/07/25 10:13:25.112 +08:00] [INFO] [ddl.go:1074] ["change global index V1 support"] [category=ddl] [old=false] [new=true]
[2026/07/25 10:13:25.112 +08:00] [INFO] [ddl.go:881] ["start DDL"] [category=ddl] [ID=3d78b43a-6aa8-412e-a788-ba89688963bc] [runWorker=false] [jobVersion=v2] [startMode=br]
[2026/07/25 10:13:25.112 +08:00] [INFO] [ddl.go:856] ["start delRangeManager OK"] [category=ddl] ["is a emulator"=false]
[2026/07/25 10:13:25.117 +08:00] [INFO] [env.go:123] ["the ingest sorted directory"] [category=ddl-ingest] ["data path"=/tmp/tidb/tmp_ddl-4000]
[2026/07/25 10:13:25.118 +08:00] [WARN] [env.go:84] ["ingest backfill may not be available"] [category=ddl-ingest] [error="the available disk space(9936941056) in /tmp/tidb/tmp_ddl-4000 should be greater than @@tidb_ddl_disk_quota(107374182400)"] [errorVerbose="the available disk space(9936941056) in /tmp/tidb/tmp_ddl-4000 should be greater than @@tidb_ddl_disk_quota(107374182400)\ngithub.com/pingcap/tidb/pkg/ddl/ingest.(*diskRootImpl).StartupCheck\n\t/Users/pingcap/workspace/bp-tidb-release-darwin-arm64-npwgw-build-binaries/source/tidb/pkg/ddl/ingest/disk_root.go:191\ngithub.com/pingcap/tidb/pkg/ddl/ingest.InitGlobalLightningEnv\n\t/Users/pingcap/workspace/bp-tidb-release-darwin-arm64-npwgw-build-binaries/source/tidb/pkg/ddl/ingest/env.go:82\ngithub.com/pingcap/tidb/pkg/ddl.(*ddl).Start\n\t/Users/pingcap/workspace/bp-tidb-release-darwin-arm64-npwgw-build-binaries/source/tidb/pkg/ddl/ddl.go:942\ngithub.com/pingcap/tidb/pkg/domain.(*Domain).Start\n\t/Users/pingcap/workspace/bp-tidb-release-darwin-arm64-npwgw-build-binaries/source/tidb/pkg/domain/domain.go:809\ngithub.com/pingcap/tidb/br/pkg/gluetidb.Glue.startDomainAsNeeded\n\t/Users/pingcap/workspace/bp-tidb-release-darwin-arm64-npwgw-build-binaries/source/tidb/br/pkg/gluetidb/glue.go:150\ngithub.com/pingcap/tidb/br/pkg/gluetidb.Glue.GetDomain\n\t/Users/pingcap/workspace/bp-tidb-release-darwin-arm64-npwgw-build-binaries/source/tidb/br/pkg/gluetidb/glue.go:102\ngithub.com/pingcap/tidb/br/pkg/conn.NewMgr\n\t/Users/pingcap/workspace/bp-tidb-release-darwin-arm64-npwgw-build-binaries/source/tidb/br/pkg/conn/conn.go:219\ngithub.com/pingcap/tidb/br/pkg/task.NewMgr\n\t/Users/pingcap/workspace/bp-tidb-release-darwin-arm64-npwgw-build-binaries/source/tidb/br/pkg/task/common.go:874\ngithub.com/pingcap/tidb/br/pkg/task.RunRestore\n\t/Users/pingcap/workspace/bp-tidb-release-darwin-arm64-npwgw-build-binaries/source/tidb/br/pkg/task/restore.go:1019\nmain.runRestoreCommand\n\t/Users/pingcap/workspace/bp-tidb-release-darwin-arm64-npwgw-build-binaries/source/tidb/br/cmd/br/restore.go:92\nmain.newTableRestoreCommand.func1\n\t/Users/pingcap/workspace/bp-tidb-release-darwin-arm64-npwgw-build-binaries/source/tidb/br/cmd/br/restore.go:226\ngithub.com/spf13/cobra.(*Command).execute\n\t/Users/pingcap/go/pkg/mod/github.com/spf13/cobra@v1.10.2/command.go:1015\ngithub.com/spf13/cobra.(*Command).ExecuteC\n\t/Users/pingcap/go/pkg/mod/github.com/spf13/cobra@v1.10.2/command.go:1148\ngithub.com/spf13/cobra.(*Command).Execute\n\t/Users/pingcap/go/pkg/mod/github.com/spf13/cobra@v1.10.2/command.go:1071\nmain.main\n\t/Users/pingcap/workspace/bp-tidb-release-darwin-arm64-npwgw-build-binaries/source/tidb/br/cmd/br/main.go:42\nruntime.main\n\t/Users/pingcap/go/pkg/mod/golang.org/toolchain@v0.0.1-go1.25.10.darwin-arm64/src/runtime/proc.go:285\nruntime.goexit\n\t/Users/pingcap/go/pkg/mod/golang.org/toolchain@v0.0.1-go1.25.10.darwin-arm64/src/runtime/asm_arm64.s:1268"]
[2026/07/25 10:13:25.119 +08:00] [INFO] [env.go:88] ["init global ingest backend environment finished"] [category=ddl-ingest] ["memory limitation"=19327352832] ["disk usage info"="disk usage: 984725643264/994662584320, backend usage: 0"] ["max open file number"=138240] ["lightning is initialized"=true]
[2026/07/25 10:13:25.119 +08:00] [INFO] [wait_group_wrapper.go:141] ["background process started"] [source=domain] [process=loadSchemaInLoop]
[2026/07/25 10:13:25.119 +08:00] [INFO] [wait_group_wrapper.go:141] ["background process started"] [source=domain] [process=mdlCheckLoop]
[2026/07/25 10:13:25.119 +08:00] [INFO] [wait_group_wrapper.go:141] ["background process started"] [source=domain] [process=topNSlowQueryLoop]
[2026/07/25 10:13:25.119 +08:00] [INFO] [wait_group_wrapper.go:141] ["background process started"] [source=domain] [process=infoSyncerKeeper]
[2026/07/25 10:13:25.119 +08:00] [INFO] [wait_group_wrapper.go:141] ["background process started"] [source=domain] [process=globalConfigSyncerKeeper]
[2026/07/25 10:13:25.119 +08:00] [INFO] [wait_group_wrapper.go:141] ["background process started"] [source=domain] [process=runawayRecordFlushLoop]
[2026/07/25 10:13:25.119 +08:00] [INFO] [wait_group_wrapper.go:141] ["background process started"] [source=domain] [process=runawayWatchSyncLoop]
[2026/07/25 10:13:25.119 +08:00] [INFO] [wait_group_wrapper.go:141] ["background process started"] [source=domain] [process=requestUnitsWriterLoop]
[2026/07/25 10:13:25.119 +08:00] [INFO] [wait_group_wrapper.go:141] ["background process started"] [source=domain] [process=closestReplicaReadCheckLoop]
[2026/07/25 10:13:25.122 +08:00] [INFO] [manager.go:289] ["start campaign owner"] [key=/tidb/stats/owner] [id=3d78b43a-6aa8-412e-a788-ba89688963bc]
[2026/07/25 10:13:25.127 +08:00] [INFO] [wait_group_wrapper.go:141] ["background process started"] [source=domain] [process=indexUsageWorker]
[2026/07/25 10:13:25.127 +08:00] [INFO] [wait_group_wrapper.go:141] ["background process started"] [source=domain] [process=quitStatsOwner]
[2026/07/25 10:13:25.128 +08:00] [WARN] [sysvar_cache.go:53] ["sysvar cache is empty, triggering rebuild"]
[2026/07/25 10:13:25.142 +08:00] [WARN] [global_controller.go:850] ["[resource group controller] resource group name does not exist"] [name=default]
[2026/07/25 10:13:25.144 +08:00] [INFO] [client.go:434] ["[router] follower handle status changed"] [enable=true]
[2026/07/25 10:13:25.144 +08:00] [INFO] [sysvar.go:3400] ["set resource control"] [enable=true]
[2026/07/25 10:13:25.144 +08:00] [INFO] [inner_client.go:103] ["[pd] notified to disable the router client"]
[2026/07/25 10:13:25.144 +08:00] [INFO] [client.go:325] ["[router] closing router client"]
[2026/07/25 10:13:25.144 +08:00] [INFO] [client.go:606] ["[router] stop fetching the pending router requests due to context canceled"]
[2026/07/25 10:13:25.144 +08:00] [INFO] [client.go:587] ["[router] dispatcher is exiting"]
[2026/07/25 10:13:25.144 +08:00] [INFO] [client.go:592] ["[router] dispatcher exited"]
[2026/07/25 10:13:25.144 +08:00] [INFO] [client.go:430] ["[router] connection daemon is exiting"]
[2026/07/25 10:13:25.144 +08:00] [INFO] [client.go:330] ["[router] router client is closed"]
[2026/07/25 10:13:25.144 +08:00] [INFO] [client.go:434] ["[router] follower handle status changed"] [enable=true]
[2026/07/25 10:13:25.144 +08:00] [INFO] [pd.go:880] ["set follower handle"] [enable=true]
[2026/07/25 10:13:25.145 +08:00] [INFO] [glue.go:196] ["one shot session closed"]
[2026/07/25 10:13:25.145 +08:00] [INFO] [restore.go:1307] ["starting snapshot restore"]
[2026/07/25 10:13:25.146 +08:00] [INFO] [restore.go:1378] ["Checking incompatible TiCDC changefeeds before restoring."] [restore-ts=467912759524720641]
[2026/07/25 10:13:25.148 +08:00] [INFO] [global_controller.go:586] ["[resource group controller] create resource group cost controller"] [name=default]
[2026/07/25 10:13:25.148 +08:00] [INFO] [restore.go:862] ["set new_collation_enabled"] [new_collation_enabled=true]
[2026/07/25 10:13:25.149 +08:00] [INFO] [client.go:308] ["per-store download worker pool"] [size=64]
[2026/07/25 10:13:25.150 +08:00] [INFO] [client.go:314] ["region scan request concurrency"] [size=256]
[2026/07/25 10:13:25.150 +08:00] [INFO] [client.go:325] ["split region index step"] [step=128]
[2026/07/25 10:13:25.150 +08:00] [INFO] [client.go:336] ["coarse scatter"] [enabled=false]
[2026/07/25 10:13:25.150 +08:00] [INFO] [client.go:385] ["set placement policy mode"] [mode=STRICT]
[2026/07/25 10:13:25.164 +08:00] [INFO] [registration.go:701] ["no existing tasks found with same parameters"] [restored_ts=0]
[2026/07/25 10:13:25.164 +08:00] [INFO] [registration.go:308] ["attempting to resume or create registration"] [filter_strings=`ai_br_schema_race_20260725`.`t`] [start_ts=0] [restored_ts=0] [upstream_cluster_id=7666169322391198283] [with_sys_table=true] [cmd="Table Restore"] [is_restored_ts_user_specified=false]
[2026/07/25 10:13:25.172 +08:00] [INFO] [registration.go:395] ["successfully created new registration"] [restore_id=22055959] [filters="[`ai_br_schema_race_20260725`.`t`]"]
[2026/07/25 10:13:25.173 +08:00] [INFO] [context.go:123] ["BR operation hint field resolved"] [operation_id=950f9cb1-22cc-4bd4-a317-42d8b176f3e7] [operation_started_at=2026/07/25 10:13:24.987 +08:00] [hint_key=restore_id] [hint_value=22055959]
[2026/07/25 10:13:25.173 +08:00] [INFO] [stream.go:2516] ["registered restore task"] [restoreID=22055959] [cmdName="Table Restore"]
[2026/07/25 10:13:25.174 +08:00] [INFO] [registration.go:667] ["started heartbeat manager for restore task"] [restore_id=22055959]
[2026/07/25 10:13:25.174 +08:00] [INFO] [client.go:903] ["loaded backup meta"] [databases=1] [jobs=0]
[2026/07/25 10:13:25.174 +08:00] [INFO] [client.go:302] ["download coarse worker pool"] [size=2048]
[2026/07/25 10:13:25.177 +08:00] [INFO] [client.go:1494] ["mark full cluster restore"] [value=false]
[2026/07/25 10:13:25.177 +08:00] [WARN] [restore.go:1445] ["Cannot set --fast-load-sys-tables when it is not full restore. Fallback to logically load stats."]
[2026/07/25 10:13:25.177 +08:00] [WARN] [restore.go:1449] ["Cannot set --fast-load-sys-tables when it is not full restore. Fallback to logically load system tables."]
[2026/07/25 10:13:25.177 +08:00] [INFO] [restore.go:383] ["hash of restore config"] [hash=1283ecdf3aa737fd5565f3a1f0f7c0be27910e1438ea547b22e57537a4aaf9ee] [config="{\"CmdName\":\"Table Restore\",\"UpstreamClusterID\":7666169322391198283,\"Storage\":\"local:///tmp/ai-br-schema-race-20260725\",\"ExplictFilter\":false,\"FilterStr\":[\"`ai_br_schema_race_20260725`.`t`\"],\"WithSysTable\":true,\"FastLoadSysTables\":true,\"LoadStats\":true}"]
[2026/07/25 10:13:25.177 +08:00] [INFO] [restore.go:1471] ["checkpoint status in restore"] [enabled=true] [exists=false]
[2026/07/25 10:13:25.177 +08:00] [INFO] [restore.go:1481] ["found items to restore after filtering"] [tables=1] [db=1]
[2026/07/25 10:13:25.177 +08:00] [INFO] [restore.go:1576] ["checking ongoing conflicting restore task using restore registry"] [tables_count=1] [current_restore_id=22055959]
[2026/07/25 10:13:25.179 +08:00] [INFO] [registration.go:555] ["found zero existing registered tasks"]
[2026/07/25 10:13:25.179 +08:00] [INFO] [restore.go:1990] ["estimate tikv usage"] ["total size"=3930] [replicaCnt=1] ["store count"=1]
[2026/07/25 10:13:25.179 +08:00] [INFO] [restore.go:2058] ["preserved disk space"] [tikv=4323] [tiflash=0]
[2026/07/25 10:13:25.181 +08:00] [INFO] [client.go:463] ["registering the table IDs"] [ids="ID:[1350,1351)"]
[2026/07/25 10:13:25.181 +08:00] [INFO] [import_mode_switcher.go:212] ["switch to import mode for offline restore"]
[2026/07/25 10:13:25.181 +08:00] [INFO] [import_mode_switcher.go:147] ["switch to import mode at beginning"]
[2026/07/25 10:13:25.263 +08:00] [INFO] [pd.go:649] ["removing scheduler on region"]
[2026/07/25 10:13:25.296 +08:00] [INFO] [executor.go:7285] ["DDL job submitted"] [category=ddl] [job="ID:1352, Type:create schema, State:queueing, SchemaState:none, SchemaID:1351, TableID:0, RowCount:0, ArgLen:1, start time: 2026-07-25 10:13:25.261 +0800 CST, Err:<nil>, ErrCount:0, SnapshotVersion:0, Version: v2"] [query="CREATE DATABASE IF NOT EXISTS `__TiDB_BR_Temporary_Snapshot_Restore_Checkpoint_22055959`;"]
[2026/07/25 10:13:25.301 +08:00] [INFO] [job_submitter.go:118] ["add DDL jobs"] [category=ddl] ["batch count"=1] [jobs="ID:1352, Type:create schema, State:queueing, SchemaState:none, SchemaID:1351, TableID:0, RowCount:0, ArgLen:1, start time: 2026-07-25 10:13:25.261 +0800 CST, Err:<nil>, ErrCount:0, SnapshotVersion:0, Version: v2; "] [fast_create=true]
[2026/07/25 10:13:25.310 +08:00] [INFO] [loader.go:216] ["diff load InfoSchema success"] [mode=auto] [isV2=true] [currVer=1611] [neededVer=1612] [gotVer=1612] ["elapsed time"=124.208µs] [phyTblIDs="[]"] [actionTypes="[]"] [diffTypes="[\"create schema\"]"]
[2026/07/25 10:13:25.311 +08:00] [INFO] [syncer.go:258] ["session manager is nil"]
[2026/07/25 10:13:25.315 +08:00] [INFO] [syncer.go:281] ["mdl gets lock, update self version to owner"] [jobID=1352] [version=1612]
[2026/07/25 10:13:25.384 +08:00] [INFO] [loader.go:216] ["diff load InfoSchema success"] [mode=auto] [isV2=true] [currVer=1612] [neededVer=1613] [gotVer=1613] ["elapsed time"=427.334µs] [phyTblIDs="[1353]"] [actionTypes="[3]"] [diffTypes="[\"create table\"]"]
[2026/07/25 10:13:25.388 +08:00] [INFO] [syncer.go:258] ["session manager is nil"]
[2026/07/25 10:13:25.389 +08:00] [INFO] [syncer.go:281] ["mdl gets lock, update self version to owner"] [jobID=1354] [version=1613]
[2026/07/25 10:13:25.801 +08:00] [INFO] [executor.go:7423] ["DDL job is finished"] [category=ddl] [jobID=1352]
[2026/07/25 10:13:25.801 +08:00] [INFO] [session.go:5229] ["CRUCIAL OPERATION"] [conn=0] [schemaVersion=1613] [cur_db=] [sql="CREATE DATABASE IF NOT EXISTS `__TiDB_BR_Temporary_Snapshot_Restore_Checkpoint_22055959`;"] [user=]
[2026/07/25 10:13:25.803 +08:00] [INFO] [add_column.go:1339] ["Automatically convert BLOB(524288) to MEDIUMBLOB"] [category=ddl]
[2026/07/25 10:13:25.814 +08:00] [INFO] [executor.go:7285] ["DDL job submitted"] [category=ddl] [job="ID:1356, Type:create table, State:queueing, SchemaState:none, SchemaID:1351, TableID:1355, RowCount:0, ArgLen:1, start time: 2026-07-25 10:13:25.761 +0800 CST, Err:<nil>, ErrCount:0, SnapshotVersion:0, Version: v2"] [query="\t\tCREATE TABLE `__TiDB_BR_Temporary_Snapshot_Restore_Checkpoint_22055959`.`cpt_data` (\n\t\t\tuuid binary(32) NOT NULL,\n\t\t\tsegment_id BIGINT NOT NULL,\n\t\t\tdata BLOB(524288) NOT NULL,\n\t\t\tupdate_time TIMESTAMP DEFAULT CURRENT_TIMESTAMP,\n\t\t\tPRIMARY KEY(uuid, segment_id));"]
[2026/07/25 10:13:25.820 +08:00] [INFO] [job_submitter.go:118] ["add DDL jobs"] [category=ddl] ["batch count"=1] [jobs="ID:1356, Type:create table, State:queueing, SchemaState:none, SchemaID:1351, TableID:1355, RowCount:0, ArgLen:1, start time: 2026-07-25 10:13:25.761 +0800 CST, Err:<nil>, ErrCount:0, SnapshotVersion:0, Version: v2; "] [fast_create=true]
[2026/07/25 10:13:25.832 +08:00] [INFO] [loader.go:216] ["diff load InfoSchema success"] [mode=auto] [isV2=true] [currVer=1613] [neededVer=1614] [gotVer=1614] ["elapsed time"=583.458µs] [phyTblIDs="[1355]"] [actionTypes="[3]"] [diffTypes="[\"create table\"]"]
[2026/07/25 10:13:25.833 +08:00] [INFO] [syncer.go:258] ["session manager is nil"]
[2026/07/25 10:13:25.834 +08:00] [INFO] [syncer.go:281] ["mdl gets lock, update self version to owner"] [jobID=1356] [version=1614]
[2026/07/25 10:13:26.319 +08:00] [INFO] [executor.go:7423] ["DDL job is finished"] [category=ddl] [jobID=1356]
[2026/07/25 10:13:26.320 +08:00] [INFO] [session.go:5229] ["CRUCIAL OPERATION"] [conn=0] [schemaVersion=1614] [cur_db=] [sql="\t\tCREATE TABLE `__TiDB_BR_Temporary_Snapshot_Restore_Checkpoint_22055959`.`cpt_data` (\n\t\t\tuuid binary(32) NOT NULL,\n\t\t\tsegment_id BIGINT NOT NULL,\n\t\t\tdata BLOB(524288) NOT NULL,\n\t\t\tupdate_time TIMESTAMP DEFAULT CURRENT_TIMESTAMP,\n\t\t\tPRIMARY KEY(uuid, segment_id));"] [user=]
[2026/07/25 10:13:26.321 +08:00] [INFO] [add_column.go:1339] ["Automatically convert BLOB(524288) to MEDIUMBLOB"] [category=ddl]
[2026/07/25 10:13:26.329 +08:00] [INFO] [executor.go:7285] ["DDL job submitted"] [category=ddl] [job="ID:1358, Type:create table, State:queueing, SchemaState:none, SchemaID:1351, TableID:1357, RowCount:0, ArgLen:1, start time: 2026-07-25 10:13:26.311 +0800 CST, Err:<nil>, ErrCount:0, SnapshotVersion:0, Version: v2"] [query="\t\tCREATE TABLE `__TiDB_BR_Temporary_Snapshot_Restore_Checkpoint_22055959`.`cpt_checksum` (\n\t\t\tuuid binary(32) NOT NULL,\n\t\t\tsegment_id BIGINT NOT NULL,\n\t\t\tdata BLOB(524288) NOT NULL,\n\t\t\tupdate_time TIMESTAMP DEFAULT CURRENT_TIMESTAMP,\n\t\t\tPRIMARY KEY(uuid, segment_id));"]
[2026/07/25 10:13:26.335 +08:00] [INFO] [job_submitter.go:118] ["add DDL jobs"] [category=ddl] ["batch count"=1] [jobs="ID:1358, Type:create table, State:queueing, SchemaState:none, SchemaID:1351, TableID:1357, RowCount:0, ArgLen:1, start time: 2026-07-25 10:13:26.311 +0800 CST, Err:<nil>, ErrCount:0, SnapshotVersion:0, Version: v2; "] [fast_create=true]
[2026/07/25 10:13:26.349 +08:00] [INFO] [loader.go:216] ["diff load InfoSchema success"] [mode=auto] [isV2=true] [currVer=1614] [neededVer=1615] [gotVer=1615] ["elapsed time"=523.875µs] [phyTblIDs="[1357]"] [actionTypes="[3]"] [diffTypes="[\"create table\"]"]
[2026/07/25 10:13:26.351 +08:00] [INFO] [syncer.go:258] ["session manager is nil"]
[2026/07/25 10:13:26.352 +08:00] [INFO] [syncer.go:281] ["mdl gets lock, update self version to owner"] [jobID=1358] [version=1615]
[2026/07/25 10:13:26.834 +08:00] [INFO] [executor.go:7423] ["DDL job is finished"] [category=ddl] [jobID=1358]
[2026/07/25 10:13:26.834 +08:00] [INFO] [session.go:5229] ["CRUCIAL OPERATION"] [conn=0] [schemaVersion=1615] [cur_db=] [sql="\t\tCREATE TABLE `__TiDB_BR_Temporary_Snapshot_Restore_Checkpoint_22055959`.`cpt_checksum` (\n\t\t\tuuid binary(32) NOT NULL,\n\t\t\tsegment_id BIGINT NOT NULL,\n\t\t\tdata BLOB(524288) NOT NULL,\n\t\t\tupdate_time TIMESTAMP DEFAULT CURRENT_TIMESTAMP,\n\t\t\tPRIMARY KEY(uuid, segment_id));"] [user=]
[2026/07/25 10:13:26.836 +08:00] [INFO] [add_column.go:1339] ["Automatically convert BLOB(524288) to MEDIUMBLOB"] [category=ddl]
[2026/07/25 10:13:26.842 +08:00] [INFO] [executor.go:7285] ["DDL job submitted"] [category=ddl] [job="ID:1360, Type:create table, State:queueing, SchemaState:none, SchemaID:1351, TableID:1359, RowCount:0, ArgLen:1, start time: 2026-07-25 10:13:26.811 +0800 CST, Err:<nil>, ErrCount:0, SnapshotVersion:0, Version: v2"] [query="\t\tCREATE TABLE `__TiDB_BR_Temporary_Snapshot_Restore_Checkpoint_22055959`.`cpt_metadata` (\n\t\t\tsegment_id BIGINT NOT NULL,\n\t\t\tdata BLOB(524288) NOT NULL,\n\t\t\tupdate_time TIMESTAMP DEFAULT CURRENT_TIMESTAMP,\n\t\t\tPRIMARY KEY(segment_id));"]
[2026/07/25 10:13:26.848 +08:00] [INFO] [job_submitter.go:118] ["add DDL jobs"] [category=ddl] ["batch count"=1] [jobs="ID:1360, Type:create table, State:queueing, SchemaState:none, SchemaID:1351, TableID:1359, RowCount:0, ArgLen:1, start time: 2026-07-25 10:13:26.811 +0800 CST, Err:<nil>, ErrCount:0, SnapshotVersion:0, Version: v2; "] [fast_create=true]
[2026/07/25 10:13:26.861 +08:00] [INFO] [loader.go:216] ["diff load InfoSchema success"] [mode=auto] [isV2=true] [currVer=1615] [neededVer=1616] [gotVer=1616] ["elapsed time"=432.167µs] [phyTblIDs="[1359]"] [actionTypes="[3]"] [diffTypes="[\"create table\"]"]
[2026/07/25 10:13:26.862 +08:00] [INFO] [syncer.go:258] ["session manager is nil"]
[2026/07/25 10:13:26.862 +08:00] [INFO] [syncer.go:281] ["mdl gets lock, update self version to owner"] [jobID=1360] [version=1616]
[2026/07/25 10:13:27.021 +08:00] [INFO] [pd.go:434] ["adaptive update ts interval state transition"] [configuredInterval=2s] [prevAdaptiveUpdateInterval=2s] [newAdaptiveUpdateInterval=2s] [requiredStaleness=0s] [prevState=unknown(0)] [newState=normal]
[2026/07/25 10:13:27.119 +08:00] [INFO] [info.go:988] [SetTiFlashGroupConfig]
[2026/07/25 10:13:27.347 +08:00] [INFO] [executor.go:7423] ["DDL job is finished"] [category=ddl] [jobID=1360]
[2026/07/25 10:13:27.348 +08:00] [INFO] [session.go:5229] ["CRUCIAL OPERATION"] [conn=0] [schemaVersion=1616] [cur_db=] [sql="\t\tCREATE TABLE `__TiDB_BR_Temporary_Snapshot_Restore_Checkpoint_22055959`.`cpt_metadata` (\n\t\t\tsegment_id BIGINT NOT NULL,\n\t\t\tdata BLOB(524288) NOT NULL,\n\t\t\tupdate_time TIMESTAMP DEFAULT CURRENT_TIMESTAMP,\n\t\t\tPRIMARY KEY(segment_id));"] [user=]
[2026/07/25 10:13:27.353 +08:00] [INFO] [restore.go:1675] ["try to reuse restore start timestamp for blocklist"] ["new restore start ts"=0] ["old restore start ts"=0]
[2026/07/25 10:13:27.355 +08:00] [INFO] [pitr_collector.go:495] ["Load max copy concurrency"] [maxCopyConcurrency=64] [stores=1]
[2026/07/25 10:13:27.365 +08:00] [WARN] [restore.go:2411] ["set max-index-length to max(3072*4) to skip check index length in DDL"]
[2026/07/25 10:13:27.366 +08:00] [WARN] [restore.go:2413] ["set index-limit to max(64*8) to skip check index count in DDL"]
[2026/07/25 10:13:27.366 +08:00] [WARN] [restore.go:2415] ["set table-column-count to max(4096) to skip check column count in DDL"]
[2026/07/25 10:13:27.366 +08:00] [INFO] [client.go:1122] ["create databases in db pool"] ["pool size"=64] ["number of db"=1]
[2026/07/25 10:13:27.366 +08:00] [INFO] [db.go:142] ["create database"] [name=ai_br_schema_race_20260725]
[2026/07/25 10:13:27.366 +08:00] [INFO] [client.go:1173] ["start create tables"] ["total count"=1]
[2026/07/25 10:13:27.366 +08:00] [INFO] [client.go:1381] ["create tables"] ["table start"=0] ["table end"=1]
[2026/07/25 10:13:27.366 +08:00] [INFO] [client.go:1202] ["client to create tables"]
[2026/07/25 10:13:27.366 +08:00] [INFO] [client.go:1397] ["tables created"] [speed="5939.12 ops/s"] [num=1]
[2026/07/25 10:13:27.366 +08:00] [INFO] [client.go:979] ["reset pd timestamp"] [ts=467912759524720641]
[2026/07/25 10:13:27.367 +08:00] [INFO] [tikv_sender.go:131] ["start to merge ranges"] ["kv size threshold"=268435456] ["kv count threshold"=2560000]
[2026/07/25 10:13:27.368 +08:00] [INFO] [tikv_sender.go:148] ["merge and validate file"] ["new physical ID"=1353] ["old physical ID"=1331] [Files(total)=2] [File(write)=2] [File(default)=0] [Region(total)=2] ["Regoin(keys avg)"=2] ["Region(bytes avg)"=69] [Merged(regions)=2] ["Merged(keys avg)"=2] ["Merged(bytes avg)"=69]
[2026/07/25 10:13:27.368 +08:00] [INFO] [tikv_sender.go:251] ["merge ranges across tables due to the last group"] ["merged kv size"=139] ["merged kv count"=4] ["merged range count"=2]
[2026/07/25 10:13:27.368 +08:00] [INFO] [tikv_sender.go:259] ["range and file prepared"] ["default file count"=0] ["write file count"=2]
[2026/07/25 10:13:27.368 +08:00] [INFO] [tikv_sender.go:304] ["Restore Stage Duration"] [stage="merge ranges"] [take=596.833µs]
[2026/07/25 10:13:27.368 +08:00] [INFO] [split.go:97] ["execute split sorted keys"] ["keys count"=1]
[2026/07/25 10:13:27.369 +08:00] [INFO] [split.go:121] ["finish spliting regions roughly"] [take=83ns]
[2026/07/25 10:13:27.369 +08:00] [INFO] [client.go:684] ["paginate scan regions"] [count=1] [start=7480000000000005FF495F72FFFFFFFFFFFFFFFFFF0000000000FB] [end=7480000000000005FF495F72FFFFFFFFFFFFFFFFFF0000000000FC]
[2026/07/25 10:13:27.376 +08:00] [INFO] [client.go:239] ["scatter regions"] [regions=1]
[2026/07/25 10:13:27.377 +08:00] [INFO] [split.go:147] ["finish splitting and scattering regions. and starts to wait"] [regions=1] [take=8.029291ms]
[2026/07/25 10:13:27.377 +08:00] [INFO] [split.go:167] ["start to wait for scattering regions"] [regions=1]
[2026/07/25 10:13:27.377 +08:00] [INFO] [split.go:171] ["waiting for scattering regions done"] [regions=1] [take=272.875µs]
[2026/07/25 10:13:27.377 +08:00] [INFO] [split.go:128] ["finish spliting and scattering regions"] [take=8.553708ms]
[2026/07/25 10:13:27.377 +08:00] [INFO] [tikv_sender.go:355] ["Restore Stage Duration"] [stage="split regions"] [take=8.83725ms]
[2026/07/25 10:13:27.377 +08:00] [INFO] [tikv_sender.go:314] ["start to check and compact the restore range"]
[2026/07/25 10:13:27.378 +08:00] [INFO] [progress.go:176] [progress] [step="Split&Scatter Regions"] [progress=100.00%] [count="1 / 1"] [speed="? p/s"] [elapsed=0s] [remaining=0s]
[2026/07/25 10:13:27.450 +08:00] [INFO] [import.go:1198] ["finish ingesting into a region."] [sn=0] [region#=0] [total#=1] [region="{ID=6177,startKey=7480000000000005FF4900000000000000F8,endKey=7480000000000005FF495F72FFFFFFFFFFFFFFFFFF0000000000FB,epoch=\"conf_ver:1 version:425 \",peers=\"id:6178 store_id:1 \"}"] [sst=2]
[2026/07/25 10:13:27.450 +08:00] [INFO] [restorer.go:374] ["import files done"] [sn=0] [take=72.140666ms]
[2026/07/25 10:13:27.451 +08:00] [INFO] [restorer.go:340] ["Restore Stage Duration"] [stage="restore files"] [take=72.438666ms]
[2026/07/25 10:13:27.451 +08:00] [INFO] [tikv_sender.go:331] ["start to remove the force partition restore range"]
[2026/07/25 10:13:27.451 +08:00] [INFO] [progress.go:176] [progress] [step="Download&Ingest SST"] [progress=100.00%] [count="1 / 1"] [speed="? p/s"] [elapsed=100ms] [remaining=100ms]
[2026/07/25 10:13:27.451 +08:00] [INFO] [client.go:1577] ["did not find checksum from checkpoint, scanning table to calculate checksum"] [db=ai_br_schema_race_20260725] [table=t]
[2026/07/25 10:13:27.455 +08:00] [INFO] [client.go:1641] ["success in validating checksum"] [db=ai_br_schema_race_20260725] [table=t]
[2026/07/25 10:13:27.455 +08:00] [INFO] [pipeline_items.go:417] ["all checksum ended"]
[2026/07/25 10:13:27.455 +08:00] [INFO] [pipeline_items.go:603] ["start update metas"] [table=t] [db=ai_br_schema_race_20260725]
[2026/07/25 10:13:27.461 +08:00] [INFO] [pipeline_items.go:615] ["all stats updated"]
[2026/07/25 10:13:27.461 +08:00] [INFO] [progress.go:176] [progress] [step="Restore Pipeline"] [progress=100.00%] [count="2 / 2"] [speed="? p/s"] [elapsed=0s] [remaining=0s]
[2026/07/25 10:13:27.461 +08:00] [INFO] [restore.go:1919] ["restoring system schemas"] [withSys=true] [filter="[`ai_br_schema_race_20260725`.`t`]"]
[2026/07/25 10:13:27.461 +08:00] [INFO] [systable_restore.go:383] ["system database filtered out"] [database=mysql]
[2026/07/25 10:13:27.463 +08:00] [INFO] [session.go:5229] ["CRUCIAL OPERATION"] [conn=0] [schemaVersion=1616] [cur_db=] [sql="DROP DATABASE IF EXISTS `__tidb_br_temporary_mysql`"] [user=]
[2026/07/25 10:13:27.465 +08:00] [INFO] [systable_restore.go:383] ["system database filtered out"] [database=sys]
[2026/07/25 10:13:27.465 +08:00] [INFO] [session.go:5229] ["CRUCIAL OPERATION"] [conn=0] [schemaVersion=1616] [cur_db=] [sql="DROP DATABASE IF EXISTS `__tidb_br_temporary_sys`"] [user=]
[2026/07/25 10:13:27.465 +08:00] [INFO] [systable_restore.go:383] ["system database filtered out"] [database=workload_schema]
[2026/07/25 10:13:27.465 +08:00] [INFO] [session.go:5229] ["CRUCIAL OPERATION"] [conn=0] [schemaVersion=1616] [cur_db=] [sql="DROP DATABASE IF EXISTS `__tidb_br_temporary_workload_schema`"] [user=]
[2026/07/25 10:13:27.466 +08:00] [INFO] [restore.go:1932] ["snapshot restore success"]
[2026/07/25 10:13:27.466 +08:00] [INFO] [restore.go:1714] ["start to remove gc-safepoint keeper"]
[2026/07/25 10:13:27.471 +08:00] [INFO] [restore.go:1723] ["finish removing gc-safepoint keeper"]
[2026/07/25 10:13:27.471 +08:00] [INFO] [restore.go:1690] ["wait for flush checkpoint..."]
[2026/07/25 10:13:27.471 +08:00] [INFO] [checkpoint.go:499] ["stop checkpoint runner"]
[2026/07/25 10:13:27.471 +08:00] [INFO] [checkpoint.go:388] ["stop checkpoint flush worker"]
[2026/07/25 10:13:27.471 +08:00] [INFO] [restore.go:1656] ["start to restore pd scheduler"]
[2026/07/25 10:13:27.471 +08:00] [INFO] [import_mode_switcher.go:61] ["Stopping the import mode goroutine"]
[2026/07/25 10:13:27.471 +08:00] [INFO] [import_mode_switcher.go:166] ["stop automatic switch to import mode when context done"]
[2026/07/25 10:13:27.553 +08:00] [INFO] [pd.go:667] ["scheduler pause cancelled and cleaned up"]
[2026/07/25 10:13:27.553 +08:00] [WARN] [pd.go:358] ["failed to get the region label rule, the rule may have been removed"] [rule-id=76274a28-5881-45bd-abd3-95676b96a8bf]
[2026/07/25 10:13:27.553 +08:00] [INFO] [pd.go:444] ["restoring config"] [config="{\"affinity-schedule-limit\":0,\"enable-cross-table-merge\":\"true\",\"enable-debug-metrics\":\"false\",\"enable-diagnostic\":\"true\",\"enable-heartbeat-breakdown-metrics\":\"true\",\"enable-heartbeat-concurrent-runner\":\"true\",\"enable-joint-consensus\":\"true\",\"enable-location-replacement\":\"true\",\"enable-make-up-replica\":\"true\",\"enable-one-way-merge\":\"false\",\"enable-remove-down-replica\":\"true\",\"enable-remove-extra-replica\":\"true\",\"enable-replace-offline-replica\":\"true\",\"enable-tikv-split-region\":\"true\",\"enable-witness\":\"false\",\"high-space-ratio\":0.7,\"hot-region-cache-hits-threshold\":3,\"hot-region-schedule-limit\":4,\"hot-regions-reserved-days\":7,\"hot-regions-write-interval\":\"10m0s\",\"leader-schedule-limit\":4,\"leader-schedule-policy\":\"count\",\"low-space-ratio\":1,\"max-affinity-merge-region-size\":256,\"max-merge-region-keys\":540000,\"max-merge-region-size\":54,\"max-movable-hot-peer-size\":512,\"max-pending-peer-count\":64,\"max-snapshot-count\":64,\"max-store-down-time\":\"30m0s\",\"max-store-preparing-time\":\"48h0m0s\",\"merge-schedule-limit\":8,\"patrol-region-interval\":\"100ms\",\"patrol-region-worker-count\":1,\"region-schedule-limit\":2048,\"region-score-formula-version\":\"v2\",\"replica-schedule-limit\":64,\"scheduler-max-waiting-operator\":5,\"schedulers-v2\":[{\"args\":null,\"args-payload\":\"\",\"disable\":false,\"type\":\"balance-region\"},{\"args\":null,\"args-payload\":\"\",\"disable\":false,\"type\":\"balance-leader\"},{\"args\":null,\"args-payload\":\"\",\"disable\":false,\"type\":\"hot-region\"},{\"args\":null,\"args-payload\":\"\",\"disable\":false,\"type\":\"evict-slow-store\"},{\"args\":null,\"args-payload\":\"\",\"disable\":false,\"type\":\"evict-stopping-store\"}],\"slow-store-evicting-affected-store-ratio-threshold\":0.3,\"split-merge-interval\":\"1h0m0s\",\"split-scatter-schedule-limit\":4,\"store-limit\":{\"1\":{\"add-peer\":15,\"remove-peer\":15}},\"store-limit-version\":\"v1\",\"switch-witness-interval\":\"1h0m0s\",\"tolerant-size-ratio\":0,\"witness-schedule-limit\":4}"]
[2026/07/25 10:13:27.581 +08:00] [INFO] [restore.go:1660] ["finish restoring pd scheduler"]
[2026/07/25 10:13:27.582 +08:00] [INFO] [client.go:236] ["Restore client closed"]
[2026/07/25 10:13:27.582 +08:00] [WARN] [heartbeat.go:101] ["heartbeat manager context done"] [restore_id=22055959] [error="context canceled"]
[2026/07/25 10:13:27.582 +08:00] [INFO] [collector.go:78] ["Table Restore success summary"] [total-ranges=2] [ranges-succeed=2] [ranges-failed=0] [restore-pipeline=9.344167ms] [merge-ranges=596.833µs] [split-regions=8.83725ms] [restore-files=72.438666ms] [default-CF-files=0] [write-CF-files=2] [split-keys=1] [total-take=2.602195458s] [restore-data-size(after-compressed)=3.93kB] [Size=3930] [BackupTS=467912759524720641] [RestoreTS=467912780719325196] [total-kv=4] [total-kv-size=139B] [average-speed=53.42B/s]
[2026/07/25 10:13:27.582 +08:00] [INFO] [heartbeat.go:114] ["stopped heartbeat manager"]
[2026/07/25 10:13:27.582 +08:00] [INFO] [registration.go:675] ["stopped heartbeat manager for restore task"]
[2026/07/25 10:13:27.584 +08:00] [INFO] [registration.go:481] ["unregistered restore task"] [restore_id=22055959]
[2026/07/25 10:13:27.584 +08:00] [INFO] [restore.go:1204] ["start to remove checkpoint data restore"]
[2026/07/25 10:13:27.589 +08:00] [INFO] [executor.go:7285] ["DDL job submitted"] [category=ddl] [job="ID:1361, Type:drop table, State:queueing, SchemaState:public, SchemaID:1351, TableID:1355, RowCount:0, ArgLen:1, start time: 2026-07-25 10:13:27.561 +0800 CST, Err:<nil>, ErrCount:0, SnapshotVersion:0, Version: v2"] [query="DROP TABLE IF EXISTS `__TiDB_BR_Temporary_Snapshot_Restore_Checkpoint_22055959`.`cpt_data`;"]
[2026/07/25 10:13:27.593 +08:00] [INFO] [job_submitter.go:118] ["add DDL jobs"] [category=ddl] ["batch count"=1] [jobs="ID:1361, Type:drop table, State:queueing, SchemaState:public, SchemaID:1351, TableID:1355, RowCount:0, ArgLen:1, start time: 2026-07-25 10:13:27.561 +0800 CST, Err:<nil>, ErrCount:0, SnapshotVersion:0, Version: v2; "] [fast_create=true]
[2026/07/25 10:13:27.608 +08:00] [INFO] [loader.go:216] ["diff load InfoSchema success"] [mode=auto] [isV2=true] [currVer=1616] [neededVer=1617] [gotVer=1617] ["elapsed time"=563.75µs] [phyTblIDs="[1355]"] [actionTypes="[4]"] [diffTypes="[\"drop table\"]"]
[2026/07/25 10:13:27.609 +08:00] [INFO] [syncer.go:258] ["session manager is nil"]
[2026/07/25 10:13:27.613 +08:00] [INFO] [syncer.go:281] ["mdl gets lock, update self version to owner"] [jobID=1361] [version=1617]
[2026/07/25 10:13:27.631 +08:00] [INFO] [loader.go:216] ["diff load InfoSchema success"] [mode=auto] [isV2=true] [currVer=1617] [neededVer=1618] [gotVer=1618] ["elapsed time"=457.667µs] [phyTblIDs="[1355]"] [actionTypes="[4]"] [diffTypes="[\"drop table\"]"]
[2026/07/25 10:13:27.635 +08:00] [INFO] [syncer.go:258] ["session manager is nil"]
[2026/07/25 10:13:27.637 +08:00] [INFO] [syncer.go:281] ["mdl gets lock, update self version to owner"] [jobID=1361] [version=1618]
[2026/07/25 10:13:27.657 +08:00] [INFO] [loader.go:216] ["diff load InfoSchema success"] [mode=auto] [isV2=true] [currVer=1618] [neededVer=1619] [gotVer=1619] ["elapsed time"=380.917µs] [phyTblIDs="[1355]"] [actionTypes="[4]"] [diffTypes="[\"drop table\"]"]
[2026/07/25 10:13:27.659 +08:00] [INFO] [syncer.go:258] ["session manager is nil"]
[2026/07/25 10:13:27.659 +08:00] [INFO] [syncer.go:281] ["mdl gets lock, update self version to owner"] [jobID=1361] [version=1619]
[2026/07/25 10:13:28.094 +08:00] [INFO] [executor.go:7423] ["DDL job is finished"] [category=ddl] [jobID=1361]
[2026/07/25 10:13:28.094 +08:00] [INFO] [session.go:5229] ["CRUCIAL OPERATION"] [conn=0] [schemaVersion=1619] [cur_db=] [sql="DROP TABLE IF EXISTS `__TiDB_BR_Temporary_Snapshot_Restore_Checkpoint_22055959`.`cpt_data`;"] [user=]
[2026/07/25 10:13:28.104 +08:00] [INFO] [executor.go:7285] ["DDL job submitted"] [category=ddl] [job="ID:1362, Type:drop table, State:queueing, SchemaState:public, SchemaID:1351, TableID:1357, RowCount:0, ArgLen:1, start time: 2026-07-25 10:13:28.061 +0800 CST, Err:<nil>, ErrCount:0, SnapshotVersion:0, Version: v2"] [query="DROP TABLE IF EXISTS `__TiDB_BR_Temporary_Snapshot_Restore_Checkpoint_22055959`.`cpt_checksum`;"]
[2026/07/25 10:13:28.111 +08:00] [INFO] [job_submitter.go:118] ["add DDL jobs"] [category=ddl] ["batch count"=1] [jobs="ID:1362, Type:drop table, State:queueing, SchemaState:public, SchemaID:1351, TableID:1357, RowCount:0, ArgLen:1, start time: 2026-07-25 10:13:28.061 +0800 CST, Err:<nil>, ErrCount:0, SnapshotVersion:0, Version: v2; "] [fast_create=true]
[2026/07/25 10:13:28.126 +08:00] [INFO] [loader.go:216] ["diff load InfoSchema success"] [mode=auto] [isV2=true] [currVer=1619] [neededVer=1620] [gotVer=1620] ["elapsed time"=844.125µs] [phyTblIDs="[1357]"] [actionTypes="[4]"] [diffTypes="[\"drop table\"]"]
[2026/07/25 10:13:28.127 +08:00] [INFO] [syncer.go:258] ["session manager is nil"]
[2026/07/25 10:13:28.127 +08:00] [INFO] [syncer.go:281] ["mdl gets lock, update self version to owner"] [jobID=1362] [version=1620]
[2026/07/25 10:13:28.147 +08:00] [INFO] [loader.go:216] ["diff load InfoSchema success"] [mode=auto] [isV2=true] [currVer=1620] [neededVer=1621] [gotVer=1621] ["elapsed time"=455.333µs] [phyTblIDs="[1357]"] [actionTypes="[4]"] [diffTypes="[\"drop table\"]"]
[2026/07/25 10:13:28.152 +08:00] [INFO] [syncer.go:258] ["session manager is nil"]
[2026/07/25 10:13:28.156 +08:00] [INFO] [syncer.go:281] ["mdl gets lock, update self version to owner"] [jobID=1362] [version=1621]
[2026/07/25 10:13:28.177 +08:00] [INFO] [loader.go:216] ["diff load InfoSchema success"] [mode=auto] [isV2=true] [currVer=1621] [neededVer=1622] [gotVer=1622] ["elapsed time"=294.917µs] [phyTblIDs="[1357]"] [actionTypes="[4]"] [diffTypes="[\"drop table\"]"]
[2026/07/25 10:13:28.178 +08:00] [INFO] [syncer.go:258] ["session manager is nil"]
[2026/07/25 10:13:28.178 +08:00] [INFO] [syncer.go:281] ["mdl gets lock, update self version to owner"] [jobID=1362] [version=1622]
[2026/07/25 10:13:28.610 +08:00] [INFO] [executor.go:7423] ["DDL job is finished"] [category=ddl] [jobID=1362]
[2026/07/25 10:13:28.611 +08:00] [INFO] [session.go:5229] ["CRUCIAL OPERATION"] [conn=0] [schemaVersion=1622] [cur_db=] [sql="DROP TABLE IF EXISTS `__TiDB_BR_Temporary_Snapshot_Restore_Checkpoint_22055959`.`cpt_checksum`;"] [user=]
[2026/07/25 10:13:28.620 +08:00] [INFO] [executor.go:7285] ["DDL job submitted"] [category=ddl] [job="ID:1363, Type:drop table, State:queueing, SchemaState:public, SchemaID:1351, TableID:1359, RowCount:0, ArgLen:1, start time: 2026-07-25 10:13:28.611 +0800 CST, Err:<nil>, ErrCount:0, SnapshotVersion:0, Version: v2"] [query="DROP TABLE IF EXISTS `__TiDB_BR_Temporary_Snapshot_Restore_Checkpoint_22055959`.`cpt_metadata`;"]
[2026/07/25 10:13:28.626 +08:00] [INFO] [job_submitter.go:118] ["add DDL jobs"] [category=ddl] ["batch count"=1] [jobs="ID:1363, Type:drop table, State:queueing, SchemaState:public, SchemaID:1351, TableID:1359, RowCount:0, ArgLen:1, start time: 2026-07-25 10:13:28.611 +0800 CST, Err:<nil>, ErrCount:0, SnapshotVersion:0, Version: v2; "] [fast_create=true]
[2026/07/25 10:13:28.641 +08:00] [INFO] [loader.go:216] ["diff load InfoSchema success"] [mode=auto] [isV2=true] [currVer=1622] [neededVer=1623] [gotVer=1623] ["elapsed time"=587.375µs] [phyTblIDs="[1359]"] [actionTypes="[4]"] [diffTypes="[\"drop table\"]"]
[2026/07/25 10:13:28.643 +08:00] [INFO] [syncer.go:258] ["session manager is nil"]
[2026/07/25 10:13:28.643 +08:00] [INFO] [syncer.go:281] ["mdl gets lock, update self version to owner"] [jobID=1363] [version=1623]
[2026/07/25 10:13:28.663 +08:00] [INFO] [loader.go:216] ["diff load InfoSchema success"] [mode=auto] [isV2=true] [currVer=1623] [neededVer=1624] [gotVer=1624] ["elapsed time"=570.208µs] [phyTblIDs="[1359]"] [actionTypes="[4]"] [diffTypes="[\"drop table\"]"]
[2026/07/25 10:13:28.664 +08:00] [INFO] [syncer.go:258] ["session manager is nil"]
[2026/07/25 10:13:28.668 +08:00] [INFO] [syncer.go:281] ["mdl gets lock, update self version to owner"] [jobID=1363] [version=1624]
[2026/07/25 10:13:28.697 +08:00] [INFO] [loader.go:216] ["diff load InfoSchema success"] [mode=auto] [isV2=true] [currVer=1624] [neededVer=1625] [gotVer=1625] ["elapsed time"=384.334µs] [phyTblIDs="[1359]"] [actionTypes="[4]"] [diffTypes="[\"drop table\"]"]
[2026/07/25 10:13:28.698 +08:00] [INFO] [syncer.go:258] ["session manager is nil"]
[2026/07/25 10:13:28.698 +08:00] [INFO] [syncer.go:281] ["mdl gets lock, update self version to owner"] [jobID=1363] [version=1625]
[2026/07/25 10:13:29.125 +08:00] [INFO] [executor.go:7423] ["DDL job is finished"] [category=ddl] [jobID=1363]
[2026/07/25 10:13:29.126 +08:00] [INFO] [session.go:5229] ["CRUCIAL OPERATION"] [conn=0] [schemaVersion=1625] [cur_db=] [sql="DROP TABLE IF EXISTS `__TiDB_BR_Temporary_Snapshot_Restore_Checkpoint_22055959`.`cpt_metadata`;"] [user=]
[2026/07/25 10:13:29.127 +08:00] [INFO] [session.go:5229] ["CRUCIAL OPERATION"] [conn=0] [schemaVersion=1625] [cur_db=] [sql="DROP TABLE IF EXISTS `__TiDB_BR_Temporary_Snapshot_Restore_Checkpoint_22055959`.`cpt_progress`;"] [user=]
[2026/07/25 10:13:29.128 +08:00] [INFO] [session.go:5229] ["CRUCIAL OPERATION"] [conn=0] [schemaVersion=1625] [cur_db=] [sql="DROP TABLE IF EXISTS `__TiDB_BR_Temporary_Snapshot_Restore_Checkpoint_22055959`.`cpt_ingest`;"] [user=]
[2026/07/25 10:13:29.136 +08:00] [INFO] [executor.go:7285] ["DDL job submitted"] [category=ddl] [job="ID:1364, Type:drop schema, State:queueing, SchemaState:public, SchemaID:1351, TableID:0, RowCount:0, ArgLen:1, start time: 2026-07-25 10:13:29.111 +0800 CST, Err:<nil>, ErrCount:0, SnapshotVersion:0, Version: v2"] [query="DROP DATABASE `__TiDB_BR_Temporary_Snapshot_Restore_Checkpoint_22055959`;"]
[2026/07/25 10:13:29.142 +08:00] [INFO] [job_submitter.go:118] ["add DDL jobs"] [category=ddl] ["batch count"=1] [jobs="ID:1364, Type:drop schema, State:queueing, SchemaState:public, SchemaID:1351, TableID:0, RowCount:0, ArgLen:1, start time: 2026-07-25 10:13:29.111 +0800 CST, Err:<nil>, ErrCount:0, SnapshotVersion:0, Version: v2; "] [fast_create=true]
[2026/07/25 10:13:29.157 +08:00] [INFO] [loader.go:216] ["diff load InfoSchema success"] [mode=auto] [isV2=true] [currVer=1625] [neededVer=1626] [gotVer=1626] ["elapsed time"=489.458µs] [phyTblIDs="[]"] [actionTypes="[]"] [diffTypes="[\"drop schema\"]"]
[2026/07/25 10:13:29.160 +08:00] [INFO] [syncer.go:258] ["session manager is nil"]
[2026/07/25 10:13:29.163 +08:00] [INFO] [syncer.go:281] ["mdl gets lock, update self version to owner"] [jobID=1364] [version=1626]
[2026/07/25 10:13:29.179 +08:00] [INFO] [infoschema_filter.go:32] ["skip load a schema diff due to configuration."] [type="drop schema"] [schema-id=1351] [table-id=0] [old-schema-id=0] [version=1627]
[2026/07/25 10:13:29.179 +08:00] [INFO] [loader.go:216] ["diff load InfoSchema success"] [mode=auto] [isV2=true] [currVer=1626] [neededVer=1627] [gotVer=1627] ["elapsed time"=47.333µs] [phyTblIDs="[]"] [actionTypes="[]"] [diffTypes="[]"]
[2026/07/25 10:13:29.180 +08:00] [INFO] [syncer.go:258] ["session manager is nil"]
[2026/07/25 10:13:29.180 +08:00] [INFO] [syncer.go:281] ["mdl gets lock, update self version to owner"] [jobID=1364] [version=1627]
[2026/07/25 10:13:29.207 +08:00] [INFO] [infoschema_filter.go:32] ["skip load a schema diff due to configuration."] [type="drop schema"] [schema-id=1351] [table-id=0] [old-schema-id=0] [version=1628]
[2026/07/25 10:13:29.207 +08:00] [INFO] [loader.go:216] ["diff load InfoSchema success"] [mode=auto] [isV2=true] [currVer=1627] [neededVer=1628] [gotVer=1628] ["elapsed time"=43.833µs] [phyTblIDs="[]"] [actionTypes="[]"] [diffTypes="[]"]
[2026/07/25 10:13:29.208 +08:00] [INFO] [syncer.go:258] ["session manager is nil"]
[2026/07/25 10:13:29.208 +08:00] [INFO] [syncer.go:281] ["mdl gets lock, update self version to owner"] [jobID=1364] [version=1628]
[2026/07/25 10:13:29.640 +08:00] [INFO] [executor.go:7423] ["DDL job is finished"] [category=ddl] [jobID=1364]
[2026/07/25 10:13:29.641 +08:00] [INFO] [session.go:5229] ["CRUCIAL OPERATION"] [conn=0] [schemaVersion=1628] [cur_db=] [sql="DROP DATABASE `__TiDB_BR_Temporary_Snapshot_Restore_Checkpoint_22055959`;"] [user=]
[2026/07/25 10:13:29.641 +08:00] [INFO] [restore.go:1226] ["all checkpoint data removed."]
[2026/07/25 10:13:29.641 +08:00] [INFO] [registration.go:239] ["closing registry"]
[2026/07/25 10:13:29.641 +08:00] [INFO] [registration.go:241] ["closing registry session"]
[2026/07/25 10:13:29.641 +08:00] [INFO] [registration.go:246] ["closing registry heartbeat session"]
[2026/07/25 10:13:29.641 +08:00] [INFO] [restore.go:963] ["Metric: import_file_seconds"] [metric="{lt_0.010000=0,lt_0.040000=0,lt_0.160000=1,lt_0.640000=1,lt_2.560000=1,lt_10.240000=1,lt_40.960000=1,lt_163.840000=1,lt_655.360000=1,lt_2621.440000=1,lt_10485.760000=1,lt_41943.040000=1,lt_167772.160000=1,lt_671088.640000=1,count=1,total=0.071937125}"]
[2026/07/25 10:13:29.642 +08:00] [INFO] [restore.go:964] ["Metric: upload_sst_for_pitr_seconds"] [metric="{lt_0.005000=0,lt_0.010000=0,lt_0.025000=0,lt_0.050000=0,lt_0.100000=0,lt_0.250000=0,lt_0.500000=0,lt_1.000000=0,lt_2.500000=0,lt_5.000000=0,lt_10.000000=0,count=0,total=0}"]
[2026/07/25 10:13:29.642 +08:00] [INFO] [restore.go:965] ["Metric: upload_sst_meta_for_pitr_seconds"] [metric="{lt_0.010000=0,lt_0.020000=0,lt_0.040000=0,lt_0.080000=0,lt_0.160000=0,lt_0.320000=0,lt_0.640000=0,lt_1.280000=0,lt_2.560000=0,lt_5.120000=0,lt_10.240000=0,lt_20.480000=0,lt_40.960000=0,lt_81.920000=0,count=0,total=0}"]
[2026/07/25 10:13:29.650 +08:00] [INFO] [delete_range.go:162] ["closing delRange"] [category=ddl]
[2026/07/25 10:13:29.650 +08:00] [INFO] [session_pool.go:133] ["closing session pool"] [category=ddl]
[2026/07/25 10:13:29.651 +08:00] [INFO] [ddl.go:1157] ["DDL closed"] [category=ddl] [ID=3d78b43a-6aa8-412e-a788-ba89688963bc] ["take time"=8.919875ms]
[2026/07/25 10:13:29.651 +08:00] [INFO] [ddl.go:848] ["stop DDL"] [category=ddl] [ID=3d78b43a-6aa8-412e-a788-ba89688963bc]
[2026/07/25 10:13:29.651 +08:00] [INFO] [domain.go:2868] ["serverIDSession need restart"]
[2026/07/25 10:13:29.665 +08:00] [INFO] [domain.go:2733] ["releaseServerID succeed"] [serverID=1209] [leaseID=2463925937224888172]
[2026/07/25 10:13:29.665 +08:00] [INFO] [domain.go:2174] ["indexUsageWorker exited."]
[2026/07/25 10:13:29.665 +08:00] [INFO] [wait_group_wrapper.go:150] ["background process exited"] [source=domain] [process=indexUsageWorker]
[2026/07/25 10:13:29.665 +08:00] [WARN] [meta_storage_client.go:165] ["watch stream closed"] [error="rpc error: code = Canceled desc = context canceled"]
[2026/07/25 10:13:29.665 +08:00] [INFO] [manager.go:241] ["runaway watch sync loop exit"]
[2026/07/25 10:13:29.665 +08:00] [INFO] [wait_group_wrapper.go:150] ["background process exited"] [source=domain] [process=requestUnitsWriterLoop]
[2026/07/25 10:13:29.665 +08:00] [INFO] [wait_group_wrapper.go:150] ["background process exited"] [source=domain] [process=runawayWatchSyncLoop]
[2026/07/25 10:13:29.665 +08:00] [INFO] [domain.go:2800] ["serverIDKeeper exited."]
[2026/07/25 10:13:29.665 +08:00] [INFO] [domain.go:979] ["closestReplicaReadCheckLoop exited."]
[2026/07/25 10:13:29.666 +08:00] [INFO] [wait_group_wrapper.go:150] ["background process exited"] [source=domain] [process=closestReplicaReadCheckLoop]
[2026/07/25 10:13:29.665 +08:00] [INFO] [flusher.go:89] ["flushing remaining records before stop"] [name=runaway-record]
[2026/07/25 10:13:29.666 +08:00] [INFO] [flusher.go:91] ["stopped flusher"] [name=runaway-record]
[2026/07/25 10:13:29.666 +08:00] [INFO] [flusher.go:89] ["flushing remaining records before stop"] [name=quarantine-record]
[2026/07/25 10:13:29.666 +08:00] [INFO] [flusher.go:91] ["stopped flusher"] [name=quarantine-record]
[2026/07/25 10:13:29.666 +08:00] [INFO] [flusher.go:89] ["flushing remaining records before stop"] [name=stale-quarantine-record]
[2026/07/25 10:13:29.666 +08:00] [INFO] [flusher.go:91] ["stopped flusher"] [name=stale-quarantine-record]
[2026/07/25 10:13:29.666 +08:00] [INFO] [manager.go:205] ["runaway record flush loop exit"]
[2026/07/25 10:13:29.666 +08:00] [INFO] [wait_group_wrapper.go:150] ["background process exited"] [source=domain] [process=runawayRecordFlushLoop]
[2026/07/25 10:13:29.665 +08:00] [INFO] [syncer.go:304] ["info schema sync loop exited."]
[2026/07/25 10:13:29.666 +08:00] [INFO] [wait_group_wrapper.go:150] ["background process exited"] [source=domain] [process=loadSchemaInLoop]
[2026/07/25 10:13:29.665 +08:00] [WARN] [meta_storage_client.go:165] ["watch stream closed"] [error="rpc error: code = Canceled desc = context canceled"]
[2026/07/25 10:13:29.665 +08:00] [INFO] [syncer.go:288] ["server info sync loop exited."]
[2026/07/25 10:13:29.666 +08:00] [INFO] [wait_group_wrapper.go:150] ["background process exited"] [source=domain] [process=infoSyncerKeeper]
[2026/07/25 10:13:29.665 +08:00] [INFO] [wait_group_wrapper.go:150] ["background process exited"] [source=domain] [process=mdlCheckLoop]
[2026/07/25 10:13:29.665 +08:00] [INFO] [domain.go:419] ["globalConfigSyncerKeeper exited."]
[2026/07/25 10:13:29.666 +08:00] [INFO] [wait_group_wrapper.go:150] ["background process exited"] [source=domain] [process=globalConfigSyncerKeeper]
[2026/07/25 10:13:29.666 +08:00] [INFO] [domain.go:391] ["topNSlowQueryLoop exited."]
[2026/07/25 10:13:29.666 +08:00] [INFO] [wait_group_wrapper.go:150] ["background process exited"] [source=domain] [process=topNSlowQueryLoop]
[2026/07/25 10:13:29.671 +08:00] [INFO] [manager.go:399] ["campaign and watch failed"] [key=/tidb/stats/owner] [id=3d78b43a-6aa8-412e-a788-ba89688963bc] [error="context canceled"]
[2026/07/25 10:13:29.671 +08:00] [INFO] [manager.go:385] ["break campaign loop, context is done"] [key=/tidb/stats/owner] [id=3d78b43a-6aa8-412e-a788-ba89688963bc]
[2026/07/25 10:13:29.671 +08:00] [INFO] [manager.go:431] ["etcd session close failed"] [key=/tidb/stats/owner] [id=3d78b43a-6aa8-412e-a788-ba89688963bc] [error="context canceled"]
[2026/07/25 10:13:29.671 +08:00] [INFO] [wait_group_wrapper.go:150] ["background process exited"] [source=domain] [process=quitStatsOwner]
[2026/07/25 10:13:29.686 +08:00] [INFO] [domain.go:550] ["domain closed"] ["take time"=44.381959ms]
[2026/07/25 10:13:29.687 +08:00] [INFO] [client.go:356] ["[pd] http client closed"] [source=tikv-driver]
[2026/07/25 10:13:29.688 +08:00] [INFO] [inner_client.go:96] ["[pd] exit router client initializer"]
[2026/07/25 10:13:29.688 +08:00] [INFO] [client.go:277] ["[tso] exit tso connection contexts updater"]
[2026/07/25 10:13:29.688 +08:00] [INFO] [router_service_discovery.go:315] ["[router service] exit health check member loop"]
[2026/07/25 10:13:29.688 +08:00] [INFO] [dispatcher.go:207] ["[tso] stop fetching the pending tso requests due to context canceled"]
[2026/07/25 10:13:29.688 +08:00] [INFO] [resource_manager_client.go:341] ["[resource manager] exit resource token dispatcher"]
[2026/07/25 10:13:29.688 +08:00] [INFO] [service_discovery.go:562] ["[pd] exit member loop due to context canceled"]
[2026/07/25 10:13:29.688 +08:00] [INFO] [router_service_discovery.go:287] ["[router service] closing router service discovery"]
[2026/07/25 10:13:29.688 +08:00] [INFO] [router_service_discovery.go:273] ["[router service] exit check member loop"]
[2026/07/25 10:13:29.688 +08:00] [INFO] [watcher.go:73] ["[pd] exit the deadline watcher"] [source=tso]
[2026/07/25 10:13:29.688 +08:00] [INFO] [stream.go:366] ["tsoStream.recvLoop ended"] [stream=127.0.0.1:2379-2] [error="rpc error: code = Canceled desc = context canceled"] [errorVerbose="rpc error: code = Canceled desc = context canceled\ngithub.com/tikv/pd/client/clients/tso.(*tsoStream).recvLoop\n\t/Users/pingcap/go/pkg/mod/github.com/tikv/pd/client@v0.0.0-20260708075407-4e05b9d2c2d3/clients/tso/stream.go:434\nruntime.goexit\n\t/Users/pingcap/go/pkg/mod/golang.org/toolchain@v0.0.1-go1.25.10.darwin-arm64/src/runtime/asm_arm64.s:1268"]
[2026/07/25 10:13:29.688 +08:00] [INFO] [dispatcher.go:149] ["[tso] exit tso dispatcher"]
[2026/07/25 10:13:29.688 +08:00] [INFO] [router_service_discovery.go:303] ["[router service] is closed"]
[2026/07/25 10:13:29.688 +08:00] [INFO] [client.go:155] ["[tso] closing tso client"]
[2026/07/25 10:13:29.688 +08:00] [INFO] [client.go:160] ["[tso] close tso client"]
[2026/07/25 10:13:29.688 +08:00] [INFO] [client.go:162] ["[tso] tso client is closed"]
[2026/07/25 10:13:29.688 +08:00] [INFO] [service_discovery.go:653] ["[pd] close service discovery client"]
[2026/07/25 10:13:29.688 +08:00] [INFO] [inner_client.go:275] ["[pd] close client successfully"]
[2026/07/25 10:13:29.688 +08:00] [INFO] [client.go:606] ["[router] stop fetching the pending router requests due to context canceled"]
[2026/07/25 10:13:29.688 +08:00] [INFO] [client.go:587] ["[router] dispatcher is exiting"]
[2026/07/25 10:13:29.688 +08:00] [INFO] [client.go:592] ["[router] dispatcher exited"]
[2026/07/25 10:13:29.688 +08:00] [INFO] [inner_client.go:96] ["[pd] exit router client initializer"]
[2026/07/25 10:13:29.688 +08:00] [INFO] [watcher.go:73] ["[pd] exit the deadline watcher"] [source=tso]
[2026/07/25 10:13:29.688 +08:00] [INFO] [client.go:277] ["[tso] exit tso connection contexts updater"]
[2026/07/25 10:13:29.688 +08:00] [INFO] [dispatcher.go:207] ["[tso] stop fetching the pending tso requests due to context canceled"]
[2026/07/25 10:13:29.688 +08:00] [INFO] [resource_manager_client.go:341] ["[resource manager] exit resource token dispatcher"]
[2026/07/25 10:13:29.688 +08:00] [INFO] [dispatcher.go:149] ["[tso] exit tso dispatcher"]
[2026/07/25 10:13:29.688 +08:00] [INFO] [router_service_discovery.go:273] ["[router service] exit check member loop"]
[2026/07/25 10:13:29.688 +08:00] [INFO] [stream.go:366] ["tsoStream.recvLoop ended"] [stream=127.0.0.1:2379-1] [error="rpc error: code = Canceled desc = context canceled"] [errorVerbose="rpc error: code = Canceled desc = context canceled\ngithub.com/tikv/pd/client/clients/tso.(*tsoStream).recvLoop\n\t/Users/pingcap/go/pkg/mod/github.com/tikv/pd/client@v0.0.0-20260708075407-4e05b9d2c2d3/clients/tso/stream.go:434\nruntime.goexit\n\t/Users/pingcap/go/pkg/mod/golang.org/toolchain@v0.0.1-go1.25.10.darwin-arm64/src/runtime/asm_arm64.s:1268"]
[2026/07/25 10:13:29.688 +08:00] [INFO] [router_service_discovery.go:315] ["[router service] exit health check member loop"]
[2026/07/25 10:13:29.688 +08:00] [INFO] [client.go:430] ["[router] connection daemon is exiting"]
[2026/07/25 10:13:29.688 +08:00] [INFO] [service_discovery.go:562] ["[pd] exit member loop due to context canceled"]
[2026/07/25 10:13:29.688 +08:00] [INFO] [router_service_discovery.go:287] ["[router service] closing router service discovery"]
[2026/07/25 10:13:29.688 +08:00] [INFO] [router_service_discovery.go:303] ["[router service] is closed"]
[2026/07/25 10:13:29.688 +08:00] [INFO] [client.go:155] ["[tso] closing tso client"]
[2026/07/25 10:13:29.688 +08:00] [INFO] [client.go:160] ["[tso] close tso client"]
[2026/07/25 10:13:29.688 +08:00] [INFO] [client.go:162] ["[tso] tso client is closed"]
[2026/07/25 10:13:29.688 +08:00] [INFO] [service_discovery.go:653] ["[pd] close service discovery client"]
[2026/07/25 10:13:29.688 +08:00] [INFO] [inner_client.go:275] ["[pd] close client successfully"]
[2026/07/25 10:13:29.688 +08:00] [INFO] [client.go:356] ["[pd] http client closed"] [source="br/lightning PD controller"]
