[2026/07/25 10:13:50.884 +08:00] [INFO] [meminfo.go:196] ["use physical memory hook"] [cgroupMemorySize=0] [physicalMemorySize=38654705664]
[2026/07/25 10:13:50.887 +08:00] [INFO] [cmd.go:197] ["calculate the rest memory"] [memtotal=38654705664] [memused=30686773248] [memlimit=7431061504]
[2026/07/25 10:13:50.888 +08:00] [INFO] [memory_monitor.go:62] ["Memory monitor starting"] [dump_dir=/tmp/br_heap_dumps] [using_temp_dir=false] [memory_usage_alarm_ratio=0.8] [memory_limit_mb=7086]
[2026/07/25 10:13:50.890 +08:00] [INFO] [info.go:54] ["Welcome to Backup & Restore (BR)"] [release-version=v9.0.0-beta.2.pre-2019-ga942e4684f] [git-hash=a942e4684f4346e8f3b1b4985dfbba38ae6305e2] [git-branch=HEAD] [go-version=go1.25.10] [utc-build-time="2026-07-24 03:50:15"] [race-enabled=false] [for-next-gen?=false]
[2026/07/25 10:13:50.891 +08:00] [INFO] [common.go:991] [arguments] [__command="br restore table"] [checksum=true] [db=ai_br_schema_race_20260725] [log-file=/tmp/ai-br-schema-race-restore-preexisting-green.log] [pd="[127.0.0.1:2379]"] [storage=local:///tmp/ai-br-schema-race-20260725] [table=t]
[2026/07/25 10:13:50.899 +08:00] [INFO] [context.go:73] ["BR operation started"] [operation_id=4870416f-6769-447c-8210-1c69a1e753e7] [operation_started_at=2026/07/25 10:13:50.899 +08:00] [host=wj.local] [pid=81059] [command="Table Restore"]
[2026/07/25 10:13:50.900 +08:00] [INFO] [common.go:199] ["trying to connect to etcd"] [addr="[127.0.0.1:2379]"]
[2026/07/25 10:13:50.923 +08:00] [INFO] [conn.go:169] ["new mgr"] [pdAddrs="[127.0.0.1:2379]"]
[2026/07/25 10:13:50.930 +08:00] [INFO] [service_discovery.go:1030] ["[pd] switch leader"] [new-leader=http://127.0.0.1:2379] [old-leader=]
[2026/07/25 10:13:50.930 +08:00] [INFO] [service_discovery.go:509] ["[pd] init cluster id"] [cluster-id=7666169322391198283]
[2026/07/25 10:13:50.931 +08:00] [INFO] [client.go:214] ["[tso] switch the tso leader serving url"] [new-url=http://127.0.0.1:2379]
[2026/07/25 10:13:50.931 +08:00] [INFO] [inner_client.go:173] ["[pd] tso provider changed to pd"]
[2026/07/25 10:13:50.931 +08:00] [INFO] [client.go:251] ["[tso] start tso connection contexts updater"]
[2026/07/25 10:13:50.931 +08:00] [INFO] [watcher.go:56] ["[pd] start the deadline watcher"] [source=tso]
[2026/07/25 10:13:50.931 +08:00] [INFO] [inner_client.go:154] ["[pd] service mode changed"] [new-mode=PD_SVC_MODE]
[2026/07/25 10:13:50.931 +08:00] [INFO] [router_service_discovery.go:162] ["[router service] created router service discovery"] [cluster-id=7666169322391198283] [keyspace-id=4294967295] [default-discovery-key=/ms/7666169322391198283/router/registry/]
[2026/07/25 10:13:50.931 +08:00] [INFO] [router_service_discovery.go:174] ["[router service] initializing router service discovery"] [max-retry-times=100] [retry-interval=1s]
[2026/07/25 10:13:50.931 +08:00] [INFO] [dispatcher.go:146] ["[tso] tso dispatcher created"]
[2026/07/25 10:13:50.932 +08:00] [INFO] [router_service_discovery.go:260] ["[router service] update member sorted urls"] [new-sorted-urls="[]"]
[2026/07/25 10:13:50.932 +08:00] [INFO] [router_service_discovery.go:245] ["[router service] updating nodes succeeded"] [urls="[]"] [clients-length=0]
[2026/07/25 10:13:50.932 +08:00] [INFO] [dispatcher.go:598] ["[tso] switching tso rpc concurrency"] [old=0] [new=1]
[2026/07/25 10:13:50.932 +08:00] [INFO] [inner_client.go:91] ["[pd] start router client initializer"]
[2026/07/25 10:13:50.932 +08:00] [INFO] [client.go:585] ["[router] dispatcher is started"]
[2026/07/25 10:13:50.932 +08:00] [INFO] [client.go:424] ["[router] connection daemon is started"]
[2026/07/25 10:13:50.932 +08:00] [INFO] [client.go:509] ["[router] successfully established the leader router stream connection"] [url=http://127.0.0.1:2379]
[2026/07/25 10:13:50.935 +08:00] [INFO] [conn.go:142] ["checked alive KV stores"] [aliveStores=1] [totalStores=1]
[2026/07/25 10:13:50.936 +08:00] [INFO] [service_discovery.go:1030] ["[pd] switch leader"] [new-leader=http://127.0.0.1:2379] [old-leader=]
[2026/07/25 10:13:50.936 +08:00] [INFO] [service_discovery.go:509] ["[pd] init cluster id"] [cluster-id=7666169322391198283]
[2026/07/25 10:13:50.936 +08:00] [INFO] [client.go:214] ["[tso] switch the tso leader serving url"] [new-url=http://127.0.0.1:2379]
[2026/07/25 10:13:50.936 +08:00] [INFO] [inner_client.go:173] ["[pd] tso provider changed to pd"]
[2026/07/25 10:13:50.936 +08:00] [INFO] [watcher.go:56] ["[pd] start the deadline watcher"] [source=tso]
[2026/07/25 10:13:50.936 +08:00] [INFO] [client.go:251] ["[tso] start tso connection contexts updater"]
[2026/07/25 10:13:50.936 +08:00] [INFO] [dispatcher.go:146] ["[tso] tso dispatcher created"]
[2026/07/25 10:13:50.936 +08:00] [INFO] [dispatcher.go:598] ["[tso] switching tso rpc concurrency"] [old=0] [new=1]
[2026/07/25 10:13:50.936 +08:00] [INFO] [inner_client.go:154] ["[pd] service mode changed"] [new-mode=PD_SVC_MODE]
[2026/07/25 10:13:50.936 +08:00] [INFO] [router_service_discovery.go:162] ["[router service] created router service discovery"] [cluster-id=7666169322391198283] [keyspace-id=4294967295] [default-discovery-key=/ms/7666169322391198283/router/registry/]
[2026/07/25 10:13:50.936 +08:00] [INFO] [router_service_discovery.go:174] ["[router service] initializing router service discovery"] [max-retry-times=100] [retry-interval=1s]
[2026/07/25 10:13:50.937 +08:00] [INFO] [router_service_discovery.go:260] ["[router service] update member sorted urls"] [new-sorted-urls="[]"]
[2026/07/25 10:13:50.937 +08:00] [INFO] [router_service_discovery.go:245] ["[router service] updating nodes succeeded"] [urls="[]"] [clients-length=0]
[2026/07/25 10:13:50.937 +08:00] [INFO] [client.go:424] ["[router] connection daemon is started"]
[2026/07/25 10:13:50.937 +08:00] [INFO] [inner_client.go:91] ["[pd] start router client initializer"]
[2026/07/25 10:13:50.937 +08:00] [INFO] [client.go:509] ["[router] successfully established the leader router stream connection"] [url=http://127.0.0.1:2379]
[2026/07/25 10:13:50.937 +08:00] [INFO] [client.go:585] ["[router] dispatcher is started"]
[2026/07/25 10:13:50.937 +08:00] [INFO] [tikv_driver.go:194] ["using API V1."]
[2026/07/25 10:13:50.938 +08:00] [INFO] [metamanager.go:146] ["return meta service group info"] [meta-service-info="{\"PDAddrs\":[\"127.0.0.1:2379\"],\"Group\":{\"GroupID\":\"0\",\"Addrs\":[\"127.0.0.1:2379\"]}}"]
[2026/07/25 10:13:50.944 +08:00] [INFO] [tidb.go:103] ["new domain"] [store=tikv-7666169322391198283/] ["ddl lease"=45s] ["stats lease"=-1ns]
[2026/07/25 10:13:50.972 +08:00] [INFO] [info.go:279] ["init TiFlashReplicaManager"]
[2026/07/25 10:13:51.007 +08:00] [INFO] [domain.go:2708] [acquireServerID] [serverID=1270] ["lease id"=22319f95e12930a3]
[2026/07/25 10:13:51.014 +08:00] [INFO] [global_controller.go:219] ["load resource controller config"] [config="{\"degraded-mode-wait-duration\":\"0s\",\"ltb-max-wait-duration\":\"30s\",\"ltb-token-rpc-max-delay\":\"1s\",\"request-unit\":{\"read-base-cost\":0.125,\"read-per-batch-base-cost\":0.5,\"read-cost-per-byte\":0.0000152587890625,\"write-base-cost\":1,\"write-per-batch-base-cost\":1,\"write-cost-per-byte\":0.0009765625,\"read-cpu-ms-cost\":0.3333333333333333},\"enable-controller-trace-log\":\"false\",\"token-rpc-params\":{\"wait-retry-interval\":\"50ms\",\"wait-retry-times\":20}}"] [ru-config="{\"ReadBaseCost\":0.125,\"ReadPerBatchBaseCost\":0.5,\"ReadBytesCost\":0.0000152587890625,\"WriteBaseCost\":1,\"WritePerBatchBaseCost\":1,\"WriteBytesCost\":0.0009765625,\"CPUMsCost\":0.3333333333333333,\"LTBMaxWaitDuration\":30000000000,\"WaitRetryInterval\":50000000,\"WaitRetryTimes\":20,\"DegradedModeWaitDuration\":0}"] [keyspace-id=4294967295]
[2026/07/25 10:13:51.018 +08:00] [INFO] [store_cache.go:572] ["change store resolve state"] [store=1] [addr=127.0.0.1:20160] [from=unresolved] [to=resolved] [liveness-state=reachable]
[2026/07/25 10:13:51.035 +08:00] [INFO] [loader.go:281] ["full load InfoSchema success"] [mode=auto] [isV2=true] [currentSchemaVersion=0] [neededSchemaVersion=1632] ["elapsed time"=9.965375ms]
[2026/07/25 10:13:51.044 +08:00] [INFO] [syncer.go:456] ["full load and reset schema validator"]
[2026/07/25 10:13:51.044 +08:00] [INFO] [ddl.go:1068] ["change job version in use"] [category=ddl] [old=v1] [new=v2]
[2026/07/25 10:13:51.045 +08:00] [INFO] [ddl.go:1074] ["change global index V1 support"] [category=ddl] [old=false] [new=true]
[2026/07/25 10:13:51.045 +08:00] [INFO] [ddl.go:881] ["start DDL"] [category=ddl] [ID=2dc0995e-3e46-41d4-97ad-64120d14cc6a] [runWorker=false] [jobVersion=v2] [startMode=br]
[2026/07/25 10:13:51.046 +08:00] [INFO] [ddl.go:856] ["start delRangeManager OK"] [category=ddl] ["is a emulator"=false]
[2026/07/25 10:13:51.051 +08:00] [INFO] [env.go:123] ["the ingest sorted directory"] [category=ddl-ingest] ["data path"=/tmp/tidb/tmp_ddl-4000]
[2026/07/25 10:13:51.051 +08:00] [WARN] [env.go:84] ["ingest backfill may not be available"] [category=ddl-ingest] [error="the available disk space(9933549568) in /tmp/tidb/tmp_ddl-4000 should be greater than @@tidb_ddl_disk_quota(107374182400)"] [errorVerbose="the available disk space(9933549568) in /tmp/tidb/tmp_ddl-4000 should be greater than @@tidb_ddl_disk_quota(107374182400)\ngithub.com/pingcap/tidb/pkg/ddl/ingest.(*diskRootImpl).StartupCheck\n\t/Users/pingcap/workspace/bp-tidb-release-darwin-arm64-npwgw-build-binaries/source/tidb/pkg/ddl/ingest/disk_root.go:191\ngithub.com/pingcap/tidb/pkg/ddl/ingest.InitGlobalLightningEnv\n\t/Users/pingcap/workspace/bp-tidb-release-darwin-arm64-npwgw-build-binaries/source/tidb/pkg/ddl/ingest/env.go:82\ngithub.com/pingcap/tidb/pkg/ddl.(*ddl).Start\n\t/Users/pingcap/workspace/bp-tidb-release-darwin-arm64-npwgw-build-binaries/source/tidb/pkg/ddl/ddl.go:942\ngithub.com/pingcap/tidb/pkg/domain.(*Domain).Start\n\t/Users/pingcap/workspace/bp-tidb-release-darwin-arm64-npwgw-build-binaries/source/tidb/pkg/domain/domain.go:809\ngithub.com/pingcap/tidb/br/pkg/gluetidb.Glue.startDomainAsNeeded\n\t/Users/pingcap/workspace/bp-tidb-release-darwin-arm64-npwgw-build-binaries/source/tidb/br/pkg/gluetidb/glue.go:150\ngithub.com/pingcap/tidb/br/pkg/gluetidb.Glue.GetDomain\n\t/Users/pingcap/workspace/bp-tidb-release-darwin-arm64-npwgw-build-binaries/source/tidb/br/pkg/gluetidb/glue.go:102\ngithub.com/pingcap/tidb/br/pkg/conn.NewMgr\n\t/Users/pingcap/workspace/bp-tidb-release-darwin-arm64-npwgw-build-binaries/source/tidb/br/pkg/conn/conn.go:219\ngithub.com/pingcap/tidb/br/pkg/task.NewMgr\n\t/Users/pingcap/workspace/bp-tidb-release-darwin-arm64-npwgw-build-binaries/source/tidb/br/pkg/task/common.go:874\ngithub.com/pingcap/tidb/br/pkg/task.RunRestore\n\t/Users/pingcap/workspace/bp-tidb-release-darwin-arm64-npwgw-build-binaries/source/tidb/br/pkg/task/restore.go:1019\nmain.runRestoreCommand\n\t/Users/pingcap/workspace/bp-tidb-release-darwin-arm64-npwgw-build-binaries/source/tidb/br/cmd/br/restore.go:92\nmain.newTableRestoreCommand.func1\n\t/Users/pingcap/workspace/bp-tidb-release-darwin-arm64-npwgw-build-binaries/source/tidb/br/cmd/br/restore.go:226\ngithub.com/spf13/cobra.(*Command).execute\n\t/Users/pingcap/go/pkg/mod/github.com/spf13/cobra@v1.10.2/command.go:1015\ngithub.com/spf13/cobra.(*Command).ExecuteC\n\t/Users/pingcap/go/pkg/mod/github.com/spf13/cobra@v1.10.2/command.go:1148\ngithub.com/spf13/cobra.(*Command).Execute\n\t/Users/pingcap/go/pkg/mod/github.com/spf13/cobra@v1.10.2/command.go:1071\nmain.main\n\t/Users/pingcap/workspace/bp-tidb-release-darwin-arm64-npwgw-build-binaries/source/tidb/br/cmd/br/main.go:42\nruntime.main\n\t/Users/pingcap/go/pkg/mod/golang.org/toolchain@v0.0.1-go1.25.10.darwin-arm64/src/runtime/proc.go:285\nruntime.goexit\n\t/Users/pingcap/go/pkg/mod/golang.org/toolchain@v0.0.1-go1.25.10.darwin-arm64/src/runtime/asm_arm64.s:1268"]
[2026/07/25 10:13:51.052 +08:00] [INFO] [env.go:88] ["init global ingest backend environment finished"] [category=ddl-ingest] ["memory limitation"=19327352832] ["disk usage info"="disk usage: 984729034752/994662584320, backend usage: 0"] ["max open file number"=138240] ["lightning is initialized"=true]
[2026/07/25 10:13:51.052 +08:00] [INFO] [wait_group_wrapper.go:141] ["background process started"] [source=domain] [process=loadSchemaInLoop]
[2026/07/25 10:13:51.052 +08:00] [INFO] [wait_group_wrapper.go:141] ["background process started"] [source=domain] [process=mdlCheckLoop]
[2026/07/25 10:13:51.052 +08:00] [INFO] [wait_group_wrapper.go:141] ["background process started"] [source=domain] [process=topNSlowQueryLoop]
[2026/07/25 10:13:51.052 +08:00] [INFO] [wait_group_wrapper.go:141] ["background process started"] [source=domain] [process=infoSyncerKeeper]
[2026/07/25 10:13:51.052 +08:00] [INFO] [wait_group_wrapper.go:141] ["background process started"] [source=domain] [process=globalConfigSyncerKeeper]
[2026/07/25 10:13:51.052 +08:00] [INFO] [wait_group_wrapper.go:141] ["background process started"] [source=domain] [process=runawayRecordFlushLoop]
[2026/07/25 10:13:51.052 +08:00] [INFO] [wait_group_wrapper.go:141] ["background process started"] [source=domain] [process=runawayWatchSyncLoop]
[2026/07/25 10:13:51.052 +08:00] [INFO] [wait_group_wrapper.go:141] ["background process started"] [source=domain] [process=requestUnitsWriterLoop]
[2026/07/25 10:13:51.052 +08:00] [INFO] [wait_group_wrapper.go:141] ["background process started"] [source=domain] [process=closestReplicaReadCheckLoop]
[2026/07/25 10:13:51.057 +08:00] [INFO] [manager.go:289] ["start campaign owner"] [key=/tidb/stats/owner] [id=2dc0995e-3e46-41d4-97ad-64120d14cc6a]
[2026/07/25 10:13:51.062 +08:00] [INFO] [wait_group_wrapper.go:141] ["background process started"] [source=domain] [process=indexUsageWorker]
[2026/07/25 10:13:51.062 +08:00] [INFO] [wait_group_wrapper.go:141] ["background process started"] [source=domain] [process=quitStatsOwner]
[2026/07/25 10:13:51.063 +08:00] [WARN] [sysvar_cache.go:53] ["sysvar cache is empty, triggering rebuild"]
[2026/07/25 10:13:51.081 +08:00] [WARN] [global_controller.go:850] ["[resource group controller] resource group name does not exist"] [name=default]
[2026/07/25 10:13:51.082 +08:00] [INFO] [sysvar.go:3400] ["set resource control"] [enable=true]
[2026/07/25 10:13:51.082 +08:00] [INFO] [client.go:434] ["[router] follower handle status changed"] [enable=true]
[2026/07/25 10:13:51.082 +08:00] [INFO] [inner_client.go:103] ["[pd] notified to disable the router client"]
[2026/07/25 10:13:51.082 +08:00] [INFO] [client.go:325] ["[router] closing router client"]
[2026/07/25 10:13:51.082 +08:00] [INFO] [client.go:606] ["[router] stop fetching the pending router requests due to context canceled"]
[2026/07/25 10:13:51.082 +08:00] [INFO] [client.go:587] ["[router] dispatcher is exiting"]
[2026/07/25 10:13:51.082 +08:00] [INFO] [client.go:592] ["[router] dispatcher exited"]
[2026/07/25 10:13:51.082 +08:00] [INFO] [client.go:430] ["[router] connection daemon is exiting"]
[2026/07/25 10:13:51.082 +08:00] [INFO] [client.go:330] ["[router] router client is closed"]
[2026/07/25 10:13:51.083 +08:00] [INFO] [client.go:434] ["[router] follower handle status changed"] [enable=true]
[2026/07/25 10:13:51.083 +08:00] [INFO] [pd.go:880] ["set follower handle"] [enable=true]
[2026/07/25 10:13:51.083 +08:00] [INFO] [glue.go:196] ["one shot session closed"]
[2026/07/25 10:13:51.084 +08:00] [INFO] [restore.go:1307] ["starting snapshot restore"]
[2026/07/25 10:13:51.085 +08:00] [INFO] [restore.go:1378] ["Checking incompatible TiCDC changefeeds before restoring."] [restore-ts=467912759524720641]
[2026/07/25 10:13:51.086 +08:00] [INFO] [global_controller.go:586] ["[resource group controller] create resource group cost controller"] [name=default]
[2026/07/25 10:13:51.087 +08:00] [INFO] [restore.go:862] ["set new_collation_enabled"] [new_collation_enabled=true]
[2026/07/25 10:13:51.088 +08:00] [INFO] [client.go:308] ["per-store download worker pool"] [size=64]
[2026/07/25 10:13:51.088 +08:00] [INFO] [client.go:314] ["region scan request concurrency"] [size=256]
[2026/07/25 10:13:51.088 +08:00] [INFO] [client.go:325] ["split region index step"] [step=128]
[2026/07/25 10:13:51.088 +08:00] [INFO] [client.go:336] ["coarse scatter"] [enabled=false]
[2026/07/25 10:13:51.088 +08:00] [INFO] [client.go:385] ["set placement policy mode"] [mode=STRICT]
[2026/07/25 10:13:51.113 +08:00] [INFO] [registration.go:701] ["no existing tasks found with same parameters"] [restored_ts=0]
[2026/07/25 10:13:51.113 +08:00] [INFO] [registration.go:308] ["attempting to resume or create registration"] [filter_strings=`ai_br_schema_race_20260725`.`t`] [start_ts=0] [restored_ts=0] [upstream_cluster_id=7666169322391198283] [with_sys_table=true] [cmd="Table Restore"] [is_restored_ts_user_specified=false]
[2026/07/25 10:13:51.122 +08:00] [INFO] [registration.go:395] ["successfully created new registration"] [restore_id=24055959] [filters="[`ai_br_schema_race_20260725`.`t`]"]
[2026/07/25 10:13:51.123 +08:00] [INFO] [context.go:123] ["BR operation hint field resolved"] [operation_id=4870416f-6769-447c-8210-1c69a1e753e7] [operation_started_at=2026/07/25 10:13:50.899 +08:00] [hint_key=restore_id] [hint_value=24055959]
[2026/07/25 10:13:51.123 +08:00] [INFO] [stream.go:2516] ["registered restore task"] [restoreID=24055959] [cmdName="Table Restore"]
[2026/07/25 10:13:51.123 +08:00] [INFO] [registration.go:667] ["started heartbeat manager for restore task"] [restore_id=24055959]
[2026/07/25 10:13:51.125 +08:00] [INFO] [client.go:903] ["loaded backup meta"] [databases=1] [jobs=0]
[2026/07/25 10:13:51.125 +08:00] [INFO] [client.go:302] ["download coarse worker pool"] [size=2048]
[2026/07/25 10:13:51.127 +08:00] [INFO] [client.go:1494] ["mark full cluster restore"] [value=false]
[2026/07/25 10:13:51.127 +08:00] [WARN] [restore.go:1445] ["Cannot set --fast-load-sys-tables when it is not full restore. Fallback to logically load stats."]
[2026/07/25 10:13:51.127 +08:00] [WARN] [restore.go:1449] ["Cannot set --fast-load-sys-tables when it is not full restore. Fallback to logically load system tables."]
[2026/07/25 10:13:51.127 +08:00] [INFO] [restore.go:383] ["hash of restore config"] [hash=1283ecdf3aa737fd5565f3a1f0f7c0be27910e1438ea547b22e57537a4aaf9ee] [config="{\"CmdName\":\"Table Restore\",\"UpstreamClusterID\":7666169322391198283,\"Storage\":\"local:///tmp/ai-br-schema-race-20260725\",\"ExplictFilter\":false,\"FilterStr\":[\"`ai_br_schema_race_20260725`.`t`\"],\"WithSysTable\":true,\"FastLoadSysTables\":true,\"LoadStats\":true}"]
[2026/07/25 10:13:51.128 +08:00] [INFO] [restore.go:1471] ["checkpoint status in restore"] [enabled=true] [exists=false]
[2026/07/25 10:13:51.128 +08:00] [INFO] [restore.go:1481] ["found items to restore after filtering"] [tables=1] [db=1]
[2026/07/25 10:13:51.128 +08:00] [INFO] [restore.go:1576] ["checking ongoing conflicting restore task using restore registry"] [tables_count=1] [current_restore_id=24055959]
[2026/07/25 10:13:51.129 +08:00] [INFO] [registration.go:555] ["found zero existing registered tasks"]
[2026/07/25 10:13:51.130 +08:00] [INFO] [restore.go:1990] ["estimate tikv usage"] ["total size"=3930] [replicaCnt=1] ["store count"=1]
[2026/07/25 10:13:51.130 +08:00] [INFO] [restore.go:2058] ["preserved disk space"] [tikv=4323] [tiflash=0]
[2026/07/25 10:13:51.130 +08:00] [INFO] [client.go:236] ["Restore client closed"]
[2026/07/25 10:13:51.130 +08:00] [INFO] [collector.go:224] ["units canceled"] [cancel-unit=0]
[2026/07/25 10:13:51.130 +08:00] [WARN] [heartbeat.go:101] ["heartbeat manager context done"] [restore_id=24055959] [error="context canceled"]
[2026/07/25 10:13:51.130 +08:00] [INFO] [collector.go:78] ["Table Restore failed summary"] [total-ranges=0] [ranges-succeed=0] [ranges-failed=0]
[2026/07/25 10:13:51.130 +08:00] [INFO] [restore.go:1163] ["unregistering restore task from registry"] [restoreId=24055959] [error="table already exists: ai_br_schema_race_20260725.t : [BR:Restore:ErrTablesAlreadyExisted]tables already existed in restored cluster"] [errorVerbose="[BR:Restore:ErrTablesAlreadyExisted]tables already existed in restored cluster\ntable already exists: ai_br_schema_race_20260725.t \ngithub.com/pingcap/tidb/br/pkg/task.checkTableExistence\n\t/Users/pingcap/workspace/bp-tidb-release-darwin-arm64-npwgw-build-binaries/source/tidb/br/pkg/task/restore.go:2097\ngithub.com/pingcap/tidb/br/pkg/task.checkOptionalClusterRequirements\n\t/Users/pingcap/workspace/bp-tidb-release-darwin-arm64-npwgw-build-binaries/source/tidb/br/pkg/task/restore.go:2736\ngithub.com/pingcap/tidb/br/pkg/task.runSnapshotRestore\n\t/Users/pingcap/workspace/bp-tidb-release-darwin-arm64-npwgw-build-binaries/source/tidb/br/pkg/task/restore.go:1589\ngithub.com/pingcap/tidb/br/pkg/task.RunRestore\n\t/Users/pingcap/workspace/bp-tidb-release-darwin-arm64-npwgw-build-binaries/source/tidb/br/pkg/task/restore.go:1132\nmain.runRestoreCommand\n\t/Users/pingcap/workspace/bp-tidb-release-darwin-arm64-npwgw-build-binaries/source/tidb/br/cmd/br/restore.go:92\nmain.newTableRestoreCommand.func1\n\t/Users/pingcap/workspace/bp-tidb-release-darwin-arm64-npwgw-build-binaries/source/tidb/br/cmd/br/restore.go:226\ngithub.com/spf13/cobra.(*Command).execute\n\t/Users/pingcap/go/pkg/mod/github.com/spf13/cobra@v1.10.2/command.go:1015\ngithub.com/spf13/cobra.(*Command).ExecuteC\n\t/Users/pingcap/go/pkg/mod/github.com/spf13/cobra@v1.10.2/command.go:1148\ngithub.com/spf13/cobra.(*Command).Execute\n\t/Users/pingcap/go/pkg/mod/github.com/spf13/cobra@v1.10.2/command.go:1071\nmain.main\n\t/Users/pingcap/workspace/bp-tidb-release-darwin-arm64-npwgw-build-binaries/source/tidb/br/cmd/br/main.go:42\nruntime.main\n\t/Users/pingcap/go/pkg/mod/golang.org/toolchain@v0.0.1-go1.25.10.darwin-arm64/src/runtime/proc.go:285\nruntime.goexit\n\t/Users/pingcap/go/pkg/mod/golang.org/toolchain@v0.0.1-go1.25.10.darwin-arm64/src/runtime/asm_arm64.s:1268"]
[2026/07/25 10:13:51.130 +08:00] [INFO] [heartbeat.go:114] ["stopped heartbeat manager"]
[2026/07/25 10:13:51.130 +08:00] [INFO] [registration.go:675] ["stopped heartbeat manager for restore task"]
[2026/07/25 10:13:51.132 +08:00] [INFO] [registration.go:481] ["unregistered restore task"] [restore_id=24055959]
[2026/07/25 10:13:51.132 +08:00] [INFO] [registration.go:239] ["closing registry"]
[2026/07/25 10:13:51.132 +08:00] [INFO] [registration.go:241] ["closing registry session"]
[2026/07/25 10:13:51.132 +08:00] [INFO] [registration.go:246] ["closing registry heartbeat session"]
[2026/07/25 10:13:51.132 +08:00] [INFO] [restore.go:963] ["Metric: import_file_seconds"] [metric="{lt_0.010000=0,lt_0.040000=0,lt_0.160000=0,lt_0.640000=0,lt_2.560000=0,lt_10.240000=0,lt_40.960000=0,lt_163.840000=0,lt_655.360000=0,lt_2621.440000=0,lt_10485.760000=0,lt_41943.040000=0,lt_167772.160000=0,lt_671088.640000=0,count=0,total=0}"]
[2026/07/25 10:13:51.132 +08:00] [INFO] [restore.go:964] ["Metric: upload_sst_for_pitr_seconds"] [metric="{lt_0.005000=0,lt_0.010000=0,lt_0.025000=0,lt_0.050000=0,lt_0.100000=0,lt_0.250000=0,lt_0.500000=0,lt_1.000000=0,lt_2.500000=0,lt_5.000000=0,lt_10.000000=0,count=0,total=0}"]
[2026/07/25 10:13:51.132 +08:00] [INFO] [restore.go:965] ["Metric: upload_sst_meta_for_pitr_seconds"] [metric="{lt_0.010000=0,lt_0.020000=0,lt_0.040000=0,lt_0.080000=0,lt_0.160000=0,lt_0.320000=0,lt_0.640000=0,lt_1.280000=0,lt_2.560000=0,lt_5.120000=0,lt_10.240000=0,lt_20.480000=0,lt_40.960000=0,lt_81.920000=0,count=0,total=0}"]
[2026/07/25 10:13:51.137 +08:00] [INFO] [delete_range.go:162] ["closing delRange"] [category=ddl]
[2026/07/25 10:13:51.137 +08:00] [INFO] [session_pool.go:133] ["closing session pool"] [category=ddl]
[2026/07/25 10:13:51.137 +08:00] [INFO] [ddl.go:1157] ["DDL closed"] [category=ddl] [ID=2dc0995e-3e46-41d4-97ad-64120d14cc6a] ["take time"=5.466583ms]
[2026/07/25 10:13:51.137 +08:00] [INFO] [ddl.go:848] ["stop DDL"] [category=ddl] [ID=2dc0995e-3e46-41d4-97ad-64120d14cc6a]
[2026/07/25 10:13:51.137 +08:00] [INFO] [domain.go:2868] ["serverIDSession need restart"]
[2026/07/25 10:13:51.150 +08:00] [INFO] [domain.go:2733] ["releaseServerID succeed"] [serverID=1270] [leaseID=2463925937224888483]
[2026/07/25 10:13:51.150 +08:00] [INFO] [wait_group_wrapper.go:150] ["background process exited"] [source=domain] [process=requestUnitsWriterLoop]
[2026/07/25 10:13:51.150 +08:00] [INFO] [domain.go:2800] ["serverIDKeeper exited."]
[2026/07/25 10:13:51.150 +08:00] [WARN] [meta_storage_client.go:165] ["watch stream closed"] [error="rpc error: code = Canceled desc = context canceled"]
[2026/07/25 10:13:51.150 +08:00] [INFO] [manager.go:241] ["runaway watch sync loop exit"]
[2026/07/25 10:13:51.150 +08:00] [INFO] [wait_group_wrapper.go:150] ["background process exited"] [source=domain] [process=runawayWatchSyncLoop]
[2026/07/25 10:13:51.150 +08:00] [INFO] [syncer.go:304] ["info schema sync loop exited."]
[2026/07/25 10:13:51.150 +08:00] [INFO] [wait_group_wrapper.go:150] ["background process exited"] [source=domain] [process=loadSchemaInLoop]
[2026/07/25 10:13:51.150 +08:00] [INFO] [domain.go:419] ["globalConfigSyncerKeeper exited."]
[2026/07/25 10:13:51.150 +08:00] [INFO] [wait_group_wrapper.go:150] ["background process exited"] [source=domain] [process=globalConfigSyncerKeeper]
[2026/07/25 10:13:51.150 +08:00] [WARN] [meta_storage_client.go:165] ["watch stream closed"] [error="rpc error: code = Canceled desc = context canceled"]
[2026/07/25 10:13:51.150 +08:00] [INFO] [domain.go:979] ["closestReplicaReadCheckLoop exited."]
[2026/07/25 10:13:51.151 +08:00] [INFO] [wait_group_wrapper.go:150] ["background process exited"] [source=domain] [process=closestReplicaReadCheckLoop]
[2026/07/25 10:13:51.150 +08:00] [INFO] [wait_group_wrapper.go:150] ["background process exited"] [source=domain] [process=mdlCheckLoop]
[2026/07/25 10:13:51.150 +08:00] [INFO] [domain.go:2174] ["indexUsageWorker exited."]
[2026/07/25 10:13:51.151 +08:00] [INFO] [wait_group_wrapper.go:150] ["background process exited"] [source=domain] [process=indexUsageWorker]
[2026/07/25 10:13:51.150 +08:00] [INFO] [syncer.go:288] ["server info sync loop exited."]
[2026/07/25 10:13:51.151 +08:00] [INFO] [wait_group_wrapper.go:150] ["background process exited"] [source=domain] [process=infoSyncerKeeper]
[2026/07/25 10:13:51.150 +08:00] [INFO] [flusher.go:89] ["flushing remaining records before stop"] [name=runaway-record]
[2026/07/25 10:13:51.151 +08:00] [INFO] [flusher.go:91] ["stopped flusher"] [name=runaway-record]
[2026/07/25 10:13:51.150 +08:00] [INFO] [domain.go:391] ["topNSlowQueryLoop exited."]
[2026/07/25 10:13:51.151 +08:00] [INFO] [wait_group_wrapper.go:150] ["background process exited"] [source=domain] [process=topNSlowQueryLoop]
[2026/07/25 10:13:51.151 +08:00] [INFO] [flusher.go:89] ["flushing remaining records before stop"] [name=quarantine-record]
[2026/07/25 10:13:51.151 +08:00] [INFO] [flusher.go:91] ["stopped flusher"] [name=quarantine-record]
[2026/07/25 10:13:51.151 +08:00] [INFO] [flusher.go:89] ["flushing remaining records before stop"] [name=stale-quarantine-record]
[2026/07/25 10:13:51.151 +08:00] [INFO] [flusher.go:91] ["stopped flusher"] [name=stale-quarantine-record]
[2026/07/25 10:13:51.151 +08:00] [INFO] [manager.go:205] ["runaway record flush loop exit"]
[2026/07/25 10:13:51.151 +08:00] [INFO] [wait_group_wrapper.go:150] ["background process exited"] [source=domain] [process=runawayRecordFlushLoop]
[2026/07/25 10:13:51.154 +08:00] [INFO] [manager.go:399] ["campaign and watch failed"] [key=/tidb/stats/owner] [id=2dc0995e-3e46-41d4-97ad-64120d14cc6a] [error="context canceled"]
[2026/07/25 10:13:51.154 +08:00] [INFO] [manager.go:366] ["etcd session done, refresh it"] [key=/tidb/stats/owner] [id=2dc0995e-3e46-41d4-97ad-64120d14cc6a]
[2026/07/25 10:13:51.154 +08:00] [INFO] [manager.go:431] ["etcd session close failed"] [key=/tidb/stats/owner] [id=2dc0995e-3e46-41d4-97ad-64120d14cc6a] [error="context canceled"]
[2026/07/25 10:13:51.154 +08:00] [INFO] [manager.go:368] ["break campaign loop, refresh session failed"] [key=/tidb/stats/owner] [id=2dc0995e-3e46-41d4-97ad-64120d14cc6a] [error="context canceled"] [errorVerbose="context canceled\ngithub.com/pingcap/errors.Trace\n\t/Users/pingcap/go/pkg/mod/github.com/pingcap/errors@v0.11.5-0.20260508054701-306e305bcf41/juju_adaptor.go:15\ngithub.com/pingcap/tidb/pkg/util.contextDone\n\t/Users/pingcap/workspace/bp-tidb-release-darwin-arm64-npwgw-build-binaries/source/tidb/pkg/util/etcd.go:91\ngithub.com/pingcap/tidb/pkg/util.NewSession\n\t/Users/pingcap/workspace/bp-tidb-release-darwin-arm64-npwgw-build-binaries/source/tidb/pkg/util/etcd.go:51\ngithub.com/pingcap/tidb/pkg/owner.(*ownerManager).refreshSession\n\t/Users/pingcap/workspace/bp-tidb-release-darwin-arm64-npwgw-build-binaries/source/tidb/pkg/owner/manager.go:446\ngithub.com/pingcap/tidb/pkg/owner.(*ownerManager).campaignLoop\n\t/Users/pingcap/workspace/bp-tidb-release-darwin-arm64-npwgw-build-binaries/source/tidb/pkg/owner/manager.go:367\nruntime.goexit\n\t/Users/pingcap/go/pkg/mod/golang.org/toolchain@v0.0.1-go1.25.10.darwin-arm64/src/runtime/asm_arm64.s:1268"]
[2026/07/25 10:13:51.154 +08:00] [INFO] [wait_group_wrapper.go:150] ["background process exited"] [source=domain] [process=quitStatsOwner]
[2026/07/25 10:13:51.169 +08:00] [INFO] [domain.go:550] ["domain closed"] ["take time"=37.313625ms]
[2026/07/25 10:13:51.170 +08:00] [INFO] [client.go:356] ["[pd] http client closed"] [source=tikv-driver]
[2026/07/25 10:13:51.170 +08:00] [INFO] [client.go:277] ["[tso] exit tso connection contexts updater"]
[2026/07/25 10:13:51.170 +08:00] [INFO] [router_service_discovery.go:315] ["[router service] exit health check member loop"]
[2026/07/25 10:13:51.170 +08:00] [INFO] [router_service_discovery.go:273] ["[router service] exit check member loop"]
[2026/07/25 10:13:51.170 +08:00] [INFO] [service_discovery.go:562] ["[pd] exit member loop due to context canceled"]
[2026/07/25 10:13:51.170 +08:00] [INFO] [inner_client.go:96] ["[pd] exit router client initializer"]
[2026/07/25 10:13:51.170 +08:00] [INFO] [watcher.go:73] ["[pd] exit the deadline watcher"] [source=tso]
[2026/07/25 10:13:51.170 +08:00] [INFO] [dispatcher.go:207] ["[tso] stop fetching the pending tso requests due to context canceled"]
[2026/07/25 10:13:51.170 +08:00] [INFO] [dispatcher.go:149] ["[tso] exit tso dispatcher"]
[2026/07/25 10:13:51.170 +08:00] [INFO] [resource_manager_client.go:341] ["[resource manager] exit resource token dispatcher"]
[2026/07/25 10:13:51.170 +08:00] [INFO] [router_service_discovery.go:287] ["[router service] closing router service discovery"]
[2026/07/25 10:13:51.170 +08:00] [INFO] [router_service_discovery.go:303] ["[router service] is closed"]
[2026/07/25 10:13:51.170 +08:00] [INFO] [client.go:155] ["[tso] closing tso client"]
[2026/07/25 10:13:51.170 +08:00] [INFO] [stream.go:366] ["tsoStream.recvLoop ended"] [stream=127.0.0.1:2379-2] [error="rpc error: code = Canceled desc = context canceled"] [errorVerbose="rpc error: code = Canceled desc = context canceled\ngithub.com/tikv/pd/client/clients/tso.(*tsoStream).recvLoop\n\t/Users/pingcap/go/pkg/mod/github.com/tikv/pd/client@v0.0.0-20260708075407-4e05b9d2c2d3/clients/tso/stream.go:434\nruntime.goexit\n\t/Users/pingcap/go/pkg/mod/golang.org/toolchain@v0.0.1-go1.25.10.darwin-arm64/src/runtime/asm_arm64.s:1268"]
[2026/07/25 10:13:51.170 +08:00] [INFO] [client.go:160] ["[tso] close tso client"]
[2026/07/25 10:13:51.171 +08:00] [INFO] [client.go:162] ["[tso] tso client is closed"]
[2026/07/25 10:13:51.171 +08:00] [INFO] [service_discovery.go:653] ["[pd] close service discovery client"]
[2026/07/25 10:13:51.171 +08:00] [INFO] [inner_client.go:275] ["[pd] close client successfully"]
[2026/07/25 10:13:51.171 +08:00] [INFO] [client.go:277] ["[tso] exit tso connection contexts updater"]
[2026/07/25 10:13:51.171 +08:00] [INFO] [router_service_discovery.go:273] ["[router service] exit check member loop"]
[2026/07/25 10:13:51.171 +08:00] [INFO] [dispatcher.go:207] ["[tso] stop fetching the pending tso requests due to context canceled"]
[2026/07/25 10:13:51.171 +08:00] [INFO] [dispatcher.go:149] ["[tso] exit tso dispatcher"]
[2026/07/25 10:13:51.171 +08:00] [INFO] [inner_client.go:96] ["[pd] exit router client initializer"]
[2026/07/25 10:13:51.171 +08:00] [INFO] [router_service_discovery.go:315] ["[router service] exit health check member loop"]
[2026/07/25 10:13:51.171 +08:00] [INFO] [resource_manager_client.go:341] ["[resource manager] exit resource token dispatcher"]
[2026/07/25 10:13:51.171 +08:00] [INFO] [service_discovery.go:562] ["[pd] exit member loop due to context canceled"]
[2026/07/25 10:13:51.171 +08:00] [INFO] [router_service_discovery.go:287] ["[router service] closing router service discovery"]
[2026/07/25 10:13:51.171 +08:00] [INFO] [router_service_discovery.go:303] ["[router service] is closed"]
[2026/07/25 10:13:51.171 +08:00] [INFO] [client.go:155] ["[tso] closing tso client"]
[2026/07/25 10:13:51.171 +08:00] [INFO] [client.go:160] ["[tso] close tso client"]
[2026/07/25 10:13:51.171 +08:00] [INFO] [client.go:162] ["[tso] tso client is closed"]
[2026/07/25 10:13:51.171 +08:00] [INFO] [service_discovery.go:653] ["[pd] close service discovery client"]
[2026/07/25 10:13:51.171 +08:00] [INFO] [watcher.go:73] ["[pd] exit the deadline watcher"] [source=tso]
[2026/07/25 10:13:51.171 +08:00] [INFO] [inner_client.go:275] ["[pd] close client successfully"]
[2026/07/25 10:13:51.171 +08:00] [INFO] [client.go:356] ["[pd] http client closed"] [source="br/lightning PD controller"]
[2026/07/25 10:13:51.171 +08:00] [INFO] [client.go:606] ["[router] stop fetching the pending router requests due to context canceled"]
[2026/07/25 10:13:51.171 +08:00] [INFO] [client.go:587] ["[router] dispatcher is exiting"]
[2026/07/25 10:13:51.171 +08:00] [INFO] [client.go:592] ["[router] dispatcher exited"]
[2026/07/25 10:13:51.171 +08:00] [INFO] [stream.go:366] ["tsoStream.recvLoop ended"] [stream=127.0.0.1:2379-1] [error="rpc error: code = Canceled desc = context canceled"] [errorVerbose="rpc error: code = Canceled desc = context canceled\ngithub.com/tikv/pd/client/clients/tso.(*tsoStream).recvLoop\n\t/Users/pingcap/go/pkg/mod/github.com/tikv/pd/client@v0.0.0-20260708075407-4e05b9d2c2d3/clients/tso/stream.go:434\nruntime.goexit\n\t/Users/pingcap/go/pkg/mod/golang.org/toolchain@v0.0.1-go1.25.10.darwin-arm64/src/runtime/asm_arm64.s:1268"]
[2026/07/25 10:13:51.171 +08:00] [INFO] [client.go:430] ["[router] connection daemon is exiting"]
[2026/07/25 10:13:51.184 +08:00] [ERROR] [restore.go:93] ["failed to restore"] [error="table already exists: ai_br_schema_race_20260725.t : [BR:Restore:ErrTablesAlreadyExisted]tables already existed in restored cluster"] [errorVerbose="[BR:Restore:ErrTablesAlreadyExisted]tables already existed in restored cluster\ntable already exists: ai_br_schema_race_20260725.t \ngithub.com/pingcap/tidb/br/pkg/task.checkTableExistence\n\t/Users/pingcap/workspace/bp-tidb-release-darwin-arm64-npwgw-build-binaries/source/tidb/br/pkg/task/restore.go:2097\ngithub.com/pingcap/tidb/br/pkg/task.checkOptionalClusterRequirements\n\t/Users/pingcap/workspace/bp-tidb-release-darwin-arm64-npwgw-build-binaries/source/tidb/br/pkg/task/restore.go:2736\ngithub.com/pingcap/tidb/br/pkg/task.runSnapshotRestore\n\t/Users/pingcap/workspace/bp-tidb-release-darwin-arm64-npwgw-build-binaries/source/tidb/br/pkg/task/restore.go:1589\ngithub.com/pingcap/tidb/br/pkg/task.RunRestore\n\t/Users/pingcap/workspace/bp-tidb-release-darwin-arm64-npwgw-build-binaries/source/tidb/br/pkg/task/restore.go:1132\nmain.runRestoreCommand\n\t/Users/pingcap/workspace/bp-tidb-release-darwin-arm64-npwgw-build-binaries/source/tidb/br/cmd/br/restore.go:92\nmain.newTableRestoreCommand.func1\n\t/Users/pingcap/workspace/bp-tidb-release-darwin-arm64-npwgw-build-binaries/source/tidb/br/cmd/br/restore.go:226\ngithub.com/spf13/cobra.(*Command).execute\n\t/Users/pingcap/go/pkg/mod/github.com/spf13/cobra@v1.10.2/command.go:1015\ngithub.com/spf13/cobra.(*Command).ExecuteC\n\t/Users/pingcap/go/pkg/mod/github.com/spf13/cobra@v1.10.2/command.go:1148\ngithub.com/spf13/cobra.(*Command).Execute\n\t/Users/pingcap/go/pkg/mod/github.com/spf13/cobra@v1.10.2/command.go:1071\nmain.main\n\t/Users/pingcap/workspace/bp-tidb-release-darwin-arm64-npwgw-build-binaries/source/tidb/br/cmd/br/main.go:42\nruntime.main\n\t/Users/pingcap/go/pkg/mod/golang.org/toolchain@v0.0.1-go1.25.10.darwin-arm64/src/runtime/proc.go:285\nruntime.goexit\n\t/Users/pingcap/go/pkg/mod/golang.org/toolchain@v0.0.1-go1.25.10.darwin-arm64/src/runtime/asm_arm64.s:1268"] [stack="main.runRestoreCommand\n\t/Users/pingcap/workspace/bp-tidb-release-darwin-arm64-npwgw-build-binaries/source/tidb/br/cmd/br/restore.go:93\nmain.newTableRestoreCommand.func1\n\t/Users/pingcap/workspace/bp-tidb-release-darwin-arm64-npwgw-build-binaries/source/tidb/br/cmd/br/restore.go:226\ngithub.com/spf13/cobra.(*Command).execute\n\t/Users/pingcap/go/pkg/mod/github.com/spf13/cobra@v1.10.2/command.go:1015\ngithub.com/spf13/cobra.(*Command).ExecuteC\n\t/Users/pingcap/go/pkg/mod/github.com/spf13/cobra@v1.10.2/command.go:1148\ngithub.com/spf13/cobra.(*Command).Execute\n\t/Users/pingcap/go/pkg/mod/github.com/spf13/cobra@v1.10.2/command.go:1071\nmain.main\n\t/Users/pingcap/workspace/bp-tidb-release-darwin-arm64-npwgw-build-binaries/source/tidb/br/cmd/br/main.go:42\nruntime.main\n\t/Users/pingcap/go/pkg/mod/golang.org/toolchain@v0.0.1-go1.25.10.darwin-arm64/src/runtime/proc.go:285"]
[2026/07/25 10:13:51.184 +08:00] [ERROR] [main.go:43] ["br failed"] [error="table already exists: ai_br_schema_race_20260725.t : [BR:Restore:ErrTablesAlreadyExisted]tables already existed in restored cluster"] [errorVerbose="[BR:Restore:ErrTablesAlreadyExisted]tables already existed in restored cluster\ntable already exists: ai_br_schema_race_20260725.t \ngithub.com/pingcap/tidb/br/pkg/task.checkTableExistence\n\t/Users/pingcap/workspace/bp-tidb-release-darwin-arm64-npwgw-build-binaries/source/tidb/br/pkg/task/restore.go:2097\ngithub.com/pingcap/tidb/br/pkg/task.checkOptionalClusterRequirements\n\t/Users/pingcap/workspace/bp-tidb-release-darwin-arm64-npwgw-build-binaries/source/tidb/br/pkg/task/restore.go:2736\ngithub.com/pingcap/tidb/br/pkg/task.runSnapshotRestore\n\t/Users/pingcap/workspace/bp-tidb-release-darwin-arm64-npwgw-build-binaries/source/tidb/br/pkg/task/restore.go:1589\ngithub.com/pingcap/tidb/br/pkg/task.RunRestore\n\t/Users/pingcap/workspace/bp-tidb-release-darwin-arm64-npwgw-build-binaries/source/tidb/br/pkg/task/restore.go:1132\nmain.runRestoreCommand\n\t/Users/pingcap/workspace/bp-tidb-release-darwin-arm64-npwgw-build-binaries/source/tidb/br/cmd/br/restore.go:92\nmain.newTableRestoreCommand.func1\n\t/Users/pingcap/workspace/bp-tidb-release-darwin-arm64-npwgw-build-binaries/source/tidb/br/cmd/br/restore.go:226\ngithub.com/spf13/cobra.(*Command).execute\n\t/Users/pingcap/go/pkg/mod/github.com/spf13/cobra@v1.10.2/command.go:1015\ngithub.com/spf13/cobra.(*Command).ExecuteC\n\t/Users/pingcap/go/pkg/mod/github.com/spf13/cobra@v1.10.2/command.go:1148\ngithub.com/spf13/cobra.(*Command).Execute\n\t/Users/pingcap/go/pkg/mod/github.com/spf13/cobra@v1.10.2/command.go:1071\nmain.main\n\t/Users/pingcap/workspace/bp-tidb-release-darwin-arm64-npwgw-build-binaries/source/tidb/br/cmd/br/main.go:42\nruntime.main\n\t/Users/pingcap/go/pkg/mod/golang.org/toolchain@v0.0.1-go1.25.10.darwin-arm64/src/runtime/proc.go:285\nruntime.goexit\n\t/Users/pingcap/go/pkg/mod/golang.org/toolchain@v0.0.1-go1.25.10.darwin-arm64/src/runtime/asm_arm64.s:1268"] [stack="main.main\n\t/Users/pingcap/workspace/bp-tidb-release-darwin-arm64-npwgw-build-binaries/source/tidb/br/cmd/br/main.go:43\nruntime.main\n\t/Users/pingcap/go/pkg/mod/golang.org/toolchain@v0.0.1-go1.25.10.darwin-arm64/src/runtime/proc.go:285"]
