=== RUN   TestRecoverTableAfterDeleteRangeTaskLoaded
[2026/07/17 06:22:48.481 +08:00] [INFO] [service_discovery.go:1030] ["[pd] switch leader"] [new-leader=http://127.0.0.1:2379] [old-leader=]
[2026/07/17 06:22:48.481 +08:00] [INFO] [service_discovery.go:509] ["[pd] init cluster id"] [cluster-id=7663254253077736203]
[2026/07/17 06:22:48.482 +08:00] [INFO] [client.go:214] ["[tso] switch the tso leader serving url"] [new-url=http://127.0.0.1:2379]
[2026/07/17 06:22:48.482 +08:00] [INFO] [inner_client.go:173] ["[pd] tso provider changed to pd"]
[2026/07/17 06:22:48.482 +08:00] [INFO] [watcher.go:56] ["[pd] start the deadline watcher"] [source=tso]
[2026/07/17 06:22:48.482 +08:00] [INFO] [client.go:251] ["[tso] start tso connection contexts updater"]
[2026/07/17 06:22:48.482 +08:00] [INFO] [dispatcher.go:146] ["[tso] tso dispatcher created"]
[2026/07/17 06:22:48.482 +08:00] [INFO] [dispatcher.go:598] ["[tso] switching tso rpc concurrency"] [old=0] [new=1]
[2026/07/17 06:22:48.482 +08:00] [INFO] [inner_client.go:154] ["[pd] service mode changed"] [new-mode=PD_SVC_MODE]
[2026/07/17 06:22:48.482 +08:00] [INFO] [router_service_discovery.go:162] ["[router service] created router service discovery"] [cluster-id=7663254253077736203] [keyspace-id=4294967295] [default-discovery-key=/ms/7663254253077736203/router/registry/]
[2026/07/17 06:22:48.482 +08:00] [INFO] [router_service_discovery.go:174] ["[router service] initializing router service discovery"] [max-retry-times=100] [retry-interval=1s]
[2026/07/17 06:22:48.482 +08:00] [INFO] [router_service_discovery.go:260] ["[router service] update member sorted urls"] [new-sorted-urls="[]"]
[2026/07/17 06:22:48.482 +08:00] [INFO] [router_service_discovery.go:245] ["[router service] updating nodes succeeded"] [urls="[]"] [clients-length=0]
[2026/07/17 06:22:48.482 +08:00] [INFO] [client.go:424] ["[router] connection daemon is started"]
[2026/07/17 06:22:48.482 +08:00] [INFO] [client.go:585] ["[router] dispatcher is started"]
[2026/07/17 06:22:48.482 +08:00] [INFO] [inner_client.go:91] ["[pd] start router client initializer"]
[2026/07/17 06:22:48.483 +08:00] [INFO] [client.go:509] ["[router] successfully established the leader router stream connection"] [url=http://127.0.0.1:2379]
[2026/07/17 06:22:48.482 +08:00] [INFO] [tikv_driver.go:194] ["using API V1."]
[2026/07/17 06:22:48.483 +08:00] [INFO] [metamanager.go:146] ["return meta service group info"] [meta-service-info="{\"PDAddrs\":[\"127.0.0.1:2379\"],\"Group\":{\"GroupID\":\"0\",\"Addrs\":[\"127.0.0.1:2379\"]}}"]
[2026/07/17 06:22:48.487 +08:00] [INFO] [store_cache.go:572] ["change store resolve state"] [store=1] [addr=127.0.0.1:20160] [from=unresolved] [to=resolved] [liveness-state=reachable]
[2026/07/17 06:22:48.491 +08:00] [INFO] [session.go:4425] ["cluster already bootstrapped"] [version=263]
[2026/07/17 06:22:48.491 +08:00] [INFO] [tidb.go:103] ["new domain"] [store=tikv-7663254253077736203/] ["ddl lease"=500ms] ["stats lease"=3s]
[2026/07/17 06:22:48.532 +08:00] [INFO] [info.go:279] ["init TiFlashReplicaManager"]
[2026/07/17 06:22:48.558 +08:00] [INFO] [domain.go:2708] [acquireServerID] [serverID=227] ["lease id"=22319f6d042f0c69]
[2026/07/17 06:22:48.563 +08:00] [INFO] [global_controller.go:219] ["load resource controller config"] [config="{\"degraded-mode-wait-duration\":\"0s\",\"ltb-max-wait-duration\":\"30s\",\"ltb-token-rpc-max-delay\":\"1s\",\"request-unit\":{\"read-base-cost\":0.125,\"read-per-batch-base-cost\":0.5,\"read-cost-per-byte\":0.0000152587890625,\"write-base-cost\":1,\"write-per-batch-base-cost\":1,\"write-cost-per-byte\":0.0009765625,\"read-cpu-ms-cost\":0.3333333333333333},\"enable-controller-trace-log\":\"false\",\"token-rpc-params\":{\"wait-retry-interval\":\"50ms\",\"wait-retry-times\":20}}"] [ru-config="{\"ReadBaseCost\":0.125,\"ReadPerBatchBaseCost\":0.5,\"ReadBytesCost\":0.0000152587890625,\"WriteBaseCost\":1,\"WritePerBatchBaseCost\":1,\"WriteBytesCost\":0.0009765625,\"CPUMsCost\":0.3333333333333333,\"LTBMaxWaitDuration\":30000000000,\"WaitRetryInterval\":50000000,\"WaitRetryTimes\":20,\"DegradedModeWaitDuration\":0}"] [keyspace-id=4294967295]
[2026/07/17 06:22:48.572 +08:00] [INFO] [loader.go:281] ["full load InfoSchema success"] [mode=auto] [isV2=true] [currentSchemaVersion=0] [neededSchemaVersion=67] ["elapsed time"=6.963667ms]
[2026/07/17 06:22:48.572 +08:00] [INFO] [syncer.go:456] ["full load and reset schema validator"]
[2026/07/17 06:22:48.581 +08:00] [INFO] [ddl.go:1157] ["DDL closed"] [category=ddl] [ID=b16bd13c-a181-4a59-956c-308a45ee0294] ["take time"=4.762709ms]
[2026/07/17 06:22:48.581 +08:00] [INFO] [ddl.go:848] ["stop DDL"] [category=ddl] [ID=b16bd13c-a181-4a59-956c-308a45ee0294]
[2026/07/17 06:22:48.593 +08:00] [INFO] [domain.go:2733] ["releaseServerID succeed"] [serverID=227] [leaseID=2463925761718815849]
[2026/07/17 06:22:48.594 +08:00] [WARN] [meta_storage_client.go:165] ["watch stream closed"] [error="rpc error: code = Canceled desc = context canceled"]
[2026/07/17 06:22:48.594 +08:00] [WARN] [meta_storage_client.go:165] ["watch stream closed"] [error="rpc error: code = Canceled desc = context canceled"]
[2026/07/17 06:22:48.607 +08:00] [INFO] [domain.go:550] ["domain closed"] ["take time"=30.937125ms]
[2026/07/17 06:22:48.607 +08:00] [INFO] [tidb.go:103] ["new domain"] [store=tikv-7663254253077736203/] ["ddl lease"=500ms] ["stats lease"=3s]
[2026/07/17 06:22:48.640 +08:00] [INFO] [info.go:279] ["init TiFlashReplicaManager"]
[2026/07/17 06:22:48.666 +08:00] [INFO] [domain.go:2708] [acquireServerID] [serverID=1948] ["lease id"=22319f6d042f0c82]
[2026/07/17 06:22:48.672 +08:00] [INFO] [global_controller.go:219] ["load resource controller config"] [config="{\"degraded-mode-wait-duration\":\"0s\",\"ltb-max-wait-duration\":\"30s\",\"ltb-token-rpc-max-delay\":\"1s\",\"request-unit\":{\"read-base-cost\":0.125,\"read-per-batch-base-cost\":0.5,\"read-cost-per-byte\":0.0000152587890625,\"write-base-cost\":1,\"write-per-batch-base-cost\":1,\"write-cost-per-byte\":0.0009765625,\"read-cpu-ms-cost\":0.3333333333333333},\"enable-controller-trace-log\":\"false\",\"token-rpc-params\":{\"wait-retry-interval\":\"50ms\",\"wait-retry-times\":20}}"] [ru-config="{\"ReadBaseCost\":0.125,\"ReadPerBatchBaseCost\":0.5,\"ReadBytesCost\":0.0000152587890625,\"WriteBaseCost\":1,\"WritePerBatchBaseCost\":1,\"WriteBytesCost\":0.0009765625,\"CPUMsCost\":0.3333333333333333,\"LTBMaxWaitDuration\":30000000000,\"WaitRetryInterval\":50000000,\"WaitRetryTimes\":20,\"DegradedModeWaitDuration\":0}"] [keyspace-id=4294967295]
[2026/07/17 06:22:48.679 +08:00] [INFO] [loader.go:281] ["full load InfoSchema success"] [mode=auto] [isV2=true] [currentSchemaVersion=0] [neededSchemaVersion=67] ["elapsed time"=5.999125ms]
[2026/07/17 06:22:48.679 +08:00] [INFO] [syncer.go:456] ["full load and reset schema validator"]
[2026/07/17 06:22:48.679 +08:00] [INFO] [ddl.go:1068] ["change job version in use"] [category=ddl] [old=v1] [new=v2]
[2026/07/17 06:22:48.679 +08:00] [INFO] [ddl.go:992] ["job version in use is not v2 or global index v1 not supported, maybe in upgrade, start detecting"] [category=ddl] [current=v2] [globalIndexV1Supported=false]
[2026/07/17 06:22:48.679 +08:00] [INFO] [ddl.go:881] ["start DDL"] [category=ddl] [ID=b16bd13c-a181-4a59-956c-308a45ee0294] [runWorker=true] [jobVersion=v2] [startMode=normal]
[2026/07/17 06:22:48.679 +08:00] [INFO] [ddl.go:856] ["start delRangeManager OK"] [category=ddl] ["is a emulator"=false]
[2026/07/17 06:22:48.683 +08:00] [WARN] [global_controller.go:850] ["[resource group controller] resource group name does not exist"] [name=default]
[2026/07/17 06:22:48.684 +08:00] [INFO] [manager.go:289] ["start campaign owner"] [key=/tidb/ddl/fg/owner] [id=b16bd13c-a181-4a59-956c-308a45ee0294]
[2026/07/17 06:22:48.689 +08:00] [INFO] [env.go:123] ["the ingest sorted directory"] [category=ddl-ingest] ["data path"=/tmp/tidb/tmp_ddl-4000]
[2026/07/17 06:22:48.689 +08:00] [WARN] [env.go:84] ["ingest backfill may not be available"] [category=ddl-ingest] [error="the available disk space(47780188160) in /tmp/tidb/tmp_ddl-4000 should be greater than @@tidb_ddl_disk_quota(107374182400)"] [errorVerbose="the available disk space(47780188160) in /tmp/tidb/tmp_ddl-4000 should be greater than @@tidb_ddl_disk_quota(107374182400)\ngithub.com/pingcap/tidb/pkg/ddl/ingest.(*diskRootImpl).StartupCheck\n\t/Users/bba/pc/tidb-ai-master/pkg/ddl/ingest/disk_root.go:191\ngithub.com/pingcap/tidb/pkg/ddl/ingest.InitGlobalLightningEnv\n\t/Users/bba/pc/tidb-ai-master/pkg/ddl/ingest/env.go:82\ngithub.com/pingcap/tidb/pkg/ddl.(*ddl).Start\n\t/Users/bba/pc/tidb-ai-master/pkg/ddl/ddl.go:942\ngithub.com/pingcap/tidb/pkg/domain.(*Domain).Start\n\t/Users/bba/pc/tidb-ai-master/pkg/domain/domain.go:809\ngithub.com/pingcap/tidb/pkg/session.bootstrapSessionImpl\n\t/Users/bba/pc/tidb-ai-master/pkg/session/session.go:4483\ngithub.com/pingcap/tidb/pkg/session.BootstrapSession\n\t/Users/bba/pc/tidb-ai-master/pkg/session/session.go:4360\ngithub.com/pingcap/tidb/tests/realtikvtest.CreateMockStoreAndDomainAndSetup\n\t/Users/bba/pc/tidb-ai-master/tests/realtikvtest/testkit.go:297\ngithub.com/pingcap/tidb/tests/realtikvtest.CreateMockStoreAndSetup\n\t/Users/bba/pc/tidb-ai-master/tests/realtikvtest/testkit.go:225\ngithub.com/pingcap/tidb/tests/realtikvtest/flashbacktest.TestRecoverTableAfterDeleteRangeTaskLoaded\n\t/Users/bba/pc/tidb-ai-master/tests/realtikvtest/flashbacktest/ai_native_recover_delete_range_race_test.go:43\ntesting.tRunner\n\t/Users/bba/.gvm/pkgsets/go1.25.1/global/pkg/mod/golang.org/toolchain@v0.0.1-go1.25.10.darwin-arm64/src/testing/testing.go:1934\nruntime.goexit\n\t/Users/bba/.gvm/pkgsets/go1.25.1/global/pkg/mod/golang.org/toolchain@v0.0.1-go1.25.10.darwin-arm64/src/runtime/asm_arm64.s:1268"]
[2026/07/17 06:22:48.689 +08:00] [INFO] [env.go:88] ["init global ingest backend environment finished"] [category=ddl-ingest] ["memory limitation"=19327352832] ["disk usage info"="disk usage: 946882396160/994662584320, backend usage: 0"] ["max open file number"=138240] ["lightning is initialized"=true]
[2026/07/17 06:22:48.689 +08:00] [INFO] [wait_group_wrapper.go:141] ["background process started"] [source=domain] [process=loadSchemaInLoop]
[2026/07/17 06:22:48.689 +08:00] [INFO] [wait_group_wrapper.go:141] ["background process started"] [source=domain] [process=mdlCheckLoop]
[2026/07/17 06:22:48.689 +08:00] [INFO] [wait_group_wrapper.go:141] ["background process started"] [source=domain] [process=topNSlowQueryLoop]
[2026/07/17 06:22:48.689 +08:00] [INFO] [wait_group_wrapper.go:141] ["background process started"] [source=domain] [process=infoSyncerKeeper]
[2026/07/17 06:22:48.689 +08:00] [INFO] [wait_group_wrapper.go:141] ["background process started"] [source=domain] [process=globalConfigSyncerKeeper]
[2026/07/17 06:22:48.689 +08:00] [INFO] [wait_group_wrapper.go:141] ["background process started"] [source=domain] [process=runawayRecordFlushLoop]
[2026/07/17 06:22:48.689 +08:00] [INFO] [wait_group_wrapper.go:141] ["background process started"] [source=domain] [process=runawayWatchSyncLoop]
[2026/07/17 06:22:48.689 +08:00] [INFO] [wait_group_wrapper.go:141] ["background process started"] [source=domain] [process=requestUnitsWriterLoop]
[2026/07/17 06:22:48.689 +08:00] [INFO] [wait_group_wrapper.go:141] ["background process started"] [source=domain] [process=topologySyncerKeeper]
[2026/07/17 06:22:48.689 +08:00] [INFO] [wait_group_wrapper.go:141] ["background process started"] [source=domain] [process=closestReplicaReadCheckLoop]
[2026/07/17 06:22:48.689 +08:00] [INFO] [wait_group_wrapper.go:150] ["background process exited"] [source=domain] [process=requestUnitsWriterLoop]
[2026/07/17 06:22:48.689 +08:00] [INFO] [owner_daemon.go:70] ["begin advancer daemon"] [daemon-id=LogBackup::Advancer]
[2026/07/17 06:22:48.689 +08:00] [INFO] [manager.go:289] ["start campaign owner"] [key=/tidb/br-stream/owner] [id=32ae3df3-5d8c-4ae0-ac8b-04e2c03374fd]
[2026/07/17 06:22:48.697 +08:00] [INFO] [manager.go:527] ["get owner"] [key=/tidb/ddl/fg/owner] ["owner key"=/tidb/ddl/fg/owner/22319f6d042f0c8d] [ownerID=b16bd13c-a181-4a59-956c-308a45ee0294]
[2026/07/17 06:22:48.697 +08:00] [INFO] [manager.go:324] ["become owner"] [key=/tidb/ddl/fg/owner] [id=b16bd13c-a181-4a59-956c-308a45ee0294]
[2026/07/17 06:22:48.697 +08:00] [INFO] [manager.go:616] ["watching owner key"] [key=/tidb/ddl/fg/owner] [id=b16bd13c-a181-4a59-956c-308a45ee0294] [ownerKey=/tidb/ddl/fg/owner/22319f6d042f0c8d] [currRev=334]
[2026/07/17 06:22:48.697 +08:00] [INFO] [wait_group_wrapper.go:141] ["background process started"] [source=domain] [process=logBackupAdvancer]
[2026/07/17 06:22:48.697 +08:00] [INFO] [owner_daemon.go:81] ["begin running daemon"] [id=32ae3df3-5d8c-4ae0-ac8b-04e2c03374fd] [daemon-id=LogBackup::Advancer]
[2026/07/17 06:22:48.697 +08:00] [WARN] [sysvar_cache.go:53] ["sysvar cache is empty, triggering rebuild"]
[2026/07/17 06:22:48.699 +08:00] [INFO] [client.go:434] ["[router] follower handle status changed"] [enable=true]
[2026/07/17 06:22:48.699 +08:00] [INFO] [sysvar.go:3400] ["set resource control"] [enable=true]
[2026/07/17 06:22:48.699 +08:00] [INFO] [inner_client.go:103] ["[pd] notified to disable the router client"]
[2026/07/17 06:22:48.699 +08:00] [INFO] [client.go:325] ["[router] closing router client"]
[2026/07/17 06:22:48.699 +08:00] [INFO] [client.go:606] ["[router] stop fetching the pending router requests due to context canceled"]
[2026/07/17 06:22:48.699 +08:00] [INFO] [client.go:587] ["[router] dispatcher is exiting"]
[2026/07/17 06:22:48.699 +08:00] [INFO] [client.go:592] ["[router] dispatcher exited"]
[2026/07/17 06:22:48.699 +08:00] [INFO] [client.go:430] ["[router] connection daemon is exiting"]
[2026/07/17 06:22:48.699 +08:00] [INFO] [client.go:330] ["[router] router client is closed"]
[2026/07/17 06:22:48.701 +08:00] [INFO] [global_controller.go:586] ["[resource group controller] create resource group cost controller"] [name=default]
[2026/07/17 06:22:48.701 +08:00] [INFO] [wait_group_wrapper.go:141] ["background process started"] [source=domain] [process=loadPrivilegeInLoop]
[2026/07/17 06:22:48.701 +08:00] [INFO] [job_scheduler.go:363] ["get global state and global state change"] [category=ddl] [oldState=false] [currState=false]
[2026/07/17 06:22:48.701 +08:00] [INFO] [manager.go:561] ["set owner op is the same as the original, so do nothing."] [key=/tidb/ddl/fg/owner] [id=b16bd13c-a181-4a59-956c-308a45ee0294] [op=none]
[2026/07/17 06:22:48.701 +08:00] [INFO] [job_scheduler.go:375] ["the owner sets owner operator value"] [category=ddl] [ownerOp=none]
[2026/07/17 06:22:48.702 +08:00] [INFO] [manager.go:527] ["get owner"] [key=/tidb/br-stream/owner] ["owner key"=/tidb/br-stream/owner/22319f6d042f0c91] [ownerID=32ae3df3-5d8c-4ae0-ac8b-04e2c03374fd]
[2026/07/17 06:22:48.702 +08:00] [INFO] [manager.go:324] ["become owner"] [key=/tidb/br-stream/owner] [id=32ae3df3-5d8c-4ae0-ac8b-04e2c03374fd]
[2026/07/17 06:22:48.702 +08:00] [INFO] [manager.go:616] ["watching owner key"] [key=/tidb/br-stream/owner] [id=32ae3df3-5d8c-4ae0-ac8b-04e2c03374fd] [ownerKey=/tidb/br-stream/owner/22319f6d042f0c91] [currRev=335]
[2026/07/17 06:22:48.702 +08:00] [INFO] [wait_group_wrapper.go:141] ["background process started"] [source=domain] [process=LoadSysVarCacheLoop]
[2026/07/17 06:22:48.706 +08:00] [INFO] [binding_cache.go:75] ["load bindings"] [category=sql-bind] [fullLoad=true] [fromRemote=false] [cacheSizeChange=false] [hasNewBinding=false] [cacheCapacity=67108864] [cacheUsage=0] [cachedBindingNum=0] [duration=1.966125ms] []
[2026/07/17 06:22:48.706 +08:00] [INFO] [manager.go:289] ["start campaign owner"] [key=/tidb/bindinfo/owner] [id=b16bd13c-a181-4a59-956c-308a45ee0294]
[2026/07/17 06:22:48.711 +08:00] [INFO] [wait_group_wrapper.go:141] ["background process started"] [source=domain] [process=globalBindHandleWorkerLoop]
[2026/07/17 06:22:48.713 +08:00] [INFO] [wait_group_wrapper.go:141] ["background process started"] [source=domain] [process=PlanReplayerTaskCollectHandle]
[2026/07/17 06:22:48.713 +08:00] [INFO] [wait_group_wrapper.go:141] ["background process started"] [source=domain] [process=PlanReplayerTaskDumpHandle]
[2026/07/17 06:22:48.713 +08:00] [INFO] [wait_group_wrapper.go:141] ["background process started"] [source=domain] [process=dumpFileGcChecker]
[2026/07/17 06:22:48.713 +08:00] [INFO] [wait_group_wrapper.go:141] ["background process started"] [source=domain] [process=HistoricalStatsWorker]
[2026/07/17 06:22:48.713 +08:00] [INFO] [domain.go:1825] ["PlanReplayerTaskDumpHandle started"]
[2026/07/17 06:22:48.713 +08:00] [INFO] [domain.go:1803] ["PlanReplayerTaskCollectHandle started"]
[2026/07/17 06:22:48.713 +08:00] [INFO] [domain.go:1890] ["HistoricalStatsWorker started"]
[2026/07/17 06:22:48.713 +08:00] [INFO] [plan_replayer.go:407] ["planReplayerTaskDumpWorker started."]
[2026/07/17 06:22:48.713 +08:00] [INFO] [domain.go:1857] ["dumpFileGcChecker started"]
[2026/07/17 06:22:48.713 +08:00] [INFO] [wait_group_wrapper.go:141] ["background process started"] [source=domain] [process=loadStatsWorker]
[2026/07/17 06:22:48.713 +08:00] [INFO] [manager.go:289] ["start campaign owner"] [key=/tidb/stats/owner] [id=b16bd13c-a181-4a59-956c-308a45ee0294]
[2026/07/17 06:22:48.714 +08:00] [INFO] [bootstrap.go:872] ["Complete loading the stats meta in the lite mode"] [category=stats] [duration=933.583µs]
[2026/07/17 06:22:48.715 +08:00] [INFO] [bootstrap.go:879] ["Complete loading the histogram in the lite mode"] [category=stats] [duration=989.875µs]
[2026/07/17 06:22:48.716 +08:00] [INFO] [domain.go:2101] ["Init stats succeed"] [category=stats] [isLiteInitStats=true] [duration=2.272375ms]
[2026/07/17 06:22:48.721 +08:00] [INFO] [wait_group_wrapper.go:141] ["background process started"] [source=domain] [process=indexUsageWorker]
[2026/07/17 06:22:48.721 +08:00] [INFO] [wait_group_wrapper.go:141] ["background process started"] [source=domain] [process=asyncLoadHistogram]
[2026/07/17 06:22:48.721 +08:00] [INFO] [wait_group_wrapper.go:141] ["background process started"] [source=domain] [process=deltaUpdateTickerWorker]
[2026/07/17 06:22:48.721 +08:00] [INFO] [wait_group_wrapper.go:141] ["background process started"] [source=domain] [process=dumpColStatsUsageWorker]
[2026/07/17 06:22:48.721 +08:00] [INFO] [wait_group_wrapper.go:141] ["background process started"] [source=domain] [process=gcStatsWorker]
[2026/07/17 06:22:48.721 +08:00] [INFO] [wait_group_wrapper.go:141] ["background process started"] [source=domain] [process=autoAnalyzeWorker]
[2026/07/17 06:22:48.721 +08:00] [INFO] [wait_group_wrapper.go:141] ["background process started"] [source=domain] [process=analyzeJobsCleanupWorker]
[2026/07/17 06:22:48.721 +08:00] [INFO] [domain.go:2274] ["dumpColStatsUsageWorker started."]
[2026/07/17 06:22:48.721 +08:00] [INFO] [domain.go:2058] ["start load stats sub workers"] [workerCount=6]
[2026/07/17 06:22:48.721 +08:00] [INFO] [wait_group_wrapper.go:141] ["background process started"] [source=domain] [process=planCacheEvictTrigger]
[2026/07/17 06:22:48.721 +08:00] [INFO] [domain.go:2301] ["deltaUpdateTickerWorker started."]
[2026/07/17 06:22:48.721 +08:00] [INFO] [wait_group_wrapper.go:141] ["background process started"] [source=domain] [process=planCacheMetricsAndVars]
[2026/07/17 06:22:48.721 +08:00] [INFO] [wait_group_wrapper.go:141] ["background process started"] [source=domain] [process=readTableCostWorker]
[2026/07/17 06:22:48.721 +08:00] [INFO] [domain.go:2235] ["gcStatsWorker started."]
[2026/07/17 06:22:48.721 +08:00] [INFO] [wait_group_wrapper.go:141] ["background process started"] [source=domain] [process=loadSigningCertLoop]
[2026/07/17 06:22:48.721 +08:00] [INFO] [domain.go:1204] ["initialize node resource"] [total-cpu=14] [total-mem=36GiB] [dxf-resource-limit=100] [dxf-usable-cpu=14] [dxf-usable-mem=36GiB] [total-disk=926.4GiB]
[2026/07/17 06:22:48.721 +08:00] [INFO] [notifier.go:225] ["etcd notify loop to watch timer events started"] [EtcdKey=/tidb/timer/cluster/1/notify/64d3374e-6a2d-44eb-a734-4496adca45e7]
[2026/07/17 06:22:48.722 +08:00] [INFO] [task_manager.go:248] ["scale ttl worker"] [ttl-worker=job-manager] [ttl-worker=b16bd13c-a181-4a59-956c-308a45ee0294] [ttl-worker=task-manager] [ttl-worker=b16bd13c-a181-4a59-956c-308a45ee0294] [originalCount=0] [newCount=4]
[2026/07/17 06:22:48.722 +08:00] [INFO] [task_manager.go:248] ["scale ttl worker"] [ttl-worker=job-manager] [ttl-worker=b16bd13c-a181-4a59-956c-308a45ee0294] [ttl-worker=task-manager] [ttl-worker=b16bd13c-a181-4a59-956c-308a45ee0294] [originalCount=0] [newCount=4]
[2026/07/17 06:22:48.722 +08:00] [INFO] [job_manager.go:519] ["TTL leader to collect delay metrics"] [ttl-worker=job-manager] [ttl-worker=b16bd13c-a181-4a59-956c-308a45ee0294]
[2026/07/17 06:22:48.723 +08:00] [INFO] [wait_group_wrapper.go:141] ["background process started"] [source=domain] [process=distTaskFrameworkLoop]
[2026/07/17 06:22:48.723 +08:00] [INFO] [manager.go:124] ["task executor manager start"] [server-id=:4000]
[2026/07/17 06:22:48.723 +08:00] [INFO] [domain.go:1220] ["dist task executor manager started"]
[2026/07/17 06:22:48.723 +08:00] [INFO] [rate_limiter_param.go:104] ["loaded value from meta store"] [key=maxBatchSplitRanges] [value=2048]
[2026/07/17 06:22:48.723 +08:00] [INFO] [helper.go:189] ["set random timezone for getStmtTimestamp"] [timezone=America/Los_Angeles]
[2026/07/17 06:22:48.725 +08:00] [INFO] [job_manager.go:1096] ["TTL leader to DoGC"] [ttl-worker=job-manager] [ttl-worker=b16bd13c-a181-4a59-956c-308a45ee0294]
[2026/07/17 06:22:48.726 +08:00] [INFO] [manager.go:527] ["get owner"] [key=/tidb/bindinfo/owner] ["owner key"=/tidb/bindinfo/owner/22319f6d042f0c9c] [ownerID=b16bd13c-a181-4a59-956c-308a45ee0294]
[2026/07/17 06:22:48.726 +08:00] [INFO] [manager.go:324] ["become owner"] [key=/tidb/bindinfo/owner] [id=b16bd13c-a181-4a59-956c-308a45ee0294]
[2026/07/17 06:22:48.726 +08:00] [INFO] [manager.go:616] ["watching owner key"] [key=/tidb/bindinfo/owner] [id=b16bd13c-a181-4a59-956c-308a45ee0294] [ownerKey=/tidb/bindinfo/owner/22319f6d042f0c9c] [currRev=337]
[2026/07/17 06:22:48.730 +08:00] [INFO] [manager.go:527] ["get owner"] [key=/tidb/stats/owner] ["owner key"=/tidb/stats/owner/22319f6d042f0c9f] [ownerID=b16bd13c-a181-4a59-956c-308a45ee0294]
[2026/07/17 06:22:48.730 +08:00] [INFO] [manager.go:324] ["become owner"] [key=/tidb/stats/owner] [id=b16bd13c-a181-4a59-956c-308a45ee0294]
[2026/07/17 06:22:48.730 +08:00] [INFO] [manager.go:616] ["watching owner key"] [key=/tidb/stats/owner] [id=b16bd13c-a181-4a59-956c-308a45ee0294] [ownerKey=/tidb/stats/owner/22319f6d042f0c9f] [currRev=338]
[2026/07/17 06:22:48.732 +08:00] [INFO] [set.go:194] ["set global var"] [conn=1] [name=innodb_lock_wait_timeout] [val=50]
[2026/07/17 06:22:48.735 +08:00] [INFO] [session.go:5195] ["CRUCIAL OPERATION"] [conn=1] [schemaVersion=67] [cur_db=test] [sql="alter table `t_recover_gc_control` nocache"] [user=]
[2026/07/17 06:22:48.735 +08:00] [INFO] [session.go:5195] ["CRUCIAL OPERATION"] [conn=1] [schemaVersion=67] [cur_db=test] [sql="alter table `t_recover_gc_target` nocache"] [user=]
[2026/07/17 06:22:48.741 +08:00] [INFO] [job_submitter.go:118] ["add DDL jobs"] [category=ddl] ["batch count"=1] [jobs="ID:124, Type:drop table, State:queueing, SchemaState:public, SchemaID:114, TableID:116, RowCount:0, ArgLen:1, start time: 2026-07-17 06:22:48.736 +0800 CST, Err:<nil>, ErrCount:0, SnapshotVersion:0, Version: v2; "] [fast_create=true]
[2026/07/17 06:22:48.741 +08:00] [INFO] [executor.go:7285] ["DDL job submitted"] [category=ddl] [job="ID:124, Type:drop table, State:queueing, SchemaState:public, SchemaID:114, TableID:116, RowCount:0, ArgLen:1, start time: 2026-07-17 06:22:48.736 +0800 CST, Err:<nil>, ErrCount:0, SnapshotVersion:0, Version: v2"] [query="drop table `t_recover_gc_control`,`t_recover_gc_target`"]
[2026/07/17 06:22:48.742 +08:00] [INFO] [job_worker.go:854] ["run one job step"] [category=ddl] [jobID=124] [conn=1] [job="ID:124, Type:drop table, State:queueing, SchemaState:public, SchemaID:114, TableID:116, RowCount:0, ArgLen:0, start time: 2026-07-17 06:22:48.736 +0800 CST, Err:<nil>, ErrCount:0, SnapshotVersion:0, Version: v2"]
[2026/07/17 06:22:48.751 +08:00] [INFO] [loader.go:216] ["diff load InfoSchema success"] [mode=auto] [isV2=true] [currVer=67] [neededVer=68] [gotVer=68] ["elapsed time"=431.375µs] [phyTblIDs="[116]"] [actionTypes="[4]"] [diffTypes="[\"drop table\"]"]
[2026/07/17 06:22:48.752 +08:00] [INFO] [syncer.go:281] ["mdl gets lock, update self version to owner"] [jobID=124] [version=68]
[2026/07/17 06:22:48.757 +08:00] [INFO] [schema_version.go:397] ["wait schema version synced success"] [category=ddl] [ver=68] [checkAssumedSvr=false] ["take time"=6.359792ms] [job="ID:124, Type:drop table, State:running, SchemaState:write only, SchemaID:114, TableID:116, RowCount:0, ArgLen:1, start time: 2026-07-17 06:22:48.736 +0800 CST, Err:<nil>, ErrCount:0, SnapshotVersion:0, Version: v2"] [summary="server count: 1"]
[2026/07/17 06:22:48.759 +08:00] [INFO] [job_worker.go:854] ["run one job step"] [category=ddl] [jobID=124] [conn=1] [job="ID:124, Type:drop table, State:running, SchemaState:write only, SchemaID:114, TableID:116, RowCount:0, ArgLen:0, start time: 2026-07-17 06:22:48.736 +0800 CST, Err:<nil>, ErrCount:0, SnapshotVersion:0, Version: v2"]
[2026/07/17 06:22:48.768 +08:00] [INFO] [loader.go:216] ["diff load InfoSchema success"] [mode=auto] [isV2=true] [currVer=68] [neededVer=69] [gotVer=69] ["elapsed time"=322.291µs] [phyTblIDs="[116]"] [actionTypes="[4]"] [diffTypes="[\"drop table\"]"]
[2026/07/17 06:22:48.769 +08:00] [INFO] [syncer.go:281] ["mdl gets lock, update self version to owner"] [jobID=124] [version=69]
[2026/07/17 06:22:48.774 +08:00] [INFO] [schema_version.go:397] ["wait schema version synced success"] [category=ddl] [ver=69] [checkAssumedSvr=false] ["take time"=7.248208ms] [job="ID:124, Type:drop table, State:running, SchemaState:delete only, SchemaID:114, TableID:116, RowCount:0, ArgLen:1, start time: 2026-07-17 06:22:48.736 +0800 CST, Err:<nil>, ErrCount:0, SnapshotVersion:0, Version: v2"] [summary="server count: 1"]
[2026/07/17 06:22:48.781 +08:00] [INFO] [job_worker.go:854] ["run one job step"] [category=ddl] [jobID=124] [conn=1] [job="ID:124, Type:drop table, State:running, SchemaState:delete only, SchemaID:114, TableID:116, RowCount:0, ArgLen:0, start time: 2026-07-17 06:22:48.736 +0800 CST, Err:<nil>, ErrCount:0, SnapshotVersion:0, Version: v2"]
[2026/07/17 06:22:48.787 +08:00] [WARN] [ddl.go:700] ["fail to notify DDL event"] [category=ddl] [event="(Event Type: drop table, Old Table ID: 116, Old Table Name: t_recover_gc_control)"]
[2026/07/17 06:22:48.798 +08:00] [INFO] [loader.go:216] ["diff load InfoSchema success"] [mode=auto] [isV2=true] [currVer=69] [neededVer=70] [gotVer=70] ["elapsed time"=251.084µs] [phyTblIDs="[116]"] [actionTypes="[4]"] [diffTypes="[\"drop table\"]"]
[2026/07/17 06:22:48.798 +08:00] [INFO] [syncer.go:281] ["mdl gets lock, update self version to owner"] [jobID=124] [version=70]
[2026/07/17 06:22:48.806 +08:00] [INFO] [schema_version.go:397] ["wait schema version synced success"] [category=ddl] [ver=70] [checkAssumedSvr=false] ["take time"=9.319958ms] [job="ID:124, Type:drop table, State:done, SchemaState:none, SchemaID:114, TableID:116, RowCount:0, ArgLen:1, start time: 2026-07-17 06:22:48.736 +0800 CST, Err:<nil>, ErrCount:0, SnapshotVersion:0, Version: v2"] [summary="server count: 1"]
[2026/07/17 06:22:48.814 +08:00] [INFO] [delete_range.go:470] ["insert into delete-range table"] [category=ddl] [jobID=124] [tableIDs="[116]"] [comment="drop table: table ID"]
[2026/07/17 06:22:48.822 +08:00] [INFO] [delete_range.go:112] ["add job into delete-range table"] [category=ddl] [jobID=124] [jobType="drop table"]
[2026/07/17 06:22:48.823 +08:00] [INFO] [job_worker.go:447] ["finish DDL job"] [category=ddl] [jobID=124] [conn=1] [job="ID:124, Type:drop table, State:synced, SchemaState:none, SchemaID:114, TableID:116, RowCount:0, ArgLen:1, start time: 2026-07-17 06:22:48.736 +0800 CST, Err:<nil>, ErrCount:0, SnapshotVersion:0, Version: v2"]
[2026/07/17 06:22:48.831 +08:00] [INFO] [executor.go:7423] ["DDL job is finished"] [category=ddl] [jobID=124]
[2026/07/17 06:22:48.836 +08:00] [INFO] [lock_resolver.go:1631] ["txn lock cleanup resolve-lock rpc finished"] [action=commit] [txnStartTS=467727959663837192] [commitTS=467727959663837198] [regionID=8] [resolveLite=true] [resolvedByCheckTxnStatus=false]
[2026/07/17 06:22:48.847 +08:00] [INFO] [job_submitter.go:118] ["add DDL jobs"] [category=ddl] ["batch count"=1] [jobs="ID:125, Type:drop table, State:queueing, SchemaState:public, SchemaID:114, TableID:120, RowCount:0, ArgLen:1, start time: 2026-07-17 06:22:48.786 +0800 CST, Err:<nil>, ErrCount:0, SnapshotVersion:0, Version: v2; "] [fast_create=true]
[2026/07/17 06:22:48.847 +08:00] [INFO] [executor.go:7285] ["DDL job submitted"] [category=ddl] [job="ID:125, Type:drop table, State:queueing, SchemaState:public, SchemaID:114, TableID:120, RowCount:0, ArgLen:1, start time: 2026-07-17 06:22:48.786 +0800 CST, Err:<nil>, ErrCount:0, SnapshotVersion:0, Version: v2"] [query="drop table `t_recover_gc_control`,`t_recover_gc_target`"]
[2026/07/17 06:22:48.849 +08:00] [INFO] [job_worker.go:854] ["run one job step"] [category=ddl] [jobID=125] [conn=1] [job="ID:125, Type:drop table, State:queueing, SchemaState:public, SchemaID:114, TableID:120, RowCount:0, ArgLen:0, start time: 2026-07-17 06:22:48.786 +0800 CST, Err:<nil>, ErrCount:0, SnapshotVersion:0, Version: v2"]
[2026/07/17 06:22:48.852 +08:00] [INFO] [lock_resolver.go:1631] ["txn lock cleanup resolve-lock rpc finished"] [action=commit] [txnStartTS=467727959663837206] [commitTS=467727959676944386] [regionID=8] [resolveLite=true] [resolvedByCheckTxnStatus=false]
[2026/07/17 06:22:48.852 +08:00] [INFO] [lock_resolver.go:1631] ["txn lock cleanup resolve-lock rpc finished"] [action=commit] [txnStartTS=467727959663837206] [commitTS=467727959676944386] [regionID=8] [resolveLite=true] [resolvedByCheckTxnStatus=false]
[2026/07/17 06:22:48.868 +08:00] [INFO] [loader.go:216] ["diff load InfoSchema success"] [mode=auto] [isV2=true] [currVer=70] [neededVer=71] [gotVer=71] ["elapsed time"=425µs] [phyTblIDs="[120]"] [actionTypes="[4]"] [diffTypes="[\"drop table\"]"]
[2026/07/17 06:22:48.869 +08:00] [INFO] [syncer.go:281] ["mdl gets lock, update self version to owner"] [jobID=125] [version=71]
[2026/07/17 06:22:48.879 +08:00] [INFO] [schema_version.go:397] ["wait schema version synced success"] [category=ddl] [ver=71] [checkAssumedSvr=false] ["take time"=11.715791ms] [job="ID:125, Type:drop table, State:running, SchemaState:write only, SchemaID:114, TableID:120, RowCount:0, ArgLen:1, start time: 2026-07-17 06:22:48.786 +0800 CST, Err:<nil>, ErrCount:0, SnapshotVersion:0, Version: v2"] [summary="server count: 1"]
[2026/07/17 06:22:48.884 +08:00] [INFO] [job_worker.go:854] ["run one job step"] [category=ddl] [jobID=125] [conn=1] [job="ID:125, Type:drop table, State:running, SchemaState:write only, SchemaID:114, TableID:120, RowCount:0, ArgLen:0, start time: 2026-07-17 06:22:48.786 +0800 CST, Err:<nil>, ErrCount:0, SnapshotVersion:0, Version: v2"]
[2026/07/17 06:22:48.903 +08:00] [INFO] [loader.go:216] ["diff load InfoSchema success"] [mode=auto] [isV2=true] [currVer=71] [neededVer=72] [gotVer=72] ["elapsed time"=650.834µs] [phyTblIDs="[120]"] [actionTypes="[4]"] [diffTypes="[\"drop table\"]"]
[2026/07/17 06:22:48.904 +08:00] [INFO] [syncer.go:281] ["mdl gets lock, update self version to owner"] [jobID=125] [version=72]
[2026/07/17 06:22:48.915 +08:00] [INFO] [schema_version.go:397] ["wait schema version synced success"] [category=ddl] [ver=72] [checkAssumedSvr=false] ["take time"=12.929125ms] [job="ID:125, Type:drop table, State:running, SchemaState:delete only, SchemaID:114, TableID:120, RowCount:0, ArgLen:1, start time: 2026-07-17 06:22:48.786 +0800 CST, Err:<nil>, ErrCount:0, SnapshotVersion:0, Version: v2"] [summary="server count: 1"]
[2026/07/17 06:22:48.921 +08:00] [INFO] [job_worker.go:854] ["run one job step"] [category=ddl] [jobID=125] [conn=1] [job="ID:125, Type:drop table, State:running, SchemaState:delete only, SchemaID:114, TableID:120, RowCount:0, ArgLen:0, start time: 2026-07-17 06:22:48.786 +0800 CST, Err:<nil>, ErrCount:0, SnapshotVersion:0, Version: v2"]
[2026/07/17 06:22:48.923 +08:00] [WARN] [ddl.go:700] ["fail to notify DDL event"] [category=ddl] [event="(Event Type: drop table, Old Table ID: 120, Old Table Name: t_recover_gc_target)"]
[2026/07/17 06:22:48.929 +08:00] [INFO] [loader.go:216] ["diff load InfoSchema success"] [mode=auto] [isV2=true] [currVer=72] [neededVer=73] [gotVer=73] ["elapsed time"=242.792µs] [phyTblIDs="[120]"] [actionTypes="[4]"] [diffTypes="[\"drop table\"]"]
[2026/07/17 06:22:48.930 +08:00] [INFO] [syncer.go:281] ["mdl gets lock, update self version to owner"] [jobID=125] [version=73]
[2026/07/17 06:22:48.936 +08:00] [INFO] [schema_version.go:397] ["wait schema version synced success"] [category=ddl] [ver=73] [checkAssumedSvr=false] ["take time"=7.061834ms] [job="ID:125, Type:drop table, State:done, SchemaState:none, SchemaID:114, TableID:120, RowCount:0, ArgLen:1, start time: 2026-07-17 06:22:48.786 +0800 CST, Err:<nil>, ErrCount:0, SnapshotVersion:0, Version: v2"] [summary="server count: 1"]
[2026/07/17 06:22:48.938 +08:00] [INFO] [delete_range.go:470] ["insert into delete-range table"] [category=ddl] [jobID=125] [tableIDs="[120]"] [comment="drop table: table ID"]
[2026/07/17 06:22:48.939 +08:00] [INFO] [delete_range.go:112] ["add job into delete-range table"] [category=ddl] [jobID=125] [jobType="drop table"]
[2026/07/17 06:22:48.939 +08:00] [INFO] [job_worker.go:447] ["finish DDL job"] [category=ddl] [jobID=125] [conn=1] [job="ID:125, Type:drop table, State:synced, SchemaState:none, SchemaID:114, TableID:120, RowCount:0, ArgLen:1, start time: 2026-07-17 06:22:48.786 +0800 CST, Err:<nil>, ErrCount:0, SnapshotVersion:0, Version: v2"]
[2026/07/17 06:22:48.942 +08:00] [INFO] [executor.go:7423] ["DDL job is finished"] [category=ddl] [jobID=125]
[2026/07/17 06:22:48.942 +08:00] [INFO] [session.go:5195] ["CRUCIAL OPERATION"] [conn=1] [schemaVersion=73] [cur_db=test] [sql="drop table `t_recover_gc_control`,`t_recover_gc_target`"] [user=]
    testkit.go:325: cleaned up ddl and tables
    ai_native_recover_delete_range_race_test.go:47: runtime matrix: real_tikv=true mdl=on partition=false
[2026/07/17 06:22:48.963 +08:00] [INFO] [set.go:194] ["set global var"] [conn=2] [name=tidb_gc_enable] [val=ON]
[2026/07/17 06:22:48.965 +08:00] [INFO] [job_submitter.go:118] ["add DDL jobs"] [category=ddl] ["batch count"=1] [jobs="ID:127, Type:create table, State:queueing, SchemaState:none, SchemaID:114, TableID:126, RowCount:0, ArgLen:1, start time: 2026-07-17 06:22:48.936 +0800 CST, Err:<nil>, ErrCount:0, SnapshotVersion:0, Version: v2; "] [fast_create=true]
[2026/07/17 06:22:48.965 +08:00] [INFO] [executor.go:7285] ["DDL job submitted"] [category=ddl] [job="ID:127, Type:create table, State:queueing, SchemaState:none, SchemaID:114, TableID:126, RowCount:0, ArgLen:1, start time: 2026-07-17 06:22:48.936 +0800 CST, Err:<nil>, ErrCount:0, SnapshotVersion:0, Version: v2"] [query="create table t_recover_gc_control (id bigint primary key, k bigint, payload longblob, key idx_k(k))"]
[2026/07/17 06:22:48.966 +08:00] [INFO] [job_worker.go:854] ["run one job step"] [category=ddl] [jobID=127] [conn=2] [job="ID:127, Type:create table, State:queueing, SchemaState:none, SchemaID:114, TableID:126, RowCount:0, ArgLen:0, start time: 2026-07-17 06:22:48.936 +0800 CST, Err:<nil>, ErrCount:0, SnapshotVersion:0, Version: v2"]
[2026/07/17 06:22:48.967 +08:00] [WARN] [ddl.go:700] ["fail to notify DDL event"] [category=ddl] [event="(Event Type: create table, Table ID: 126, Table Name: t_recover_gc_control)"]
[2026/07/17 06:22:48.974 +08:00] [INFO] [loader.go:216] ["diff load InfoSchema success"] [mode=auto] [isV2=true] [currVer=73] [neededVer=74] [gotVer=74] ["elapsed time"=291.875µs] [phyTblIDs="[126]"] [actionTypes="[3]"] [diffTypes="[\"create table\"]"]
[2026/07/17 06:22:48.974 +08:00] [INFO] [syncer.go:281] ["mdl gets lock, update self version to owner"] [jobID=127] [version=74]
[2026/07/17 06:22:48.979 +08:00] [INFO] [schema_version.go:397] ["wait schema version synced success"] [category=ddl] [ver=74] [checkAssumedSvr=false] ["take time"=6.100833ms] [job="ID:127, Type:create table, State:done, SchemaState:public, SchemaID:114, TableID:126, RowCount:0, ArgLen:1, start time: 2026-07-17 06:22:48.936 +0800 CST, Err:<nil>, ErrCount:0, SnapshotVersion:0, Version: v2"] [summary="server count: 1"]
[2026/07/17 06:22:48.981 +08:00] [INFO] [job_worker.go:447] ["finish DDL job"] [category=ddl] [jobID=127] [conn=2] [job="ID:127, Type:create table, State:synced, SchemaState:public, SchemaID:114, TableID:126, RowCount:0, ArgLen:0, start time: 2026-07-17 06:22:48.936 +0800 CST, Err:<nil>, ErrCount:0, SnapshotVersion:0, Version: v2"]
[2026/07/17 06:22:48.983 +08:00] [INFO] [executor.go:7423] ["DDL job is finished"] [category=ddl] [jobID=127]
[2026/07/17 06:22:48.983 +08:00] [INFO] [session.go:5195] ["CRUCIAL OPERATION"] [conn=2] [schemaVersion=74] [cur_db=test] [sql="create table t_recover_gc_control (id bigint primary key, k bigint, payload longblob, key idx_k(k))"] [user=]
[2026/07/17 06:22:48.989 +08:00] [INFO] [lock_resolver.go:1631] ["txn lock cleanup resolve-lock rpc finished"] [action=commit] [txnStartTS=467727959703158837] [commitTS=467727959703158838] [regionID=8] [resolveLite=true] [resolvedByCheckTxnStatus=false]
[2026/07/17 06:22:48.992 +08:00] [INFO] [job_submitter.go:118] ["add DDL jobs"] [category=ddl] ["batch count"=1] [jobs="ID:128, Type:drop table, State:queueing, SchemaState:public, SchemaID:114, TableID:126, RowCount:0, ArgLen:1, start time: 2026-07-17 06:22:48.986 +0800 CST, Err:<nil>, ErrCount:0, SnapshotVersion:0, Version: v2; "] [fast_create=true]
[2026/07/17 06:22:48.992 +08:00] [INFO] [executor.go:7285] ["DDL job submitted"] [category=ddl] [job="ID:128, Type:drop table, State:queueing, SchemaState:public, SchemaID:114, TableID:126, RowCount:0, ArgLen:1, start time: 2026-07-17 06:22:48.986 +0800 CST, Err:<nil>, ErrCount:0, SnapshotVersion:0, Version: v2"] [query="drop table t_recover_gc_control"]
[2026/07/17 06:22:48.993 +08:00] [INFO] [job_worker.go:854] ["run one job step"] [category=ddl] [jobID=128] [conn=2] [job="ID:128, Type:drop table, State:queueing, SchemaState:public, SchemaID:114, TableID:126, RowCount:0, ArgLen:0, start time: 2026-07-17 06:22:48.986 +0800 CST, Err:<nil>, ErrCount:0, SnapshotVersion:0, Version: v2"]
[2026/07/17 06:22:48.999 +08:00] [INFO] [loader.go:216] ["diff load InfoSchema success"] [mode=auto] [isV2=true] [currVer=74] [neededVer=75] [gotVer=75] ["elapsed time"=322.042µs] [phyTblIDs="[126]"] [actionTypes="[4]"] [diffTypes="[\"drop table\"]"]
[2026/07/17 06:22:49.000 +08:00] [INFO] [syncer.go:281] ["mdl gets lock, update self version to owner"] [jobID=128] [version=75]
[2026/07/17 06:22:49.005 +08:00] [INFO] [schema_version.go:397] ["wait schema version synced success"] [category=ddl] [ver=75] [checkAssumedSvr=false] ["take time"=5.929375ms] [job="ID:128, Type:drop table, State:running, SchemaState:write only, SchemaID:114, TableID:126, RowCount:0, ArgLen:1, start time: 2026-07-17 06:22:48.986 +0800 CST, Err:<nil>, ErrCount:0, SnapshotVersion:0, Version: v2"] [summary="server count: 1"]
[2026/07/17 06:22:49.006 +08:00] [INFO] [job_worker.go:854] ["run one job step"] [category=ddl] [jobID=128] [conn=2] [job="ID:128, Type:drop table, State:running, SchemaState:write only, SchemaID:114, TableID:126, RowCount:0, ArgLen:0, start time: 2026-07-17 06:22:48.986 +0800 CST, Err:<nil>, ErrCount:0, SnapshotVersion:0, Version: v2"]
[2026/07/17 06:22:49.014 +08:00] [INFO] [loader.go:216] ["diff load InfoSchema success"] [mode=auto] [isV2=true] [currVer=75] [neededVer=76] [gotVer=76] ["elapsed time"=350.166µs] [phyTblIDs="[126]"] [actionTypes="[4]"] [diffTypes="[\"drop table\"]"]
[2026/07/17 06:22:49.014 +08:00] [INFO] [syncer.go:281] ["mdl gets lock, update self version to owner"] [jobID=128] [version=76]
[2026/07/17 06:22:49.019 +08:00] [INFO] [schema_version.go:397] ["wait schema version synced success"] [category=ddl] [ver=76] [checkAssumedSvr=false] ["take time"=5.973416ms] [job="ID:128, Type:drop table, State:running, SchemaState:delete only, SchemaID:114, TableID:126, RowCount:0, ArgLen:1, start time: 2026-07-17 06:22:48.986 +0800 CST, Err:<nil>, ErrCount:0, SnapshotVersion:0, Version: v2"] [summary="server count: 1"]
[2026/07/17 06:22:49.021 +08:00] [INFO] [job_worker.go:854] ["run one job step"] [category=ddl] [jobID=128] [conn=2] [job="ID:128, Type:drop table, State:running, SchemaState:delete only, SchemaID:114, TableID:126, RowCount:0, ArgLen:0, start time: 2026-07-17 06:22:48.986 +0800 CST, Err:<nil>, ErrCount:0, SnapshotVersion:0, Version: v2"]
[2026/07/17 06:22:49.022 +08:00] [WARN] [ddl.go:700] ["fail to notify DDL event"] [category=ddl] [event="(Event Type: drop table, Old Table ID: 126, Old Table Name: t_recover_gc_control)"]
[2026/07/17 06:22:49.029 +08:00] [INFO] [loader.go:216] ["diff load InfoSchema success"] [mode=auto] [isV2=true] [currVer=76] [neededVer=77] [gotVer=77] ["elapsed time"=270.791µs] [phyTblIDs="[126]"] [actionTypes="[4]"] [diffTypes="[\"drop table\"]"]
[2026/07/17 06:22:49.029 +08:00] [INFO] [syncer.go:281] ["mdl gets lock, update self version to owner"] [jobID=128] [version=77]
[2026/07/17 06:22:49.034 +08:00] [INFO] [schema_version.go:397] ["wait schema version synced success"] [category=ddl] [ver=77] [checkAssumedSvr=false] ["take time"=6.330542ms] [job="ID:128, Type:drop table, State:done, SchemaState:none, SchemaID:114, TableID:126, RowCount:0, ArgLen:1, start time: 2026-07-17 06:22:48.986 +0800 CST, Err:<nil>, ErrCount:0, SnapshotVersion:0, Version: v2"] [summary="server count: 1"]
[2026/07/17 06:22:49.036 +08:00] [INFO] [delete_range.go:470] ["insert into delete-range table"] [category=ddl] [jobID=128] [tableIDs="[126]"] [comment="drop table: table ID"]
[2026/07/17 06:22:49.037 +08:00] [INFO] [delete_range.go:112] ["add job into delete-range table"] [category=ddl] [jobID=128] [jobType="drop table"]
[2026/07/17 06:22:49.037 +08:00] [INFO] [job_worker.go:447] ["finish DDL job"] [category=ddl] [jobID=128] [conn=2] [job="ID:128, Type:drop table, State:synced, SchemaState:none, SchemaID:114, TableID:126, RowCount:0, ArgLen:1, start time: 2026-07-17 06:22:48.986 +0800 CST, Err:<nil>, ErrCount:0, SnapshotVersion:0, Version: v2"]
[2026/07/17 06:22:49.040 +08:00] [INFO] [executor.go:7423] ["DDL job is finished"] [category=ddl] [jobID=128]
[2026/07/17 06:22:49.040 +08:00] [INFO] [session.go:5195] ["CRUCIAL OPERATION"] [conn=2] [schemaVersion=77] [cur_db=test] [sql="drop table t_recover_gc_control"] [user=]
    ai_native_recover_delete_range_race_test.go:86: dropped t_recover_gc_control: job_id=128 table_id=126
[2026/07/17 06:22:49.046 +08:00] [INFO] [job_submitter.go:118] ["add DDL jobs"] [category=ddl] ["batch count"=1] [jobs="ID:129, Type:recover table, State:queueing, SchemaState:none, SchemaID:114, TableID:126, RowCount:0, ArgLen:1, start time: 2026-07-17 06:22:49.036 +0800 CST, Err:<nil>, ErrCount:0, SnapshotVersion:0, Version: v2; "] [fast_create=true]
[2026/07/17 06:22:49.046 +08:00] [INFO] [executor.go:7285] ["DDL job submitted"] [category=ddl] [job="ID:129, Type:recover table, State:queueing, SchemaState:none, SchemaID:114, TableID:126, RowCount:0, ArgLen:1, start time: 2026-07-17 06:22:49.036 +0800 CST, Err:<nil>, ErrCount:0, SnapshotVersion:0, Version: v2"] [query="recover table by job 128"]
[2026/07/17 06:22:49.046 +08:00] [INFO] [job_worker.go:854] ["run one job step"] [category=ddl] [jobID=129] [conn=2] [job="ID:129, Type:recover table, State:queueing, SchemaState:none, SchemaID:114, TableID:126, RowCount:0, ArgLen:0, start time: 2026-07-17 06:22:49.036 +0800 CST, Err:<nil>, ErrCount:0, SnapshotVersion:0, Version: v2"]
[2026/07/17 06:22:49.047 +08:00] [INFO] [job_worker.go:1172] ["schema version doesn't change"] [category=ddl] [jobID=129]
[2026/07/17 06:22:49.048 +08:00] [INFO] [job_worker.go:854] ["run one job step"] [category=ddl] [jobID=129] [conn=2] [job="ID:129, Type:recover table, State:running, SchemaState:write only, SchemaID:114, TableID:126, RowCount:0, ArgLen:0, start time: 2026-07-17 06:22:49.036 +0800 CST, Err:<nil>, ErrCount:0, SnapshotVersion:0, Version: v2"]
[2026/07/17 06:22:49.082 +08:00] [INFO] [loader.go:216] ["diff load InfoSchema success"] [mode=auto] [isV2=true] [currVer=77] [neededVer=78] [gotVer=78] ["elapsed time"=336.958µs] [phyTblIDs="[126]"] [actionTypes="[25]"] [diffTypes="[\"recover table\"]"]
[2026/07/17 06:22:49.082 +08:00] [INFO] [syncer.go:281] ["mdl gets lock, update self version to owner"] [jobID=129] [version=78]
[2026/07/17 06:22:49.087 +08:00] [INFO] [schema_version.go:397] ["wait schema version synced success"] [category=ddl] [ver=78] [checkAssumedSvr=false] ["take time"=6.133709ms] [job="ID:129, Type:recover table, State:done, SchemaState:public, SchemaID:114, TableID:126, RowCount:0, ArgLen:1, start time: 2026-07-17 06:22:49.036 +0800 CST, Err:<nil>, ErrCount:0, SnapshotVersion:0, Version: v2"] [summary="server count: 1"]
[2026/07/17 06:22:49.097 +08:00] [INFO] [job_worker.go:447] ["finish DDL job"] [category=ddl] [jobID=129] [conn=2] [job="ID:129, Type:recover table, State:synced, SchemaState:public, SchemaID:114, TableID:126, RowCount:0, ArgLen:1, start time: 2026-07-17 06:22:49.036 +0800 CST, Err:<nil>, ErrCount:0, SnapshotVersion:0, Version: v2"]
[2026/07/17 06:22:49.099 +08:00] [INFO] [executor.go:7423] ["DDL job is finished"] [category=ddl] [jobID=129]
[2026/07/17 06:22:49.099 +08:00] [ERROR] [gc_worker.go:1936] ["deleteRanges is called"] [stack="github.com/pingcap/tidb/pkg/store/gcworker.(*MockGCWorker).DeleteRanges\n\t/Users/bba/pc/tidb-ai-master/pkg/store/gcworker/gc_worker.go:1936\ngithub.com/pingcap/tidb/tests/realtikvtest/flashbacktest.TestRecoverTableAfterDeleteRangeTaskLoaded\n\t/Users/bba/pc/tidb-ai-master/tests/realtikvtest/flashbacktest/ai_native_recover_delete_range_race_test.go:103\ntesting.tRunner\n\t/Users/bba/.gvm/pkgsets/go1.25.1/global/pkg/mod/golang.org/toolchain@v0.0.1-go1.25.10.darwin-arm64/src/testing/testing.go:1934"]
[2026/07/17 06:22:49.108 +08:00] [INFO] [gc_worker.go:902] ["start delete ranges"] [category="gc worker"] [uuid=67db419e9a0001e] [ranges=2]
[2026/07/17 06:22:49.130 +08:00] [INFO] [info.go:1010] [DeleteTiFlashPlacementRules] [physicalTableIDs="[116]"]
[2026/07/17 06:22:49.148 +08:00] [INFO] [info.go:1010] [DeleteTiFlashPlacementRules] [physicalTableIDs="[120]"]
[2026/07/17 06:22:49.152 +08:00] [INFO] [gc_worker.go:976] ["finish delete ranges"] [category="gc worker"] [uuid=67db419e9a0001e] ["num of ranges"=2] ["cost time"=44.167958ms]
[2026/07/17 06:22:49.157 +08:00] [INFO] [job_submitter.go:118] ["add DDL jobs"] [category=ddl] ["batch count"=1] [jobs="ID:131, Type:create table, State:queueing, SchemaState:none, SchemaID:114, TableID:130, RowCount:0, ArgLen:1, start time: 2026-07-17 06:22:49.136 +0800 CST, Err:<nil>, ErrCount:0, SnapshotVersion:0, Version: v2; "] [fast_create=true]
[2026/07/17 06:22:49.157 +08:00] [INFO] [executor.go:7285] ["DDL job submitted"] [category=ddl] [job="ID:131, Type:create table, State:queueing, SchemaState:none, SchemaID:114, TableID:130, RowCount:0, ArgLen:1, start time: 2026-07-17 06:22:49.136 +0800 CST, Err:<nil>, ErrCount:0, SnapshotVersion:0, Version: v2"] [query="create table t_recover_gc_target (id bigint primary key, k bigint, payload longblob, key idx_k(k))"]
[2026/07/17 06:22:49.158 +08:00] [INFO] [job_worker.go:854] ["run one job step"] [category=ddl] [jobID=131] [conn=2] [job="ID:131, Type:create table, State:queueing, SchemaState:none, SchemaID:114, TableID:130, RowCount:0, ArgLen:0, start time: 2026-07-17 06:22:49.136 +0800 CST, Err:<nil>, ErrCount:0, SnapshotVersion:0, Version: v2"]
[2026/07/17 06:22:49.159 +08:00] [WARN] [ddl.go:700] ["fail to notify DDL event"] [category=ddl] [event="(Event Type: create table, Table ID: 130, Table Name: t_recover_gc_target)"]
[2026/07/17 06:22:49.166 +08:00] [INFO] [loader.go:216] ["diff load InfoSchema success"] [mode=auto] [isV2=true] [currVer=78] [neededVer=79] [gotVer=79] ["elapsed time"=290.667µs] [phyTblIDs="[130]"] [actionTypes="[3]"] [diffTypes="[\"create table\"]"]
[2026/07/17 06:22:49.166 +08:00] [INFO] [syncer.go:281] ["mdl gets lock, update self version to owner"] [jobID=131] [version=79]
[2026/07/17 06:22:49.171 +08:00] [INFO] [schema_version.go:397] ["wait schema version synced success"] [category=ddl] [ver=79] [checkAssumedSvr=false] ["take time"=6.164333ms] [job="ID:131, Type:create table, State:done, SchemaState:public, SchemaID:114, TableID:130, RowCount:0, ArgLen:1, start time: 2026-07-17 06:22:49.136 +0800 CST, Err:<nil>, ErrCount:0, SnapshotVersion:0, Version: v2"] [summary="server count: 1"]
[2026/07/17 06:22:49.173 +08:00] [INFO] [job_worker.go:447] ["finish DDL job"] [category=ddl] [jobID=131] [conn=2] [job="ID:131, Type:create table, State:synced, SchemaState:public, SchemaID:114, TableID:130, RowCount:0, ArgLen:0, start time: 2026-07-17 06:22:49.136 +0800 CST, Err:<nil>, ErrCount:0, SnapshotVersion:0, Version: v2"]
[2026/07/17 06:22:49.175 +08:00] [INFO] [executor.go:7423] ["DDL job is finished"] [category=ddl] [jobID=131]
[2026/07/17 06:22:49.175 +08:00] [INFO] [session.go:5195] ["CRUCIAL OPERATION"] [conn=2] [schemaVersion=79] [cur_db=test] [sql="create table t_recover_gc_target (id bigint primary key, k bigint, payload longblob, key idx_k(k))"] [user=]
[2026/07/17 06:22:49.189 +08:00] [INFO] [lock_resolver.go:1631] ["txn lock cleanup resolve-lock rpc finished"] [action=commit] [txnStartTS=467727959755587617] [commitTS=467727959755587618] [regionID=8] [resolveLite=true] [resolvedByCheckTxnStatus=false]
[2026/07/17 06:22:49.192 +08:00] [INFO] [job_submitter.go:118] ["add DDL jobs"] [category=ddl] ["batch count"=1] [jobs="ID:132, Type:drop table, State:queueing, SchemaState:public, SchemaID:114, TableID:130, RowCount:0, ArgLen:1, start time: 2026-07-17 06:22:49.186 +0800 CST, Err:<nil>, ErrCount:0, SnapshotVersion:0, Version: v2; "] [fast_create=true]
[2026/07/17 06:22:49.192 +08:00] [INFO] [executor.go:7285] ["DDL job submitted"] [category=ddl] [job="ID:132, Type:drop table, State:queueing, SchemaState:public, SchemaID:114, TableID:130, RowCount:0, ArgLen:1, start time: 2026-07-17 06:22:49.186 +0800 CST, Err:<nil>, ErrCount:0, SnapshotVersion:0, Version: v2"] [query="drop table t_recover_gc_target"]
[2026/07/17 06:22:49.192 +08:00] [INFO] [job_worker.go:854] ["run one job step"] [category=ddl] [jobID=132] [conn=2] [job="ID:132, Type:drop table, State:queueing, SchemaState:public, SchemaID:114, TableID:130, RowCount:0, ArgLen:0, start time: 2026-07-17 06:22:49.186 +0800 CST, Err:<nil>, ErrCount:0, SnapshotVersion:0, Version: v2"]
[2026/07/17 06:22:49.200 +08:00] [INFO] [loader.go:216] ["diff load InfoSchema success"] [mode=auto] [isV2=true] [currVer=79] [neededVer=80] [gotVer=80] ["elapsed time"=330.208µs] [phyTblIDs="[130]"] [actionTypes="[4]"] [diffTypes="[\"drop table\"]"]
[2026/07/17 06:22:49.200 +08:00] [INFO] [syncer.go:281] ["mdl gets lock, update self version to owner"] [jobID=132] [version=80]
[2026/07/17 06:22:49.205 +08:00] [INFO] [schema_version.go:397] ["wait schema version synced success"] [category=ddl] [ver=80] [checkAssumedSvr=false] ["take time"=5.970041ms] [job="ID:132, Type:drop table, State:running, SchemaState:write only, SchemaID:114, TableID:130, RowCount:0, ArgLen:1, start time: 2026-07-17 06:22:49.186 +0800 CST, Err:<nil>, ErrCount:0, SnapshotVersion:0, Version: v2"] [summary="server count: 1"]
[2026/07/17 06:22:49.207 +08:00] [INFO] [job_worker.go:854] ["run one job step"] [category=ddl] [jobID=132] [conn=2] [job="ID:132, Type:drop table, State:running, SchemaState:write only, SchemaID:114, TableID:130, RowCount:0, ArgLen:0, start time: 2026-07-17 06:22:49.186 +0800 CST, Err:<nil>, ErrCount:0, SnapshotVersion:0, Version: v2"]
[2026/07/17 06:22:49.214 +08:00] [INFO] [loader.go:216] ["diff load InfoSchema success"] [mode=auto] [isV2=true] [currVer=80] [neededVer=81] [gotVer=81] ["elapsed time"=347.208µs] [phyTblIDs="[130]"] [actionTypes="[4]"] [diffTypes="[\"drop table\"]"]
[2026/07/17 06:22:49.214 +08:00] [INFO] [syncer.go:281] ["mdl gets lock, update self version to owner"] [jobID=132] [version=81]
[2026/07/17 06:22:49.219 +08:00] [INFO] [schema_version.go:397] ["wait schema version synced success"] [category=ddl] [ver=81] [checkAssumedSvr=false] ["take time"=6.005958ms] [job="ID:132, Type:drop table, State:running, SchemaState:delete only, SchemaID:114, TableID:130, RowCount:0, ArgLen:1, start time: 2026-07-17 06:22:49.186 +0800 CST, Err:<nil>, ErrCount:0, SnapshotVersion:0, Version: v2"] [summary="server count: 1"]
[2026/07/17 06:22:49.221 +08:00] [INFO] [job_worker.go:854] ["run one job step"] [category=ddl] [jobID=132] [conn=2] [job="ID:132, Type:drop table, State:running, SchemaState:delete only, SchemaID:114, TableID:130, RowCount:0, ArgLen:0, start time: 2026-07-17 06:22:49.186 +0800 CST, Err:<nil>, ErrCount:0, SnapshotVersion:0, Version: v2"]
[2026/07/17 06:22:49.222 +08:00] [WARN] [ddl.go:700] ["fail to notify DDL event"] [category=ddl] [event="(Event Type: drop table, Old Table ID: 130, Old Table Name: t_recover_gc_target)"]
[2026/07/17 06:22:49.230 +08:00] [INFO] [loader.go:216] ["diff load InfoSchema success"] [mode=auto] [isV2=true] [currVer=81] [neededVer=82] [gotVer=82] ["elapsed time"=248.333µs] [phyTblIDs="[130]"] [actionTypes="[4]"] [diffTypes="[\"drop table\"]"]
[2026/07/17 06:22:49.230 +08:00] [INFO] [syncer.go:281] ["mdl gets lock, update self version to owner"] [jobID=132] [version=82]
[2026/07/17 06:22:49.235 +08:00] [INFO] [schema_version.go:397] ["wait schema version synced success"] [category=ddl] [ver=82] [checkAssumedSvr=false] ["take time"=5.710583ms] [job="ID:132, Type:drop table, State:done, SchemaState:none, SchemaID:114, TableID:130, RowCount:0, ArgLen:1, start time: 2026-07-17 06:22:49.186 +0800 CST, Err:<nil>, ErrCount:0, SnapshotVersion:0, Version: v2"] [summary="server count: 1"]
[2026/07/17 06:22:49.237 +08:00] [INFO] [delete_range.go:470] ["insert into delete-range table"] [category=ddl] [jobID=132] [tableIDs="[130]"] [comment="drop table: table ID"]
[2026/07/17 06:22:49.238 +08:00] [INFO] [delete_range.go:112] ["add job into delete-range table"] [category=ddl] [jobID=132] [jobType="drop table"]
[2026/07/17 06:22:49.238 +08:00] [INFO] [job_worker.go:447] ["finish DDL job"] [category=ddl] [jobID=132] [conn=2] [job="ID:132, Type:drop table, State:synced, SchemaState:none, SchemaID:114, TableID:130, RowCount:0, ArgLen:1, start time: 2026-07-17 06:22:49.186 +0800 CST, Err:<nil>, ErrCount:0, SnapshotVersion:0, Version: v2"]
[2026/07/17 06:22:49.240 +08:00] [INFO] [executor.go:7423] ["DDL job is finished"] [category=ddl] [jobID=132]
[2026/07/17 06:22:49.240 +08:00] [INFO] [session.go:5195] ["CRUCIAL OPERATION"] [conn=2] [schemaVersion=82] [cur_db=test] [sql="drop table t_recover_gc_target"] [user=]
    ai_native_recover_delete_range_race_test.go:86: dropped t_recover_gc_target: job_id=132 table_id=130
[2026/07/17 06:22:49.243 +08:00] [ERROR] [gc_worker.go:1936] ["deleteRanges is called"] [stack="github.com/pingcap/tidb/pkg/store/gcworker.(*MockGCWorker).DeleteRanges\n\t/Users/bba/pc/tidb-ai-master/pkg/store/gcworker/gc_worker.go:1936\ngithub.com/pingcap/tidb/tests/realtikvtest/flashbacktest.TestRecoverTableAfterDeleteRangeTaskLoaded.func5\n\t/Users/bba/pc/tidb-ai-master/tests/realtikvtest/flashbacktest/ai_native_recover_delete_range_race_test.go:128"]
    ai_native_recover_delete_range_race_test.go:121: deleteRanges loaded: [{StartKey:748000000000000082 EndKey:748000000000000083 JobID:132 ElementID:1}]
[2026/07/17 06:22:49.247 +08:00] [INFO] [job_submitter.go:118] ["add DDL jobs"] [category=ddl] ["batch count"=1] [jobs="ID:133, Type:recover table, State:queueing, SchemaState:none, SchemaID:114, TableID:130, RowCount:0, ArgLen:1, start time: 2026-07-17 06:22:49.236 +0800 CST, Err:<nil>, ErrCount:0, SnapshotVersion:0, Version: v2; "] [fast_create=true]
[2026/07/17 06:22:49.247 +08:00] [INFO] [executor.go:7285] ["DDL job submitted"] [category=ddl] [job="ID:133, Type:recover table, State:queueing, SchemaState:none, SchemaID:114, TableID:130, RowCount:0, ArgLen:1, start time: 2026-07-17 06:22:49.236 +0800 CST, Err:<nil>, ErrCount:0, SnapshotVersion:0, Version: v2"] [query="recover table by job 132"]
[2026/07/17 06:22:49.247 +08:00] [INFO] [lock_resolver.go:1631] ["txn lock cleanup resolve-lock rpc finished"] [action=commit] [txnStartTS=467727959781802006] [commitTS=467727959781802007] [regionID=8] [resolveLite=true] [resolvedByCheckTxnStatus=false]
[2026/07/17 06:22:49.248 +08:00] [INFO] [job_worker.go:854] ["run one job step"] [category=ddl] [jobID=133] [conn=2] [job="ID:133, Type:recover table, State:queueing, SchemaState:none, SchemaID:114, TableID:130, RowCount:0, ArgLen:0, start time: 2026-07-17 06:22:49.236 +0800 CST, Err:<nil>, ErrCount:0, SnapshotVersion:0, Version: v2"]
[2026/07/17 06:22:49.251 +08:00] [INFO] [job_worker.go:1172] ["schema version doesn't change"] [category=ddl] [jobID=133]
[2026/07/17 06:22:49.252 +08:00] [INFO] [job_worker.go:854] ["run one job step"] [category=ddl] [jobID=133] [conn=2] [job="ID:133, Type:recover table, State:running, SchemaState:write only, SchemaID:114, TableID:130, RowCount:0, ArgLen:0, start time: 2026-07-17 06:22:49.236 +0800 CST, Err:<nil>, ErrCount:0, SnapshotVersion:0, Version: v2"]
[2026/07/17 06:22:49.276 +08:00] [INFO] [loader.go:216] ["diff load InfoSchema success"] [mode=auto] [isV2=true] [currVer=82] [neededVer=83] [gotVer=83] ["elapsed time"=282.791µs] [phyTblIDs="[130]"] [actionTypes="[25]"] [diffTypes="[\"recover table\"]"]
[2026/07/17 06:22:49.276 +08:00] [INFO] [syncer.go:281] ["mdl gets lock, update self version to owner"] [jobID=133] [version=83]
[2026/07/17 06:22:49.281 +08:00] [INFO] [schema_version.go:397] ["wait schema version synced success"] [category=ddl] [ver=83] [checkAssumedSvr=false] ["take time"=5.49675ms] [job="ID:133, Type:recover table, State:done, SchemaState:public, SchemaID:114, TableID:130, RowCount:0, ArgLen:1, start time: 2026-07-17 06:22:49.236 +0800 CST, Err:<nil>, ErrCount:0, SnapshotVersion:0, Version: v2"] [summary="server count: 1"]
[2026/07/17 06:22:49.299 +08:00] [INFO] [job_worker.go:447] ["finish DDL job"] [category=ddl] [jobID=133] [conn=2] [job="ID:133, Type:recover table, State:synced, SchemaState:public, SchemaID:114, TableID:130, RowCount:0, ArgLen:1, start time: 2026-07-17 06:22:49.236 +0800 CST, Err:<nil>, ErrCount:0, SnapshotVersion:0, Version: v2"]
[2026/07/17 06:22:49.301 +08:00] [INFO] [executor.go:7423] ["DDL job is finished"] [category=ddl] [jobID=133]
    ai_native_recover_delete_range_race_test.go:143: recover succeeded: job_id=132 table_id=130 rows=32 index_rows=32 persistent_task=0
[2026/07/17 06:22:49.309 +08:00] [INFO] [gc_worker.go:902] ["start delete ranges"] [category="gc worker"] [uuid=67db419e9a0001e] [ranges=1]
[2026/07/17 06:22:49.333 +08:00] [INFO] [info.go:1010] [DeleteTiFlashPlacementRules] [physicalTableIDs="[130]"]
[2026/07/17 06:22:49.335 +08:00] [INFO] [gc_worker.go:976] ["finish delete ranges"] [category="gc worker"] [uuid=67db419e9a0001e] ["num of ranges"=1] ["cost time"=26.218ms]
    ai_native_recover_delete_range_race_test.go:152: terminal state after stale delete-range: job_id=132 table_id=130 rows=0 index_rows=0
[2026/07/17 06:22:49.338 +08:00] [INFO] [job_scheduler.go:269] ["scheduleLoop quit due to context canceled"] [category=ddl]
[2026/07/17 06:22:49.338 +08:00] [INFO] [syncer.go:488] ["schema version sync loop interrupted, retrying..."] [category=ddl]
[2026/07/17 06:22:49.338 +08:00] [INFO] [manager.go:420] ["watch owner finished"] [key=/tidb/ddl/fg/owner] [id=b16bd13c-a181-4a59-956c-308a45ee0294] []
[2026/07/17 06:22:49.338 +08:00] [INFO] [manager.go:333] ["retire owner"] [key=/tidb/ddl/fg/owner] [id=b16bd13c-a181-4a59-956c-308a45ee0294]
[2026/07/17 06:22:49.338 +08:00] [INFO] [ddl_workerpool.go:78] ["closing workerPool"] [category=ddl]
[2026/07/17 06:22:49.338 +08:00] [INFO] [ddl_workerpool.go:78] ["closing workerPool"] [category=ddl]
[2026/07/17 06:22:49.338 +08:00] [INFO] [job_worker.go:267] ["DDL worker closed"] [category=ddl] [worker="worker 1, tp general"] ["take time"=2.5µs]
[2026/07/17 06:22:49.338 +08:00] [INFO] [job_worker.go:267] ["DDL worker closed"] [category=ddl] [worker="worker 2, tp general"] ["take time"=8.167µs]
[2026/07/17 06:22:49.338 +08:00] [INFO] [job_worker.go:267] ["DDL worker closed"] [category=ddl] [worker="worker 3, tp general"] ["take time"=3.833µs]
[2026/07/17 06:22:49.338 +08:00] [INFO] [job_worker.go:267] ["DDL worker closed"] [category=ddl] [worker="worker 4, tp general"] ["take time"=2.708µs]
[2026/07/17 06:22:49.338 +08:00] [INFO] [job_worker.go:267] ["DDL worker closed"] [category=ddl] [worker="worker 5, tp general"] ["take time"=4.125µs]
[2026/07/17 06:22:49.338 +08:00] [INFO] [job_worker.go:267] ["DDL worker closed"] [category=ddl] [worker="worker 6, tp general"] ["take time"=3.875µs]
[2026/07/17 06:22:49.338 +08:00] [INFO] [job_worker.go:267] ["DDL worker closed"] [category=ddl] [worker="worker 7, tp general"] ["take time"=2.375µs]
[2026/07/17 06:22:49.338 +08:00] [INFO] [job_worker.go:267] ["DDL worker closed"] [category=ddl] [worker="worker 8, tp general"] ["take time"=2.541µs]
[2026/07/17 06:22:49.338 +08:00] [INFO] [manager.go:424] ["is not the owner"] [key=/tidb/ddl/fg/owner] [id=b16bd13c-a181-4a59-956c-308a45ee0294]
[2026/07/17 06:22:49.338 +08:00] [INFO] [manager.go:385] ["break campaign loop, context is done"] [key=/tidb/ddl/fg/owner] [id=b16bd13c-a181-4a59-956c-308a45ee0294]
[2026/07/17 06:22:49.343 +08:00] [INFO] [delete_range.go:162] ["closing delRange"] [category=ddl]
[2026/07/17 06:22:49.343 +08:00] [INFO] [session_pool.go:133] ["closing session pool"] [category=ddl]
[2026/07/17 06:22:49.343 +08:00] [INFO] [ddl.go:1157] ["DDL closed"] [category=ddl] [ID=b16bd13c-a181-4a59-956c-308a45ee0294] ["take time"=5.243375ms]
[2026/07/17 06:22:49.343 +08:00] [INFO] [ddl.go:848] ["stop DDL"] [category=ddl] [ID=b16bd13c-a181-4a59-956c-308a45ee0294]
[2026/07/17 06:22:49.343 +08:00] [INFO] [domain.go:484] ["stopping ttlJobManager"]
[2026/07/17 06:22:49.343 +08:00] [INFO] [notifier.go:227] ["etcd notify loop to watch timer events stopped"] [EtcdKey=/tidb/timer/cluster/1/notify/64d3374e-6a2d-44eb-a734-4496adca45e7]
[2026/07/17 06:22:49.343 +08:00] [INFO] [task_manager.go:225] ["shrink ttl worker"] [ttl-worker=job-manager] [ttl-worker=b16bd13c-a181-4a59-956c-308a45ee0294] [ttl-worker=task-manager] [ttl-worker=b16bd13c-a181-4a59-956c-308a45ee0294] [originalCount=4] [newCount=0]
[2026/07/17 06:22:49.343 +08:00] [INFO] [scan.go:379] ["ttlScanWorker loop exited."]
[2026/07/17 06:22:49.343 +08:00] [INFO] [scan.go:379] ["ttlScanWorker loop exited."]
[2026/07/17 06:22:49.343 +08:00] [INFO] [scan.go:379] ["ttlScanWorker loop exited."]
[2026/07/17 06:22:49.343 +08:00] [INFO] [scan.go:379] ["ttlScanWorker loop exited."]
[2026/07/17 06:22:49.343 +08:00] [INFO] [task_manager.go:225] ["shrink ttl worker"] [ttl-worker=job-manager] [ttl-worker=b16bd13c-a181-4a59-956c-308a45ee0294] [ttl-worker=task-manager] [ttl-worker=b16bd13c-a181-4a59-956c-308a45ee0294] [originalCount=4] [newCount=0]
[2026/07/17 06:22:49.343 +08:00] [INFO] [del.go:344] ["ttlDeleteWorker loop exited."]
[2026/07/17 06:22:49.343 +08:00] [INFO] [del.go:344] ["ttlDeleteWorker loop exited."]
[2026/07/17 06:22:49.343 +08:00] [INFO] [del.go:344] ["ttlDeleteWorker loop exited."]
[2026/07/17 06:22:49.343 +08:00] [INFO] [del.go:344] ["ttlDeleteWorker loop exited."]
[2026/07/17 06:22:49.343 +08:00] [INFO] [job_manager.go:183] ["ttlJobManager loop exited."] [ttl-worker=job-manager] [ttl-worker=b16bd13c-a181-4a59-956c-308a45ee0294]
[2026/07/17 06:22:49.343 +08:00] [INFO] [job_manager.go:168] ["ttlJobManager loop exited."] [ttl-worker=job-manager] [ttl-worker=b16bd13c-a181-4a59-956c-308a45ee0294]
[2026/07/17 06:22:49.343 +08:00] [INFO] [domain.go:495] ["ttlJobManager exited."]
[2026/07/17 06:22:49.343 +08:00] [INFO] [domain.go:2868] ["serverIDSession need restart"]
[2026/07/17 06:22:49.357 +08:00] [INFO] [domain.go:2733] ["releaseServerID succeed"] [serverID=1948] [leaseID=2463925761718815874]
[2026/07/17 06:22:49.357 +08:00] [INFO] [domain.go:2396] ["analyzeJobsCleanupWorker exited."]
[2026/07/17 06:22:49.357 +08:00] [INFO] [domain.go:2219] ["deltaUpdateTicker is going to exit, start to flush stats"]
[2026/07/17 06:22:49.357 +08:00] [INFO] [domain.go:2282] ["dumpColStatsUsageWorker exited."]
[2026/07/17 06:22:49.357 +08:00] [INFO] [wait_group_wrapper.go:150] ["background process exited"] [source=domain] [process=dumpColStatsUsageWorker]
[2026/07/17 06:22:49.357 +08:00] [INFO] [domain.go:2800] ["serverIDKeeper exited."]
[2026/07/17 06:22:49.357 +08:00] [INFO] [wait_group_wrapper.go:150] ["background process exited"] [source=domain] [process=analyzeJobsCleanupWorker]
[2026/07/17 06:22:49.357 +08:00] [INFO] [domain.go:2193] ["gcStatsWorker ready to release owner"]
[2026/07/17 06:22:49.357 +08:00] [INFO] [domain.go:2989] ["readTableCostWorker exited."]
[2026/07/17 06:22:49.357 +08:00] [INFO] [domain.go:2114] ["loadStatsWorker exited."]
[2026/07/17 06:22:49.357 +08:00] [INFO] [stats_syncload.go:255] ["SubLoadWorker: exits now because the domain is closed."] [category=stats]
[2026/07/17 06:22:49.357 +08:00] [INFO] [wait_group_wrapper.go:150] ["background process exited"] [source=domain] [process=readTableCostWorker]
[2026/07/17 06:22:49.357 +08:00] [INFO] [domain.go:1222] ["stopping dist task executor manager"]
[2026/07/17 06:22:49.357 +08:00] [INFO] [domain.go:1861] ["dumpFileGcChecker exited."]
[2026/07/17 06:22:49.357 +08:00] [INFO] [stats_syncload.go:255] ["SubLoadWorker: exits now because the domain is closed."] [category=stats]
[2026/07/17 06:22:49.357 +08:00] [INFO] [manager.go:285] ["recoverMetaLoop done"] [server-id=:4000]
[2026/07/17 06:22:49.357 +08:00] [INFO] [stats_syncload.go:245] ["SubLoadWorker: exited."] [category=stats]
[2026/07/17 06:22:49.357 +08:00] [INFO] [wait_group_wrapper.go:150] ["background process exited"] [source=domain] [process=loadSigningCertLoop]
[2026/07/17 06:22:49.357 +08:00] [INFO] [wait_group_wrapper.go:150] ["background process exited"] [source=domain] [process=loadStatsWorker]
[2026/07/17 06:22:49.357 +08:00] [INFO] [domain.go:1477] ["LoadSysVarCacheLoop exited."]
[2026/07/17 06:22:49.357 +08:00] [INFO] [manager.go:157] ["handle tasks loop done"] [server-id=:4000]
[2026/07/17 06:22:49.357 +08:00] [INFO] [manager.go:420] ["watch owner finished"] [key=/tidb/stats/owner] [id=b16bd13c-a181-4a59-956c-308a45ee0294] []
[2026/07/17 06:22:49.357 +08:00] [INFO] [domain.go:2945] ["planCacheEvictTrigger exited."]
[2026/07/17 06:22:49.357 +08:00] [INFO] [stats_syncload.go:255] ["SubLoadWorker: exits now because the domain is closed."] [category=stats]
[2026/07/17 06:22:49.357 +08:00] [INFO] [wait_group_wrapper.go:150] ["background process exited"] [source=domain] [process=planCacheEvictTrigger]
[2026/07/17 06:22:49.357 +08:00] [INFO] [domain.go:419] ["globalConfigSyncerKeeper exited."]
[2026/07/17 06:22:49.357 +08:00] [INFO] [stats_syncload.go:245] ["SubLoadWorker: exited."] [category=stats]
[2026/07/17 06:22:49.357 +08:00] [INFO] [domain.go:2914] ["planCacheMetricsAndVars exited."]
[2026/07/17 06:22:49.357 +08:00] [INFO] [wait_group_wrapper.go:150] ["background process exited"] [source=domain] [process=planCacheMetricsAndVars]
[2026/07/17 06:22:49.357 +08:00] [INFO] [stats_syncload.go:255] ["SubLoadWorker: exits now because the domain is closed."] [category=stats]
[2026/07/17 06:22:49.357 +08:00] [INFO] [stats_syncload.go:245] ["SubLoadWorker: exited."] [category=stats]
[2026/07/17 06:22:49.357 +08:00] [INFO] [wait_group_wrapper.go:150] ["background process exited"] [source=domain] [process=LoadSysVarCacheLoop]
[2026/07/17 06:22:49.357 +08:00] [INFO] [manager.go:333] ["retire owner"] [key=/tidb/stats/owner] [id=b16bd13c-a181-4a59-956c-308a45ee0294]
[2026/07/17 06:22:49.357 +08:00] [INFO] [wait_group_wrapper.go:150] ["background process exited"] [source=domain] [process=globalConfigSyncerKeeper]
[2026/07/17 06:22:49.357 +08:00] [INFO] [stats_syncload.go:255] ["SubLoadWorker: exits now because the domain is closed."] [category=stats]
[2026/07/17 06:22:49.357 +08:00] [INFO] [manager.go:424] ["is not the owner"] [key=/tidb/stats/owner] [id=b16bd13c-a181-4a59-956c-308a45ee0294]
[2026/07/17 06:22:49.357 +08:00] [INFO] [domain.go:2174] ["indexUsageWorker exited."]
[2026/07/17 06:22:49.357 +08:00] [INFO] [manager.go:385] ["break campaign loop, context is done"] [key=/tidb/stats/owner] [id=b16bd13c-a181-4a59-956c-308a45ee0294]
[2026/07/17 06:22:49.357 +08:00] [INFO] [wait_group_wrapper.go:150] ["background process exited"] [source=domain] [process=indexUsageWorker]
[2026/07/17 06:22:49.357 +08:00] [INFO] [syncer.go:288] ["server info sync loop exited."]
[2026/07/17 06:22:49.357 +08:00] [INFO] [wait_group_wrapper.go:150] ["background process exited"] [source=domain] [process=infoSyncerKeeper]
[2026/07/17 06:22:49.357 +08:00] [INFO] [domain.go:1892] ["HistoricalStatsWorker exited."]
[2026/07/17 06:22:49.357 +08:00] [INFO] [wait_group_wrapper.go:150] ["background process exited"] [source=domain] [process=HistoricalStatsWorker]
[2026/07/17 06:22:49.357 +08:00] [INFO] [wait_group_wrapper.go:150] ["background process exited"] [source=domain] [process=dumpFileGcChecker]
[2026/07/17 06:22:49.357 +08:00] [INFO] [stats_syncload.go:255] ["SubLoadWorker: exits now because the domain is closed."] [category=stats]
[2026/07/17 06:22:49.357 +08:00] [INFO] [stats_syncload.go:245] ["SubLoadWorker: exited."] [category=stats]
[2026/07/17 06:22:49.357 +08:00] [INFO] [stats_syncload.go:245] ["SubLoadWorker: exited."] [category=stats]
[2026/07/17 06:22:49.357 +08:00] [INFO] [flusher.go:89] ["flushing remaining records before stop"] [name=runaway-record]
[2026/07/17 06:22:49.357 +08:00] [INFO] [flusher.go:91] ["stopped flusher"] [name=runaway-record]
[2026/07/17 06:22:49.357 +08:00] [INFO] [flusher.go:89] ["flushing remaining records before stop"] [name=quarantine-record]
[2026/07/17 06:22:49.357 +08:00] [INFO] [flusher.go:91] ["stopped flusher"] [name=quarantine-record]
[2026/07/17 06:22:49.357 +08:00] [INFO] [flusher.go:89] ["flushing remaining records before stop"] [name=stale-quarantine-record]
[2026/07/17 06:22:49.357 +08:00] [INFO] [flusher.go:91] ["stopped flusher"] [name=stale-quarantine-record]
[2026/07/17 06:22:49.357 +08:00] [INFO] [manager.go:205] ["runaway record flush loop exit"]
[2026/07/17 06:22:49.357 +08:00] [INFO] [wait_group_wrapper.go:150] ["background process exited"] [source=domain] [process=runawayRecordFlushLoop]
[2026/07/17 06:22:49.357 +08:00] [INFO] [domain.go:1224] ["dist task executor manager stopped"]
[2026/07/17 06:22:49.357 +08:00] [INFO] [wait_group_wrapper.go:150] ["background process exited"] [source=domain] [process=distTaskFrameworkLoop]
[2026/07/17 06:22:49.357 +08:00] [INFO] [syncer.go:422] ["topology sync loop exited."]
[2026/07/17 06:22:49.357 +08:00] [INFO] [wait_group_wrapper.go:150] ["background process exited"] [source=domain] [process=topologySyncerKeeper]
[2026/07/17 06:22:49.357 +08:00] [INFO] [manager.go:241] ["runaway watch sync loop exit"]
[2026/07/17 06:22:49.357 +08:00] [INFO] [wait_group_wrapper.go:150] ["background process exited"] [source=domain] [process=runawayWatchSyncLoop]
[2026/07/17 06:22:49.357 +08:00] [INFO] [manager.go:420] ["watch owner finished"] [key=/tidb/br-stream/owner] [id=32ae3df3-5d8c-4ae0-ac8b-04e2c03374fd] []
[2026/07/17 06:22:49.357 +08:00] [INFO] [manager.go:333] ["retire owner"] [key=/tidb/br-stream/owner] [id=32ae3df3-5d8c-4ae0-ac8b-04e2c03374fd]
[2026/07/17 06:22:49.357 +08:00] [INFO] [manager.go:424] ["is not the owner"] [key=/tidb/br-stream/owner] [id=32ae3df3-5d8c-4ae0-ac8b-04e2c03374fd]
[2026/07/17 06:22:49.357 +08:00] [INFO] [manager.go:385] ["break campaign loop, context is done"] [key=/tidb/br-stream/owner] [id=32ae3df3-5d8c-4ae0-ac8b-04e2c03374fd]
[2026/07/17 06:22:49.357 +08:00] [INFO] [domain.go:2332] ["autoAnalyzeWorker exited."] [category=stats]
[2026/07/17 06:22:49.357 +08:00] [INFO] [wait_group_wrapper.go:150] ["background process exited"] [source=domain] [process=autoAnalyzeWorker]
[2026/07/17 06:22:49.357 +08:00] [INFO] [domain.go:1827] ["PlanReplayerTaskDumpHandle exited."]
[2026/07/17 06:22:49.357 +08:00] [INFO] [wait_group_wrapper.go:150] ["background process exited"] [source=domain] [process=PlanReplayerTaskDumpHandle]
[2026/07/17 06:22:49.357 +08:00] [INFO] [plan_replayer.go:411] ["planReplayerTaskDumpWorker exited."]
[2026/07/17 06:22:49.357 +08:00] [INFO] [domain.go:1403] ["loadPrivilegeInLoop exited."]
[2026/07/17 06:22:49.357 +08:00] [INFO] [wait_group_wrapper.go:150] ["background process exited"] [source=domain] [process=loadPrivilegeInLoop]
[2026/07/17 06:22:49.357 +08:00] [INFO] [domain.go:1807] ["PlanReplayerTaskCollectHandle exited."]
[2026/07/17 06:22:49.357 +08:00] [INFO] [wait_group_wrapper.go:150] ["background process exited"] [source=domain] [process=PlanReplayerTaskCollectHandle]
[2026/07/17 06:22:49.357 +08:00] [INFO] [stats_syncload.go:245] ["SubLoadWorker: exited."] [category=stats]
[2026/07/17 06:22:49.357 +08:00] [INFO] [domain.go:2147] ["asyncLoadStats exited."]
[2026/07/17 06:22:49.357 +08:00] [INFO] [wait_group_wrapper.go:150] ["background process exited"] [source=domain] [process=asyncLoadHistogram]
[2026/07/17 06:22:49.357 +08:00] [INFO] [manager.go:420] ["watch owner finished"] [key=/tidb/bindinfo/owner] [id=b16bd13c-a181-4a59-956c-308a45ee0294] []
[2026/07/17 06:22:49.357 +08:00] [INFO] [manager.go:333] ["retire owner"] [key=/tidb/bindinfo/owner] [id=b16bd13c-a181-4a59-956c-308a45ee0294]
[2026/07/17 06:22:49.357 +08:00] [INFO] [manager.go:424] ["is not the owner"] [key=/tidb/bindinfo/owner] [id=b16bd13c-a181-4a59-956c-308a45ee0294]
[2026/07/17 06:22:49.357 +08:00] [INFO] [manager.go:385] ["break campaign loop, context is done"] [key=/tidb/bindinfo/owner] [id=b16bd13c-a181-4a59-956c-308a45ee0294]
[2026/07/17 06:22:49.367 +08:00] [INFO] [domain.go:2225] ["deltaUpdateTicker exit preprocessing finished"]
[2026/07/17 06:22:49.367 +08:00] [INFO] [wait_group_wrapper.go:150] ["background process exited"] [source=domain] [process=deltaUpdateTickerWorker]
[2026/07/17 06:22:49.374 +08:00] [INFO] [domain.go:2201] ["gcStatsWorker exit preprocessing finished"]
[2026/07/17 06:22:49.374 +08:00] [INFO] [domain.go:2246] ["gcStatsWorker exited."]
[2026/07/17 06:22:49.374 +08:00] [INFO] [wait_group_wrapper.go:150] ["background process exited"] [source=domain] [process=gcStatsWorker]
[2026/07/17 06:22:49.382 +08:00] [INFO] [domain.go:391] ["topNSlowQueryLoop exited."]
[2026/07/17 06:22:49.382 +08:00] [INFO] [wait_group_wrapper.go:150] ["background process exited"] [source=domain] [process=topNSlowQueryLoop]
[2026/07/17 06:22:49.382 +08:00] [INFO] [manager.go:431] ["etcd session close failed"] [key=/tidb/bindinfo/owner] [id=b16bd13c-a181-4a59-956c-308a45ee0294] [error="context canceled"]
[2026/07/17 06:22:49.382 +08:00] [INFO] [advancer_cliext.go:194] ["Start collecting remaining events in the channel."] [category="log backup advancer"] [remained=0]
[2026/07/17 06:22:49.382 +08:00] [INFO] [domain.go:1616] ["globalBindHandleWorkerLoop exited."]
[2026/07/17 06:22:49.382 +08:00] [INFO] [wait_group_wrapper.go:150] ["background process exited"] [source=domain] [process=globalBindHandleWorkerLoop]
[2026/07/17 06:22:49.382 +08:00] [WARN] [meta_storage_client.go:165] ["watch stream closed"] [error="rpc error: code = Canceled desc = context canceled"]
[2026/07/17 06:22:49.382 +08:00] [INFO] [syncer.go:304] ["info schema sync loop exited."]
[2026/07/17 06:22:49.382 +08:00] [INFO] [wait_group_wrapper.go:150] ["background process exited"] [source=domain] [process=loadSchemaInLoop]
[2026/07/17 06:22:49.382 +08:00] [INFO] [wait_group_wrapper.go:150] ["background process exited"] [source=domain] [process=mdlCheckLoop]
[2026/07/17 06:22:49.382 +08:00] [INFO] [owner_daemon.go:87] ["daemon loop exits"] [id=32ae3df3-5d8c-4ae0-ac8b-04e2c03374fd] [daemon-id=LogBackup::Advancer]
[2026/07/17 06:22:49.382 +08:00] [INFO] [wait_group_wrapper.go:150] ["background process exited"] [source=domain] [process=logBackupAdvancer]
[2026/07/17 06:22:49.382 +08:00] [WARN] [meta_storage_client.go:165] ["watch stream closed"] [error="rpc error: code = Canceled desc = context canceled"]
[2026/07/17 06:22:49.382 +08:00] [INFO] [domain.go:979] ["closestReplicaReadCheckLoop exited."]
[2026/07/17 06:22:49.382 +08:00] [INFO] [wait_group_wrapper.go:150] ["background process exited"] [source=domain] [process=closestReplicaReadCheckLoop]
[2026/07/17 06:22:49.382 +08:00] [INFO] [advancer_cliext.go:199] ["Finish collecting remaining events in the channel."] [category="log backup advancer"]
[2026/07/17 06:22:49.412 +08:00] [INFO] [domain.go:550] ["domain closed"] ["take time"=74.239667ms]
[2026/07/17 06:22:49.425 +08:00] [INFO] [client.go:356] ["[pd] http client closed"] [source=tikv-driver]
[2026/07/17 06:22:49.426 +08:00] [INFO] [service_discovery.go:562] ["[pd] exit member loop due to context canceled"]
[2026/07/17 06:22:49.426 +08:00] [INFO] [router_service_discovery.go:315] ["[router service] exit health check member loop"]
[2026/07/17 06:22:49.426 +08:00] [INFO] [inner_client.go:96] ["[pd] exit router client initializer"]
[2026/07/17 06:22:49.426 +08:00] [INFO] [router_service_discovery.go:273] ["[router service] exit check member loop"]
[2026/07/17 06:22:49.426 +08:00] [INFO] [watcher.go:73] ["[pd] exit the deadline watcher"] [source=tso]
[2026/07/17 06:22:49.426 +08:00] [INFO] [dispatcher.go:207] ["[tso] stop fetching the pending tso requests due to context canceled"]
[2026/07/17 06:22:49.426 +08:00] [INFO] [dispatcher.go:149] ["[tso] exit tso dispatcher"]
[2026/07/17 06:22:49.426 +08:00] [INFO] [client.go:277] ["[tso] exit tso connection contexts updater"]
[2026/07/17 06:22:49.426 +08:00] [INFO] [resource_manager_client.go:341] ["[resource manager] exit resource token dispatcher"]
[2026/07/17 06:22:49.426 +08:00] [INFO] [router_service_discovery.go:287] ["[router service] closing router service discovery"]
[2026/07/17 06:22:49.426 +08:00] [INFO] [router_service_discovery.go:303] ["[router service] is closed"]
[2026/07/17 06:22:49.426 +08:00] [INFO] [client.go:155] ["[tso] closing tso client"]
[2026/07/17 06:22:49.426 +08:00] [INFO] [stream.go:366] ["tsoStream.recvLoop ended"] [stream=127.0.0.1:2379-1] [error="rpc error: code = Canceled desc = context canceled"] [errorVerbose="rpc error: code = Canceled desc = context canceled\ngithub.com/tikv/pd/client/clients/tso.(*tsoStream).recvLoop\n\t/Users/bba/.gvm/pkgsets/go1.25.1/global/pkg/mod/github.com/tikv/pd/client@v0.0.0-20260708075407-4e05b9d2c2d3/clients/tso/stream.go:434\nruntime.goexit\n\t/Users/bba/.gvm/pkgsets/go1.25.1/global/pkg/mod/golang.org/toolchain@v0.0.1-go1.25.10.darwin-arm64/src/runtime/asm_arm64.s:1268"]
[2026/07/17 06:22:49.426 +08:00] [INFO] [client.go:160] ["[tso] close tso client"]
[2026/07/17 06:22:49.426 +08:00] [INFO] [client.go:162] ["[tso] tso client is closed"]
[2026/07/17 06:22:49.426 +08:00] [INFO] [service_discovery.go:653] ["[pd] close service discovery client"]
[2026/07/17 06:22:49.426 +08:00] [INFO] [inner_client.go:275] ["[pd] close client successfully"]
--- PASS: TestRecoverTableAfterDeleteRangeTaskLoaded (0.95s)
PASS
ok  	github.com/pingcap/tidb/tests/realtikvtest/flashbacktest	2.173s
