=== RUN   TestRecoverTableAfterDeleteRangeTaskLoaded
[2026/07/17 06:24:03.830 +08:00] [INFO] [service_discovery.go:1030] ["[pd] switch leader"] [new-leader=http://127.0.0.1:2379] [old-leader=]
[2026/07/17 06:24:03.830 +08:00] [INFO] [service_discovery.go:509] ["[pd] init cluster id"] [cluster-id=7663254253077736203]
[2026/07/17 06:24:03.831 +08:00] [INFO] [client.go:214] ["[tso] switch the tso leader serving url"] [new-url=http://127.0.0.1:2379]
[2026/07/17 06:24:03.831 +08:00] [INFO] [inner_client.go:173] ["[pd] tso provider changed to pd"]
[2026/07/17 06:24:03.831 +08:00] [INFO] [watcher.go:56] ["[pd] start the deadline watcher"] [source=tso]
[2026/07/17 06:24:03.831 +08:00] [INFO] [client.go:251] ["[tso] start tso connection contexts updater"]
[2026/07/17 06:24:03.831 +08:00] [INFO] [inner_client.go:154] ["[pd] service mode changed"] [new-mode=PD_SVC_MODE]
[2026/07/17 06:24:03.831 +08:00] [INFO] [router_service_discovery.go:162] ["[router service] created router service discovery"] [cluster-id=7663254253077736203] [keyspace-id=4294967295] [default-discovery-key=/ms/7663254253077736203/router/registry/]
[2026/07/17 06:24:03.831 +08:00] [INFO] [router_service_discovery.go:174] ["[router service] initializing router service discovery"] [max-retry-times=100] [retry-interval=1s]
[2026/07/17 06:24:03.831 +08:00] [INFO] [dispatcher.go:146] ["[tso] tso dispatcher created"]
[2026/07/17 06:24:03.831 +08:00] [INFO] [dispatcher.go:598] ["[tso] switching tso rpc concurrency"] [old=0] [new=1]
[2026/07/17 06:24:03.832 +08:00] [INFO] [router_service_discovery.go:260] ["[router service] update member sorted urls"] [new-sorted-urls="[]"]
[2026/07/17 06:24:03.832 +08:00] [INFO] [router_service_discovery.go:245] ["[router service] updating nodes succeeded"] [urls="[]"] [clients-length=0]
[2026/07/17 06:24:03.832 +08:00] [INFO] [client.go:424] ["[router] connection daemon is started"]
[2026/07/17 06:24:03.832 +08:00] [INFO] [tikv_driver.go:194] ["using API V1."]
[2026/07/17 06:24:03.832 +08:00] [INFO] [inner_client.go:91] ["[pd] start router client initializer"]
[2026/07/17 06:24:03.832 +08:00] [INFO] [client.go:585] ["[router] dispatcher is started"]
[2026/07/17 06:24:03.832 +08:00] [INFO] [client.go:509] ["[router] successfully established the leader router stream connection"] [url=http://127.0.0.1:2379]
[2026/07/17 06:24:03.832 +08:00] [INFO] [metamanager.go:146] ["return meta service group info"] [meta-service-info="{\"PDAddrs\":[\"127.0.0.1:2379\"],\"Group\":{\"GroupID\":\"0\",\"Addrs\":[\"127.0.0.1:2379\"]}}"]
[2026/07/17 06:24:03.836 +08:00] [INFO] [store_cache.go:572] ["change store resolve state"] [store=1] [addr=127.0.0.1:20160] [from=unresolved] [to=resolved] [liveness-state=reachable]
[2026/07/17 06:24:03.841 +08:00] [INFO] [session.go:4425] ["cluster already bootstrapped"] [version=263]
[2026/07/17 06:24:03.841 +08:00] [INFO] [tidb.go:103] ["new domain"] [store=tikv-7663254253077736203/] ["ddl lease"=500ms] ["stats lease"=3s]
[2026/07/17 06:24:03.954 +08:00] [INFO] [info.go:279] ["init TiFlashReplicaManager"]
[2026/07/17 06:24:04.047 +08:00] [INFO] [domain.go:2708] [acquireServerID] [serverID=624] ["lease id"=22319f6d042f0dc1]
[2026/07/17 06:24:04.060 +08:00] [INFO] [global_controller.go:219] ["load resource controller config"] [config="{\"degraded-mode-wait-duration\":\"0s\",\"ltb-max-wait-duration\":\"30s\",\"ltb-token-rpc-max-delay\":\"1s\",\"request-unit\":{\"read-base-cost\":0.125,\"read-per-batch-base-cost\":0.5,\"read-cost-per-byte\":0.0000152587890625,\"write-base-cost\":1,\"write-per-batch-base-cost\":1,\"write-cost-per-byte\":0.0009765625,\"read-cpu-ms-cost\":0.3333333333333333},\"enable-controller-trace-log\":\"false\",\"token-rpc-params\":{\"wait-retry-interval\":\"50ms\",\"wait-retry-times\":20}}"] [ru-config="{\"ReadBaseCost\":0.125,\"ReadPerBatchBaseCost\":0.5,\"ReadBytesCost\":0.0000152587890625,\"WriteBaseCost\":1,\"WritePerBatchBaseCost\":1,\"WriteBytesCost\":0.0009765625,\"CPUMsCost\":0.3333333333333333,\"LTBMaxWaitDuration\":30000000000,\"WaitRetryInterval\":50000000,\"WaitRetryTimes\":20,\"DegradedModeWaitDuration\":0}"] [keyspace-id=4294967295]
[2026/07/17 06:24:04.071 +08:00] [INFO] [loader.go:281] ["full load InfoSchema success"] [mode=auto] [isV2=true] [currentSchemaVersion=0] [neededSchemaVersion=83] ["elapsed time"=8.484ms]
[2026/07/17 06:24:04.071 +08:00] [INFO] [syncer.go:456] ["full load and reset schema validator"]
[2026/07/17 06:24:04.091 +08:00] [INFO] [ddl.go:1157] ["DDL closed"] [category=ddl] [ID=43a1a0a8-2c22-43d4-b7ab-7b5b3ada2b07] ["take time"=16.263375ms]
[2026/07/17 06:24:04.091 +08:00] [INFO] [ddl.go:848] ["stop DDL"] [category=ddl] [ID=43a1a0a8-2c22-43d4-b7ab-7b5b3ada2b07]
[2026/07/17 06:24:04.133 +08:00] [INFO] [domain.go:2733] ["releaseServerID succeed"] [serverID=624] [leaseID=2463925761718816193]
[2026/07/17 06:24:04.133 +08:00] [WARN] [meta_storage_client.go:165] ["watch stream closed"] [error="rpc error: code = Canceled desc = context canceled"]
[2026/07/17 06:24:04.133 +08:00] [WARN] [meta_storage_client.go:165] ["watch stream closed"] [error="rpc error: code = Canceled desc = context canceled"]
[2026/07/17 06:24:04.200 +08:00] [INFO] [domain.go:550] ["domain closed"] ["take time"=125.012375ms]
[2026/07/17 06:24:04.200 +08:00] [INFO] [tidb.go:103] ["new domain"] [store=tikv-7663254253077736203/] ["ddl lease"=500ms] ["stats lease"=3s]
[2026/07/17 06:24:04.265 +08:00] [INFO] [info.go:279] ["init TiFlashReplicaManager"]
[2026/07/17 06:24:04.364 +08:00] [INFO] [domain.go:2708] [acquireServerID] [serverID=1931] ["lease id"=22319f6d042f0dda]
[2026/07/17 06:24:04.378 +08:00] [INFO] [global_controller.go:219] ["load resource controller config"] [config="{\"degraded-mode-wait-duration\":\"0s\",\"ltb-max-wait-duration\":\"30s\",\"ltb-token-rpc-max-delay\":\"1s\",\"request-unit\":{\"read-base-cost\":0.125,\"read-per-batch-base-cost\":0.5,\"read-cost-per-byte\":0.0000152587890625,\"write-base-cost\":1,\"write-per-batch-base-cost\":1,\"write-cost-per-byte\":0.0009765625,\"read-cpu-ms-cost\":0.3333333333333333},\"enable-controller-trace-log\":\"false\",\"token-rpc-params\":{\"wait-retry-interval\":\"50ms\",\"wait-retry-times\":20}}"] [ru-config="{\"ReadBaseCost\":0.125,\"ReadPerBatchBaseCost\":0.5,\"ReadBytesCost\":0.0000152587890625,\"WriteBaseCost\":1,\"WritePerBatchBaseCost\":1,\"WriteBytesCost\":0.0009765625,\"CPUMsCost\":0.3333333333333333,\"LTBMaxWaitDuration\":30000000000,\"WaitRetryInterval\":50000000,\"WaitRetryTimes\":20,\"DegradedModeWaitDuration\":0}"] [keyspace-id=4294967295]
[2026/07/17 06:24:04.387 +08:00] [INFO] [loader.go:281] ["full load InfoSchema success"] [mode=auto] [isV2=true] [currentSchemaVersion=0] [neededSchemaVersion=83] ["elapsed time"=8.17075ms]
[2026/07/17 06:24:04.387 +08:00] [INFO] [syncer.go:456] ["full load and reset schema validator"]
[2026/07/17 06:24:04.387 +08:00] [INFO] [ddl.go:1068] ["change job version in use"] [category=ddl] [old=v1] [new=v2]
[2026/07/17 06:24:04.388 +08:00] [INFO] [ddl.go:992] ["job version in use is not v2 or global index v1 not supported, maybe in upgrade, start detecting"] [category=ddl] [current=v2] [globalIndexV1Supported=false]
[2026/07/17 06:24:04.388 +08:00] [INFO] [ddl.go:881] ["start DDL"] [category=ddl] [ID=43a1a0a8-2c22-43d4-b7ab-7b5b3ada2b07] [runWorker=true] [jobVersion=v2] [startMode=normal]
[2026/07/17 06:24:04.388 +08:00] [INFO] [ddl.go:856] ["start delRangeManager OK"] [category=ddl] ["is a emulator"=false]
[2026/07/17 06:24:04.391 +08:00] [WARN] [global_controller.go:850] ["[resource group controller] resource group name does not exist"] [name=default]
[2026/07/17 06:24:04.401 +08:00] [INFO] [manager.go:289] ["start campaign owner"] [key=/tidb/ddl/fg/owner] [id=43a1a0a8-2c22-43d4-b7ab-7b5b3ada2b07]
[2026/07/17 06:24:04.416 +08:00] [INFO] [env.go:123] ["the ingest sorted directory"] [category=ddl-ingest] ["data path"=/tmp/tidb/tmp_ddl-4000]
[2026/07/17 06:24:04.416 +08:00] [WARN] [env.go:84] ["ingest backfill may not be available"] [category=ddl-ingest] [error="the available disk space(48748904448) in /tmp/tidb/tmp_ddl-4000 should be greater than @@tidb_ddl_disk_quota(107374182400)"] [errorVerbose="the available disk space(48748904448) in /tmp/tidb/tmp_ddl-4000 should be greater than @@tidb_ddl_disk_quota(107374182400)\ngithub.com/pingcap/tidb/pkg/ddl/ingest.(*diskRootImpl).StartupCheck\n\t/Users/bba/pc/tidb-ai-master/pkg/ddl/ingest/disk_root.go:191\ngithub.com/pingcap/tidb/pkg/ddl/ingest.InitGlobalLightningEnv\n\t/Users/bba/pc/tidb-ai-master/pkg/ddl/ingest/env.go:82\ngithub.com/pingcap/tidb/pkg/ddl.(*ddl).Start\n\t/Users/bba/pc/tidb-ai-master/pkg/ddl/ddl.go:942\ngithub.com/pingcap/tidb/pkg/domain.(*Domain).Start\n\t/Users/bba/pc/tidb-ai-master/pkg/domain/domain.go:809\ngithub.com/pingcap/tidb/pkg/session.bootstrapSessionImpl\n\t/Users/bba/pc/tidb-ai-master/pkg/session/session.go:4483\ngithub.com/pingcap/tidb/pkg/session.BootstrapSession\n\t/Users/bba/pc/tidb-ai-master/pkg/session/session.go:4360\ngithub.com/pingcap/tidb/tests/realtikvtest.CreateMockStoreAndDomainAndSetup\n\t/Users/bba/pc/tidb-ai-master/tests/realtikvtest/testkit.go:297\ngithub.com/pingcap/tidb/tests/realtikvtest.CreateMockStoreAndSetup\n\t/Users/bba/pc/tidb-ai-master/tests/realtikvtest/testkit.go:225\ngithub.com/pingcap/tidb/tests/realtikvtest/flashbacktest.TestRecoverTableAfterDeleteRangeTaskLoaded\n\t/Users/bba/pc/tidb-ai-master/tests/realtikvtest/flashbacktest/ai_native_recover_delete_range_race_test.go:43\ntesting.tRunner\n\t/Users/bba/.gvm/pkgsets/go1.25.1/global/pkg/mod/golang.org/toolchain@v0.0.1-go1.25.10.darwin-arm64/src/testing/testing.go:1934\nruntime.goexit\n\t/Users/bba/.gvm/pkgsets/go1.25.1/global/pkg/mod/golang.org/toolchain@v0.0.1-go1.25.10.darwin-arm64/src/runtime/asm_arm64.s:1268"]
[2026/07/17 06:24:04.416 +08:00] [INFO] [env.go:88] ["init global ingest backend environment finished"] [category=ddl-ingest] ["memory limitation"=19327352832] ["disk usage info"="disk usage: 945913679872/994662584320, backend usage: 0"] ["max open file number"=138240] ["lightning is initialized"=true]
[2026/07/17 06:24:04.416 +08:00] [INFO] [wait_group_wrapper.go:141] ["background process started"] [source=domain] [process=loadSchemaInLoop]
[2026/07/17 06:24:04.416 +08:00] [INFO] [wait_group_wrapper.go:141] ["background process started"] [source=domain] [process=mdlCheckLoop]
[2026/07/17 06:24:04.416 +08:00] [INFO] [wait_group_wrapper.go:141] ["background process started"] [source=domain] [process=topNSlowQueryLoop]
[2026/07/17 06:24:04.416 +08:00] [INFO] [wait_group_wrapper.go:141] ["background process started"] [source=domain] [process=infoSyncerKeeper]
[2026/07/17 06:24:04.416 +08:00] [INFO] [wait_group_wrapper.go:141] ["background process started"] [source=domain] [process=globalConfigSyncerKeeper]
[2026/07/17 06:24:04.416 +08:00] [INFO] [wait_group_wrapper.go:141] ["background process started"] [source=domain] [process=runawayRecordFlushLoop]
[2026/07/17 06:24:04.416 +08:00] [INFO] [wait_group_wrapper.go:141] ["background process started"] [source=domain] [process=runawayWatchSyncLoop]
[2026/07/17 06:24:04.416 +08:00] [INFO] [wait_group_wrapper.go:141] ["background process started"] [source=domain] [process=requestUnitsWriterLoop]
[2026/07/17 06:24:04.416 +08:00] [INFO] [wait_group_wrapper.go:141] ["background process started"] [source=domain] [process=topologySyncerKeeper]
[2026/07/17 06:24:04.416 +08:00] [INFO] [wait_group_wrapper.go:141] ["background process started"] [source=domain] [process=closestReplicaReadCheckLoop]
[2026/07/17 06:24:04.416 +08:00] [INFO] [wait_group_wrapper.go:150] ["background process exited"] [source=domain] [process=requestUnitsWriterLoop]
[2026/07/17 06:24:04.416 +08:00] [INFO] [owner_daemon.go:70] ["begin advancer daemon"] [daemon-id=LogBackup::Advancer]
[2026/07/17 06:24:04.416 +08:00] [INFO] [manager.go:289] ["start campaign owner"] [key=/tidb/br-stream/owner] [id=93de152e-ea6d-47ab-a007-72652c03b0ee]
[2026/07/17 06:24:04.472 +08:00] [INFO] [wait_group_wrapper.go:141] ["background process started"] [source=domain] [process=logBackupAdvancer]
[2026/07/17 06:24:04.472 +08:00] [INFO] [owner_daemon.go:81] ["begin running daemon"] [id=93de152e-ea6d-47ab-a007-72652c03b0ee] [daemon-id=LogBackup::Advancer]
[2026/07/17 06:24:04.472 +08:00] [WARN] [sysvar_cache.go:53] ["sysvar cache is empty, triggering rebuild"]
[2026/07/17 06:24:04.475 +08:00] [INFO] [inner_client.go:103] ["[pd] notified to disable the router client"]
[2026/07/17 06:24:04.475 +08:00] [INFO] [client.go:325] ["[router] closing router client"]
[2026/07/17 06:24:04.475 +08:00] [INFO] [client.go:606] ["[router] stop fetching the pending router requests due to context canceled"]
[2026/07/17 06:24:04.475 +08:00] [INFO] [client.go:587] ["[router] dispatcher is exiting"]
[2026/07/17 06:24:04.475 +08:00] [INFO] [client.go:592] ["[router] dispatcher exited"]
[2026/07/17 06:24:04.475 +08:00] [INFO] [sysvar.go:3400] ["set resource control"] [enable=true]
[2026/07/17 06:24:04.475 +08:00] [INFO] [client.go:430] ["[router] connection daemon is exiting"]
[2026/07/17 06:24:04.475 +08:00] [INFO] [client.go:330] ["[router] router client is closed"]
[2026/07/17 06:24:04.476 +08:00] [INFO] [global_controller.go:586] ["[resource group controller] create resource group cost controller"] [name=default]
[2026/07/17 06:24:04.476 +08:00] [INFO] [wait_group_wrapper.go:141] ["background process started"] [source=domain] [process=loadPrivilegeInLoop]
[2026/07/17 06:24:04.477 +08:00] [INFO] [wait_group_wrapper.go:141] ["background process started"] [source=domain] [process=LoadSysVarCacheLoop]
[2026/07/17 06:24:04.479 +08:00] [INFO] [binding_cache.go:75] ["load bindings"] [category=sql-bind] [fullLoad=true] [fromRemote=false] [cacheSizeChange=false] [hasNewBinding=false] [cacheCapacity=67108864] [cacheUsage=0] [cachedBindingNum=0] [duration=1.304959ms] []
[2026/07/17 06:24:04.479 +08:00] [INFO] [manager.go:289] ["start campaign owner"] [key=/tidb/bindinfo/owner] [id=43a1a0a8-2c22-43d4-b7ab-7b5b3ada2b07]
[2026/07/17 06:24:04.485 +08:00] [INFO] [manager.go:527] ["get owner"] [key=/tidb/ddl/fg/owner] ["owner key"=/tidb/ddl/fg/owner/22319f6d042f0de5] [ownerID=43a1a0a8-2c22-43d4-b7ab-7b5b3ada2b07]
[2026/07/17 06:24:04.485 +08:00] [INFO] [manager.go:324] ["become owner"] [key=/tidb/ddl/fg/owner] [id=43a1a0a8-2c22-43d4-b7ab-7b5b3ada2b07]
[2026/07/17 06:24:04.485 +08:00] [INFO] [manager.go:616] ["watching owner key"] [key=/tidb/ddl/fg/owner] [id=43a1a0a8-2c22-43d4-b7ab-7b5b3ada2b07] [ownerKey=/tidb/ddl/fg/owner/22319f6d042f0de5] [currRev=429]
[2026/07/17 06:24:04.500 +08:00] [INFO] [wait_group_wrapper.go:141] ["background process started"] [source=domain] [process=globalBindHandleWorkerLoop]
[2026/07/17 06:24:04.500 +08:00] [INFO] [job_scheduler.go:363] ["get global state and global state change"] [category=ddl] [oldState=false] [currState=false]
[2026/07/17 06:24:04.501 +08:00] [INFO] [manager.go:527] ["get owner"] [key=/tidb/br-stream/owner] ["owner key"=/tidb/br-stream/owner/22319f6d042f0de9] [ownerID=93de152e-ea6d-47ab-a007-72652c03b0ee]
[2026/07/17 06:24:04.501 +08:00] [INFO] [manager.go:324] ["become owner"] [key=/tidb/br-stream/owner] [id=93de152e-ea6d-47ab-a007-72652c03b0ee]
[2026/07/17 06:24:04.501 +08:00] [INFO] [manager.go:616] ["watching owner key"] [key=/tidb/br-stream/owner] [id=93de152e-ea6d-47ab-a007-72652c03b0ee] [ownerKey=/tidb/br-stream/owner/22319f6d042f0de9] [currRev=429]
[2026/07/17 06:24:04.501 +08:00] [INFO] [manager.go:561] ["set owner op is the same as the original, so do nothing."] [key=/tidb/ddl/fg/owner] [id=43a1a0a8-2c22-43d4-b7ab-7b5b3ada2b07] [op=none]
[2026/07/17 06:24:04.501 +08:00] [INFO] [job_scheduler.go:375] ["the owner sets owner operator value"] [category=ddl] [ownerOp=none]
[2026/07/17 06:24:04.503 +08:00] [INFO] [wait_group_wrapper.go:141] ["background process started"] [source=domain] [process=PlanReplayerTaskCollectHandle]
[2026/07/17 06:24:04.503 +08:00] [INFO] [wait_group_wrapper.go:141] ["background process started"] [source=domain] [process=PlanReplayerTaskDumpHandle]
[2026/07/17 06:24:04.503 +08:00] [INFO] [wait_group_wrapper.go:141] ["background process started"] [source=domain] [process=dumpFileGcChecker]
[2026/07/17 06:24:04.503 +08:00] [INFO] [wait_group_wrapper.go:141] ["background process started"] [source=domain] [process=HistoricalStatsWorker]
[2026/07/17 06:24:04.503 +08:00] [INFO] [domain.go:1803] ["PlanReplayerTaskCollectHandle started"]
[2026/07/17 06:24:04.503 +08:00] [INFO] [domain.go:1825] ["PlanReplayerTaskDumpHandle started"]
[2026/07/17 06:24:04.503 +08:00] [INFO] [domain.go:1857] ["dumpFileGcChecker started"]
[2026/07/17 06:24:04.503 +08:00] [INFO] [plan_replayer.go:407] ["planReplayerTaskDumpWorker started."]
[2026/07/17 06:24:04.503 +08:00] [INFO] [domain.go:1890] ["HistoricalStatsWorker started"]
[2026/07/17 06:24:04.503 +08:00] [INFO] [wait_group_wrapper.go:141] ["background process started"] [source=domain] [process=loadStatsWorker]
[2026/07/17 06:24:04.503 +08:00] [INFO] [manager.go:289] ["start campaign owner"] [key=/tidb/stats/owner] [id=43a1a0a8-2c22-43d4-b7ab-7b5b3ada2b07]
[2026/07/17 06:24:04.505 +08:00] [INFO] [bootstrap.go:872] ["Complete loading the stats meta in the lite mode"] [category=stats] [duration=1.788167ms]
[2026/07/17 06:24:04.506 +08:00] [INFO] [bootstrap.go:879] ["Complete loading the histogram in the lite mode"] [category=stats] [duration=932µs]
[2026/07/17 06:24:04.506 +08:00] [INFO] [domain.go:2101] ["Init stats succeed"] [category=stats] [isLiteInitStats=true] [duration=3.305916ms]
[2026/07/17 06:24:04.531 +08:00] [INFO] [wait_group_wrapper.go:141] ["background process started"] [source=domain] [process=indexUsageWorker]
[2026/07/17 06:24:04.531 +08:00] [INFO] [wait_group_wrapper.go:141] ["background process started"] [source=domain] [process=asyncLoadHistogram]
[2026/07/17 06:24:04.531 +08:00] [INFO] [wait_group_wrapper.go:141] ["background process started"] [source=domain] [process=deltaUpdateTickerWorker]
[2026/07/17 06:24:04.531 +08:00] [INFO] [wait_group_wrapper.go:141] ["background process started"] [source=domain] [process=dumpColStatsUsageWorker]
[2026/07/17 06:24:04.531 +08:00] [INFO] [wait_group_wrapper.go:141] ["background process started"] [source=domain] [process=gcStatsWorker]
[2026/07/17 06:24:04.531 +08:00] [INFO] [wait_group_wrapper.go:141] ["background process started"] [source=domain] [process=autoAnalyzeWorker]
[2026/07/17 06:24:04.531 +08:00] [INFO] [wait_group_wrapper.go:141] ["background process started"] [source=domain] [process=analyzeJobsCleanupWorker]
[2026/07/17 06:24:04.531 +08:00] [INFO] [domain.go:2058] ["start load stats sub workers"] [workerCount=6]
[2026/07/17 06:24:04.531 +08:00] [INFO] [wait_group_wrapper.go:141] ["background process started"] [source=domain] [process=planCacheEvictTrigger]
[2026/07/17 06:24:04.531 +08:00] [INFO] [wait_group_wrapper.go:141] ["background process started"] [source=domain] [process=planCacheMetricsAndVars]
[2026/07/17 06:24:04.531 +08:00] [INFO] [wait_group_wrapper.go:141] ["background process started"] [source=domain] [process=readTableCostWorker]
[2026/07/17 06:24:04.531 +08:00] [INFO] [domain.go:2301] ["deltaUpdateTickerWorker started."]
[2026/07/17 06:24:04.531 +08:00] [INFO] [domain.go:2235] ["gcStatsWorker started."]
[2026/07/17 06:24:04.531 +08:00] [INFO] [domain.go:2274] ["dumpColStatsUsageWorker started."]
[2026/07/17 06:24:04.532 +08:00] [INFO] [wait_group_wrapper.go:141] ["background process started"] [source=domain] [process=loadSigningCertLoop]
[2026/07/17 06:24:04.532 +08:00] [INFO] [domain.go:1204] ["initialize node resource"] [total-cpu=14] [total-mem=36GiB] [dxf-resource-limit=100] [dxf-usable-cpu=14] [dxf-usable-mem=36GiB] [total-disk=926.4GiB]
[2026/07/17 06:24:04.532 +08:00] [INFO] [manager.go:527] ["get owner"] [key=/tidb/bindinfo/owner] ["owner key"=/tidb/bindinfo/owner/22319f6d042f0dee] [ownerID=43a1a0a8-2c22-43d4-b7ab-7b5b3ada2b07]
[2026/07/17 06:24:04.532 +08:00] [INFO] [manager.go:324] ["become owner"] [key=/tidb/bindinfo/owner] [id=43a1a0a8-2c22-43d4-b7ab-7b5b3ada2b07]
[2026/07/17 06:24:04.532 +08:00] [INFO] [manager.go:616] ["watching owner key"] [key=/tidb/bindinfo/owner] [id=43a1a0a8-2c22-43d4-b7ab-7b5b3ada2b07] [ownerKey=/tidb/bindinfo/owner/22319f6d042f0dee] [currRev=430]
[2026/07/17 06:24:04.532 +08:00] [INFO] [notifier.go:225] ["etcd notify loop to watch timer events started"] [EtcdKey=/tidb/timer/cluster/1/notify/151d2ded-e997-4f51-8c7f-f0da79084e50]
[2026/07/17 06:24:04.532 +08:00] [INFO] [task_manager.go:248] ["scale ttl worker"] [ttl-worker=job-manager] [ttl-worker=43a1a0a8-2c22-43d4-b7ab-7b5b3ada2b07] [ttl-worker=task-manager] [ttl-worker=43a1a0a8-2c22-43d4-b7ab-7b5b3ada2b07] [originalCount=0] [newCount=4]
[2026/07/17 06:24:04.532 +08:00] [INFO] [task_manager.go:248] ["scale ttl worker"] [ttl-worker=job-manager] [ttl-worker=43a1a0a8-2c22-43d4-b7ab-7b5b3ada2b07] [ttl-worker=task-manager] [ttl-worker=43a1a0a8-2c22-43d4-b7ab-7b5b3ada2b07] [originalCount=0] [newCount=4]
[2026/07/17 06:24:04.532 +08:00] [INFO] [job_manager.go:519] ["TTL leader to collect delay metrics"] [ttl-worker=job-manager] [ttl-worker=43a1a0a8-2c22-43d4-b7ab-7b5b3ada2b07]
[2026/07/17 06:24:04.534 +08:00] [INFO] [wait_group_wrapper.go:141] ["background process started"] [source=domain] [process=distTaskFrameworkLoop]
[2026/07/17 06:24:04.534 +08:00] [INFO] [manager.go:124] ["task executor manager start"] [server-id=:4000]
[2026/07/17 06:24:04.534 +08:00] [INFO] [domain.go:1220] ["dist task executor manager started"]
[2026/07/17 06:24:04.534 +08:00] [INFO] [rate_limiter_param.go:104] ["loaded value from meta store"] [key=maxBatchSplitRanges] [value=2048]
[2026/07/17 06:24:04.538 +08:00] [INFO] [helper.go:189] ["set random timezone for getStmtTimestamp"] [timezone=Asia/Tokyo]
[2026/07/17 06:24:04.539 +08:00] [INFO] [job_manager.go:1096] ["TTL leader to DoGC"] [ttl-worker=job-manager] [ttl-worker=43a1a0a8-2c22-43d4-b7ab-7b5b3ada2b07]
[2026/07/17 06:24:04.558 +08:00] [INFO] [manager.go:527] ["get owner"] [key=/tidb/stats/owner] ["owner key"=/tidb/stats/owner/22319f6d042f0df6] [ownerID=43a1a0a8-2c22-43d4-b7ab-7b5b3ada2b07]
[2026/07/17 06:24:04.558 +08:00] [INFO] [manager.go:324] ["become owner"] [key=/tidb/stats/owner] [id=43a1a0a8-2c22-43d4-b7ab-7b5b3ada2b07]
[2026/07/17 06:24:04.558 +08:00] [INFO] [manager.go:616] ["watching owner key"] [key=/tidb/stats/owner] [id=43a1a0a8-2c22-43d4-b7ab-7b5b3ada2b07] [ownerKey=/tidb/stats/owner/22319f6d042f0df6] [currRev=432]
[2026/07/17 06:24:04.561 +08:00] [INFO] [set.go:194] ["set global var"] [conn=1] [name=innodb_lock_wait_timeout] [val=50]
[2026/07/17 06:24:04.565 +08:00] [INFO] [session.go:5195] ["CRUCIAL OPERATION"] [conn=1] [schemaVersion=83] [cur_db=test] [sql="alter table `t_recover_gc_control` nocache"] [user=]
[2026/07/17 06:24:04.566 +08:00] [INFO] [session.go:5195] ["CRUCIAL OPERATION"] [conn=1] [schemaVersion=83] [cur_db=test] [sql="alter table `t_recover_gc_target` nocache"] [user=]
[2026/07/17 06:24:04.571 +08:00] [INFO] [job_submitter.go:118] ["add DDL jobs"] [category=ddl] ["batch count"=1] [jobs="ID:134, Type:drop table, State:queueing, SchemaState:public, SchemaID:114, TableID:126, RowCount:0, ArgLen:1, start time: 2026-07-17 06:24:04.558 +0800 CST, Err:<nil>, ErrCount:0, SnapshotVersion:0, Version: v2; "] [fast_create=true]
[2026/07/17 06:24:04.571 +08:00] [INFO] [executor.go:7285] ["DDL job submitted"] [category=ddl] [job="ID:134, Type:drop table, State:queueing, SchemaState:public, SchemaID:114, TableID:126, RowCount:0, ArgLen:1, start time: 2026-07-17 06:24:04.558 +0800 CST, Err:<nil>, ErrCount:0, SnapshotVersion:0, Version: v2"] [query="drop table `t_recover_gc_control`,`t_recover_gc_target`"]
[2026/07/17 06:24:04.572 +08:00] [INFO] [job_worker.go:854] ["run one job step"] [category=ddl] [jobID=134] [conn=1] [job="ID:134, Type:drop table, State:queueing, SchemaState:public, SchemaID:114, TableID:126, RowCount:0, ArgLen:0, start time: 2026-07-17 06:24:04.558 +0800 CST, Err:<nil>, ErrCount:0, SnapshotVersion:0, Version: v2"]
[2026/07/17 06:24:04.613 +08:00] [INFO] [loader.go:216] ["diff load InfoSchema success"] [mode=auto] [isV2=true] [currVer=83] [neededVer=84] [gotVer=84] ["elapsed time"=408.708µs] [phyTblIDs="[126]"] [actionTypes="[4]"] [diffTypes="[\"drop table\"]"]
[2026/07/17 06:24:04.614 +08:00] [INFO] [syncer.go:281] ["mdl gets lock, update self version to owner"] [jobID=134] [version=84]
[2026/07/17 06:24:04.626 +08:00] [INFO] [schema_version.go:397] ["wait schema version synced success"] [category=ddl] [ver=84] [checkAssumedSvr=false] ["take time"=14.323583ms] [job="ID:134, Type:drop table, State:running, SchemaState:write only, SchemaID:114, TableID:126, RowCount:0, ArgLen:1, start time: 2026-07-17 06:24:04.558 +0800 CST, Err:<nil>, ErrCount:0, SnapshotVersion:0, Version: v2"] [summary="server count: 1"]
[2026/07/17 06:24:04.629 +08:00] [INFO] [job_worker.go:854] ["run one job step"] [category=ddl] [jobID=134] [conn=1] [job="ID:134, Type:drop table, State:running, SchemaState:write only, SchemaID:114, TableID:126, RowCount:0, ArgLen:0, start time: 2026-07-17 06:24:04.558 +0800 CST, Err:<nil>, ErrCount:0, SnapshotVersion:0, Version: v2"]
[2026/07/17 06:24:04.645 +08:00] [INFO] [loader.go:216] ["diff load InfoSchema success"] [mode=auto] [isV2=true] [currVer=84] [neededVer=85] [gotVer=85] ["elapsed time"=371.25µs] [phyTblIDs="[126]"] [actionTypes="[4]"] [diffTypes="[\"drop table\"]"]
[2026/07/17 06:24:04.646 +08:00] [INFO] [syncer.go:281] ["mdl gets lock, update self version to owner"] [jobID=134] [version=85]
[2026/07/17 06:24:04.658 +08:00] [INFO] [schema_version.go:397] ["wait schema version synced success"] [category=ddl] [ver=85] [checkAssumedSvr=false] ["take time"=13.96275ms] [job="ID:134, Type:drop table, State:running, SchemaState:delete only, SchemaID:114, TableID:126, RowCount:0, ArgLen:1, start time: 2026-07-17 06:24:04.558 +0800 CST, Err:<nil>, ErrCount:0, SnapshotVersion:0, Version: v2"] [summary="server count: 1"]
[2026/07/17 06:24:04.661 +08:00] [INFO] [job_worker.go:854] ["run one job step"] [category=ddl] [jobID=134] [conn=1] [job="ID:134, Type:drop table, State:running, SchemaState:delete only, SchemaID:114, TableID:126, RowCount:0, ArgLen:0, start time: 2026-07-17 06:24:04.558 +0800 CST, Err:<nil>, ErrCount:0, SnapshotVersion:0, Version: v2"]
[2026/07/17 06:24:04.662 +08:00] [WARN] [ddl.go:700] ["fail to notify DDL event"] [category=ddl] [event="(Event Type: drop table, Old Table ID: 126, Old Table Name: t_recover_gc_control)"]
[2026/07/17 06:24:04.667 +08:00] [INFO] [loader.go:216] ["diff load InfoSchema success"] [mode=auto] [isV2=true] [currVer=85] [neededVer=86] [gotVer=86] ["elapsed time"=239.875µs] [phyTblIDs="[126]"] [actionTypes="[4]"] [diffTypes="[\"drop table\"]"]
[2026/07/17 06:24:04.668 +08:00] [INFO] [syncer.go:281] ["mdl gets lock, update self version to owner"] [jobID=134] [version=86]
[2026/07/17 06:24:04.691 +08:00] [INFO] [schema_version.go:397] ["wait schema version synced success"] [category=ddl] [ver=86] [checkAssumedSvr=false] ["take time"=14.654667ms] [job="ID:134, Type:drop table, State:done, SchemaState:none, SchemaID:114, TableID:126, RowCount:0, ArgLen:1, start time: 2026-07-17 06:24:04.558 +0800 CST, Err:<nil>, ErrCount:0, SnapshotVersion:0, Version: v2"] [summary="server count: 1"]
[2026/07/17 06:24:04.693 +08:00] [INFO] [delete_range.go:470] ["insert into delete-range table"] [category=ddl] [jobID=134] [tableIDs="[126]"] [comment="drop table: table ID"]
[2026/07/17 06:24:04.695 +08:00] [INFO] [delete_range.go:112] ["add job into delete-range table"] [category=ddl] [jobID=134] [jobType="drop table"]
[2026/07/17 06:24:04.695 +08:00] [INFO] [job_worker.go:447] ["finish DDL job"] [category=ddl] [jobID=134] [conn=1] [job="ID:134, Type:drop table, State:synced, SchemaState:none, SchemaID:114, TableID:126, RowCount:0, ArgLen:1, start time: 2026-07-17 06:24:04.558 +0800 CST, Err:<nil>, ErrCount:0, SnapshotVersion:0, Version: v2"]
[2026/07/17 06:24:04.700 +08:00] [INFO] [executor.go:7423] ["DDL job is finished"] [category=ddl] [jobID=134]
[2026/07/17 06:24:04.742 +08:00] [INFO] [job_submitter.go:118] ["add DDL jobs"] [category=ddl] ["batch count"=1] [jobs="ID:135, Type:drop table, State:queueing, SchemaState:public, SchemaID:114, TableID:130, RowCount:0, ArgLen:1, start time: 2026-07-17 06:24:04.658 +0800 CST, Err:<nil>, ErrCount:0, SnapshotVersion:0, Version: v2; "] [fast_create=true]
[2026/07/17 06:24:04.742 +08:00] [INFO] [executor.go:7285] ["DDL job submitted"] [category=ddl] [job="ID:135, Type:drop table, State:queueing, SchemaState:public, SchemaID:114, TableID:130, RowCount:0, ArgLen:1, start time: 2026-07-17 06:24:04.658 +0800 CST, Err:<nil>, ErrCount:0, SnapshotVersion:0, Version: v2"] [query="drop table `t_recover_gc_control`,`t_recover_gc_target`"]
[2026/07/17 06:24:04.743 +08:00] [INFO] [lock_resolver.go:1631] ["txn lock cleanup resolve-lock rpc finished"] [action=commit] [txnStartTS=467727979553226780] [commitTS=467727979566071809] [regionID=8] [resolveLite=true] [resolvedByCheckTxnStatus=false]
[2026/07/17 06:24:04.743 +08:00] [INFO] [job_worker.go:854] ["run one job step"] [category=ddl] [jobID=135] [conn=1] [job="ID:135, Type:drop table, State:queueing, SchemaState:public, SchemaID:114, TableID:130, RowCount:0, ArgLen:0, start time: 2026-07-17 06:24:04.658 +0800 CST, Err:<nil>, ErrCount:0, SnapshotVersion:0, Version: v2"]
[2026/07/17 06:24:04.761 +08:00] [INFO] [loader.go:216] ["diff load InfoSchema success"] [mode=auto] [isV2=true] [currVer=86] [neededVer=87] [gotVer=87] ["elapsed time"=444.417µs] [phyTblIDs="[130]"] [actionTypes="[4]"] [diffTypes="[\"drop table\"]"]
[2026/07/17 06:24:04.761 +08:00] [INFO] [syncer.go:281] ["mdl gets lock, update self version to owner"] [jobID=135] [version=87]
[2026/07/17 06:24:04.777 +08:00] [INFO] [schema_version.go:397] ["wait schema version synced success"] [category=ddl] [ver=87] [checkAssumedSvr=false] ["take time"=18.144ms] [job="ID:135, Type:drop table, State:running, SchemaState:write only, SchemaID:114, TableID:130, RowCount:0, ArgLen:1, start time: 2026-07-17 06:24:04.658 +0800 CST, Err:<nil>, ErrCount:0, SnapshotVersion:0, Version: v2"] [summary="server count: 1"]
[2026/07/17 06:24:04.780 +08:00] [INFO] [job_worker.go:854] ["run one job step"] [category=ddl] [jobID=135] [conn=1] [job="ID:135, Type:drop table, State:running, SchemaState:write only, SchemaID:114, TableID:130, RowCount:0, ArgLen:0, start time: 2026-07-17 06:24:04.658 +0800 CST, Err:<nil>, ErrCount:0, SnapshotVersion:0, Version: v2"]
[2026/07/17 06:24:04.798 +08:00] [INFO] [loader.go:216] ["diff load InfoSchema success"] [mode=auto] [isV2=true] [currVer=87] [neededVer=88] [gotVer=88] ["elapsed time"=422.75µs] [phyTblIDs="[130]"] [actionTypes="[4]"] [diffTypes="[\"drop table\"]"]
[2026/07/17 06:24:04.798 +08:00] [INFO] [syncer.go:281] ["mdl gets lock, update self version to owner"] [jobID=135] [version=88]
[2026/07/17 06:24:04.810 +08:00] [INFO] [schema_version.go:397] ["wait schema version synced success"] [category=ddl] [ver=88] [checkAssumedSvr=false] ["take time"=13.547333ms] [job="ID:135, Type:drop table, State:running, SchemaState:delete only, SchemaID:114, TableID:130, RowCount:0, ArgLen:1, start time: 2026-07-17 06:24:04.658 +0800 CST, Err:<nil>, ErrCount:0, SnapshotVersion:0, Version: v2"] [summary="server count: 1"]
[2026/07/17 06:24:04.812 +08:00] [INFO] [job_worker.go:854] ["run one job step"] [category=ddl] [jobID=135] [conn=1] [job="ID:135, Type:drop table, State:running, SchemaState:delete only, SchemaID:114, TableID:130, RowCount:0, ArgLen:0, start time: 2026-07-17 06:24:04.658 +0800 CST, Err:<nil>, ErrCount:0, SnapshotVersion:0, Version: v2"]
[2026/07/17 06:24:04.814 +08:00] [WARN] [ddl.go:700] ["fail to notify DDL event"] [category=ddl] [event="(Event Type: drop table, Old Table ID: 130, Old Table Name: t_recover_gc_target)"]
[2026/07/17 06:24:04.829 +08:00] [INFO] [loader.go:216] ["diff load InfoSchema success"] [mode=auto] [isV2=true] [currVer=88] [neededVer=89] [gotVer=89] ["elapsed time"=286.083µs] [phyTblIDs="[130]"] [actionTypes="[4]"] [diffTypes="[\"drop table\"]"]
[2026/07/17 06:24:04.830 +08:00] [INFO] [syncer.go:281] ["mdl gets lock, update self version to owner"] [jobID=135] [version=89]
[2026/07/17 06:24:04.870 +08:00] [INFO] [schema_version.go:397] ["wait schema version synced success"] [category=ddl] [ver=89] [checkAssumedSvr=false] ["take time"=41.69225ms] [job="ID:135, Type:drop table, State:done, SchemaState:none, SchemaID:114, TableID:130, RowCount:0, ArgLen:1, start time: 2026-07-17 06:24:04.658 +0800 CST, Err:<nil>, ErrCount:0, SnapshotVersion:0, Version: v2"] [summary="server count: 1"]
[2026/07/17 06:24:04.873 +08:00] [INFO] [delete_range.go:470] ["insert into delete-range table"] [category=ddl] [jobID=135] [tableIDs="[130]"] [comment="drop table: table ID"]
[2026/07/17 06:24:04.875 +08:00] [INFO] [delete_range.go:112] ["add job into delete-range table"] [category=ddl] [jobID=135] [jobType="drop table"]
[2026/07/17 06:24:04.875 +08:00] [INFO] [job_worker.go:447] ["finish DDL job"] [category=ddl] [jobID=135] [conn=1] [job="ID:135, Type:drop table, State:synced, SchemaState:none, SchemaID:114, TableID:130, RowCount:0, ArgLen:1, start time: 2026-07-17 06:24:04.658 +0800 CST, Err:<nil>, ErrCount:0, SnapshotVersion:0, Version: v2"]
[2026/07/17 06:24:04.878 +08:00] [INFO] [executor.go:7423] ["DDL job is finished"] [category=ddl] [jobID=135]
[2026/07/17 06:24:04.878 +08:00] [WARN] [adapter.go:1999] ["# Txn_start_ts: 0\n# Conn_ID: 1\n# Query_time: 0.311569167\n# Parse_time: 0.000042459\n# Compile_time: 0.0000215\n# Rewrite_time: 0.00000075\n# Optimize_time: 0.000055875 Opt_logical: 0.00002775 Opt_physical: 0.000025333 Opt_binding_match: 0.000001 Opt_stats_sync_wait: 0 Opt_stats_derive: 0.000001375\n# Wait_TS: 0.000105083\n# DB: test\n# Is_internal: false\n# Digest: 21c21467acf88790d143ac5b1c4f64356d118f2a1e55486276d4aafdcd8c2d90\n# Prepared: false\n# Plan_from_cache: false\n# Plan_from_binding: false\n# Has_more_results: false\n# KV_total: 0\n# PD_total: 0.000104874\n# Backoff_total: 0\n# Unpacked_bytes_sent_tikv_total: 0\n# Unpacked_bytes_received_tikv_total: 0\n# Unpacked_bytes_sent_tikv_cross_zone: 0\n# Unpacked_bytes_received_tikv_cross_zone: 0\n# Unpacked_bytes_sent_tiflash_total: 0\n# Unpacked_bytes_received_tiflash_total: 0\n# Unpacked_bytes_sent_tiflash_cross_zone: 0\n# Unpacked_bytes_received_tiflash_cross_zone: 0\n# Write_sql_response_total: 0\n# Result_rows: 0\n# Succ: true\n# IsExplicitTxn: false\n# IsSyncStatsFailed: false\n# Resource_group: default\n# Tikv_cpu_time: 0.000085291\n# Storage_from_kv: false\n# Storage_from_mpp: false\nuse test;\ndrop table `t_recover_gc_control`,`t_recover_gc_target`;"]
[2026/07/17 06:24:04.878 +08:00] [INFO] [session.go:5195] ["CRUCIAL OPERATION"] [conn=1] [schemaVersion=89] [cur_db=test] [sql="drop table `t_recover_gc_control`,`t_recover_gc_target`"] [user=]
    testkit.go:325: cleaned up ddl and tables
    ai_native_recover_delete_range_race_test.go:47: runtime matrix: real_tikv=true mdl=on partition=false
[2026/07/17 06:24:04.908 +08:00] [INFO] [set.go:194] ["set global var"] [conn=2] [name=tidb_gc_enable] [val=ON]
[2026/07/17 06:24:04.911 +08:00] [INFO] [job_submitter.go:118] ["add DDL jobs"] [category=ddl] ["batch count"=1] [jobs="ID:137, Type:create table, State:queueing, SchemaState:none, SchemaID:114, TableID:136, RowCount:0, ArgLen:1, start time: 2026-07-17 06:24:04.907 +0800 CST, Err:<nil>, ErrCount:0, SnapshotVersion:0, Version: v2; "] [fast_create=true]
[2026/07/17 06:24:04.911 +08:00] [INFO] [executor.go:7285] ["DDL job submitted"] [category=ddl] [job="ID:137, Type:create table, State:queueing, SchemaState:none, SchemaID:114, TableID:136, RowCount:0, ArgLen:1, start time: 2026-07-17 06:24:04.907 +0800 CST, Err:<nil>, ErrCount:0, SnapshotVersion:0, Version: v2"] [query="create table t_recover_gc_control (id bigint primary key, k bigint, payload longblob, key idx_k(k))"]
[2026/07/17 06:24:04.912 +08:00] [INFO] [job_worker.go:854] ["run one job step"] [category=ddl] [jobID=137] [conn=2] [job="ID:137, Type:create table, State:queueing, SchemaState:none, SchemaID:114, TableID:136, RowCount:0, ArgLen:0, start time: 2026-07-17 06:24:04.907 +0800 CST, Err:<nil>, ErrCount:0, SnapshotVersion:0, Version: v2"]
[2026/07/17 06:24:04.913 +08:00] [WARN] [ddl.go:700] ["fail to notify DDL event"] [category=ddl] [event="(Event Type: create table, Table ID: 136, Table Name: t_recover_gc_control)"]
[2026/07/17 06:24:04.917 +08:00] [INFO] [loader.go:216] ["diff load InfoSchema success"] [mode=auto] [isV2=true] [currVer=89] [neededVer=90] [gotVer=90] ["elapsed time"=301.417µs] [phyTblIDs="[136]"] [actionTypes="[3]"] [diffTypes="[\"create table\"]"]
[2026/07/17 06:24:04.918 +08:00] [INFO] [syncer.go:281] ["mdl gets lock, update self version to owner"] [jobID=137] [version=90]
[2026/07/17 06:24:04.942 +08:00] [INFO] [schema_version.go:397] ["wait schema version synced success"] [category=ddl] [ver=90] [checkAssumedSvr=false] ["take time"=13.835875ms] [job="ID:137, Type:create table, State:done, SchemaState:public, SchemaID:114, TableID:136, RowCount:0, ArgLen:1, start time: 2026-07-17 06:24:04.907 +0800 CST, Err:<nil>, ErrCount:0, SnapshotVersion:0, Version: v2"] [summary="server count: 1"]
[2026/07/17 06:24:04.945 +08:00] [INFO] [job_worker.go:447] ["finish DDL job"] [category=ddl] [jobID=137] [conn=2] [job="ID:137, Type:create table, State:synced, SchemaState:public, SchemaID:114, TableID:136, RowCount:0, ArgLen:0, start time: 2026-07-17 06:24:04.907 +0800 CST, Err:<nil>, ErrCount:0, SnapshotVersion:0, Version: v2"]
[2026/07/17 06:24:04.947 +08:00] [INFO] [executor.go:7423] ["DDL job is finished"] [category=ddl] [jobID=137]
[2026/07/17 06:24:04.947 +08:00] [INFO] [session.go:5195] ["CRUCIAL OPERATION"] [conn=2] [schemaVersion=90] [cur_db=test] [sql="create table t_recover_gc_control (id bigint primary key, k bigint, payload longblob, key idx_k(k))"] [user=]
[2026/07/17 06:24:04.963 +08:00] [INFO] [lock_resolver.go:1631] ["txn lock cleanup resolve-lock rpc finished"] [action=commit] [txnStartTS=467727979618500635] [commitTS=467727979618500636] [regionID=8] [resolveLite=true] [resolvedByCheckTxnStatus=false]
[2026/07/17 06:24:04.966 +08:00] [INFO] [job_submitter.go:118] ["add DDL jobs"] [category=ddl] ["batch count"=1] [jobs="ID:138, Type:drop table, State:queueing, SchemaState:public, SchemaID:114, TableID:136, RowCount:0, ArgLen:1, start time: 2026-07-17 06:24:04.957 +0800 CST, Err:<nil>, ErrCount:0, SnapshotVersion:0, Version: v2; "] [fast_create=true]
[2026/07/17 06:24:04.966 +08:00] [INFO] [executor.go:7285] ["DDL job submitted"] [category=ddl] [job="ID:138, Type:drop table, State:queueing, SchemaState:public, SchemaID:114, TableID:136, RowCount:0, ArgLen:1, start time: 2026-07-17 06:24:04.957 +0800 CST, Err:<nil>, ErrCount:0, SnapshotVersion:0, Version: v2"] [query="drop table t_recover_gc_control"]
[2026/07/17 06:24:04.967 +08:00] [INFO] [job_worker.go:854] ["run one job step"] [category=ddl] [jobID=138] [conn=2] [job="ID:138, Type:drop table, State:queueing, SchemaState:public, SchemaID:114, TableID:136, RowCount:0, ArgLen:0, start time: 2026-07-17 06:24:04.957 +0800 CST, Err:<nil>, ErrCount:0, SnapshotVersion:0, Version: v2"]
[2026/07/17 06:24:05.014 +08:00] [INFO] [loader.go:216] ["diff load InfoSchema success"] [mode=auto] [isV2=true] [currVer=90] [neededVer=91] [gotVer=91] ["elapsed time"=395.917µs] [phyTblIDs="[136]"] [actionTypes="[4]"] [diffTypes="[\"drop table\"]"]
[2026/07/17 06:24:05.014 +08:00] [INFO] [syncer.go:281] ["mdl gets lock, update self version to owner"] [jobID=138] [version=91]
[2026/07/17 06:24:05.026 +08:00] [INFO] [schema_version.go:397] ["wait schema version synced success"] [category=ddl] [ver=91] [checkAssumedSvr=false] ["take time"=13.909083ms] [job="ID:138, Type:drop table, State:running, SchemaState:write only, SchemaID:114, TableID:136, RowCount:0, ArgLen:1, start time: 2026-07-17 06:24:04.957 +0800 CST, Err:<nil>, ErrCount:0, SnapshotVersion:0, Version: v2"] [summary="server count: 1"]
[2026/07/17 06:24:05.029 +08:00] [INFO] [job_worker.go:854] ["run one job step"] [category=ddl] [jobID=138] [conn=2] [job="ID:138, Type:drop table, State:running, SchemaState:write only, SchemaID:114, TableID:136, RowCount:0, ArgLen:0, start time: 2026-07-17 06:24:04.957 +0800 CST, Err:<nil>, ErrCount:0, SnapshotVersion:0, Version: v2"]
[2026/07/17 06:24:05.045 +08:00] [INFO] [loader.go:216] ["diff load InfoSchema success"] [mode=auto] [isV2=true] [currVer=91] [neededVer=92] [gotVer=92] ["elapsed time"=405.083µs] [phyTblIDs="[136]"] [actionTypes="[4]"] [diffTypes="[\"drop table\"]"]
[2026/07/17 06:24:05.046 +08:00] [INFO] [syncer.go:281] ["mdl gets lock, update self version to owner"] [jobID=138] [version=92]
[2026/07/17 06:24:05.058 +08:00] [INFO] [schema_version.go:397] ["wait schema version synced success"] [category=ddl] [ver=92] [checkAssumedSvr=false] ["take time"=13.92575ms] [job="ID:138, Type:drop table, State:running, SchemaState:delete only, SchemaID:114, TableID:136, RowCount:0, ArgLen:1, start time: 2026-07-17 06:24:04.957 +0800 CST, Err:<nil>, ErrCount:0, SnapshotVersion:0, Version: v2"] [summary="server count: 1"]
[2026/07/17 06:24:05.061 +08:00] [INFO] [job_worker.go:854] ["run one job step"] [category=ddl] [jobID=138] [conn=2] [job="ID:138, Type:drop table, State:running, SchemaState:delete only, SchemaID:114, TableID:136, RowCount:0, ArgLen:0, start time: 2026-07-17 06:24:04.957 +0800 CST, Err:<nil>, ErrCount:0, SnapshotVersion:0, Version: v2"]
[2026/07/17 06:24:05.062 +08:00] [WARN] [ddl.go:700] ["fail to notify DDL event"] [category=ddl] [event="(Event Type: drop table, Old Table ID: 136, Old Table Name: t_recover_gc_control)"]
[2026/07/17 06:24:05.076 +08:00] [INFO] [loader.go:216] ["diff load InfoSchema success"] [mode=auto] [isV2=true] [currVer=92] [neededVer=93] [gotVer=93] ["elapsed time"=320.875µs] [phyTblIDs="[136]"] [actionTypes="[4]"] [diffTypes="[\"drop table\"]"]
[2026/07/17 06:24:05.077 +08:00] [INFO] [syncer.go:281] ["mdl gets lock, update self version to owner"] [jobID=138] [version=93]
[2026/07/17 06:24:05.090 +08:00] [INFO] [schema_version.go:397] ["wait schema version synced success"] [category=ddl] [ver=93] [checkAssumedSvr=false] ["take time"=14.920333ms] [job="ID:138, Type:drop table, State:done, SchemaState:none, SchemaID:114, TableID:136, RowCount:0, ArgLen:1, start time: 2026-07-17 06:24:04.957 +0800 CST, Err:<nil>, ErrCount:0, SnapshotVersion:0, Version: v2"] [summary="server count: 1"]
[2026/07/17 06:24:05.104 +08:00] [INFO] [delete_range.go:470] ["insert into delete-range table"] [category=ddl] [jobID=138] [tableIDs="[136]"] [comment="drop table: table ID"]
[2026/07/17 06:24:05.105 +08:00] [INFO] [delete_range.go:112] ["add job into delete-range table"] [category=ddl] [jobID=138] [jobType="drop table"]
[2026/07/17 06:24:05.106 +08:00] [INFO] [job_worker.go:447] ["finish DDL job"] [category=ddl] [jobID=138] [conn=2] [job="ID:138, Type:drop table, State:synced, SchemaState:none, SchemaID:114, TableID:136, RowCount:0, ArgLen:1, start time: 2026-07-17 06:24:04.957 +0800 CST, Err:<nil>, ErrCount:0, SnapshotVersion:0, Version: v2"]
[2026/07/17 06:24:05.109 +08:00] [INFO] [executor.go:7423] ["DDL job is finished"] [category=ddl] [jobID=138]
[2026/07/17 06:24:05.109 +08:00] [INFO] [session.go:5195] ["CRUCIAL OPERATION"] [conn=2] [schemaVersion=93] [cur_db=test] [sql="drop table t_recover_gc_control"] [user=]
    ai_native_recover_delete_range_race_test.go:86: dropped t_recover_gc_control: job_id=138 table_id=136
[2026/07/17 06:24:05.136 +08:00] [INFO] [job_submitter.go:118] ["add DDL jobs"] [category=ddl] ["batch count"=1] [jobs="ID:139, Type:recover table, State:queueing, SchemaState:none, SchemaID:114, TableID:136, RowCount:0, ArgLen:1, start time: 2026-07-17 06:24:05.107 +0800 CST, Err:<nil>, ErrCount:0, SnapshotVersion:0, Version: v2; "] [fast_create=true]
[2026/07/17 06:24:05.136 +08:00] [INFO] [executor.go:7285] ["DDL job submitted"] [category=ddl] [job="ID:139, Type:recover table, State:queueing, SchemaState:none, SchemaID:114, TableID:136, RowCount:0, ArgLen:1, start time: 2026-07-17 06:24:05.107 +0800 CST, Err:<nil>, ErrCount:0, SnapshotVersion:0, Version: v2"] [query="recover table by job 138"]
[2026/07/17 06:24:05.152 +08:00] [INFO] [job_worker.go:854] ["run one job step"] [category=ddl] [jobID=139] [conn=2] [job="ID:139, Type:recover table, State:queueing, SchemaState:none, SchemaID:114, TableID:136, RowCount:0, ArgLen:0, start time: 2026-07-17 06:24:05.107 +0800 CST, Err:<nil>, ErrCount:0, SnapshotVersion:0, Version: v2"]
[2026/07/17 06:24:05.154 +08:00] [INFO] [job_worker.go:1172] ["schema version doesn't change"] [category=ddl] [jobID=139]
[2026/07/17 06:24:05.155 +08:00] [INFO] [job_worker.go:854] ["run one job step"] [category=ddl] [jobID=139] [conn=2] [job="ID:139, Type:recover table, State:running, SchemaState:write only, SchemaID:114, TableID:136, RowCount:0, ArgLen:0, start time: 2026-07-17 06:24:05.107 +0800 CST, Err:<nil>, ErrCount:0, SnapshotVersion:0, Version: v2"]
[2026/07/17 06:24:05.207 +08:00] [INFO] [loader.go:216] ["diff load InfoSchema success"] [mode=auto] [isV2=true] [currVer=93] [neededVer=94] [gotVer=94] ["elapsed time"=584µs] [phyTblIDs="[136]"] [actionTypes="[25]"] [diffTypes="[\"recover table\"]"]
[2026/07/17 06:24:05.208 +08:00] [INFO] [syncer.go:281] ["mdl gets lock, update self version to owner"] [jobID=139] [version=94]
[2026/07/17 06:24:05.220 +08:00] [INFO] [schema_version.go:397] ["wait schema version synced success"] [category=ddl] [ver=94] [checkAssumedSvr=false] ["take time"=14.143209ms] [job="ID:139, Type:recover table, State:done, SchemaState:public, SchemaID:114, TableID:136, RowCount:0, ArgLen:1, start time: 2026-07-17 06:24:05.107 +0800 CST, Err:<nil>, ErrCount:0, SnapshotVersion:0, Version: v2"] [summary="server count: 1"]
[2026/07/17 06:24:05.240 +08:00] [INFO] [job_worker.go:447] ["finish DDL job"] [category=ddl] [jobID=139] [conn=2] [job="ID:139, Type:recover table, State:synced, SchemaState:public, SchemaID:114, TableID:136, RowCount:0, ArgLen:1, start time: 2026-07-17 06:24:05.107 +0800 CST, Err:<nil>, ErrCount:0, SnapshotVersion:0, Version: v2"]
[2026/07/17 06:24:05.242 +08:00] [INFO] [executor.go:7423] ["DDL job is finished"] [category=ddl] [jobID=139]
[2026/07/17 06:24:05.242 +08:00] [ERROR] [gc_worker.go:1941] ["deleteRanges is called"] [stack="github.com/pingcap/tidb/pkg/store/gcworker.(*MockGCWorker).DeleteRanges\n\t/Users/bba/pc/tidb-ai-master/pkg/store/gcworker/gc_worker.go:1941\ngithub.com/pingcap/tidb/tests/realtikvtest/flashbacktest.TestRecoverTableAfterDeleteRangeTaskLoaded\n\t/Users/bba/pc/tidb-ai-master/tests/realtikvtest/flashbacktest/ai_native_recover_delete_range_race_test.go:103\ntesting.tRunner\n\t/Users/bba/.gvm/pkgsets/go1.25.1/global/pkg/mod/golang.org/toolchain@v0.0.1-go1.25.10.darwin-arm64/src/testing/testing.go:1934"]
[2026/07/17 06:24:05.289 +08:00] [INFO] [gc_worker.go:907] ["start delete ranges"] [category="gc worker"] [uuid=67db41e8cac0001] [ranges=2]
[2026/07/17 06:24:05.362 +08:00] [INFO] [info.go:1010] [DeleteTiFlashPlacementRules] [physicalTableIDs="[126]"]
[2026/07/17 06:24:05.444 +08:00] [INFO] [info.go:1010] [DeleteTiFlashPlacementRules] [physicalTableIDs="[130]"]
[2026/07/17 06:24:05.448 +08:00] [INFO] [gc_worker.go:981] ["finish delete ranges"] [category="gc worker"] [uuid=67db41e8cac0001] ["num of ranges"=2] ["cost time"=159.682125ms]
[2026/07/17 06:24:05.455 +08:00] [INFO] [job_submitter.go:118] ["add DDL jobs"] [category=ddl] ["batch count"=1] [jobs="ID:141, Type:create table, State:queueing, SchemaState:none, SchemaID:114, TableID:140, RowCount:0, ArgLen:1, start time: 2026-07-17 06:24:05.407 +0800 CST, Err:<nil>, ErrCount:0, SnapshotVersion:0, Version: v2; "] [fast_create=true]
[2026/07/17 06:24:05.455 +08:00] [INFO] [executor.go:7285] ["DDL job submitted"] [category=ddl] [job="ID:141, Type:create table, State:queueing, SchemaState:none, SchemaID:114, TableID:140, RowCount:0, ArgLen:1, start time: 2026-07-17 06:24:05.407 +0800 CST, Err:<nil>, ErrCount:0, SnapshotVersion:0, Version: v2"] [query="create table t_recover_gc_target (id bigint primary key, k bigint, payload longblob, key idx_k(k))"]
[2026/07/17 06:24:05.457 +08:00] [INFO] [job_worker.go:854] ["run one job step"] [category=ddl] [jobID=141] [conn=2] [job="ID:141, Type:create table, State:queueing, SchemaState:none, SchemaID:114, TableID:140, RowCount:0, ArgLen:0, start time: 2026-07-17 06:24:05.407 +0800 CST, Err:<nil>, ErrCount:0, SnapshotVersion:0, Version: v2"]
[2026/07/17 06:24:05.458 +08:00] [WARN] [ddl.go:700] ["fail to notify DDL event"] [category=ddl] [event="(Event Type: create table, Table ID: 140, Table Name: t_recover_gc_target)"]
[2026/07/17 06:24:05.477 +08:00] [INFO] [loader.go:216] ["diff load InfoSchema success"] [mode=auto] [isV2=true] [currVer=94] [neededVer=95] [gotVer=95] ["elapsed time"=434.875µs] [phyTblIDs="[140]"] [actionTypes="[3]"] [diffTypes="[\"create table\"]"]
[2026/07/17 06:24:05.478 +08:00] [INFO] [syncer.go:281] ["mdl gets lock, update self version to owner"] [jobID=141] [version=95]
[2026/07/17 06:24:05.495 +08:00] [INFO] [schema_version.go:397] ["wait schema version synced success"] [category=ddl] [ver=95] [checkAssumedSvr=false] ["take time"=19.611583ms] [job="ID:141, Type:create table, State:done, SchemaState:public, SchemaID:114, TableID:140, RowCount:0, ArgLen:1, start time: 2026-07-17 06:24:05.407 +0800 CST, Err:<nil>, ErrCount:0, SnapshotVersion:0, Version: v2"] [summary="server count: 1"]
[2026/07/17 06:24:05.498 +08:00] [INFO] [job_worker.go:447] ["finish DDL job"] [category=ddl] [jobID=141] [conn=2] [job="ID:141, Type:create table, State:synced, SchemaState:public, SchemaID:114, TableID:140, RowCount:0, ArgLen:0, start time: 2026-07-17 06:24:05.407 +0800 CST, Err:<nil>, ErrCount:0, SnapshotVersion:0, Version: v2"]
[2026/07/17 06:24:05.501 +08:00] [INFO] [executor.go:7423] ["DDL job is finished"] [category=ddl] [jobID=141]
[2026/07/17 06:24:05.501 +08:00] [INFO] [session.go:5195] ["CRUCIAL OPERATION"] [conn=2] [schemaVersion=95] [cur_db=test] [sql="create table t_recover_gc_target (id bigint primary key, k bigint, payload longblob, key idx_k(k))"] [user=]
[2026/07/17 06:24:05.518 +08:00] [INFO] [lock_resolver.go:1631] ["txn lock cleanup resolve-lock rpc finished"] [action=commit] [txnStartTS=467727979762679822] [commitTS=467727979762679823] [regionID=8] [resolveLite=true] [resolvedByCheckTxnStatus=false]
[2026/07/17 06:24:05.521 +08:00] [INFO] [job_submitter.go:118] ["add DDL jobs"] [category=ddl] ["batch count"=1] [jobs="ID:142, Type:drop table, State:queueing, SchemaState:public, SchemaID:114, TableID:140, RowCount:0, ArgLen:1, start time: 2026-07-17 06:24:05.507 +0800 CST, Err:<nil>, ErrCount:0, SnapshotVersion:0, Version: v2; "] [fast_create=true]
[2026/07/17 06:24:05.521 +08:00] [INFO] [executor.go:7285] ["DDL job submitted"] [category=ddl] [job="ID:142, Type:drop table, State:queueing, SchemaState:public, SchemaID:114, TableID:140, RowCount:0, ArgLen:1, start time: 2026-07-17 06:24:05.507 +0800 CST, Err:<nil>, ErrCount:0, SnapshotVersion:0, Version: v2"] [query="drop table t_recover_gc_target"]
[2026/07/17 06:24:05.522 +08:00] [INFO] [job_worker.go:854] ["run one job step"] [category=ddl] [jobID=142] [conn=2] [job="ID:142, Type:drop table, State:queueing, SchemaState:public, SchemaID:114, TableID:140, RowCount:0, ArgLen:0, start time: 2026-07-17 06:24:05.507 +0800 CST, Err:<nil>, ErrCount:0, SnapshotVersion:0, Version: v2"]
[2026/07/17 06:24:05.533 +08:00] [INFO] [runtime.go:172] ["TimerGroupRuntime loop started"] [groupID=ttl]
[2026/07/17 06:24:05.533 +08:00] [INFO] [runtime.go:444] ["create watch chan if possible for timer runtime"] [groupID=ttl] [storeSupportWatch=true]
[2026/07/17 06:24:05.533 +08:00] [INFO] [notifier.go:140] ["new etcd watcher created to watch timer events"] [EtcdKey=/tidb/timer/cluster/1/notify/151d2ded-e997-4f51-8c7f-f0da79084e50] [watcherID=317da610-4d5c-4f9a-8db6-e9582866e2a7]
[2026/07/17 06:24:05.534 +08:00] [INFO] [slots.go:220] ["initialize slot capacity"] [capacity=14]
[2026/07/17 06:24:05.535 +08:00] [INFO] [scheduler_manager.go:482] ["collect loop start"] [server-id=:4000]
[2026/07/17 06:24:05.535 +08:00] [INFO] [scheduler_manager.go:217] ["schedule task loop start"] [server-id=:4000]
[2026/07/17 06:24:05.535 +08:00] [INFO] [scheduler_manager.go:407] ["cleanup loop start"] [server-id=:4000]
[2026/07/17 06:24:05.535 +08:00] [INFO] [scheduler_manager.go:331] ["subtask table gc loop start"] [server-id=:4000]
[2026/07/17 06:24:05.576 +08:00] [INFO] [loader.go:216] ["diff load InfoSchema success"] [mode=auto] [isV2=true] [currVer=95] [neededVer=96] [gotVer=96] ["elapsed time"=437.542µs] [phyTblIDs="[140]"] [actionTypes="[4]"] [diffTypes="[\"drop table\"]"]
[2026/07/17 06:24:05.577 +08:00] [INFO] [syncer.go:281] ["mdl gets lock, update self version to owner"] [jobID=142] [version=96]
[2026/07/17 06:24:05.642 +08:00] [INFO] [schema_version.go:397] ["wait schema version synced success"] [category=ddl] [ver=96] [checkAssumedSvr=false] ["take time"=67.179417ms] [job="ID:142, Type:drop table, State:running, SchemaState:write only, SchemaID:114, TableID:140, RowCount:0, ArgLen:1, start time: 2026-07-17 06:24:05.507 +0800 CST, Err:<nil>, ErrCount:0, SnapshotVersion:0, Version: v2"] [summary="server count: 1"]
[2026/07/17 06:24:05.645 +08:00] [INFO] [job_worker.go:854] ["run one job step"] [category=ddl] [jobID=142] [conn=2] [job="ID:142, Type:drop table, State:running, SchemaState:write only, SchemaID:114, TableID:140, RowCount:0, ArgLen:0, start time: 2026-07-17 06:24:05.507 +0800 CST, Err:<nil>, ErrCount:0, SnapshotVersion:0, Version: v2"]
[2026/07/17 06:24:05.654 +08:00] [INFO] [loader.go:216] ["diff load InfoSchema success"] [mode=auto] [isV2=true] [currVer=96] [neededVer=97] [gotVer=97] ["elapsed time"=393.333µs] [phyTblIDs="[140]"] [actionTypes="[4]"] [diffTypes="[\"drop table\"]"]
[2026/07/17 06:24:05.654 +08:00] [INFO] [syncer.go:281] ["mdl gets lock, update self version to owner"] [jobID=142] [version=97]
[2026/07/17 06:24:05.659 +08:00] [INFO] [schema_version.go:397] ["wait schema version synced success"] [category=ddl] [ver=97] [checkAssumedSvr=false] ["take time"=6.092125ms] [job="ID:142, Type:drop table, State:running, SchemaState:delete only, SchemaID:114, TableID:140, RowCount:0, ArgLen:1, start time: 2026-07-17 06:24:05.507 +0800 CST, Err:<nil>, ErrCount:0, SnapshotVersion:0, Version: v2"] [summary="server count: 1"]
[2026/07/17 06:24:05.661 +08:00] [INFO] [job_worker.go:854] ["run one job step"] [category=ddl] [jobID=142] [conn=2] [job="ID:142, Type:drop table, State:running, SchemaState:delete only, SchemaID:114, TableID:140, RowCount:0, ArgLen:0, start time: 2026-07-17 06:24:05.507 +0800 CST, Err:<nil>, ErrCount:0, SnapshotVersion:0, Version: v2"]
[2026/07/17 06:24:05.662 +08:00] [WARN] [ddl.go:700] ["fail to notify DDL event"] [category=ddl] [event="(Event Type: drop table, Old Table ID: 140, Old Table Name: t_recover_gc_target)"]
[2026/07/17 06:24:05.668 +08:00] [INFO] [loader.go:216] ["diff load InfoSchema success"] [mode=auto] [isV2=true] [currVer=97] [neededVer=98] [gotVer=98] ["elapsed time"=272.75µs] [phyTblIDs="[140]"] [actionTypes="[4]"] [diffTypes="[\"drop table\"]"]
[2026/07/17 06:24:05.669 +08:00] [INFO] [syncer.go:281] ["mdl gets lock, update self version to owner"] [jobID=142] [version=98]
[2026/07/17 06:24:05.673 +08:00] [INFO] [schema_version.go:397] ["wait schema version synced success"] [category=ddl] [ver=98] [checkAssumedSvr=false] ["take time"=4.222375ms] [job="ID:142, Type:drop table, State:done, SchemaState:none, SchemaID:114, TableID:140, RowCount:0, ArgLen:1, start time: 2026-07-17 06:24:05.507 +0800 CST, Err:<nil>, ErrCount:0, SnapshotVersion:0, Version: v2"] [summary="server count: 1"]
[2026/07/17 06:24:05.675 +08:00] [INFO] [delete_range.go:470] ["insert into delete-range table"] [category=ddl] [jobID=142] [tableIDs="[140]"] [comment="drop table: table ID"]
[2026/07/17 06:24:05.683 +08:00] [INFO] [delete_range.go:112] ["add job into delete-range table"] [category=ddl] [jobID=142] [jobType="drop table"]
[2026/07/17 06:24:05.683 +08:00] [INFO] [job_worker.go:447] ["finish DDL job"] [category=ddl] [jobID=142] [conn=2] [job="ID:142, Type:drop table, State:synced, SchemaState:none, SchemaID:114, TableID:140, RowCount:0, ArgLen:1, start time: 2026-07-17 06:24:05.507 +0800 CST, Err:<nil>, ErrCount:0, SnapshotVersion:0, Version: v2"]
[2026/07/17 06:24:05.686 +08:00] [INFO] [executor.go:7423] ["DDL job is finished"] [category=ddl] [jobID=142]
[2026/07/17 06:24:05.686 +08:00] [INFO] [session.go:5195] ["CRUCIAL OPERATION"] [conn=2] [schemaVersion=98] [cur_db=test] [sql="drop table t_recover_gc_target"] [user=]
    ai_native_recover_delete_range_race_test.go:86: dropped t_recover_gc_target: job_id=142 table_id=140
[2026/07/17 06:24:05.689 +08:00] [ERROR] [gc_worker.go:1941] ["deleteRanges is called"] [stack="github.com/pingcap/tidb/pkg/store/gcworker.(*MockGCWorker).DeleteRanges\n\t/Users/bba/pc/tidb-ai-master/pkg/store/gcworker/gc_worker.go:1941\ngithub.com/pingcap/tidb/tests/realtikvtest/flashbacktest.TestRecoverTableAfterDeleteRangeTaskLoaded.func5\n\t/Users/bba/pc/tidb-ai-master/tests/realtikvtest/flashbacktest/ai_native_recover_delete_range_race_test.go:128"]
    ai_native_recover_delete_range_race_test.go:121: deleteRanges loaded: [{StartKey:74800000000000008c EndKey:74800000000000008d JobID:142 ElementID:1}]
[2026/07/17 06:24:05.693 +08:00] [INFO] [job_submitter.go:118] ["add DDL jobs"] [category=ddl] ["batch count"=1] [jobs="ID:143, Type:recover table, State:queueing, SchemaState:none, SchemaID:114, TableID:140, RowCount:0, ArgLen:1, start time: 2026-07-17 06:24:05.657 +0800 CST, Err:<nil>, ErrCount:0, SnapshotVersion:0, Version: v2; "] [fast_create=true]
[2026/07/17 06:24:05.693 +08:00] [INFO] [executor.go:7285] ["DDL job submitted"] [category=ddl] [job="ID:143, Type:recover table, State:queueing, SchemaState:none, SchemaID:114, TableID:140, RowCount:0, ArgLen:1, start time: 2026-07-17 06:24:05.657 +0800 CST, Err:<nil>, ErrCount:0, SnapshotVersion:0, Version: v2"] [query="recover table by job 142"]
[2026/07/17 06:24:05.694 +08:00] [INFO] [job_worker.go:854] ["run one job step"] [category=ddl] [jobID=143] [conn=2] [job="ID:143, Type:recover table, State:queueing, SchemaState:none, SchemaID:114, TableID:140, RowCount:0, ArgLen:0, start time: 2026-07-17 06:24:05.657 +0800 CST, Err:<nil>, ErrCount:0, SnapshotVersion:0, Version: v2"]
[2026/07/17 06:24:05.695 +08:00] [INFO] [job_worker.go:1172] ["schema version doesn't change"] [category=ddl] [jobID=143]
[2026/07/17 06:24:05.696 +08:00] [INFO] [job_worker.go:854] ["run one job step"] [category=ddl] [jobID=143] [conn=2] [job="ID:143, Type:recover table, State:running, SchemaState:write only, SchemaID:114, TableID:140, RowCount:0, ArgLen:0, start time: 2026-07-17 06:24:05.657 +0800 CST, Err:<nil>, ErrCount:0, SnapshotVersion:0, Version: v2"]
[2026/07/17 06:24:05.718 +08:00] [INFO] [loader.go:216] ["diff load InfoSchema success"] [mode=auto] [isV2=true] [currVer=98] [neededVer=99] [gotVer=99] ["elapsed time"=303.5µs] [phyTblIDs="[140]"] [actionTypes="[25]"] [diffTypes="[\"recover table\"]"]
[2026/07/17 06:24:05.718 +08:00] [INFO] [syncer.go:281] ["mdl gets lock, update self version to owner"] [jobID=143] [version=99]
[2026/07/17 06:24:05.723 +08:00] [INFO] [schema_version.go:397] ["wait schema version synced success"] [category=ddl] [ver=99] [checkAssumedSvr=false] ["take time"=5.727333ms] [job="ID:143, Type:recover table, State:done, SchemaState:public, SchemaID:114, TableID:140, RowCount:0, ArgLen:1, start time: 2026-07-17 06:24:05.657 +0800 CST, Err:<nil>, ErrCount:0, SnapshotVersion:0, Version: v2"] [summary="server count: 1"]
[2026/07/17 06:24:05.734 +08:00] [INFO] [job_worker.go:447] ["finish DDL job"] [category=ddl] [jobID=143] [conn=2] [job="ID:143, Type:recover table, State:synced, SchemaState:public, SchemaID:114, TableID:140, RowCount:0, ArgLen:1, start time: 2026-07-17 06:24:05.657 +0800 CST, Err:<nil>, ErrCount:0, SnapshotVersion:0, Version: v2"]
[2026/07/17 06:24:05.736 +08:00] [INFO] [executor.go:7423] ["DDL job is finished"] [category=ddl] [jobID=143]
    ai_native_recover_delete_range_race_test.go:143: recover succeeded: job_id=142 table_id=140 rows=32 index_rows=32 persistent_task=0
[2026/07/17 06:24:05.743 +08:00] [INFO] [gc_worker.go:907] ["start delete ranges"] [category="gc worker"] [uuid=67db41e8cac0001] [ranges=0]
[2026/07/17 06:24:05.743 +08:00] [INFO] [gc_worker.go:981] ["finish delete ranges"] [category="gc worker"] [uuid=67db41e8cac0001] ["num of ranges"=0] ["cost time"=334ns]
    ai_native_recover_delete_range_race_test.go:153: counterfactual terminal state: job_id=142 table_id=140 rows=32 index_rows=32
[2026/07/17 06:24:05.746 +08:00] [INFO] [job_scheduler.go:269] ["scheduleLoop quit due to context canceled"] [category=ddl]
[2026/07/17 06:24:05.745 +08:00] [INFO] [syncer.go:488] ["schema version sync loop interrupted, retrying..."] [category=ddl]
[2026/07/17 06:24:05.746 +08:00] [INFO] [manager.go:420] ["watch owner finished"] [key=/tidb/ddl/fg/owner] [id=43a1a0a8-2c22-43d4-b7ab-7b5b3ada2b07] []
[2026/07/17 06:24:05.746 +08:00] [INFO] [manager.go:333] ["retire owner"] [key=/tidb/ddl/fg/owner] [id=43a1a0a8-2c22-43d4-b7ab-7b5b3ada2b07]
[2026/07/17 06:24:05.746 +08:00] [INFO] [ddl_workerpool.go:78] ["closing workerPool"] [category=ddl]
[2026/07/17 06:24:05.746 +08:00] [INFO] [ddl_workerpool.go:78] ["closing workerPool"] [category=ddl]
[2026/07/17 06:24:05.746 +08:00] [INFO] [job_worker.go:267] ["DDL worker closed"] [category=ddl] [worker="worker 1, tp general"] ["take time"=8.208µs]
[2026/07/17 06:24:05.746 +08:00] [INFO] [job_worker.go:267] ["DDL worker closed"] [category=ddl] [worker="worker 2, tp general"] ["take time"=1.791µs]
[2026/07/17 06:24:05.746 +08:00] [INFO] [job_worker.go:267] ["DDL worker closed"] [category=ddl] [worker="worker 3, tp general"] ["take time"=1.417µs]
[2026/07/17 06:24:05.746 +08:00] [INFO] [job_worker.go:267] ["DDL worker closed"] [category=ddl] [worker="worker 4, tp general"] ["take time"=1.333µs]
[2026/07/17 06:24:05.746 +08:00] [INFO] [job_worker.go:267] ["DDL worker closed"] [category=ddl] [worker="worker 5, tp general"] ["take time"=1.542µs]
[2026/07/17 06:24:05.746 +08:00] [INFO] [job_worker.go:267] ["DDL worker closed"] [category=ddl] [worker="worker 6, tp general"] ["take time"=4.541µs]
[2026/07/17 06:24:05.746 +08:00] [INFO] [job_worker.go:267] ["DDL worker closed"] [category=ddl] [worker="worker 7, tp general"] ["take time"=4.917µs]
[2026/07/17 06:24:05.746 +08:00] [INFO] [job_worker.go:267] ["DDL worker closed"] [category=ddl] [worker="worker 8, tp general"] ["take time"=1.25µs]
[2026/07/17 06:24:05.746 +08:00] [INFO] [manager.go:424] ["is not the owner"] [key=/tidb/ddl/fg/owner] [id=43a1a0a8-2c22-43d4-b7ab-7b5b3ada2b07]
[2026/07/17 06:24:05.746 +08:00] [INFO] [manager.go:385] ["break campaign loop, context is done"] [key=/tidb/ddl/fg/owner] [id=43a1a0a8-2c22-43d4-b7ab-7b5b3ada2b07]
[2026/07/17 06:24:05.750 +08:00] [INFO] [delete_range.go:162] ["closing delRange"] [category=ddl]
[2026/07/17 06:24:05.750 +08:00] [INFO] [session_pool.go:133] ["closing session pool"] [category=ddl]
[2026/07/17 06:24:05.750 +08:00] [INFO] [ddl.go:1157] ["DDL closed"] [category=ddl] [ID=43a1a0a8-2c22-43d4-b7ab-7b5b3ada2b07] ["take time"=4.591958ms]
[2026/07/17 06:24:05.750 +08:00] [INFO] [ddl.go:848] ["stop DDL"] [category=ddl] [ID=43a1a0a8-2c22-43d4-b7ab-7b5b3ada2b07]
[2026/07/17 06:24:05.750 +08:00] [INFO] [domain.go:484] ["stopping ttlJobManager"]
[2026/07/17 06:24:05.750 +08:00] [INFO] [notifier.go:142] ["etcd watcher exited to watch timer events"] [EtcdKey=/tidb/timer/cluster/1/notify/151d2ded-e997-4f51-8c7f-f0da79084e50] [watcherID=317da610-4d5c-4f9a-8db6-e9582866e2a7]
[2026/07/17 06:24:05.750 +08:00] [INFO] [runtime.go:202] ["TimerGroupRuntime loop exit"] [groupID=ttl]
[2026/07/17 06:24:05.750 +08:00] [INFO] [notifier.go:227] ["etcd notify loop to watch timer events stopped"] [EtcdKey=/tidb/timer/cluster/1/notify/151d2ded-e997-4f51-8c7f-f0da79084e50]
[2026/07/17 06:24:05.750 +08:00] [INFO] [task_manager.go:225] ["shrink ttl worker"] [ttl-worker=job-manager] [ttl-worker=43a1a0a8-2c22-43d4-b7ab-7b5b3ada2b07] [ttl-worker=task-manager] [ttl-worker=43a1a0a8-2c22-43d4-b7ab-7b5b3ada2b07] [originalCount=4] [newCount=0]
[2026/07/17 06:24:05.750 +08:00] [INFO] [scan.go:379] ["ttlScanWorker loop exited."]
[2026/07/17 06:24:05.750 +08:00] [INFO] [scan.go:379] ["ttlScanWorker loop exited."]
[2026/07/17 06:24:05.750 +08:00] [INFO] [scan.go:379] ["ttlScanWorker loop exited."]
[2026/07/17 06:24:05.750 +08:00] [INFO] [scan.go:379] ["ttlScanWorker loop exited."]
[2026/07/17 06:24:05.750 +08:00] [INFO] [task_manager.go:225] ["shrink ttl worker"] [ttl-worker=job-manager] [ttl-worker=43a1a0a8-2c22-43d4-b7ab-7b5b3ada2b07] [ttl-worker=task-manager] [ttl-worker=43a1a0a8-2c22-43d4-b7ab-7b5b3ada2b07] [originalCount=4] [newCount=0]
[2026/07/17 06:24:05.750 +08:00] [INFO] [del.go:344] ["ttlDeleteWorker loop exited."]
[2026/07/17 06:24:05.750 +08:00] [INFO] [del.go:344] ["ttlDeleteWorker loop exited."]
[2026/07/17 06:24:05.750 +08:00] [INFO] [del.go:344] ["ttlDeleteWorker loop exited."]
[2026/07/17 06:24:05.750 +08:00] [INFO] [del.go:344] ["ttlDeleteWorker loop exited."]
[2026/07/17 06:24:05.750 +08:00] [INFO] [job_manager.go:183] ["ttlJobManager loop exited."] [ttl-worker=job-manager] [ttl-worker=43a1a0a8-2c22-43d4-b7ab-7b5b3ada2b07]
[2026/07/17 06:24:05.750 +08:00] [INFO] [job_manager.go:168] ["ttlJobManager loop exited."] [ttl-worker=job-manager] [ttl-worker=43a1a0a8-2c22-43d4-b7ab-7b5b3ada2b07]
[2026/07/17 06:24:05.750 +08:00] [INFO] [domain.go:495] ["ttlJobManager exited."]
[2026/07/17 06:24:05.750 +08:00] [INFO] [domain.go:2868] ["serverIDSession need restart"]
[2026/07/17 06:24:05.763 +08:00] [INFO] [domain.go:2733] ["releaseServerID succeed"] [serverID=1931] [leaseID=2463925761718816218]
[2026/07/17 06:24:05.763 +08:00] [INFO] [domain.go:2800] ["serverIDKeeper exited."]
[2026/07/17 06:24:05.763 +08:00] [INFO] [domain.go:1477] ["LoadSysVarCacheLoop exited."]
[2026/07/17 06:24:05.763 +08:00] [INFO] [wait_group_wrapper.go:150] ["background process exited"] [source=domain] [process=LoadSysVarCacheLoop]
[2026/07/17 06:24:05.763 +08:00] [INFO] [domain.go:2193] ["gcStatsWorker ready to release owner"]
[2026/07/17 06:24:05.763 +08:00] [INFO] [stats_syncload.go:255] ["SubLoadWorker: exits now because the domain is closed."] [category=stats]
[2026/07/17 06:24:05.763 +08:00] [INFO] [stats_syncload.go:255] ["SubLoadWorker: exits now because the domain is closed."] [category=stats]
[2026/07/17 06:24:05.763 +08:00] [INFO] [stats_syncload.go:245] ["SubLoadWorker: exited."] [category=stats]
[2026/07/17 06:24:05.763 +08:00] [INFO] [stats_syncload.go:245] ["SubLoadWorker: exited."] [category=stats]
[2026/07/17 06:24:05.763 +08:00] [INFO] [domain.go:1403] ["loadPrivilegeInLoop exited."]
[2026/07/17 06:24:05.763 +08:00] [INFO] [wait_group_wrapper.go:150] ["background process exited"] [source=domain] [process=loadPrivilegeInLoop]
[2026/07/17 06:24:05.763 +08:00] [INFO] [domain.go:1237] ["stopping dist task scheduler manager because the current node is not DDL owner anymore"] [id=43a1a0a8-2c22-43d4-b7ab-7b5b3ada2b07]
[2026/07/17 06:24:05.763 +08:00] [INFO] [syncer.go:422] ["topology sync loop exited."]
[2026/07/17 06:24:05.763 +08:00] [INFO] [wait_group_wrapper.go:150] ["background process exited"] [source=domain] [process=topologySyncerKeeper]
[2026/07/17 06:24:05.763 +08:00] [INFO] [syncer.go:288] ["server info sync loop exited."]
[2026/07/17 06:24:05.763 +08:00] [INFO] [manager.go:241] ["runaway watch sync loop exit"]
[2026/07/17 06:24:05.763 +08:00] [INFO] [wait_group_wrapper.go:150] ["background process exited"] [source=domain] [process=infoSyncerKeeper]
[2026/07/17 06:24:05.763 +08:00] [INFO] [wait_group_wrapper.go:150] ["background process exited"] [source=domain] [process=runawayWatchSyncLoop]
[2026/07/17 06:24:05.763 +08:00] [INFO] [domain.go:419] ["globalConfigSyncerKeeper exited."]
[2026/07/17 06:24:05.763 +08:00] [INFO] [wait_group_wrapper.go:150] ["background process exited"] [source=domain] [process=globalConfigSyncerKeeper]
[2026/07/17 06:24:05.763 +08:00] [INFO] [domain.go:1892] ["HistoricalStatsWorker exited."]
[2026/07/17 06:24:05.763 +08:00] [INFO] [stats_syncload.go:255] ["SubLoadWorker: exits now because the domain is closed."] [category=stats]
[2026/07/17 06:24:05.763 +08:00] [INFO] [wait_group_wrapper.go:150] ["background process exited"] [source=domain] [process=HistoricalStatsWorker]
[2026/07/17 06:24:05.763 +08:00] [INFO] [stats_syncload.go:245] ["SubLoadWorker: exited."] [category=stats]
[2026/07/17 06:24:05.763 +08:00] [INFO] [domain.go:2147] ["asyncLoadStats exited."]
[2026/07/17 06:24:05.763 +08:00] [INFO] [wait_group_wrapper.go:150] ["background process exited"] [source=domain] [process=asyncLoadHistogram]
[2026/07/17 06:24:05.763 +08:00] [INFO] [flusher.go:89] ["flushing remaining records before stop"] [name=runaway-record]
[2026/07/17 06:24:05.763 +08:00] [INFO] [manager.go:420] ["watch owner finished"] [key=/tidb/stats/owner] [id=43a1a0a8-2c22-43d4-b7ab-7b5b3ada2b07] []
[2026/07/17 06:24:05.763 +08:00] [INFO] [domain.go:2332] ["autoAnalyzeWorker exited."] [category=stats]
[2026/07/17 06:24:05.763 +08:00] [INFO] [stats_syncload.go:255] ["SubLoadWorker: exits now because the domain is closed."] [category=stats]
[2026/07/17 06:24:05.763 +08:00] [INFO] [domain.go:1807] ["PlanReplayerTaskCollectHandle exited."]
[2026/07/17 06:24:05.763 +08:00] [INFO] [wait_group_wrapper.go:150] ["background process exited"] [source=domain] [process=autoAnalyzeWorker]
[2026/07/17 06:24:05.763 +08:00] [INFO] [flusher.go:91] ["stopped flusher"] [name=runaway-record]
[2026/07/17 06:24:05.763 +08:00] [INFO] [wait_group_wrapper.go:150] ["background process exited"] [source=domain] [process=PlanReplayerTaskCollectHandle]
[2026/07/17 06:24:05.763 +08:00] [INFO] [flusher.go:89] ["flushing remaining records before stop"] [name=quarantine-record]
[2026/07/17 06:24:05.763 +08:00] [INFO] [flusher.go:91] ["stopped flusher"] [name=quarantine-record]
[2026/07/17 06:24:05.763 +08:00] [INFO] [flusher.go:89] ["flushing remaining records before stop"] [name=stale-quarantine-record]
[2026/07/17 06:24:05.763 +08:00] [INFO] [flusher.go:91] ["stopped flusher"] [name=stale-quarantine-record]
[2026/07/17 06:24:05.763 +08:00] [INFO] [manager.go:205] ["runaway record flush loop exit"]
[2026/07/17 06:24:05.763 +08:00] [INFO] [wait_group_wrapper.go:150] ["background process exited"] [source=domain] [process=runawayRecordFlushLoop]
[2026/07/17 06:24:05.763 +08:00] [INFO] [stats_syncload.go:245] ["SubLoadWorker: exited."] [category=stats]
[2026/07/17 06:24:05.763 +08:00] [INFO] [domain.go:2219] ["deltaUpdateTicker is going to exit, start to flush stats"]
[2026/07/17 06:24:05.763 +08:00] [INFO] [manager.go:420] ["watch owner finished"] [key=/tidb/br-stream/owner] [id=93de152e-ea6d-47ab-a007-72652c03b0ee] []
[2026/07/17 06:24:05.763 +08:00] [INFO] [manager.go:333] ["retire owner"] [key=/tidb/br-stream/owner] [id=93de152e-ea6d-47ab-a007-72652c03b0ee]
[2026/07/17 06:24:05.763 +08:00] [INFO] [domain.go:2989] ["readTableCostWorker exited."]
[2026/07/17 06:24:05.763 +08:00] [INFO] [manager.go:424] ["is not the owner"] [key=/tidb/br-stream/owner] [id=93de152e-ea6d-47ab-a007-72652c03b0ee]
[2026/07/17 06:24:05.763 +08:00] [INFO] [domain.go:2174] ["indexUsageWorker exited."]
[2026/07/17 06:24:05.763 +08:00] [INFO] [wait_group_wrapper.go:150] ["background process exited"] [source=domain] [process=indexUsageWorker]
[2026/07/17 06:24:05.763 +08:00] [INFO] [manager.go:385] ["break campaign loop, context is done"] [key=/tidb/br-stream/owner] [id=93de152e-ea6d-47ab-a007-72652c03b0ee]
[2026/07/17 06:24:05.763 +08:00] [INFO] [wait_group_wrapper.go:150] ["background process exited"] [source=domain] [process=readTableCostWorker]
[2026/07/17 06:24:05.763 +08:00] [INFO] [stats_syncload.go:255] ["SubLoadWorker: exits now because the domain is closed."] [category=stats]
[2026/07/17 06:24:05.763 +08:00] [INFO] [stats_syncload.go:245] ["SubLoadWorker: exited."] [category=stats]
[2026/07/17 06:24:05.763 +08:00] [INFO] [domain.go:1827] ["PlanReplayerTaskDumpHandle exited."]
[2026/07/17 06:24:05.763 +08:00] [INFO] [wait_group_wrapper.go:150] ["background process exited"] [source=domain] [process=PlanReplayerTaskDumpHandle]
[2026/07/17 06:24:05.763 +08:00] [INFO] [domain.go:2282] ["dumpColStatsUsageWorker exited."]
[2026/07/17 06:24:05.763 +08:00] [INFO] [wait_group_wrapper.go:150] ["background process exited"] [source=domain] [process=dumpColStatsUsageWorker]
[2026/07/17 06:24:05.763 +08:00] [INFO] [plan_replayer.go:411] ["planReplayerTaskDumpWorker exited."]
[2026/07/17 06:24:05.763 +08:00] [INFO] [domain.go:2914] ["planCacheMetricsAndVars exited."]
[2026/07/17 06:24:05.763 +08:00] [INFO] [wait_group_wrapper.go:150] ["background process exited"] [source=domain] [process=planCacheMetricsAndVars]
[2026/07/17 06:24:05.763 +08:00] [INFO] [domain.go:1861] ["dumpFileGcChecker exited."]
[2026/07/17 06:24:05.763 +08:00] [INFO] [wait_group_wrapper.go:150] ["background process exited"] [source=domain] [process=dumpFileGcChecker]
[2026/07/17 06:24:05.763 +08:00] [INFO] [domain.go:2396] ["analyzeJobsCleanupWorker exited."]
[2026/07/17 06:24:05.763 +08:00] [INFO] [wait_group_wrapper.go:150] ["background process exited"] [source=domain] [process=analyzeJobsCleanupWorker]
[2026/07/17 06:24:05.763 +08:00] [INFO] [scheduler_manager.go:495] ["collect loop exits"] [server-id=:4000]
[2026/07/17 06:24:05.763 +08:00] [INFO] [scheduler_manager.go:225] ["schedule task loop exits"] [server-id=:4000]
[2026/07/17 06:24:05.763 +08:00] [INFO] [domain.go:2945] ["planCacheEvictTrigger exited."]
[2026/07/17 06:24:05.763 +08:00] [INFO] [wait_group_wrapper.go:150] ["background process exited"] [source=domain] [process=planCacheEvictTrigger]
[2026/07/17 06:24:05.763 +08:00] [INFO] [scheduler_manager.go:337] ["subtask history table gc loop exits"] [server-id=:4000]
[2026/07/17 06:24:05.763 +08:00] [INFO] [scheduler_manager.go:413] ["cleanup loop exits"] [server-id=:4000]
[2026/07/17 06:24:05.763 +08:00] [INFO] [domain.go:1239] ["dist task scheduler manager stopped"] [id=43a1a0a8-2c22-43d4-b7ab-7b5b3ada2b07]
[2026/07/17 06:24:05.763 +08:00] [INFO] [domain.go:1222] ["stopping dist task executor manager"]
[2026/07/17 06:24:05.763 +08:00] [INFO] [manager.go:285] ["recoverMetaLoop done"] [server-id=:4000]
[2026/07/17 06:24:05.763 +08:00] [INFO] [stats_syncload.go:255] ["SubLoadWorker: exits now because the domain is closed."] [category=stats]
[2026/07/17 06:24:05.763 +08:00] [INFO] [stats_syncload.go:245] ["SubLoadWorker: exited."] [category=stats]
[2026/07/17 06:24:05.763 +08:00] [INFO] [wait_group_wrapper.go:150] ["background process exited"] [source=domain] [process=loadSigningCertLoop]
[2026/07/17 06:24:05.763 +08:00] [INFO] [manager.go:333] ["retire owner"] [key=/tidb/stats/owner] [id=43a1a0a8-2c22-43d4-b7ab-7b5b3ada2b07]
[2026/07/17 06:24:05.763 +08:00] [INFO] [manager.go:424] ["is not the owner"] [key=/tidb/stats/owner] [id=43a1a0a8-2c22-43d4-b7ab-7b5b3ada2b07]
[2026/07/17 06:24:05.763 +08:00] [INFO] [manager.go:385] ["break campaign loop, context is done"] [key=/tidb/stats/owner] [id=43a1a0a8-2c22-43d4-b7ab-7b5b3ada2b07]
[2026/07/17 06:24:05.763 +08:00] [INFO] [manager.go:157] ["handle tasks loop done"] [server-id=:4000]
[2026/07/17 06:24:05.763 +08:00] [INFO] [domain.go:1224] ["dist task executor manager stopped"]
[2026/07/17 06:24:05.763 +08:00] [INFO] [wait_group_wrapper.go:150] ["background process exited"] [source=domain] [process=distTaskFrameworkLoop]
[2026/07/17 06:24:05.763 +08:00] [INFO] [domain.go:2114] ["loadStatsWorker exited."]
[2026/07/17 06:24:05.763 +08:00] [INFO] [wait_group_wrapper.go:150] ["background process exited"] [source=domain] [process=loadStatsWorker]
[2026/07/17 06:24:05.763 +08:00] [INFO] [manager.go:420] ["watch owner finished"] [key=/tidb/bindinfo/owner] [id=43a1a0a8-2c22-43d4-b7ab-7b5b3ada2b07] []
[2026/07/17 06:24:05.763 +08:00] [INFO] [manager.go:333] ["retire owner"] [key=/tidb/bindinfo/owner] [id=43a1a0a8-2c22-43d4-b7ab-7b5b3ada2b07]
[2026/07/17 06:24:05.763 +08:00] [INFO] [manager.go:424] ["is not the owner"] [key=/tidb/bindinfo/owner] [id=43a1a0a8-2c22-43d4-b7ab-7b5b3ada2b07]
[2026/07/17 06:24:05.763 +08:00] [INFO] [manager.go:385] ["break campaign loop, context is done"] [key=/tidb/bindinfo/owner] [id=43a1a0a8-2c22-43d4-b7ab-7b5b3ada2b07]
[2026/07/17 06:24:05.777 +08:00] [INFO] [domain.go:2225] ["deltaUpdateTicker exit preprocessing finished"]
[2026/07/17 06:24:05.777 +08:00] [INFO] [wait_group_wrapper.go:150] ["background process exited"] [source=domain] [process=deltaUpdateTickerWorker]
[2026/07/17 06:24:05.780 +08:00] [INFO] [domain.go:2201] ["gcStatsWorker exit preprocessing finished"]
[2026/07/17 06:24:05.780 +08:00] [INFO] [domain.go:2246] ["gcStatsWorker exited."]
[2026/07/17 06:24:05.780 +08:00] [INFO] [wait_group_wrapper.go:150] ["background process exited"] [source=domain] [process=gcStatsWorker]
[2026/07/17 06:24:05.788 +08:00] [INFO] [domain.go:979] ["closestReplicaReadCheckLoop exited."]
[2026/07/17 06:24:05.788 +08:00] [INFO] [wait_group_wrapper.go:150] ["background process exited"] [source=domain] [process=closestReplicaReadCheckLoop]
[2026/07/17 06:24:05.788 +08:00] [INFO] [manager.go:431] ["etcd session close failed"] [key=/tidb/bindinfo/owner] [id=43a1a0a8-2c22-43d4-b7ab-7b5b3ada2b07] [error="context canceled"]
[2026/07/17 06:24:05.788 +08:00] [INFO] [domain.go:1616] ["globalBindHandleWorkerLoop exited."]
[2026/07/17 06:24:05.788 +08:00] [INFO] [domain.go:391] ["topNSlowQueryLoop exited."]
[2026/07/17 06:24:05.788 +08:00] [INFO] [wait_group_wrapper.go:150] ["background process exited"] [source=domain] [process=globalBindHandleWorkerLoop]
[2026/07/17 06:24:05.788 +08:00] [INFO] [wait_group_wrapper.go:150] ["background process exited"] [source=domain] [process=topNSlowQueryLoop]
[2026/07/17 06:24:05.788 +08:00] [INFO] [wait_group_wrapper.go:150] ["background process exited"] [source=domain] [process=mdlCheckLoop]
[2026/07/17 06:24:05.788 +08:00] [INFO] [syncer.go:304] ["info schema sync loop exited."]
[2026/07/17 06:24:05.788 +08:00] [INFO] [wait_group_wrapper.go:150] ["background process exited"] [source=domain] [process=loadSchemaInLoop]
[2026/07/17 06:24:05.788 +08:00] [WARN] [meta_storage_client.go:165] ["watch stream closed"] [error="rpc error: code = Canceled desc = context canceled"]
[2026/07/17 06:24:05.788 +08:00] [INFO] [owner_daemon.go:87] ["daemon loop exits"] [id=93de152e-ea6d-47ab-a007-72652c03b0ee] [daemon-id=LogBackup::Advancer]
[2026/07/17 06:24:05.788 +08:00] [INFO] [wait_group_wrapper.go:150] ["background process exited"] [source=domain] [process=logBackupAdvancer]
[2026/07/17 06:24:05.788 +08:00] [INFO] [advancer_cliext.go:194] ["Start collecting remaining events in the channel."] [category="log backup advancer"] [remained=0]
[2026/07/17 06:24:05.788 +08:00] [INFO] [advancer_cliext.go:199] ["Finish collecting remaining events in the channel."] [category="log backup advancer"]
[2026/07/17 06:24:05.788 +08:00] [WARN] [meta_storage_client.go:165] ["watch stream closed"] [error="rpc error: code = Canceled desc = context canceled"]
[2026/07/17 06:24:05.808 +08:00] [INFO] [domain.go:550] ["domain closed"] ["take time"=62.935458ms]
[2026/07/17 06:24:05.823 +08:00] [INFO] [client.go:356] ["[pd] http client closed"] [source=tikv-driver]
[2026/07/17 06:24:05.823 +08:00] [INFO] [watcher.go:73] ["[pd] exit the deadline watcher"] [source=tso]
[2026/07/17 06:24:05.823 +08:00] [INFO] [client.go:277] ["[tso] exit tso connection contexts updater"]
[2026/07/17 06:24:05.823 +08:00] [INFO] [inner_client.go:96] ["[pd] exit router client initializer"]
[2026/07/17 06:24:05.823 +08:00] [INFO] [service_discovery.go:562] ["[pd] exit member loop due to context canceled"]
[2026/07/17 06:24:05.823 +08:00] [INFO] [resource_manager_client.go:341] ["[resource manager] exit resource token dispatcher"]
[2026/07/17 06:24:05.823 +08:00] [INFO] [router_service_discovery.go:273] ["[router service] exit check member loop"]
[2026/07/17 06:24:05.823 +08:00] [INFO] [router_service_discovery.go:315] ["[router service] exit health check member loop"]
[2026/07/17 06:24:05.823 +08:00] [INFO] [router_service_discovery.go:287] ["[router service] closing router service discovery"]
[2026/07/17 06:24:05.823 +08:00] [INFO] [dispatcher.go:207] ["[tso] stop fetching the pending tso requests due to context canceled"]
[2026/07/17 06:24:05.823 +08:00] [INFO] [stream.go:366] ["tsoStream.recvLoop ended"] [stream=127.0.0.1:2379-1] [error="rpc error: code = Canceled desc = context canceled"] [errorVerbose="rpc error: code = Canceled desc = context canceled\ngithub.com/tikv/pd/client/clients/tso.(*tsoStream).recvLoop\n\t/Users/bba/.gvm/pkgsets/go1.25.1/global/pkg/mod/github.com/tikv/pd/client@v0.0.0-20260708075407-4e05b9d2c2d3/clients/tso/stream.go:434\nruntime.goexit\n\t/Users/bba/.gvm/pkgsets/go1.25.1/global/pkg/mod/golang.org/toolchain@v0.0.1-go1.25.10.darwin-arm64/src/runtime/asm_arm64.s:1268"]
[2026/07/17 06:24:05.823 +08:00] [INFO] [router_service_discovery.go:303] ["[router service] is closed"]
[2026/07/17 06:24:05.823 +08:00] [INFO] [dispatcher.go:149] ["[tso] exit tso dispatcher"]
[2026/07/17 06:24:05.823 +08:00] [INFO] [client.go:155] ["[tso] closing tso client"]
[2026/07/17 06:24:05.823 +08:00] [INFO] [client.go:160] ["[tso] close tso client"]
[2026/07/17 06:24:05.823 +08:00] [INFO] [client.go:162] ["[tso] tso client is closed"]
[2026/07/17 06:24:05.823 +08:00] [INFO] [service_discovery.go:653] ["[pd] close service discovery client"]
[2026/07/17 06:24:05.823 +08:00] [INFO] [inner_client.go:275] ["[pd] close client successfully"]
--- PASS: TestRecoverTableAfterDeleteRangeTaskLoaded (2.00s)
PASS
ok  	github.com/pingcap/tidb/tests/realtikvtest/flashbacktest	3.227s
