+------------------------------------------------+
| tidb_version                                   |
+------------------------------------------------+
| 8.0.11-TiDB-v9.0.0-beta.2.pre-1895-g5c9198e948 |
+------------------------------------------------+
+-----------------------------------+
| no_recover_nextval_after_two_rows |
+-----------------------------------+
|                                 3 |
+-----------------------------------+
+-----------------------+----+------------------------------+
| phase                 | id | note                         |
+-----------------------+----+------------------------------+
| no_recover_final_rows |  1 | before_1                     |
| no_recover_final_rows |  2 | before_2                     |
| no_recover_final_rows |  4 | normal_default_after_nextval |
+-----------------------+----+------------------------------+
+-----------------------+----+----------+
| phase                 | id | note     |
+-----------------------+----+----------+
| auto_before_drop_rows |  1 | before_1 |
| auto_before_drop_rows |  2 | before_2 |
+-----------------------+----+----------+
+---------------------------+-------+-------------------------------+
| phase                     | id    | note                          |
+---------------------------+-------+-------------------------------+
| auto_after_flashback_rows |     1 | before_1                      |
| auto_after_flashback_rows |     2 | before_2                      |
| auto_after_flashback_rows | 30001 | after_flashback_autoid_insert |
+---------------------------+-------+-------------------------------+
