+------------------------------------------------+
| tidb_version                                   |
+------------------------------------------------+
| 8.0.11-TiDB-v9.0.0-beta.2.pre-1895-g5c9198e948 |
+------------------------------------------------+
+------------------+----+----------+
| phase            | id | note     |
+------------------+----+----------+
| before_drop_rows |  1 | before_1 |
| before_drop_rows |  2 | before_2 |
+------------------+----+----------+
+---------------------+
| before_drop_nextval |
+---------------------+
|                   3 |
+---------------------+
+----------+---------------------------------------------------------------------------------------------------------------------------+
| Sequence | Create Sequence                                                                                                           |
+----------+---------------------------------------------------------------------------------------------------------------------------+
| seq      | CREATE SEQUENCE `seq` start with 1 minvalue 1 maxvalue 9223372036854775806 increment by 1 cache 100 nocycle ENGINE=InnoDB |
+----------+---------------------------------------------------------------------------------------------------------------------------+
+----------------------+----+----------+
| phase                | id | note     |
+----------------------+----+----------+
| after_flashback_rows |  1 | before_1 |
| after_flashback_rows |  2 | before_2 |
+----------------------+----+----------+
+-------------------------+
| after_flashback_nextval |
+-------------------------+
|                       1 |
+-------------------------+
ERROR 1062 (23000) at line 19: Duplicate entry '2' for key 't.PRIMARY'
+-------+------+-----------------------------------------+
| Level | Code | Message                                 |
+-------+------+-----------------------------------------+
| Error | 1062 | Duplicate entry '2' for key 't.PRIMARY' |
+-------+------+-----------------------------------------+
+------------+----+----------+
| phase      | id | note     |
+------------+----+----------+
| final_rows |  1 | before_1 |
| final_rows |  2 | before_2 |
+------------+----+----------+
