version
8.0.11-TiDB-v8.4.0-this-is-a-placeholder
case_name
CASE same_name_same_row_GREEN
orphan_rows
0
rows_after_invalid_insert
1
case_name
CASE same_name_empty_RED
orphan_rows
1
case_name
CASE same_name_incompatible_schema_RED
Table	Create Table
c	CREATE TABLE `c` (\n  `id` int NOT NULL,\n  `pid` int DEFAULT NULL,\n  PRIMARY KEY (`id`) /*T![clustered_index] CLUSTERED */,\n  KEY `pid` (`pid`),\n  CONSTRAINT `fk_pid` FOREIGN KEY (`pid`) REFERENCES `p` (`id`)\n) ENGINE=InnoDB DEFAULT CHARSET=utf8mb4 COLLATE=utf8mb4_bin
recovered_rows
1
case_name
CASE flashback_database_GREEN
orphan_rows
0
rows_after_invalid_insert
1
