Finding: id3540003 GC disable does not serialize with in-flight safe-point prepare
TiDB: 05b396fb6636f73b3bc06b09107cf43f2c725c35
Topology: one TiDB, one PD, one real TiKV
MDL: enabled

Source proof:
- PR #8282 introduced tidb_gc_enable and an explicit transaction to prevent OFF from returning
  before the current GC safe-point update.
- PR #14403 removed GCWorker.session and changed every sys-table helper to create a fresh session.
- Current prepare opens BEGIN on one session, while checkPrepare reads and writes through other
  auto-commit sessions. The outer transaction protects no relevant state.

RED:
- OFF before check: prepare=false and old version remains readable.
- Pause after prepare reads ON.
- SET GLOBAL tidb_gc_enable=OFF returns; SELECT @@global.tidb_gc_enable returns 0.
- Resume prepare: prepare=true and selected safe point is greater than historical v1 commit TS.
- Run production runGCJob, including the 100-second transaction-safe-point synchronization wait,
  resolve-lock/delete-range phases, and PD safe-point broadcast.
- Exact read at v1 commit TS fails after GC.
- Exact/latest read at v2 remains readable.
- Final tidb_gc_enable remains 0.
- Focused real-TiKV RED passed in 102.949 seconds.

Counterfactual 1:
- Route all config reads and writes through the outer session.
- Keep plain BEGIN.
- OFF still returns immediately; the 200ms serialization assertion fails.
- Conclusion: transaction identity alone does not close the proof.

Counterfactual 2:
- Keep all config operations on the outer session.
- Change only transaction mode to BEGIN PESSIMISTIC.
- OFF remains blocked for the full 200ms observation window.
- After release, prepare commits first; OFF then returns.
- Stored safe point equals the prepare result and final enable is 0.
- Focused GREEN passed in 0.59 seconds.

Dedup:
- No exact open or closed TiDB issue found for the disable/prepare linearization root.
- #14403 is the introducing refactor, not a bug report for this consequence.

Severity:
- Impact: critical recovery consequence because historical versions become unavailable and eligible
  for physical deletion after the user-visible disable terminal.
- Reachability: low timing probability; requires OFF to overlap one GC prepare after its enable
  read. PD and internal SQL latency widen the interval.
- Bug-library severity: high.

Direct consumer lift: FLASHBACK DATABASE
- Current master, one TiDB test process, one PD, one real TiKV, MDL ON.
- Preimage: dropped database with one table, 64 rows, sum(id)=2080, sum(u)=66080, and one unique
  index. Delete-range observations were scoped to the exact drop job ID.
- GC prepare read ON and paused. FLASHBACK DATABASE wrote OFF, passed the old safe-point check, and
  paused before removing the drop job's delete-range task.
- Production runGCJob kept its fixed 100-second synchronization wait.
- 2026-07-26 01:42:28 start delete ranges, ranges=5.
- 2026-07-26 01:42:28 finish delete ranges, num of ranges=5.
- FLASHBACK schema job then reached done/public and synced; SQL returned success.
- Fresh-session postimage: count=0, sum(id)=0, sum(u)=0.
- ADMIN CHECK TABLE passed because GC removed both record and index keyspaces.
- Focused real-TiKV RED passed in 100.87 seconds.

Direct consumer matched GREEN:
- Changed only the fence proof: BEGIN PESSIMISTIC and the enable SELECT FOR UPDATE used the outer
  prepare session.
- FLASHBACK remained blocked for the 500ms observation window while prepare owned the row lock.
- Prepare committed the new safe point first.
- FLASHBACK was cancelled with [variable:8055] snapshot is older than GC safe point.
- The database was not published and the drop job's delete-range task remained active.
- Focused GREEN passed in 1.16 seconds.

Method result:
- The direct consumer is the same gc-prepare-transaction-session-mode-split root, so id3540003 is
  not counted again.
- Add CONSUMER_LIFT: use a cheap frontier oracle to find the root, then join irreversible consumers
  until the strongest feasible user terminal proves severity.
