=== RUN   TestSchedulerPrepareEnabledJobTransitionsFromPreparingToFirstBusinessPhase
[2026/07/25 01:08:05.421 +08:00] [INFO] [store_cache.go:572] ["change store resolve state"] [store=1] [addr=store1] [from=unresolved] [to=resolved] [liveness-state=reachable]
[2026/07/25 01:08:05.422 +08:00] [INFO] [bootstrap.go:374] ["bootstrap tables"] [currVer=0] [targetVer=1]
[2026/07/25 01:08:05.424 +08:00] [INFO] [helper.go:189] ["set random timezone for getStmtTimestamp"] [timezone=Europe/Berlin]
[2026/07/25 01:08:05.425 +08:00] [INFO] [add_column.go:1339] ["Automatically convert BLOB(6291456) to MEDIUMBLOB"] [category=ddl]
[2026/07/25 01:08:05.426 +08:00] [INFO] [add_column.go:1339] ["Automatically convert BLOB(19372) to MEDIUMBLOB"] [category=ddl]
[2026/07/25 01:08:05.426 +08:00] [INFO] [add_column.go:1339] ["Automatically convert BLOB(524288) to MEDIUMBLOB"] [category=ddl]
[2026/07/25 01:08:05.428 +08:00] [INFO] [bootstrap.go:374] ["bootstrap tables"] [currVer=0] [targetVer=2]
[2026/07/25 01:08:05.429 +08:00] [INFO] [session.go:4205] ["init DDL tables"] [currVer=0] [targetVer=1]
[2026/07/25 01:08:05.429 +08:00] [INFO] [add_column.go:1339] ["Automatically convert BLOB(65535) to MEDIUMBLOB"] [category=ddl]
[2026/07/25 01:08:05.429 +08:00] [INFO] [add_column.go:1339] ["Automatically convert BLOB(65535) to MEDIUMBLOB"] [category=ddl]
[2026/07/25 01:08:05.429 +08:00] [INFO] [add_column.go:1339] ["Automatically convert BLOB(65535) to MEDIUMBLOB"] [category=ddl]
[2026/07/25 01:08:05.429 +08:00] [INFO] [add_column.go:1339] ["Automatically convert BLOB(65535) to MEDIUMBLOB"] [category=ddl]
[2026/07/25 01:08:05.429 +08:00] [INFO] [session.go:4205] ["init DDL tables"] [currVer=0] [targetVer=2]
[2026/07/25 01:08:05.429 +08:00] [INFO] [add_column.go:1339] ["Automatically convert BLOB(65535) to MEDIUMBLOB"] [category=ddl]
[2026/07/25 01:08:05.429 +08:00] [INFO] [session.go:4205] ["init DDL tables"] [currVer=0] [targetVer=3]
[2026/07/25 01:08:05.429 +08:00] [INFO] [session.go:4205] ["init DDL tables"] [currVer=0] [targetVer=4]
[2026/07/25 01:08:05.429 +08:00] [INFO] [tidb.go:103] ["new domain"] [store=28650929-5eab-46a0-8bcb-feb0d7f81f7b] ["ddl lease"=500ms] ["stats lease"=-1ns]
[2026/07/25 01:08:05.432 +08:00] [WARN] [global_controller.go:237] ["[resource group controller] server does not save config, load config failed"]
[2026/07/25 01:08:05.432 +08:00] [INFO] [global_controller.go:219] ["load resource controller config"] [config="{\"degraded-mode-wait-duration\":\"0s\",\"ltb-max-wait-duration\":\"30s\",\"ltb-token-rpc-max-delay\":\"1s\",\"request-unit\":{\"read-base-cost\":0.125,\"read-per-batch-base-cost\":0.5,\"read-cost-per-byte\":0.0000152587890625,\"write-base-cost\":1,\"write-per-batch-base-cost\":1,\"write-cost-per-byte\":0.0009765625,\"read-cpu-ms-cost\":0.3333333333333333},\"enable-controller-trace-log\":\"false\",\"token-rpc-params\":{\"wait-retry-interval\":\"50ms\",\"wait-retry-times\":20}}"] [ru-config="{\"ReadBaseCost\":0.125,\"ReadPerBatchBaseCost\":0.5,\"ReadBytesCost\":0.0000152587890625,\"WriteBaseCost\":1,\"WritePerBatchBaseCost\":1,\"WriteBytesCost\":0.0009765625,\"CPUMsCost\":0.3333333333333333,\"LTBMaxWaitDuration\":30000000000,\"WaitRetryInterval\":50000000,\"WaitRetryTimes\":20,\"DegradedModeWaitDuration\":0}"] [keyspace-id=16777214]
[2026/07/25 01:08:05.436 +08:00] [INFO] [loader.go:281] ["full load InfoSchema success"] [mode=auto] [isV2=true] [currentSchemaVersion=0] [neededSchemaVersion=0] ["elapsed time"=4.346584ms]
[2026/07/25 01:08:05.436 +08:00] [INFO] [syncer.go:456] ["full load and reset schema validator"]
[2026/07/25 01:08:05.436 +08:00] [INFO] [ddl.go:881] ["start DDL"] [category=ddl] [ID=35017116-b11c-4c18-8c28-76d73ca95b00] [runWorker=true] [jobVersion=v2] [startMode=bootstrap]
[2026/07/25 01:08:05.436 +08:00] [INFO] [ddl.go:856] ["start delRangeManager OK"] [category=ddl] ["is a emulator"=true]
[2026/07/25 01:08:05.437 +08:00] [INFO] [mock.go:88] ["owner manager gets owner"] [ownerKey=/tidb/ddl/fg/owner] [ID=35017116-b11c-4c18-8c28-76d73ca95b00]
[2026/07/25 01:08:05.437 +08:00] [INFO] [delete_range.go:172] ["start delRange emulator"] [category=ddl]
[2026/07/25 01:08:05.437 +08:00] [INFO] [env.go:123] ["the ingest sorted directory"] [category=ddl-ingest] ["data path"=/tmp/tidb/tmp_ddl-4000]
[2026/07/25 01:08:05.437 +08:00] [WARN] [env.go:61] ["initialize environment failed"] [category=ddl-ingest] ["storage limitation"="only support TiKV storage"] ["current storage"=unistore] ["lightning is initialized"=false]
[2026/07/25 01:08:05.437 +08:00] [INFO] [job_scheduler.go:363] ["get global state and global state change"] [category=ddl] [oldState=false] [currState=false]
[2026/07/25 01:08:05.437 +08:00] [INFO] [wait_group_wrapper.go:141] ["background process started"] [source=domain] [process=loadSchemaInLoop]
[2026/07/25 01:08:05.437 +08:00] [INFO] [wait_group_wrapper.go:141] ["background process started"] [source=domain] [process=mdlCheckLoop]
[2026/07/25 01:08:05.437 +08:00] [INFO] [wait_group_wrapper.go:141] ["background process started"] [source=domain] [process=topNSlowQueryLoop]
[2026/07/25 01:08:05.437 +08:00] [INFO] [wait_group_wrapper.go:141] ["background process started"] [source=domain] [process=infoSyncerKeeper]
[2026/07/25 01:08:05.437 +08:00] [INFO] [wait_group_wrapper.go:141] ["background process started"] [source=domain] [process=globalConfigSyncerKeeper]
[2026/07/25 01:08:05.437 +08:00] [INFO] [wait_group_wrapper.go:141] ["background process started"] [source=domain] [process=runawayRecordFlushLoop]
[2026/07/25 01:08:05.437 +08:00] [INFO] [wait_group_wrapper.go:141] ["background process started"] [source=domain] [process=runawayWatchSyncLoop]
[2026/07/25 01:08:05.437 +08:00] [INFO] [wait_group_wrapper.go:141] ["background process started"] [source=domain] [process=requestUnitsWriterLoop]
[2026/07/25 01:08:05.437 +08:00] [INFO] [wait_group_wrapper.go:141] ["background process started"] [source=domain] [process=topologySyncerKeeper]
[2026/07/25 01:08:05.437 +08:00] [INFO] [job_scheduler.go:375] ["the owner sets owner operator value"] [category=ddl] [ownerOp=none]
[2026/07/25 01:08:05.437 +08:00] [INFO] [wait_group_wrapper.go:141] ["background process started"] [source=domain] [process=closestReplicaReadCheckLoop]
[2026/07/25 01:08:05.437 +08:00] [WARN] [domain.go:943] ["pd / etcd client not provided, won't begin Advancer."]
[2026/07/25 01:08:05.437 +08:00] [INFO] [wait_group_wrapper.go:141] ["background process started"] [source=domain] [process=crossKSSessMgrGCLoop]
[2026/07/25 01:08:05.437 +08:00] [INFO] [wait_group_wrapper.go:150] ["background process exited"] [source=domain] [process=requestUnitsWriterLoop]
[2026/07/25 01:08:05.442 +08:00] [INFO] [executor.go:7606] ["system variable tidb_scatter_region not found, use default value"] [category=ddl]
[2026/07/25 01:08:05.442 +08:00] [WARN] [global_controller.go:850] ["[resource group controller] resource group name does not exist"] [name=default]
[2026/07/25 01:08:05.442 +08:00] [WARN] [global_controller.go:850] ["[resource group controller] resource group name does not exist"] [name=default]
[2026/07/25 01:08:05.443 +08:00] [WARN] [global_controller.go:850] ["[resource group controller] resource group name does not exist"] [name=default]
[2026/07/25 01:08:05.443 +08:00] [INFO] [job_submitter.go:118] ["add DDL jobs"] [category=ddl] ["batch count"=1] [jobs="ID:2, Type:create view, State:queueing, SchemaState:none, SchemaID:281474976710655, TableID:1, RowCount:0, ArgLen:1, start time: 2026-07-25 01:08:05.442 +0800 CST, Err:<nil>, ErrCount:0, SnapshotVersion:0, Version: v2; "] [fast_create=true]
[2026/07/25 01:08:05.443 +08:00] [INFO] [executor.go:7285] ["DDL job submitted"] [category=ddl] [job="ID:2, Type:create view, State:queueing, SchemaState:none, SchemaID:281474976710655, TableID:1, RowCount:0, ArgLen:1, start time: 2026-07-25 01:08:05.442 +0800 CST, Err:<nil>, ErrCount:0, SnapshotVersion:0, Version: v2"] [query="CREATE OR REPLACE SQL SECURITY INVOKER VIEW mysql.tidb_mdl_view as (\n\t\tSELECT tidb_mdl_info.job_id,\n\t\t\tJSON_UNQUOTE(JSON_EXTRACT(cast(cast(job_meta as char) as json), \"$.schema_name\")) as db_name,\n\t\t\tJSON_UNQUOTE(JSON_EXTRACT(cast(cast(job_meta as char) as json), \"$.table_name\")) as table_name,\n\t\t\tJSON_UNQUOTE(JSON_EXTRACT(cast(cast(job_meta as char) as json), \"$.query\")) as query,\n\t\t\tsession_id,\n\t\t\tcluster_tidb_trx.start_time,\n\t\t\ttidb_decode_sql_digests(all_sql_digests, 4096) AS SQL_DIGESTS\n\t\tFROM mysql.tidb_ddl_job,\n\t\t\tmysql.tidb_mdl_info,\n\t\t\tinformation_schema.cluster_tidb_trx\n\t\tWHERE tidb_ddl_job.job_id=tidb_mdl_info.job_id\n\t\t\tAND CONCAT(',', tidb_mdl_info.table_ids, ',') REGEXP CONCAT(',(', REPLACE(cluster_tidb_trx.related_table_ids, ',', '|'), '),') != 0\n\t);"]
[2026/07/25 01:08:05.443 +08:00] [WARN] [global_controller.go:850] ["[resource group controller] resource group name does not exist"] [name=default]
[2026/07/25 01:08:05.444 +08:00] [WARN] [global_controller.go:850] ["[resource group controller] resource group name does not exist"] [name=default]
[2026/07/25 01:08:05.444 +08:00] [INFO] [job_worker.go:854] ["run one job step"] [category=ddl] [jobID=2] [job="ID:2, Type:create view, State:queueing, SchemaState:none, SchemaID:281474976710655, TableID:1, RowCount:0, ArgLen:0, start time: 2026-07-25 01:08:05.442 +0800 CST, Err:<nil>, ErrCount:0, SnapshotVersion:0, Version: v2"]
[2026/07/25 01:08:05.444 +08:00] [WARN] [global_controller.go:850] ["[resource group controller] resource group name does not exist"] [name=default]
[2026/07/25 01:08:05.444 +08:00] [WARN] [global_controller.go:850] ["[resource group controller] resource group name does not exist"] [name=default]
[2026/07/25 01:08:05.445 +08:00] [WARN] [global_controller.go:850] ["[resource group controller] resource group name does not exist"] [name=default]
[2026/07/25 01:08:05.449 +08:00] [INFO] [loader.go:281] ["full load InfoSchema success"] [mode=auto] [isV2=true] [currentSchemaVersion=0] [neededSchemaVersion=1] ["elapsed time"=4.722958ms]
[2026/07/25 01:08:05.449 +08:00] [INFO] [syncer.go:456] ["full load and reset schema validator"]
[2026/07/25 01:08:05.450 +08:00] [INFO] [syncer.go:258] ["session manager is nil"]
[2026/07/25 01:08:05.450 +08:00] [INFO] [syncer.go:281] ["mdl gets lock, update self version to owner"] [jobID=2] [version=1]
[2026/07/25 01:08:05.451 +08:00] [INFO] [schema_version.go:397] ["wait schema version synced success"] [category=ddl] [ver=1] [checkAssumedSvr=false] ["take time"=6.22075ms] [job="ID:2, Type:create view, State:done, SchemaState:public, SchemaID:281474976710655, TableID:1, RowCount:0, ArgLen:1, start time: 2026-07-25 01:08:05.442 +0800 CST, Err:<nil>, ErrCount:0, SnapshotVersion:0, Version: v2"] [summary="server count: 1"]
[2026/07/25 01:08:05.451 +08:00] [WARN] [global_controller.go:850] ["[resource group controller] resource group name does not exist"] [name=default]
[2026/07/25 01:08:05.451 +08:00] [WARN] [global_controller.go:850] ["[resource group controller] resource group name does not exist"] [name=default]
[2026/07/25 01:08:05.451 +08:00] [WARN] [global_controller.go:850] ["[resource group controller] resource group name does not exist"] [name=default]
[2026/07/25 01:08:05.452 +08:00] [WARN] [global_controller.go:850] ["[resource group controller] resource group name does not exist"] [name=default]
[2026/07/25 01:08:05.452 +08:00] [WARN] [global_controller.go:850] ["[resource group controller] resource group name does not exist"] [name=default]
[2026/07/25 01:08:05.452 +08:00] [INFO] [job_worker.go:447] ["finish DDL job"] [category=ddl] [jobID=2] [job="ID:2, Type:create view, State:synced, SchemaState:public, SchemaID:281474976710655, TableID:1, RowCount:0, ArgLen:0, start time: 2026-07-25 01:08:05.442 +0800 CST, Err:<nil>, ErrCount:0, SnapshotVersion:0, Version: v2"]
[2026/07/25 01:08:05.452 +08:00] [WARN] [global_controller.go:850] ["[resource group controller] resource group name does not exist"] [name=default]
[2026/07/25 01:08:05.452 +08:00] [WARN] [global_controller.go:850] ["[resource group controller] resource group name does not exist"] [name=default]
[2026/07/25 01:08:05.453 +08:00] [WARN] [global_controller.go:850] ["[resource group controller] resource group name does not exist"] [name=default]
[2026/07/25 01:08:05.453 +08:00] [INFO] [executor.go:7423] ["DDL job is finished"] [category=ddl] [jobID=2]
[2026/07/25 01:08:05.453 +08:00] [WARN] [global_controller.go:850] ["[resource group controller] resource group name does not exist"] [name=default]
[2026/07/25 01:08:05.453 +08:00] [INFO] [executor.go:7606] ["system variable tidb_scatter_region not found, use default value"] [category=ddl]
[2026/07/25 01:08:05.453 +08:00] [WARN] [global_controller.go:850] ["[resource group controller] resource group name does not exist"] [name=default]
[2026/07/25 01:08:05.454 +08:00] [WARN] [global_controller.go:850] ["[resource group controller] resource group name does not exist"] [name=default]
[2026/07/25 01:08:05.454 +08:00] [INFO] [job_submitter.go:118] ["add DDL jobs"] [category=ddl] ["batch count"=1] [jobs="ID:4, Type:create view, State:queueing, SchemaState:none, SchemaID:281474976710595, TableID:3, RowCount:0, ArgLen:1, start time: 2026-07-25 01:08:05.453 +0800 CST, Err:<nil>, ErrCount:0, SnapshotVersion:0, Version: v2; "] [fast_create=true]
[2026/07/25 01:08:05.454 +08:00] [INFO] [executor.go:7285] ["DDL job submitted"] [category=ddl] [job="ID:4, Type:create view, State:queueing, SchemaState:none, SchemaID:281474976710595, TableID:3, RowCount:0, ArgLen:1, start time: 2026-07-25 01:08:05.453 +0800 CST, Err:<nil>, ErrCount:0, SnapshotVersion:0, Version: v2"] [query="CREATE OR REPLACE VIEW sys.schema_unused_indexes AS\n\t\tSELECT\n\t\t\ttable_schema as object_schema,\n\t\t\ttable_name as object_name,\n\t\t\tindex_name\n\t\tFROM information_schema.cluster_tidb_index_usage\n\t\tWHERE\n\t\t\ttable_schema not in ('sys', 'mysql', 'INFORMATION_SCHEMA', 'PERFORMANCE_SCHEMA') and\n\t\t\tindex_name != 'PRIMARY'\n\t\tGROUP BY table_schema, table_name, index_name\n\t\tHAVING\n\t\t\tsum(last_access_time) is null;"]
[2026/07/25 01:08:05.454 +08:00] [WARN] [global_controller.go:850] ["[resource group controller] resource group name does not exist"] [name=default]
[2026/07/25 01:08:05.454 +08:00] [WARN] [global_controller.go:850] ["[resource group controller] resource group name does not exist"] [name=default]
[2026/07/25 01:08:05.454 +08:00] [INFO] [job_worker.go:854] ["run one job step"] [category=ddl] [jobID=4] [job="ID:4, Type:create view, State:queueing, SchemaState:none, SchemaID:281474976710595, TableID:3, RowCount:0, ArgLen:0, start time: 2026-07-25 01:08:05.453 +0800 CST, Err:<nil>, ErrCount:0, SnapshotVersion:0, Version: v2"]
[2026/07/25 01:08:05.454 +08:00] [WARN] [global_controller.go:850] ["[resource group controller] resource group name does not exist"] [name=default]
[2026/07/25 01:08:05.454 +08:00] [WARN] [global_controller.go:850] ["[resource group controller] resource group name does not exist"] [name=default]
[2026/07/25 01:08:05.454 +08:00] [WARN] [global_controller.go:850] ["[resource group controller] resource group name does not exist"] [name=default]
[2026/07/25 01:08:05.455 +08:00] [INFO] [loader.go:216] ["diff load InfoSchema success"] [mode=auto] [isV2=true] [currVer=1] [neededVer=2] [gotVer=2] ["elapsed time"=73.625µs] [phyTblIDs="[3]"] [actionTypes="[21]"] [diffTypes="[\"create view\"]"]
[2026/07/25 01:08:05.455 +08:00] [INFO] [syncer.go:258] ["session manager is nil"]
[2026/07/25 01:08:05.455 +08:00] [INFO] [syncer.go:281] ["mdl gets lock, update self version to owner"] [jobID=4] [version=2]
[2026/07/25 01:08:05.457 +08:00] [INFO] [schema_version.go:397] ["wait schema version synced success"] [category=ddl] [ver=2] [checkAssumedSvr=false] ["take time"=2.211125ms] [job="ID:4, Type:create view, State:done, SchemaState:public, SchemaID:281474976710595, TableID:3, RowCount:0, ArgLen:1, start time: 2026-07-25 01:08:05.453 +0800 CST, Err:<nil>, ErrCount:0, SnapshotVersion:0, Version: v2"] [summary="server count: 1"]
[2026/07/25 01:08:05.457 +08:00] [WARN] [global_controller.go:850] ["[resource group controller] resource group name does not exist"] [name=default]
[2026/07/25 01:08:05.457 +08:00] [WARN] [global_controller.go:850] ["[resource group controller] resource group name does not exist"] [name=default]
[2026/07/25 01:08:05.457 +08:00] [WARN] [global_controller.go:850] ["[resource group controller] resource group name does not exist"] [name=default]
[2026/07/25 01:08:05.457 +08:00] [WARN] [global_controller.go:850] ["[resource group controller] resource group name does not exist"] [name=default]
[2026/07/25 01:08:05.457 +08:00] [WARN] [global_controller.go:850] ["[resource group controller] resource group name does not exist"] [name=default]
[2026/07/25 01:08:05.457 +08:00] [INFO] [job_worker.go:447] ["finish DDL job"] [category=ddl] [jobID=4] [job="ID:4, Type:create view, State:synced, SchemaState:public, SchemaID:281474976710595, TableID:3, RowCount:0, ArgLen:0, start time: 2026-07-25 01:08:05.453 +0800 CST, Err:<nil>, ErrCount:0, SnapshotVersion:0, Version: v2"]
[2026/07/25 01:08:05.457 +08:00] [WARN] [global_controller.go:850] ["[resource group controller] resource group name does not exist"] [name=default]
[2026/07/25 01:08:05.458 +08:00] [WARN] [global_controller.go:850] ["[resource group controller] resource group name does not exist"] [name=default]
[2026/07/25 01:08:05.458 +08:00] [WARN] [global_controller.go:850] ["[resource group controller] resource group name does not exist"] [name=default]
[2026/07/25 01:08:05.458 +08:00] [INFO] [executor.go:7423] ["DDL job is finished"] [category=ddl] [jobID=4]
[2026/07/25 01:08:05.458 +08:00] [WARN] [global_controller.go:850] ["[resource group controller] resource group name does not exist"] [name=default]
[2026/07/25 01:08:05.458 +08:00] [WARN] [global_controller.go:850] ["[resource group controller] resource group name does not exist"] [name=default]
[2026/07/25 01:08:05.458 +08:00] [WARN] [global_controller.go:850] ["[resource group controller] resource group name does not exist"] [name=default]
[2026/07/25 01:08:05.458 +08:00] [INFO] [job_submitter.go:118] ["add DDL jobs"] [category=ddl] ["batch count"=1] [jobs="ID:6, Type:create schema, State:queueing, SchemaState:none, SchemaID:5, TableID:0, RowCount:0, ArgLen:1, start time: 2026-07-25 01:08:05.458 +0800 CST, Err:<nil>, ErrCount:0, SnapshotVersion:0, Version: v2; "] [fast_create=true]
[2026/07/25 01:08:05.458 +08:00] [INFO] [executor.go:7285] ["DDL job submitted"] [category=ddl] [job="ID:6, Type:create schema, State:queueing, SchemaState:none, SchemaID:5, TableID:0, RowCount:0, ArgLen:1, start time: 2026-07-25 01:08:05.458 +0800 CST, Err:<nil>, ErrCount:0, SnapshotVersion:0, Version: v2"] [query="CREATE DATABASE IF NOT EXISTS test"]
[2026/07/25 01:08:05.459 +08:00] [WARN] [global_controller.go:850] ["[resource group controller] resource group name does not exist"] [name=default]
[2026/07/25 01:08:05.459 +08:00] [WARN] [global_controller.go:850] ["[resource group controller] resource group name does not exist"] [name=default]
[2026/07/25 01:08:05.459 +08:00] [INFO] [job_worker.go:854] ["run one job step"] [category=ddl] [jobID=6] [job="ID:6, Type:create schema, State:queueing, SchemaState:none, SchemaID:5, TableID:0, RowCount:0, ArgLen:0, start time: 2026-07-25 01:08:05.458 +0800 CST, Err:<nil>, ErrCount:0, SnapshotVersion:0, Version: v2"]
[2026/07/25 01:08:05.459 +08:00] [WARN] [global_controller.go:850] ["[resource group controller] resource group name does not exist"] [name=default]
[2026/07/25 01:08:05.459 +08:00] [WARN] [global_controller.go:850] ["[resource group controller] resource group name does not exist"] [name=default]
[2026/07/25 01:08:05.459 +08:00] [WARN] [global_controller.go:850] ["[resource group controller] resource group name does not exist"] [name=default]
[2026/07/25 01:08:05.459 +08:00] [INFO] [loader.go:216] ["diff load InfoSchema success"] [mode=auto] [isV2=true] [currVer=2] [neededVer=3] [gotVer=3] ["elapsed time"=17.458µs] [phyTblIDs="[]"] [actionTypes="[]"] [diffTypes="[\"create schema\"]"]
[2026/07/25 01:08:05.459 +08:00] [INFO] [syncer.go:258] ["session manager is nil"]
[2026/07/25 01:08:05.459 +08:00] [INFO] [syncer.go:281] ["mdl gets lock, update self version to owner"] [jobID=6] [version=3]
[2026/07/25 01:08:05.461 +08:00] [INFO] [schema_version.go:397] ["wait schema version synced success"] [category=ddl] [ver=3] [checkAssumedSvr=false] ["take time"=2.012958ms] [job="ID:6, Type:create schema, State:done, SchemaState:public, SchemaID:5, TableID:0, RowCount:0, ArgLen:1, start time: 2026-07-25 01:08:05.458 +0800 CST, Err:<nil>, ErrCount:0, SnapshotVersion:0, Version: v2"] [summary="server count: 1"]
[2026/07/25 01:08:05.462 +08:00] [WARN] [global_controller.go:850] ["[resource group controller] resource group name does not exist"] [name=default]
[2026/07/25 01:08:05.462 +08:00] [WARN] [global_controller.go:850] ["[resource group controller] resource group name does not exist"] [name=default]
[2026/07/25 01:08:05.462 +08:00] [WARN] [global_controller.go:850] ["[resource group controller] resource group name does not exist"] [name=default]
[2026/07/25 01:08:05.462 +08:00] [WARN] [global_controller.go:850] ["[resource group controller] resource group name does not exist"] [name=default]
[2026/07/25 01:08:05.462 +08:00] [WARN] [global_controller.go:850] ["[resource group controller] resource group name does not exist"] [name=default]
[2026/07/25 01:08:05.462 +08:00] [INFO] [job_worker.go:447] ["finish DDL job"] [category=ddl] [jobID=6] [job="ID:6, Type:create schema, State:synced, SchemaState:public, SchemaID:5, TableID:0, RowCount:0, ArgLen:0, start time: 2026-07-25 01:08:05.458 +0800 CST, Err:<nil>, ErrCount:0, SnapshotVersion:0, Version: v2"]
[2026/07/25 01:08:05.462 +08:00] [WARN] [global_controller.go:850] ["[resource group controller] resource group name does not exist"] [name=default]
[2026/07/25 01:08:05.462 +08:00] [WARN] [global_controller.go:850] ["[resource group controller] resource group name does not exist"] [name=default]
[2026/07/25 01:08:05.462 +08:00] [INFO] [executor.go:7423] ["DDL job is finished"] [category=ddl] [jobID=6]
[2026/07/25 01:08:05.462 +08:00] [INFO] [session.go:5229] ["CRUCIAL OPERATION"] [conn=0] [schemaVersion=3] [cur_db=mysql] [sql="CREATE DATABASE IF NOT EXISTS test"] [user=]
[2026/07/25 01:08:05.462 +08:00] [WARN] [global_controller.go:850] ["[resource group controller] resource group name does not exist"] [name=default]
[2026/07/25 01:08:05.462 +08:00] [WARN] [global_controller.go:850] ["[resource group controller] resource group name does not exist"] [name=default]
[2026/07/25 01:08:05.467 +08:00] [INFO] [bootstrap.go:90] ["bootstrap successful"] ["take time"=29.723792ms]
[2026/07/25 01:08:05.467 +08:00] [INFO] [job_scheduler.go:269] ["scheduleLoop quit due to context canceled"] [category=ddl]
[2026/07/25 01:08:05.467 +08:00] [INFO] [mock.go:100] ["owner manager retire owner"] [ownerKey=/tidb/ddl/fg/owner] [ID=35017116-b11c-4c18-8c28-76d73ca95b00]
[2026/07/25 01:08:05.467 +08:00] [INFO] [ddl_workerpool.go:78] ["closing workerPool"] [category=ddl]
[2026/07/25 01:08:05.467 +08:00] [INFO] [ddl_workerpool.go:78] ["closing workerPool"] [category=ddl]
[2026/07/25 01:08:05.467 +08:00] [INFO] [job_worker.go:267] ["DDL worker closed"] [category=ddl] [worker="worker 1, tp general"] ["take time"=1.459µs]
[2026/07/25 01:08:05.467 +08:00] [INFO] [job_worker.go:267] ["DDL worker closed"] [category=ddl] [worker="worker 2, tp general"] ["take time"=1.125µs]
[2026/07/25 01:08:05.467 +08:00] [INFO] [job_worker.go:267] ["DDL worker closed"] [category=ddl] [worker="worker 3, tp general"] ["take time"=1.166µs]
[2026/07/25 01:08:05.467 +08:00] [INFO] [ddl_workerpool.go:78] ["closing workerPool"] [category=ddl]
[2026/07/25 01:08:05.467 +08:00] [INFO] [mock.go:112] ["owner manager is canceled"] [ownerKey=/tidb/ddl/fg/owner] [ID=35017116-b11c-4c18-8c28-76d73ca95b00]
[2026/07/25 01:08:05.467 +08:00] [INFO] [delete_range.go:162] ["closing delRange"] [category=ddl]
[2026/07/25 01:08:05.467 +08:00] [INFO] [session_pool.go:133] ["closing session pool"] [category=ddl]
[2026/07/25 01:08:05.467 +08:00] [INFO] [ddl.go:1157] ["DDL closed"] [category=ddl] [ID=35017116-b11c-4c18-8c28-76d73ca95b00] ["take time"=138.875µs]
[2026/07/25 01:08:05.467 +08:00] [INFO] [ddl.go:848] ["stop DDL"] [category=ddl] [ID=35017116-b11c-4c18-8c28-76d73ca95b00]
[2026/07/25 01:08:05.467 +08:00] [INFO] [wait_group_wrapper.go:150] ["background process exited"] [source=domain] [process=mdlCheckLoop]
[2026/07/25 01:08:05.467 +08:00] [INFO] [flusher.go:89] ["flushing remaining records before stop"] [name=runaway-record]
[2026/07/25 01:08:05.467 +08:00] [INFO] [flusher.go:91] ["stopped flusher"] [name=runaway-record]
[2026/07/25 01:08:05.467 +08:00] [INFO] [flusher.go:89] ["flushing remaining records before stop"] [name=quarantine-record]
[2026/07/25 01:08:05.467 +08:00] [INFO] [flusher.go:91] ["stopped flusher"] [name=quarantine-record]
[2026/07/25 01:08:05.467 +08:00] [INFO] [syncer.go:304] ["info schema sync loop exited."]
[2026/07/25 01:08:05.467 +08:00] [INFO] [wait_group_wrapper.go:150] ["background process exited"] [source=domain] [process=loadSchemaInLoop]
[2026/07/25 01:08:05.467 +08:00] [INFO] [manager.go:241] ["runaway watch sync loop exit"]
[2026/07/25 01:08:05.467 +08:00] [INFO] [flusher.go:89] ["flushing remaining records before stop"] [name=stale-quarantine-record]
[2026/07/25 01:08:05.467 +08:00] [INFO] [wait_group_wrapper.go:150] ["background process exited"] [source=domain] [process=runawayWatchSyncLoop]
[2026/07/25 01:08:05.467 +08:00] [INFO] [syncer.go:288] ["server info sync loop exited."]
[2026/07/25 01:08:05.467 +08:00] [INFO] [syncer.go:422] ["topology sync loop exited."]
[2026/07/25 01:08:05.467 +08:00] [INFO] [wait_group_wrapper.go:150] ["background process exited"] [source=domain] [process=topologySyncerKeeper]
[2026/07/25 01:08:05.467 +08:00] [INFO] [flusher.go:91] ["stopped flusher"] [name=stale-quarantine-record]
[2026/07/25 01:08:05.467 +08:00] [INFO] [manager.go:205] ["runaway record flush loop exit"]
[2026/07/25 01:08:05.467 +08:00] [INFO] [wait_group_wrapper.go:150] ["background process exited"] [source=domain] [process=runawayRecordFlushLoop]
[2026/07/25 01:08:05.467 +08:00] [INFO] [wait_group_wrapper.go:150] ["background process exited"] [source=domain] [process=infoSyncerKeeper]
[2026/07/25 01:08:05.467 +08:00] [INFO] [domain.go:979] ["closestReplicaReadCheckLoop exited."]
[2026/07/25 01:08:05.467 +08:00] [INFO] [wait_group_wrapper.go:150] ["background process exited"] [source=domain] [process=closestReplicaReadCheckLoop]
[2026/07/25 01:08:05.467 +08:00] [INFO] [wait_group_wrapper.go:150] ["background process exited"] [source=domain] [process=crossKSSessMgrGCLoop]
[2026/07/25 01:08:05.467 +08:00] [INFO] [domain.go:391] ["topNSlowQueryLoop exited."]
[2026/07/25 01:08:05.467 +08:00] [INFO] [wait_group_wrapper.go:150] ["background process exited"] [source=domain] [process=topNSlowQueryLoop]
[2026/07/25 01:08:05.467 +08:00] [INFO] [domain.go:419] ["globalConfigSyncerKeeper exited."]
[2026/07/25 01:08:05.467 +08:00] [INFO] [wait_group_wrapper.go:150] ["background process exited"] [source=domain] [process=globalConfigSyncerKeeper]
[2026/07/25 01:08:05.467 +08:00] [INFO] [domain.go:550] ["domain closed"] ["take time"=293.167µs]
[2026/07/25 01:08:05.467 +08:00] [INFO] [session.go:4700] ["bootstrap cluster finished"] [bootMode=bootstrap] [cost=37.619167ms]
[2026/07/25 01:08:05.467 +08:00] [INFO] [tidb.go:103] ["new domain"] [store=28650929-5eab-46a0-8bcb-feb0d7f81f7b] ["ddl lease"=500ms] ["stats lease"=-1ns]
[2026/07/25 01:08:05.469 +08:00] [WARN] [global_controller.go:237] ["[resource group controller] server does not save config, load config failed"]
[2026/07/25 01:08:05.469 +08:00] [INFO] [global_controller.go:219] ["load resource controller config"] [config="{\"degraded-mode-wait-duration\":\"0s\",\"ltb-max-wait-duration\":\"30s\",\"ltb-token-rpc-max-delay\":\"1s\",\"request-unit\":{\"read-base-cost\":0.125,\"read-per-batch-base-cost\":0.5,\"read-cost-per-byte\":0.0000152587890625,\"write-base-cost\":1,\"write-per-batch-base-cost\":1,\"write-cost-per-byte\":0.0009765625,\"read-cpu-ms-cost\":0.3333333333333333},\"enable-controller-trace-log\":\"false\",\"token-rpc-params\":{\"wait-retry-interval\":\"50ms\",\"wait-retry-times\":20}}"] [ru-config="{\"ReadBaseCost\":0.125,\"ReadPerBatchBaseCost\":0.5,\"ReadBytesCost\":0.0000152587890625,\"WriteBaseCost\":1,\"WritePerBatchBaseCost\":1,\"WriteBytesCost\":0.0009765625,\"CPUMsCost\":0.3333333333333333,\"LTBMaxWaitDuration\":30000000000,\"WaitRetryInterval\":50000000,\"WaitRetryTimes\":20,\"DegradedModeWaitDuration\":0}"] [keyspace-id=16777214]
[2026/07/25 01:08:05.473 +08:00] [INFO] [loader.go:281] ["full load InfoSchema success"] [mode=auto] [isV2=true] [currentSchemaVersion=0] [neededSchemaVersion=3] ["elapsed time"=4.042792ms]
[2026/07/25 01:08:05.473 +08:00] [INFO] [syncer.go:456] ["full load and reset schema validator"]
[2026/07/25 01:08:05.473 +08:00] [INFO] [mock.go:112] ["owner manager is canceled"] [ownerKey=/tidb/ddl/fg/owner] [ID=c1d03983-fd3d-4fd0-9160-84a1e457effe]
[2026/07/25 01:08:05.473 +08:00] [INFO] [ddl.go:1157] ["DDL closed"] [category=ddl] [ID=c1d03983-fd3d-4fd0-9160-84a1e457effe] ["take time"=7.167µs]
[2026/07/25 01:08:05.473 +08:00] [INFO] [ddl.go:848] ["stop DDL"] [category=ddl] [ID=c1d03983-fd3d-4fd0-9160-84a1e457effe]
[2026/07/25 01:08:05.473 +08:00] [INFO] [domain.go:550] ["domain closed"] ["take time"=23.042µs]
[2026/07/25 01:08:05.473 +08:00] [INFO] [tidb.go:103] ["new domain"] [store=28650929-5eab-46a0-8bcb-feb0d7f81f7b] ["ddl lease"=500ms] ["stats lease"=-1ns]
[2026/07/25 01:08:05.474 +08:00] [WARN] [global_controller.go:237] ["[resource group controller] server does not save config, load config failed"]
[2026/07/25 01:08:05.474 +08:00] [INFO] [global_controller.go:219] ["load resource controller config"] [config="{\"degraded-mode-wait-duration\":\"0s\",\"ltb-max-wait-duration\":\"30s\",\"ltb-token-rpc-max-delay\":\"1s\",\"request-unit\":{\"read-base-cost\":0.125,\"read-per-batch-base-cost\":0.5,\"read-cost-per-byte\":0.0000152587890625,\"write-base-cost\":1,\"write-per-batch-base-cost\":1,\"write-cost-per-byte\":0.0009765625,\"read-cpu-ms-cost\":0.3333333333333333},\"enable-controller-trace-log\":\"false\",\"token-rpc-params\":{\"wait-retry-interval\":\"50ms\",\"wait-retry-times\":20}}"] [ru-config="{\"ReadBaseCost\":0.125,\"ReadPerBatchBaseCost\":0.5,\"ReadBytesCost\":0.0000152587890625,\"WriteBaseCost\":1,\"WritePerBatchBaseCost\":1,\"WriteBytesCost\":0.0009765625,\"CPUMsCost\":0.3333333333333333,\"LTBMaxWaitDuration\":30000000000,\"WaitRetryInterval\":50000000,\"WaitRetryTimes\":20,\"DegradedModeWaitDuration\":0}"] [keyspace-id=16777214]
[2026/07/25 01:08:05.478 +08:00] [INFO] [loader.go:281] ["full load InfoSchema success"] [mode=auto] [isV2=true] [currentSchemaVersion=0] [neededSchemaVersion=3] ["elapsed time"=3.918541ms]
[2026/07/25 01:08:05.478 +08:00] [INFO] [syncer.go:456] ["full load and reset schema validator"]
[2026/07/25 01:08:05.478 +08:00] [INFO] [ddl.go:881] ["start DDL"] [category=ddl] [ID=d3035e41-f607-4dfb-b013-409f4afdd275] [runWorker=true] [jobVersion=v2] [startMode=normal]
[2026/07/25 01:08:05.479 +08:00] [INFO] [ddl.go:856] ["start delRangeManager OK"] [category=ddl] ["is a emulator"=true]
[2026/07/25 01:08:05.479 +08:00] [INFO] [delete_range.go:172] ["start delRange emulator"] [category=ddl]
[2026/07/25 01:08:05.479 +08:00] [INFO] [env.go:123] ["the ingest sorted directory"] [category=ddl-ingest] ["data path"=/tmp/tidb/tmp_ddl-4000]
[2026/07/25 01:08:05.479 +08:00] [INFO] [mock.go:88] ["owner manager gets owner"] [ownerKey=/tidb/ddl/fg/owner] [ID=d3035e41-f607-4dfb-b013-409f4afdd275]
[2026/07/25 01:08:05.479 +08:00] [WARN] [env.go:61] ["initialize environment failed"] [category=ddl-ingest] ["storage limitation"="only support TiKV storage"] ["current storage"=unistore] ["lightning is initialized"=false]
[2026/07/25 01:08:05.479 +08:00] [INFO] [wait_group_wrapper.go:141] ["background process started"] [source=domain] [process=loadSchemaInLoop]
[2026/07/25 01:08:05.479 +08:00] [INFO] [wait_group_wrapper.go:141] ["background process started"] [source=domain] [process=mdlCheckLoop]
[2026/07/25 01:08:05.479 +08:00] [INFO] [wait_group_wrapper.go:141] ["background process started"] [source=domain] [process=topNSlowQueryLoop]
[2026/07/25 01:08:05.479 +08:00] [INFO] [wait_group_wrapper.go:141] ["background process started"] [source=domain] [process=infoSyncerKeeper]
[2026/07/25 01:08:05.479 +08:00] [INFO] [wait_group_wrapper.go:141] ["background process started"] [source=domain] [process=globalConfigSyncerKeeper]
[2026/07/25 01:08:05.479 +08:00] [INFO] [wait_group_wrapper.go:141] ["background process started"] [source=domain] [process=runawayRecordFlushLoop]
[2026/07/25 01:08:05.479 +08:00] [INFO] [wait_group_wrapper.go:141] ["background process started"] [source=domain] [process=runawayWatchSyncLoop]
[2026/07/25 01:08:05.479 +08:00] [INFO] [wait_group_wrapper.go:141] ["background process started"] [source=domain] [process=requestUnitsWriterLoop]
[2026/07/25 01:08:05.479 +08:00] [INFO] [job_scheduler.go:363] ["get global state and global state change"] [category=ddl] [oldState=false] [currState=false]
[2026/07/25 01:08:05.479 +08:00] [INFO] [job_scheduler.go:375] ["the owner sets owner operator value"] [category=ddl] [ownerOp=none]
[2026/07/25 01:08:05.479 +08:00] [INFO] [wait_group_wrapper.go:150] ["background process exited"] [source=domain] [process=requestUnitsWriterLoop]
[2026/07/25 01:08:05.479 +08:00] [INFO] [wait_group_wrapper.go:141] ["background process started"] [source=domain] [process=topologySyncerKeeper]
[2026/07/25 01:08:05.479 +08:00] [INFO] [wait_group_wrapper.go:141] ["background process started"] [source=domain] [process=closestReplicaReadCheckLoop]
[2026/07/25 01:08:05.479 +08:00] [WARN] [domain.go:943] ["pd / etcd client not provided, won't begin Advancer."]
[2026/07/25 01:08:05.479 +08:00] [INFO] [wait_group_wrapper.go:141] ["background process started"] [source=domain] [process=crossKSSessMgrGCLoop]
[2026/07/25 01:08:05.479 +08:00] [WARN] [sysvar_cache.go:53] ["sysvar cache is empty, triggering rebuild"]
[2026/07/25 01:08:05.479 +08:00] [WARN] [global_controller.go:850] ["[resource group controller] resource group name does not exist"] [name=default]
[2026/07/25 01:08:05.480 +08:00] [INFO] [sysvar.go:3400] ["set resource control"] [enable=true]
[2026/07/25 01:08:05.480 +08:00] [INFO] [global_controller.go:586] ["[resource group controller] create resource group cost controller"] [name=default]
[2026/07/25 01:08:05.480 +08:00] [INFO] [wait_group_wrapper.go:141] ["background process started"] [source=domain] [process=loadPrivilegeInLoop]
[2026/07/25 01:08:05.481 +08:00] [INFO] [wait_group_wrapper.go:141] ["background process started"] [source=domain] [process=LoadSysVarCacheLoop]
[2026/07/25 01:08:05.482 +08:00] [INFO] [binding_cache.go:75] ["load bindings"] [category=sql-bind] [fullLoad=true] [fromRemote=false] [cacheSizeChange=false] [hasNewBinding=false] [cacheCapacity=67108864] [cacheUsage=0] [cachedBindingNum=0] [duration=539.708µs] []
[2026/07/25 01:08:05.482 +08:00] [INFO] [wait_group_wrapper.go:141] ["background process started"] [source=domain] [process=globalBindHandleWorkerLoop]
[2026/07/25 01:08:05.482 +08:00] [INFO] [mock.go:88] ["owner manager gets owner"] [ownerKey=/tidb/bindinfo/owner] [ID=d3035e41-f607-4dfb-b013-409f4afdd275]
[2026/07/25 01:08:05.482 +08:00] [INFO] [wait_group_wrapper.go:141] ["background process started"] [source=domain] [process=dumpFileGcChecker]
[2026/07/25 01:08:05.482 +08:00] [INFO] [domain.go:1857] ["dumpFileGcChecker started"]
[2026/07/25 01:08:05.482 +08:00] [INFO] [wait_group_wrapper.go:141] ["background process started"] [source=domain] [process=indexUsageWorker]
[2026/07/25 01:08:05.482 +08:00] [INFO] [wait_group_wrapper.go:141] ["background process started"] [source=domain] [process=quitStatsOwner]
[2026/07/25 01:08:05.482 +08:00] [INFO] [mock.go:88] ["owner manager gets owner"] [ownerKey=/tidb/stats/owner] [ID=d3035e41-f607-4dfb-b013-409f4afdd275]
[2026/07/25 01:08:05.482 +08:00] [INFO] [domain.go:2058] ["start load stats sub workers"] [workerCount=6]
[2026/07/25 01:08:05.482 +08:00] [INFO] [wait_group_wrapper.go:141] ["background process started"] [source=domain] [process=planCacheEvictTrigger]
[2026/07/25 01:08:05.482 +08:00] [INFO] [wait_group_wrapper.go:141] ["background process started"] [source=domain] [process=planCacheMetricsAndVars]
[2026/07/25 01:08:05.482 +08:00] [INFO] [wait_group_wrapper.go:141] ["background process started"] [source=domain] [process=readTableCostWorker]
[2026/07/25 01:08:05.482 +08:00] [INFO] [wait_group_wrapper.go:141] ["background process started"] [source=domain] [process=loadSigningCertLoop]
[2026/07/25 01:08:05.482 +08:00] [WARN] [domain.go:1114] ["metering storage uri is empty, metering will be disabled"]
[2026/07/25 01:08:05.482 +08:00] [INFO] [domain.go:1204] ["initialize node resource"] [total-cpu=14] [total-mem=36GiB] [dxf-resource-limit=100] [dxf-usable-cpu=14] [dxf-usable-mem=36GiB] [total-disk=926.4GiB]
[2026/07/25 01:08:05.483 +08:00] [INFO] [wait_group_wrapper.go:141] ["background process started"] [source=domain] [process=distTaskFrameworkLoop]
[2026/07/25 01:08:05.483 +08:00] [INFO] [task_manager.go:248] ["scale ttl worker"] [ttl-worker=job-manager] [ttl-worker=d3035e41-f607-4dfb-b013-409f4afdd275] [ttl-worker=task-manager] [ttl-worker=d3035e41-f607-4dfb-b013-409f4afdd275] [originalCount=0] [newCount=4]
[2026/07/25 01:08:05.483 +08:00] [INFO] [task_manager.go:248] ["scale ttl worker"] [ttl-worker=job-manager] [ttl-worker=d3035e41-f607-4dfb-b013-409f4afdd275] [ttl-worker=task-manager] [ttl-worker=d3035e41-f607-4dfb-b013-409f4afdd275] [originalCount=0] [newCount=4]
[2026/07/25 01:08:05.483 +08:00] [INFO] [rate_limiter_param.go:98] ["meta kv not found in meta store, initialized to default and persisted"] [key=maxBatchSplitRanges] [value=2048]
[2026/07/25 01:08:05.483 +08:00] [INFO] [rate_limiter_param.go:98] ["meta kv not found in meta store, initialized to default and persisted"] [key=maxSplitRangesPerSec] [value=0]
[2026/07/25 01:08:05.483 +08:00] [INFO] [rate_limiter_param.go:98] ["meta kv not found in meta store, initialized to default and persisted"] [key=maxIngestInflight] [value=0]
[2026/07/25 01:08:05.483 +08:00] [INFO] [job_manager.go:519] ["TTL leader to collect delay metrics"] [ttl-worker=job-manager] [ttl-worker=d3035e41-f607-4dfb-b013-409f4afdd275]
[2026/07/25 01:08:05.483 +08:00] [INFO] [rate_limiter_param.go:98] ["meta kv not found in meta store, initialized to default and persisted"] [key=maxIngestPerSec] [value=0]
[2026/07/25 01:08:05.483 +08:00] [INFO] [manager.go:124] ["task executor manager start"] [server-id=:4000]
[2026/07/25 01:08:05.483 +08:00] [INFO] [domain.go:1220] ["dist task executor manager started"]
[2026/07/25 01:08:05.483 +08:00] [INFO] [session.go:5229] ["CRUCIAL OPERATION"] [conn=1] [schemaVersion=3] [cur_db=test] [sql="drop table if exists t"] [user=]
[2026/07/25 01:08:05.484 +08:00] [INFO] [job_submitter.go:118] ["add DDL jobs"] [category=ddl] ["batch count"=1] [jobs="ID:8, Type:create table, State:queueing, SchemaState:none, SchemaID:5, TableID:7, RowCount:0, ArgLen:1, start time: 2026-07-25 01:08:05.484 +0800 CST, Err:<nil>, ErrCount:0, SnapshotVersion:0, Version: v2; "] [fast_create=true]
[2026/07/25 01:08:05.484 +08:00] [INFO] [executor.go:7285] ["DDL job submitted"] [category=ddl] [job="ID:8, Type:create table, State:queueing, SchemaState:none, SchemaID:5, TableID:7, RowCount:0, ArgLen:1, start time: 2026-07-25 01:08:05.484 +0800 CST, Err:<nil>, ErrCount:0, SnapshotVersion:0, Version: v2"] [query="create table t (id int)"]
[2026/07/25 01:08:05.484 +08:00] [INFO] [job_manager.go:1096] ["TTL leader to DoGC"] [ttl-worker=job-manager] [ttl-worker=d3035e41-f607-4dfb-b013-409f4afdd275]
[2026/07/25 01:08:05.484 +08:00] [INFO] [job_worker.go:854] ["run one job step"] [category=ddl] [jobID=8] [conn=1] [job="ID:8, Type:create table, State:queueing, SchemaState:none, SchemaID:5, TableID:7, RowCount:0, ArgLen:0, start time: 2026-07-25 01:08:05.484 +0800 CST, Err:<nil>, ErrCount:0, SnapshotVersion:0, Version: v2"]
[2026/07/25 01:08:05.484 +08:00] [WARN] [ddl.go:700] ["fail to notify DDL event"] [category=ddl] [event="(Event Type: create table, Table ID: 7, Table Name: t)"]
[2026/07/25 01:08:05.485 +08:00] [INFO] [loader.go:216] ["diff load InfoSchema success"] [mode=auto] [isV2=true] [currVer=3] [neededVer=4] [gotVer=4] ["elapsed time"=31.333µs] [phyTblIDs="[7]"] [actionTypes="[3]"] [diffTypes="[\"create table\"]"]
[2026/07/25 01:08:05.485 +08:00] [INFO] [syncer.go:281] ["mdl gets lock, update self version to owner"] [jobID=8] [version=4]
[2026/07/25 01:08:05.487 +08:00] [INFO] [schema_version.go:397] ["wait schema version synced success"] [category=ddl] [ver=4] [checkAssumedSvr=false] ["take time"=2.027792ms] [job="ID:8, Type:create table, State:done, SchemaState:public, SchemaID:5, TableID:7, RowCount:0, ArgLen:1, start time: 2026-07-25 01:08:05.484 +0800 CST, Err:<nil>, ErrCount:0, SnapshotVersion:0, Version: v2"] [summary="server count: 1"]
[2026/07/25 01:08:05.487 +08:00] [INFO] [job_worker.go:447] ["finish DDL job"] [category=ddl] [jobID=8] [conn=1] [job="ID:8, Type:create table, State:synced, SchemaState:public, SchemaID:5, TableID:7, RowCount:0, ArgLen:0, start time: 2026-07-25 01:08:05.484 +0800 CST, Err:<nil>, ErrCount:0, SnapshotVersion:0, Version: v2"]
[2026/07/25 01:08:05.488 +08:00] [INFO] [executor.go:7423] ["DDL job is finished"] [category=ddl] [jobID=8]
[2026/07/25 01:08:05.488 +08:00] [INFO] [session.go:5229] ["CRUCIAL OPERATION"] [conn=1] [schemaVersion=4] [cur_db=test] [sql="create table t (id int)"] [user=]
[2026/07/25 01:08:05.488 +08:00] [INFO] [slots.go:220] ["initialize slot capacity"] [capacity=14]
=== RUN   TestSchedulerPrepareEnabledJobTransitionsFromPreparingToFirstBusinessPhase/rejects_renamed_target_table
[2026/07/25 01:08:05.490 +08:00] [INFO] [job_submitter.go:118] ["add DDL jobs"] [category=ddl] ["batch count"=1] [jobs="ID:10, Type:create table, State:queueing, SchemaState:none, SchemaID:5, TableID:9, RowCount:0, ArgLen:1, start time: 2026-07-25 01:08:05.49 +0800 CST, Err:<nil>, ErrCount:0, SnapshotVersion:0, Version: v2; "] [fast_create=true]
[2026/07/25 01:08:05.490 +08:00] [INFO] [executor.go:7285] ["DDL job submitted"] [category=ddl] [job="ID:10, Type:create table, State:queueing, SchemaState:none, SchemaID:5, TableID:9, RowCount:0, ArgLen:1, start time: 2026-07-25 01:08:05.49 +0800 CST, Err:<nil>, ErrCount:0, SnapshotVersion:0, Version: v2"] [query="create table replacement (id int)"]
[2026/07/25 01:08:05.490 +08:00] [INFO] [job_worker.go:854] ["run one job step"] [category=ddl] [jobID=10] [conn=1] [job="ID:10, Type:create table, State:queueing, SchemaState:none, SchemaID:5, TableID:9, RowCount:0, ArgLen:0, start time: 2026-07-25 01:08:05.49 +0800 CST, Err:<nil>, ErrCount:0, SnapshotVersion:0, Version: v2"]
[2026/07/25 01:08:05.490 +08:00] [WARN] [ddl.go:700] ["fail to notify DDL event"] [category=ddl] [event="(Event Type: create table, Table ID: 9, Table Name: replacement)"]
[2026/07/25 01:08:05.491 +08:00] [INFO] [loader.go:216] ["diff load InfoSchema success"] [mode=auto] [isV2=true] [currVer=4] [neededVer=5] [gotVer=5] ["elapsed time"=35.458µs] [phyTblIDs="[9]"] [actionTypes="[3]"] [diffTypes="[\"create table\"]"]
[2026/07/25 01:08:05.491 +08:00] [INFO] [syncer.go:281] ["mdl gets lock, update self version to owner"] [jobID=10] [version=5]
[2026/07/25 01:08:05.493 +08:00] [INFO] [schema_version.go:397] ["wait schema version synced success"] [category=ddl] [ver=5] [checkAssumedSvr=false] ["take time"=2.074042ms] [job="ID:10, Type:create table, State:done, SchemaState:public, SchemaID:5, TableID:9, RowCount:0, ArgLen:1, start time: 2026-07-25 01:08:05.49 +0800 CST, Err:<nil>, ErrCount:0, SnapshotVersion:0, Version: v2"] [summary="server count: 1"]
[2026/07/25 01:08:05.493 +08:00] [INFO] [job_worker.go:447] ["finish DDL job"] [category=ddl] [jobID=10] [conn=1] [job="ID:10, Type:create table, State:synced, SchemaState:public, SchemaID:5, TableID:9, RowCount:0, ArgLen:0, start time: 2026-07-25 01:08:05.49 +0800 CST, Err:<nil>, ErrCount:0, SnapshotVersion:0, Version: v2"]
[2026/07/25 01:08:05.494 +08:00] [INFO] [executor.go:7423] ["DDL job is finished"] [category=ddl] [jobID=10]
[2026/07/25 01:08:05.494 +08:00] [INFO] [session.go:5229] ["CRUCIAL OPERATION"] [conn=1] [schemaVersion=5] [cur_db=test] [sql="create table replacement (id int)"] [user=]
[2026/07/25 01:08:05.494 +08:00] [INFO] [job_submitter.go:118] ["add DDL jobs"] [category=ddl] ["batch count"=1] [jobs="ID:11, Type:rename tables, State:queueing, SchemaState:none, SchemaID:5, TableID:7, RowCount:0, ArgLen:1, start time: 2026-07-25 01:08:05.494 +0800 CST, Err:<nil>, ErrCount:0, SnapshotVersion:0, Version: v2; "] [fast_create=true]
[2026/07/25 01:08:05.494 +08:00] [INFO] [executor.go:7285] ["DDL job submitted"] [category=ddl] [job="ID:11, Type:rename tables, State:queueing, SchemaState:none, SchemaID:5, TableID:7, RowCount:0, ArgLen:1, start time: 2026-07-25 01:08:05.494 +0800 CST, Err:<nil>, ErrCount:0, SnapshotVersion:0, Version: v2"] [query="rename table t to displaced, replacement to t"]
[2026/07/25 01:08:05.494 +08:00] [INFO] [job_worker.go:854] ["run one job step"] [category=ddl] [jobID=11] [conn=1] [job="ID:11, Type:rename tables, State:queueing, SchemaState:none, SchemaID:5, TableID:7, RowCount:0, ArgLen:0, start time: 2026-07-25 01:08:05.494 +0800 CST, Err:<nil>, ErrCount:0, SnapshotVersion:0, Version: v2"]
[2026/07/25 01:08:05.495 +08:00] [INFO] [loader.go:216] ["diff load InfoSchema success"] [mode=auto] [isV2=true] [currVer=5] [neededVer=6] [gotVer=6] ["elapsed time"=62.416µs] [phyTblIDs="[7,9]"] [actionTypes="[47,47]"] [diffTypes="[\"rename tables\"]"]
[2026/07/25 01:08:05.495 +08:00] [INFO] [syncer.go:281] ["mdl gets lock, update self version to owner"] [jobID=11] [version=6]
[2026/07/25 01:08:05.497 +08:00] [INFO] [schema_version.go:397] ["wait schema version synced success"] [category=ddl] [ver=6] [checkAssumedSvr=false] ["take time"=2.056291ms] [job="ID:11, Type:rename tables, State:running, SchemaState:public, SchemaID:5, TableID:9, RowCount:0, ArgLen:1, start time: 2026-07-25 01:08:05.494 +0800 CST, Err:<nil>, ErrCount:0, SnapshotVersion:0, Version: v2"] [summary="server count: 1"]
[2026/07/25 01:08:05.498 +08:00] [INFO] [job_worker.go:854] ["run one job step"] [category=ddl] [jobID=11] [conn=1] [job="ID:11, Type:rename tables, State:running, SchemaState:public, SchemaID:5, TableID:9, RowCount:0, ArgLen:0, start time: 2026-07-25 01:08:05.494 +0800 CST, Err:<nil>, ErrCount:0, SnapshotVersion:0, Version: v2"]
[2026/07/25 01:08:05.498 +08:00] [INFO] [loader.go:216] ["diff load InfoSchema success"] [mode=auto] [isV2=true] [currVer=6] [neededVer=7] [gotVer=7] ["elapsed time"=58.792µs] [phyTblIDs="[7,9]"] [actionTypes="[47,47]"] [diffTypes="[\"rename tables\"]"]
[2026/07/25 01:08:05.498 +08:00] [INFO] [syncer.go:281] ["mdl gets lock, update self version to owner"] [jobID=11] [version=7]
[2026/07/25 01:08:05.500 +08:00] [INFO] [schema_version.go:397] ["wait schema version synced success"] [category=ddl] [ver=7] [checkAssumedSvr=false] ["take time"=2.173083ms] [job="ID:11, Type:rename tables, State:done, SchemaState:public, SchemaID:5, TableID:9, RowCount:0, ArgLen:1, start time: 2026-07-25 01:08:05.494 +0800 CST, Err:<nil>, ErrCount:0, SnapshotVersion:0, Version: v2"] [summary="server count: 1"]
[2026/07/25 01:08:05.501 +08:00] [INFO] [job_worker.go:447] ["finish DDL job"] [category=ddl] [jobID=11] [conn=1] [job="ID:11, Type:rename tables, State:synced, SchemaState:public, SchemaID:5, TableID:9, RowCount:0, ArgLen:0, start time: 2026-07-25 01:08:05.494 +0800 CST, Err:<nil>, ErrCount:0, SnapshotVersion:0, Version: v2"]
[2026/07/25 01:08:05.501 +08:00] [INFO] [executor.go:7423] ["DDL job is finished"] [category=ddl] [jobID=11]
[2026/07/25 01:08:05.501 +08:00] [INFO] [session.go:5229] ["CRUCIAL OPERATION"] [conn=1] [schemaVersion=7] [cur_db=test] [sql="rename table t to displaced, replacement to t"] [user=]
[2026/07/25 01:08:05.501 +08:00] [INFO] [scheduler.go:114] ["create base scheduler"] [task-id=1] [task-key=] [server-id=host:port] [task-type=ImportInto] [allocated-slots=false]
[2026/07/25 01:08:05.501 +08:00] [INFO] [scheduler.go:114] ["create base scheduler"] [task-id=1] [task-key=] [server-id=] [task-type=ImportInto] [allocated-slots=false]
[2026/07/25 01:08:05.506 +08:00] [INFO] [gcs.go:523] ["resetting gcs storage"]
[2026/07/25 01:08:05.507 +08:00] [INFO] [gcs.go:523] ["resetting gcs storage"]
[2026/07/25 01:08:05.507 +08:00] [INFO] [import.go:1695] ["detect and update import plan format based on file extension"] [task-id=1] [task-key=] [server-id=] [file=1.csv] ["detected format"=csv]
[2026/07/25 01:08:05.508 +08:00] [INFO] [import.go:1672] ["auto calculate resource related params"] [task-id=1] [task-key=] [server-id=] [db=test] [table=t] [tableID=7] [thread=1] [maxNode=1] [distsqlScanConcurrency=15] [targetNodeCPU=14] [totalFileSize=2B] [totalRealSize=2B] [fileCount=1] [numOfIndexGenKV=0] [indexSizeRatio=0] [amplifyFactor=1] [costTime=296.041µs]
[2026/07/25 01:08:05.508 +08:00] [INFO] [table_import.go:481] ["populate chunks start"] [task-id=1] [task-key=] [server-id=] [executeNodesCnt=1] [totalFileSize=2]
[2026/07/25 01:08:05.508 +08:00] [INFO] [table_import.go:493] ["adjust max engine size"] [task-id=1] [task-key=] [server-id=] [before=0] [after=1]
[2026/07/25 01:08:05.508 +08:00] [INFO] [region.go:326] [makeTableRegions] [task-id=1] [task-key=] [server-id=] [filesCount=1] [MaxChunkSize=268435456] [RegionsCount=1] [BatchSize=1] [cost=6.542µs]
[2026/07/25 01:08:05.508 +08:00] [INFO] [table_import.go:484] ["populate chunks completed"] [task-id=1] [task-key=] [server-id=] [executeNodesCnt=1] [totalFileSize=2] [subtaskCnt=2] [takeTime=49.333µs] []
[2026/07/25 01:08:05.508 +08:00] [INFO] [gcs.go:523] ["resetting gcs storage"]
    scheduler_testkit_test.go:474: 
        	Error Trace:	/Users/bba/pc/tidb-ai-critical-scan/pkg/dxf/importinto/scheduler_testkit_test.go:474
        	Error:      	An error is expected but got nil.
        	Test:       	TestSchedulerPrepareEnabledJobTransitionsFromPreparingToFirstBusinessPhase/rejects_renamed_target_table
[2026/07/25 01:08:05.510 +08:00] [INFO] [job_scheduler.go:269] ["scheduleLoop quit due to context canceled"] [category=ddl]
[2026/07/25 01:08:05.510 +08:00] [INFO] [mock.go:100] ["owner manager retire owner"] [ownerKey=/tidb/ddl/fg/owner] [ID=d3035e41-f607-4dfb-b013-409f4afdd275]
[2026/07/25 01:08:05.510 +08:00] [INFO] [ddl_workerpool.go:78] ["closing workerPool"] [category=ddl]
[2026/07/25 01:08:05.510 +08:00] [INFO] [ddl_workerpool.go:78] ["closing workerPool"] [category=ddl]
[2026/07/25 01:08:05.510 +08:00] [INFO] [job_worker.go:267] ["DDL worker closed"] [category=ddl] [worker="worker 4, tp general"] ["take time"=4.208µs]
[2026/07/25 01:08:05.510 +08:00] [INFO] [job_worker.go:267] ["DDL worker closed"] [category=ddl] [worker="worker 5, tp general"] ["take time"=1.625µs]
[2026/07/25 01:08:05.510 +08:00] [INFO] [job_worker.go:267] ["DDL worker closed"] [category=ddl] [worker="worker 6, tp general"] ["take time"=1.208µs]
[2026/07/25 01:08:05.510 +08:00] [INFO] [ddl_workerpool.go:78] ["closing workerPool"] [category=ddl]
[2026/07/25 01:08:05.510 +08:00] [INFO] [mock.go:112] ["owner manager is canceled"] [ownerKey=/tidb/ddl/fg/owner] [ID=d3035e41-f607-4dfb-b013-409f4afdd275]
[2026/07/25 01:08:05.510 +08:00] [INFO] [delete_range.go:162] ["closing delRange"] [category=ddl]
[2026/07/25 01:08:05.510 +08:00] [INFO] [session_pool.go:133] ["closing session pool"] [category=ddl]
[2026/07/25 01:08:05.510 +08:00] [INFO] [ddl.go:1157] ["DDL closed"] [category=ddl] [ID=d3035e41-f607-4dfb-b013-409f4afdd275] ["take time"=122.583µs]
[2026/07/25 01:08:05.510 +08:00] [INFO] [ddl.go:848] ["stop DDL"] [category=ddl] [ID=d3035e41-f607-4dfb-b013-409f4afdd275]
[2026/07/25 01:08:05.510 +08:00] [INFO] [domain.go:484] ["stopping ttlJobManager"]
[2026/07/25 01:08:05.510 +08:00] [INFO] [task_manager.go:225] ["shrink ttl worker"] [ttl-worker=job-manager] [ttl-worker=d3035e41-f607-4dfb-b013-409f4afdd275] [ttl-worker=task-manager] [ttl-worker=d3035e41-f607-4dfb-b013-409f4afdd275] [originalCount=4] [newCount=0]
[2026/07/25 01:08:05.510 +08:00] [INFO] [scan.go:379] ["ttlScanWorker loop exited."]
[2026/07/25 01:08:05.510 +08:00] [INFO] [scan.go:379] ["ttlScanWorker loop exited."]
[2026/07/25 01:08:05.510 +08:00] [INFO] [scan.go:379] ["ttlScanWorker loop exited."]
[2026/07/25 01:08:05.510 +08:00] [INFO] [scan.go:379] ["ttlScanWorker loop exited."]
[2026/07/25 01:08:05.510 +08:00] [INFO] [task_manager.go:225] ["shrink ttl worker"] [ttl-worker=job-manager] [ttl-worker=d3035e41-f607-4dfb-b013-409f4afdd275] [ttl-worker=task-manager] [ttl-worker=d3035e41-f607-4dfb-b013-409f4afdd275] [originalCount=4] [newCount=0]
[2026/07/25 01:08:05.510 +08:00] [INFO] [del.go:344] ["ttlDeleteWorker loop exited."]
[2026/07/25 01:08:05.510 +08:00] [INFO] [del.go:344] ["ttlDeleteWorker loop exited."]
[2026/07/25 01:08:05.510 +08:00] [INFO] [del.go:344] ["ttlDeleteWorker loop exited."]
[2026/07/25 01:08:05.510 +08:00] [INFO] [del.go:344] ["ttlDeleteWorker loop exited."]
[2026/07/25 01:08:05.510 +08:00] [INFO] [job_manager.go:183] ["ttlJobManager loop exited."] [ttl-worker=job-manager] [ttl-worker=d3035e41-f607-4dfb-b013-409f4afdd275]
[2026/07/25 01:08:05.510 +08:00] [INFO] [job_manager.go:168] ["ttlJobManager loop exited."] [ttl-worker=job-manager] [ttl-worker=d3035e41-f607-4dfb-b013-409f4afdd275]
[2026/07/25 01:08:05.510 +08:00] [INFO] [domain.go:495] ["ttlJobManager exited."]
[2026/07/25 01:08:05.510 +08:00] [INFO] [manager.go:285] ["recoverMetaLoop done"] [server-id=:4000]
[2026/07/25 01:08:05.510 +08:00] [INFO] [wait_group_wrapper.go:150] ["background process exited"] [source=domain] [process=loadSigningCertLoop]
[2026/07/25 01:08:05.510 +08:00] [INFO] [domain.go:1222] ["stopping dist task executor manager"]
[2026/07/25 01:08:05.510 +08:00] [INFO] [domain.go:2989] ["readTableCostWorker exited."]
[2026/07/25 01:08:05.510 +08:00] [INFO] [wait_group_wrapper.go:150] ["background process exited"] [source=domain] [process=readTableCostWorker]
[2026/07/25 01:08:05.510 +08:00] [INFO] [syncer.go:422] ["topology sync loop exited."]
[2026/07/25 01:08:05.510 +08:00] [INFO] [wait_group_wrapper.go:150] ["background process exited"] [source=domain] [process=topologySyncerKeeper]
[2026/07/25 01:08:05.510 +08:00] [INFO] [wait_group_wrapper.go:150] ["background process exited"] [source=domain] [process=mdlCheckLoop]
[2026/07/25 01:08:05.510 +08:00] [INFO] [syncer.go:304] ["info schema sync loop exited."]
[2026/07/25 01:08:05.510 +08:00] [INFO] [wait_group_wrapper.go:150] ["background process exited"] [source=domain] [process=crossKSSessMgrGCLoop]
[2026/07/25 01:08:05.510 +08:00] [INFO] [wait_group_wrapper.go:150] ["background process exited"] [source=domain] [process=loadSchemaInLoop]
[2026/07/25 01:08:05.510 +08:00] [INFO] [domain.go:979] ["closestReplicaReadCheckLoop exited."]
[2026/07/25 01:08:05.510 +08:00] [INFO] [flusher.go:89] ["flushing remaining records before stop"] [name=runaway-record]
[2026/07/25 01:08:05.510 +08:00] [INFO] [domain.go:1477] ["LoadSysVarCacheLoop exited."]
[2026/07/25 01:08:05.510 +08:00] [INFO] [manager.go:241] ["runaway watch sync loop exit"]
[2026/07/25 01:08:05.510 +08:00] [INFO] [domain.go:1861] ["dumpFileGcChecker exited."]
[2026/07/25 01:08:05.510 +08:00] [INFO] [stats_syncload.go:255] ["SubLoadWorker: exits now because the domain is closed."] [category=stats]
[2026/07/25 01:08:05.510 +08:00] [INFO] [wait_group_wrapper.go:150] ["background process exited"] [source=domain] [process=dumpFileGcChecker]
[2026/07/25 01:08:05.510 +08:00] [INFO] [manager.go:157] ["handle tasks loop done"] [server-id=:4000]
[2026/07/25 01:08:05.510 +08:00] [INFO] [domain.go:2914] ["planCacheMetricsAndVars exited."]
[2026/07/25 01:08:05.510 +08:00] [INFO] [wait_group_wrapper.go:150] ["background process exited"] [source=domain] [process=planCacheMetricsAndVars]
[2026/07/25 01:08:05.510 +08:00] [INFO] [domain.go:1224] ["dist task executor manager stopped"]
[2026/07/25 01:08:05.510 +08:00] [INFO] [wait_group_wrapper.go:150] ["background process exited"] [source=domain] [process=distTaskFrameworkLoop]
[2026/07/25 01:08:05.510 +08:00] [INFO] [stats_syncload.go:255] ["SubLoadWorker: exits now because the domain is closed."] [category=stats]
[2026/07/25 01:08:05.510 +08:00] [INFO] [domain.go:2174] ["indexUsageWorker exited."]
[2026/07/25 01:08:05.510 +08:00] [INFO] [stats_syncload.go:245] ["SubLoadWorker: exited."] [category=stats]
[2026/07/25 01:08:05.510 +08:00] [INFO] [wait_group_wrapper.go:150] ["background process exited"] [source=domain] [process=indexUsageWorker]
[2026/07/25 01:08:05.510 +08:00] [INFO] [domain.go:419] ["globalConfigSyncerKeeper exited."]
[2026/07/25 01:08:05.510 +08:00] [INFO] [domain.go:2945] ["planCacheEvictTrigger exited."]
[2026/07/25 01:08:05.510 +08:00] [INFO] [wait_group_wrapper.go:150] ["background process exited"] [source=domain] [process=globalConfigSyncerKeeper]
[2026/07/25 01:08:05.510 +08:00] [INFO] [wait_group_wrapper.go:150] ["background process exited"] [source=domain] [process=planCacheEvictTrigger]
[2026/07/25 01:08:05.510 +08:00] [INFO] [wait_group_wrapper.go:150] ["background process exited"] [source=domain] [process=LoadSysVarCacheLoop]
[2026/07/25 01:08:05.510 +08:00] [INFO] [domain.go:1403] ["loadPrivilegeInLoop exited."]
[2026/07/25 01:08:05.510 +08:00] [INFO] [stats_syncload.go:255] ["SubLoadWorker: exits now because the domain is closed."] [category=stats]
[2026/07/25 01:08:05.510 +08:00] [INFO] [stats_syncload.go:245] ["SubLoadWorker: exited."] [category=stats]
[2026/07/25 01:08:05.510 +08:00] [INFO] [wait_group_wrapper.go:150] ["background process exited"] [source=domain] [process=runawayWatchSyncLoop]
[2026/07/25 01:08:05.510 +08:00] [INFO] [wait_group_wrapper.go:150] ["background process exited"] [source=domain] [process=loadPrivilegeInLoop]
[2026/07/25 01:08:05.510 +08:00] [INFO] [syncer.go:288] ["server info sync loop exited."]
[2026/07/25 01:08:05.510 +08:00] [INFO] [mock.go:100] ["owner manager retire owner"] [ownerKey=/tidb/stats/owner] [ID=d3035e41-f607-4dfb-b013-409f4afdd275]
[2026/07/25 01:08:05.510 +08:00] [INFO] [flusher.go:91] ["stopped flusher"] [name=runaway-record]
[2026/07/25 01:08:05.510 +08:00] [INFO] [mock.go:112] ["owner manager is canceled"] [ownerKey=/tidb/stats/owner] [ID=d3035e41-f607-4dfb-b013-409f4afdd275]
[2026/07/25 01:08:05.510 +08:00] [INFO] [wait_group_wrapper.go:150] ["background process exited"] [source=domain] [process=quitStatsOwner]
[2026/07/25 01:08:05.510 +08:00] [INFO] [flusher.go:89] ["flushing remaining records before stop"] [name=quarantine-record]
[2026/07/25 01:08:05.510 +08:00] [INFO] [flusher.go:91] ["stopped flusher"] [name=quarantine-record]
[2026/07/25 01:08:05.510 +08:00] [INFO] [flusher.go:89] ["flushing remaining records before stop"] [name=stale-quarantine-record]
[2026/07/25 01:08:05.510 +08:00] [INFO] [flusher.go:91] ["stopped flusher"] [name=stale-quarantine-record]
[2026/07/25 01:08:05.510 +08:00] [INFO] [manager.go:205] ["runaway record flush loop exit"]
[2026/07/25 01:08:05.510 +08:00] [INFO] [stats_syncload.go:245] ["SubLoadWorker: exited."] [category=stats]
[2026/07/25 01:08:05.510 +08:00] [INFO] [stats_syncload.go:255] ["SubLoadWorker: exits now because the domain is closed."] [category=stats]
[2026/07/25 01:08:05.510 +08:00] [INFO] [stats_syncload.go:255] ["SubLoadWorker: exits now because the domain is closed."] [category=stats]
[2026/07/25 01:08:05.510 +08:00] [INFO] [stats_syncload.go:245] ["SubLoadWorker: exited."] [category=stats]
[2026/07/25 01:08:05.510 +08:00] [INFO] [mock.go:100] ["owner manager retire owner"] [ownerKey=/tidb/bindinfo/owner] [ID=d3035e41-f607-4dfb-b013-409f4afdd275]
[2026/07/25 01:08:05.510 +08:00] [INFO] [stats_syncload.go:245] ["SubLoadWorker: exited."] [category=stats]
[2026/07/25 01:08:05.510 +08:00] [INFO] [wait_group_wrapper.go:150] ["background process exited"] [source=domain] [process=closestReplicaReadCheckLoop]
[2026/07/25 01:08:05.510 +08:00] [INFO] [stats_syncload.go:255] ["SubLoadWorker: exits now because the domain is closed."] [category=stats]
[2026/07/25 01:08:05.510 +08:00] [INFO] [stats_syncload.go:245] ["SubLoadWorker: exited."] [category=stats]
[2026/07/25 01:08:05.510 +08:00] [INFO] [wait_group_wrapper.go:150] ["background process exited"] [source=domain] [process=runawayRecordFlushLoop]
[2026/07/25 01:08:05.510 +08:00] [INFO] [domain.go:391] ["topNSlowQueryLoop exited."]
[2026/07/25 01:08:05.510 +08:00] [INFO] [wait_group_wrapper.go:150] ["background process exited"] [source=domain] [process=topNSlowQueryLoop]
[2026/07/25 01:08:05.510 +08:00] [INFO] [wait_group_wrapper.go:150] ["background process exited"] [source=domain] [process=infoSyncerKeeper]
[2026/07/25 01:08:05.510 +08:00] [INFO] [mock.go:112] ["owner manager is canceled"] [ownerKey=/tidb/bindinfo/owner] [ID=d3035e41-f607-4dfb-b013-409f4afdd275]
[2026/07/25 01:08:05.510 +08:00] [INFO] [domain.go:1616] ["globalBindHandleWorkerLoop exited."]
[2026/07/25 01:08:05.510 +08:00] [INFO] [wait_group_wrapper.go:150] ["background process exited"] [source=domain] [process=globalBindHandleWorkerLoop]
[2026/07/25 01:08:05.510 +08:00] [INFO] [domain.go:550] ["domain closed"] ["take time"=756.833µs]
[2026/07/25 01:08:05.515 +08:00] [INFO] [db.go:567] ["Closing database"]
[2026/07/25 01:08:05.515 +08:00] [INFO] [db.go:592] ["Memtable flushed"]
[2026/07/25 01:08:05.515 +08:00] [INFO] [db.go:596] ["Compaction finished"]
[2026/07/25 01:08:05.515 +08:00] [INFO] [db.go:615] ["BlobManager finished"]
[2026/07/25 01:08:05.516 +08:00] [INFO] [db.go:619] ["ResourceManager finished"]
[2026/07/25 01:08:05.516 +08:00] [INFO] [db.go:625] ["Waiting for closer"]
--- FAIL: TestSchedulerPrepareEnabledJobTransitionsFromPreparingToFirstBusinessPhase (0.13s)
    --- FAIL: TestSchedulerPrepareEnabledJobTransitionsFromPreparingToFirstBusinessPhase/rejects_renamed_target_table (0.02s)
FAIL
FAIL	github.com/pingcap/tidb/pkg/dxf/importinto	1.548s
FAIL
