== bridge-proximal live matrix extension ==
2026-07-11 01:08:43 +0800
dsn=mysql -h127.0.0.1 -P14000 -uroot

-- clear failpoints --
github.com/pingcap/tidb/pkg/ddl/mockDDLIngestClassifierErr=
github.com/pingcap/tidb/pkg/server/enableTestAPI=return(true)

-- add index bridge RED (t8, notleader) --
100000
ERROR 1105 (HY000) at line 1: mock ddl ingest classifier not leader
add_index_bridge_notleader_red_rc=1
1584	ai_live_fp	t8	add index	none	1542	1582	0	2026-07-10 17:08:44.460000	2026-07-10 17:08:44.559000	2026-07-10 17:08:44.859000	rollback done	ingest, thread=1, batch_size=32, max_node_count=3
1583	ai_live_fp	t8	create table	public	1542	1582	0	2026-07-10 17:08:43.610000	2026-07-10 17:08:43.610000	2026-07-10 17:08:43.610000	synced	

-- add primary key bridge RED (tpk5, regionnotfound) --
100000
ERROR 1105 (HY000) at line 1: mock ddl ingest classifier region not found
add_pk_bridge_regionnotfound_red_rc=1
1587	ai_live_fp	tpk5	add primary key	none	1542	1585	0	2026-07-10 17:08:46.259000	2026-07-10 17:08:46.309000	2026-07-10 17:08:46.510000	rollback done	ingest, thread=1, batch_size=32, max_node_count=3
1586	ai_live_fp	tpk5	create table	public	1542	1585	0	2026-07-10 17:08:45.259000	2026-07-10 17:08:45.359000	2026-07-10 17:08:45.359000	synced	

-- fp log tail --
[2026/07/10 17:08:43.628 +00:00] [INFO] [executor.go:7262] ["DDL job submitted"] [category=ddl] [job="ID:1583, Type:create table, State:queueing, SchemaState:none, SchemaID:1542, TableID:1582, RowCount:0, ArgLen:1, start time: 2026-07-10 17:08:43.61 +0000 UTC, Err:<nil>, ErrCount:0, SnapshotVersion:0, Version: v2"] [query="create table t8(a int primary key, b int)"]
[2026/07/10 17:08:43.630 +00:00] [INFO] [job_worker.go:854] ["run one job step"] [category=ddl] [jobID=1583] [conn=3785359430] [job="ID:1583, Type:create table, State:queueing, SchemaState:none, SchemaID:1542, TableID:1582, RowCount:0, ArgLen:0, start time: 2026-07-10 17:08:43.61 +0000 UTC, Err:<nil>, ErrCount:0, SnapshotVersion:0, Version: v2"]
[2026/07/10 17:08:43.637 +00:00] [INFO] [loader.go:216] ["diff load InfoSchema success"] [mode=auto] [isV2=true] [currVer=2585] [neededVer=2586] [gotVer=2586] ["elapsed time"=571.381µs] [phyTblIDs="[1582]"] [actionTypes="[3]"] [diffTypes="[\"create table\"]"]
[2026/07/10 17:08:43.638 +00:00] [INFO] [syncer.go:281] ["mdl gets lock, update self version to owner"] [jobID=1583] [version=2586]
[2026/07/10 17:08:43.638 +00:00] [INFO] [schema_version.go:397] ["wait schema version synced success"] [category=ddl] [ver=2586] [checkAssumedSvr=false] ["take time"=3.352164ms] [job="ID:1583, Type:create table, State:done, SchemaState:public, SchemaID:1542, TableID:1582, RowCount:0, ArgLen:1, start time: 2026-07-10 17:08:43.61 +0000 UTC, Err:<nil>, ErrCount:0, SnapshotVersion:0, Version: v2"] [summary="server count: 1"]
[2026/07/10 17:08:43.642 +00:00] [INFO] [job_worker.go:447] ["finish DDL job"] [category=ddl] [jobID=1583] [conn=3785359430] [job="ID:1583, Type:create table, State:synced, SchemaState:public, SchemaID:1542, TableID:1582, RowCount:0, ArgLen:0, start time: 2026-07-10 17:08:43.61 +0000 UTC, Err:<nil>, ErrCount:0, SnapshotVersion:0, Version: v2"]
[2026/07/10 17:08:43.646 +00:00] [INFO] [executor.go:7382] ["DDL job is finished"] [category=ddl] [jobID=1583]
[2026/07/10 17:08:43.647 +00:00] [INFO] [session.go:5104] ["CRUCIAL OPERATION"] [conn=3785359430] [schemaVersion=2586] [cur_db=ai_live_fp] [sql="create table t8(a int primary key, b int)"] [user=root@%]
[2026/07/10 17:08:43.647 +00:00] [INFO] [split_region.go:86] ["split batch regions request"] ["split key count"=1] ["batch count"=1] ["first batch, region ID"=23593] ["first split key"=74800000000000062E]
[2026/07/10 17:08:43.648 +00:00] [INFO] [split_region.go:192] ["batch split regions complete"] ["batch region ID"=23593] ["first at"=74800000000000062E] ["first new region left"="{Id:72293 StartKey:7480000000000006FF2B00000000000000F8 EndKey:7480000000000006FF2E00000000000000F8 RegionEpoch:{ConfVer:5 Version:2169} Peers:[id:72294 store_id:1  id:72295 store_id:4  id:72296 store_id:5 ] EncryptionMeta:<nil> IsInFlashback:false FlashbackStartTs:0}"] ["new region count"=1]
[2026/07/10 17:08:43.648 +00:00] [INFO] [split_region.go:241] ["split regions complete"] ["region count"=1] ["region IDs"="[72293]"]
[2026/07/10 17:08:43.991 +00:00] [INFO] [2pc.go:730] ["[BIG_TXN]"] [session=3785359430] ["key sample"=74800000000000062E5F728000000000000001] [size=3134339] [keys=100000] [puts=100000] [dels=0] [locks=0] [sharedLocks=0] [checks=0] [txnStartTS=467587124077264897]
[2026/07/10 17:08:43.993 +00:00] [INFO] [2pc.go:908] ["2PC detect large amount of mutations on a single region"] [region=23593] ["mutations count"=100000] [startTS=467587124077264897]
[2026/07/10 17:08:44.204 +00:00] [INFO] [2pc.go:908] ["2PC detect large amount of mutations on a single region"] [region=23593] ["mutations count"=100000] [startTS=467587124077264897]
[2026/07/10 17:08:44.469 +00:00] [INFO] [reorg_util.go:166] ["initialize reorg meta"] [category=ddl] [jobID=0] [jobSchema=ai_live_fp] [jobTable=t8] [jobType="add index"] [enableDistTask=false] [enableFastReorg=true] [targetScope=] [maxNodeCount=3] [tableSizeInBytes=0B] [concurrency=1] [batchSize=32] []
[2026/07/10 17:08:44.579 +00:00] [INFO] [job_submitter.go:119] ["add DDL jobs"] [category=ddl] ["batch count"=1] [jobs="ID:1584, Type:add index, State:queueing, SchemaState:none, SchemaID:1542, TableID:1582, RowCount:0, ArgLen:1, start time: 2026-07-10 17:08:44.46 +0000 UTC, Err:<nil>, ErrCount:0, SnapshotVersion:0, Version: v2, UniqueWarnings:0; "] [fast_create=true]
[2026/07/10 17:08:44.579 +00:00] [INFO] [executor.go:7262] ["DDL job submitted"] [category=ddl] [job="ID:1584, Type:add index, State:queueing, SchemaState:none, SchemaID:1542, TableID:1582, RowCount:0, ArgLen:1, start time: 2026-07-10 17:08:44.46 +0000 UTC, Err:<nil>, ErrCount:0, SnapshotVersion:0, Version: v2, UniqueWarnings:0"] [query="alter table t8 add index idx_b(b)"]
[2026/07/10 17:08:44.582 +00:00] [INFO] [job_worker.go:854] ["run one job step"] [category=ddl] [jobID=1584] [conn=3785359432] [job="ID:1584, Type:add index, State:queueing, SchemaState:none, SchemaID:1542, TableID:1582, RowCount:0, ArgLen:0, start time: 2026-07-10 17:08:44.46 +0000 UTC, Err:<nil>, ErrCount:0, SnapshotVersion:0, Version: v2, UniqueWarnings:0"]
[2026/07/10 17:08:44.583 +00:00] [INFO] [index.go:874] ["[ddl] run add index job"] [category=ddl] [job="ID:1584, Type:add index, State:running, SchemaState:none, SchemaID:1542, TableID:1582, RowCount:0, ArgLen:1, start time: 2026-07-10 17:08:44.46 +0000 UTC, Err:<nil>, ErrCount:0, SnapshotVersion:0, Version: v2, UniqueWarnings:0"] [indexInfo="{\"id\":1,\"idx_name\":{\"O\":\"idx_b\",\"L\":\"idx_b\"},\"tbl_name\":{\"O\":\"\",\"L\":\"\"},\"idx_cols\":[{\"name\":{\"O\":\"b\",\"L\":\"b\"},\"offset\":1,\"length\":-1}],\"state\":0,\"backfill_state\":0,\"comment\":\"\",\"index_type\":1,\"is_unique\":false,\"is_primary\":false,\"is_invisible\":false,\"is_global\":false,\"mv_index\":false,\"vector_index\":null,\"inverted_index\":null,\"full_text_index\":null,\"condition_expr_string\":\"\"}"]
[2026/07/10 17:08:44.590 +00:00] [INFO] [loader.go:216] ["diff load InfoSchema success"] [mode=auto] [isV2=true] [currVer=2586] [neededVer=2587] [gotVer=2587] ["elapsed time"=659.851µs] [phyTblIDs="[1582]"] [actionTypes="[7]"] [diffTypes="[\"add index\"]"]
[2026/07/10 17:08:44.591 +00:00] [INFO] [syncer.go:281] ["mdl gets lock, update self version to owner"] [jobID=1584] [version=2587]
[2026/07/10 17:08:44.591 +00:00] [INFO] [lock_resolver.go:1617] ["txn lock cleanup resolve-lock rpc finished"] [action=commit] [txnStartTS=467587124077264897] [commitTS=467587124208336898] [regionID=23593] [resolveLite=false] [resolvedByCheckTxnStatus=false]
[2026/07/10 17:08:44.592 +00:00] [INFO] [schema_version.go:397] ["wait schema version synced success"] [category=ddl] [ver=2587] [checkAssumedSvr=false] ["take time"=3.975161ms] [job="ID:1584, Type:add index, State:running, SchemaState:delete only, SchemaID:1542, TableID:1582, RowCount:0, ArgLen:1, start time: 2026-07-10 17:08:44.46 +0000 UTC, Err:<nil>, ErrCount:0, SnapshotVersion:0, Version: v2, UniqueWarnings:0"] [summary="server count: 1"]
[2026/07/10 17:08:44.596 +00:00] [INFO] [job_worker.go:854] ["run one job step"] [category=ddl] [jobID=1584] [conn=3785359432] [job="ID:1584, Type:add index, State:running, SchemaState:delete only, SchemaID:1542, TableID:1582, RowCount:0, ArgLen:0, start time: 2026-07-10 17:08:44.46 +0000 UTC, Err:<nil>, ErrCount:0, SnapshotVersion:0, Version: v2, UniqueWarnings:0"]
[2026/07/10 17:08:44.603 +00:00] [INFO] [loader.go:216] ["diff load InfoSchema success"] [mode=auto] [isV2=true] [currVer=2587] [neededVer=2588] [gotVer=2588] ["elapsed time"=730.503µs] [phyTblIDs="[1582]"] [actionTypes="[7]"] [diffTypes="[\"add index\"]"]
[2026/07/10 17:08:44.604 +00:00] [INFO] [syncer.go:281] ["mdl gets lock, update self version to owner"] [jobID=1584] [version=2588]
[2026/07/10 17:08:44.605 +00:00] [INFO] [schema_version.go:397] ["wait schema version synced success"] [category=ddl] [ver=2588] [checkAssumedSvr=false] ["take time"=3.750099ms] [job="ID:1584, Type:add index, State:running, SchemaState:write only, SchemaID:1542, TableID:1582, RowCount:0, ArgLen:1, start time: 2026-07-10 17:08:44.46 +0000 UTC, Err:<nil>, ErrCount:0, SnapshotVersion:0, Version: v2, UniqueWarnings:0"] [summary="server count: 1"]
[2026/07/10 17:08:44.609 +00:00] [INFO] [job_worker.go:854] ["run one job step"] [category=ddl] [jobID=1584] [conn=3785359432] [job="ID:1584, Type:add index, State:running, SchemaState:write only, SchemaID:1542, TableID:1582, RowCount:0, ArgLen:0, start time: 2026-07-10 17:08:44.46 +0000 UTC, Err:<nil>, ErrCount:0, SnapshotVersion:0, Version: v2, UniqueWarnings:0"]
[2026/07/10 17:08:44.616 +00:00] [INFO] [loader.go:216] ["diff load InfoSchema success"] [mode=auto] [isV2=true] [currVer=2588] [neededVer=2589] [gotVer=2589] ["elapsed time"=616.729µs] [phyTblIDs="[1582]"] [actionTypes="[7]"] [diffTypes="[\"add index\"]"]
[2026/07/10 17:08:44.617 +00:00] [INFO] [syncer.go:281] ["mdl gets lock, update self version to owner"] [jobID=1584] [version=2589]
[2026/07/10 17:08:44.618 +00:00] [INFO] [schema_version.go:397] ["wait schema version synced success"] [category=ddl] [ver=2589] [checkAssumedSvr=false] ["take time"=3.395976ms] [job="ID:1584, Type:add index, State:running, SchemaState:write reorganization, SchemaID:1542, TableID:1582, RowCount:0, ArgLen:1, start time: 2026-07-10 17:08:44.46 +0000 UTC, Err:<nil>, ErrCount:0, SnapshotVersion:0, Version: v2, UniqueWarnings:0"] [summary="server count: 1"]
[2026/07/10 17:08:44.621 +00:00] [INFO] [job_worker.go:854] ["run one job step"] [category=ddl] [jobID=1584] [conn=3785359432] [job="ID:1584, Type:add index, State:running, SchemaState:write reorganization, SchemaID:1542, TableID:1582, RowCount:0, ArgLen:0, start time: 2026-07-10 17:08:44.46 +0000 UTC, Err:<nil>, ErrCount:0, SnapshotVersion:0, Version: v2, UniqueWarnings:0"]
[2026/07/10 17:08:44.637 +00:00] [INFO] [index.go:1872] ["index backfill state running"] [category=ddl] ["job ID"=1584] [table=t8] ["ingest mode"=true] [index=idx_b]
[2026/07/10 17:08:44.679 +00:00] [INFO] [reorg.go:968] ["job get table range"] [category=ddl] [jobID=1584] [physicalTableID=1582] [startKey=74800000000000062e5f728000000000000001] [endKey=74800000000000062e5f7280000000000186a000]
[2026/07/10 17:08:44.682 +00:00] [WARN] [terror.go:242] ["Unknown error class"] [class=Ingest]
[2026/07/10 17:08:44.682 +00:00] [WARN] [index.go:1969] ["run reorg job failed, convert job to rollback"] [category=ddl] [job="ID:1584, Type:add index, State:running, SchemaState:write reorganization, SchemaID:1542, TableID:1582, RowCount:0, ArgLen:1, start time: 2026-07-10 17:08:44.46 +0000 UTC, Err:<nil>, ErrCount:0, SnapshotVersion:467587124326301706, Version: v2, UniqueWarnings:0"] [error="[Ingest:NotLeader]mock ddl ingest classifier not leader"]
[2026/07/10 17:08:44.865 +00:00] [WARN] [job_worker.go:787] ["run DDL job error"] [category=ddl] [jobID=1584] [conn=3785359432] [error="[Ingest:NotLeader]mock ddl ingest classifier not leader"]
[2026/07/10 17:08:44.868 +00:00] [WARN] [terror.go:242] ["Unknown error class"] [class=Ingest]
[2026/07/10 17:08:44.870 +00:00] [INFO] [loader.go:216] ["diff load InfoSchema success"] [mode=auto] [isV2=true] [currVer=2589] [neededVer=2590] [gotVer=2590] ["elapsed time"=580.878µs] [phyTblIDs="[1582]"] [actionTypes="[7]"] [diffTypes="[\"add index\"]"]
[2026/07/10 17:08:44.872 +00:00] [INFO] [syncer.go:281] ["mdl gets lock, update self version to owner"] [jobID=1584] [version=2590]
[2026/07/10 17:08:44.872 +00:00] [INFO] [schema_version.go:397] ["wait schema version synced success"] [category=ddl] [ver=2590] [checkAssumedSvr=false] ["take time"=3.38541ms] [job="ID:1584, Type:add index, State:rollingback, SchemaState:delete only, SchemaID:1542, TableID:1582, RowCount:0, ArgLen:1, start time: 2026-07-10 17:08:44.46 +0000 UTC, Err:[Ingest:NotLeader]mock ddl ingest classifier not leader, ErrCount:1, SnapshotVersion:467587124326301706, Version: v2, UniqueWarnings:0"] [summary="server count: 1"]
[2026/07/10 17:08:44.876 +00:00] [INFO] [job_worker.go:854] ["run one job step"] [category=ddl] [jobID=1584] [conn=3785359432] [job="ID:1584, Type:add index, State:rollingback, SchemaState:delete only, SchemaID:1542, TableID:1582, RowCount:0, ArgLen:0, start time: 2026-07-10 17:08:44.46 +0000 UTC, Err:[Ingest:NotLeader]mock ddl ingest classifier not leader, ErrCount:1, SnapshotVersion:467587124326301706, Version: v2, UniqueWarnings:0"]
[2026/07/10 17:08:44.883 +00:00] [INFO] [loader.go:216] ["diff load InfoSchema success"] [mode=auto] [isV2=true] [currVer=2590] [neededVer=2591] [gotVer=2591] ["elapsed time"=603.292µs] [phyTblIDs="[1582]"] [actionTypes="[7]"] [diffTypes="[\"add index\"]"]
[2026/07/10 17:08:44.884 +00:00] [INFO] [syncer.go:281] ["mdl gets lock, update self version to owner"] [jobID=1584] [version=2591]
[2026/07/10 17:08:44.885 +00:00] [INFO] [schema_version.go:397] ["wait schema version synced success"] [category=ddl] [ver=2591] [checkAssumedSvr=false] ["take time"=3.572133ms] [job="ID:1584, Type:add index, State:rollingback, SchemaState:delete reorganization, SchemaID:1542, TableID:1582, RowCount:0, ArgLen:1, start time: 2026-07-10 17:08:44.46 +0000 UTC, Err:[Ingest:NotLeader]mock ddl ingest classifier not leader, ErrCount:1, SnapshotVersion:467587124326301706, Version: v2, UniqueWarnings:0"] [summary="server count: 1"]
[2026/07/10 17:08:44.888 +00:00] [INFO] [job_worker.go:854] ["run one job step"] [category=ddl] [jobID=1584] [conn=3785359432] [job="ID:1584, Type:add index, State:rollingback, SchemaState:delete reorganization, SchemaID:1542, TableID:1582, RowCount:0, ArgLen:0, start time: 2026-07-10 17:08:44.46 +0000 UTC, Err:[Ingest:NotLeader]mock ddl ingest classifier not leader, ErrCount:1, SnapshotVersion:467587124326301706, Version: v2, UniqueWarnings:0"]
[2026/07/10 17:08:44.895 +00:00] [INFO] [loader.go:216] ["diff load InfoSchema success"] [mode=auto] [isV2=true] [currVer=2591] [neededVer=2592] [gotVer=2592] ["elapsed time"=546.963µs] [phyTblIDs="[1582]"] [actionTypes="[7]"] [diffTypes="[\"add index\"]"]
[2026/07/10 17:08:44.896 +00:00] [INFO] [syncer.go:281] ["mdl gets lock, update self version to owner"] [jobID=1584] [version=2592]
[2026/07/10 17:08:44.897 +00:00] [INFO] [schema_version.go:397] ["wait schema version synced success"] [category=ddl] [ver=2592] [checkAssumedSvr=false] ["take time"=3.296232ms] [job="ID:1584, Type:add index, State:rollback done, SchemaState:none, SchemaID:1542, TableID:1582, RowCount:0, ArgLen:1, start time: 2026-07-10 17:08:44.46 +0000 UTC, Err:[Ingest:NotLeader]mock ddl ingest classifier not leader, ErrCount:1, SnapshotVersion:467587124326301706, Version: v2, UniqueWarnings:0"] [summary="server count: 1"]
[2026/07/10 17:08:44.901 +00:00] [INFO] [delete_range.go:445] ["insert into delete-range indices"] [category=ddl] [jobID=1584] [tableID=1582] [indexIDs="[1,9223090561878065153]"] [comment="add index: physical table ID(s)"]
[2026/07/10 17:08:44.903 +00:00] [INFO] [delete_range.go:112] ["add job into delete-range table"] [category=ddl] [jobID=1584] [jobType="add index"]
[2026/07/10 17:08:44.903 +00:00] [INFO] [job_worker.go:447] ["finish DDL job"] [category=ddl] [jobID=1584] [conn=3785359432] [job="ID:1584, Type:add index, State:rollback done, SchemaState:none, SchemaID:1542, TableID:1582, RowCount:0, ArgLen:1, start time: 2026-07-10 17:08:44.46 +0000 UTC, Err:[Ingest:NotLeader]mock ddl ingest classifier not leader, ErrCount:1, SnapshotVersion:467587124326301706, Version: v2, UniqueWarnings:0"]
[2026/07/10 17:08:44.909 +00:00] [INFO] [executor.go:7387] ["DDL job is failed"] [category=ddl] [jobID=1584]
[2026/07/10 17:08:44.910 +00:00] [INFO] [tidb.go:309] ["rollbackTxn called due to ddl/autocommit failure"]
[2026/07/10 17:08:44.910 +00:00] [WARN] [session.go:2726] ["run statement failed"] [conn=3785359432] [session_alias=] [schemaVersion=2586] [error="[Ingest:NotLeader]mock ddl ingest classifier not leader"] [session="{\n  \"currDBName\": \"ai_live_fp\",\n  \"id\": 3785359432,\n  \"status\": 2,\n  \"strictMode\": true,\n  \"user\": {\n    \"Username\": \"root\",\n    \"Hostname\": \"127.0.0.1\",\n    \"CurrentUser\": false,\n    \"AuthUsername\": \"root\",\n    \"AuthHostname\": \"%\",\n    \"AuthPlugin\": \"mysql_native_password\"\n  }\n}"]
[2026/07/10 17:08:44.910 +00:00] [INFO] [session.go:5104] ["CRUCIAL OPERATION"] [conn=3785359432] [schemaVersion=2586] [cur_db=ai_live_fp] [sql="alter table t8 add index idx_b(b)"] [user=root@%]
[2026/07/10 17:08:44.910 +00:00] [WARN] [conn.go:1326] ["command dispatched failed"] [conn=3785359432] [session_alias=] [connInfo="id:3785359432, addr:127.0.0.1:33580 status:10, collation:utf8mb4_0900_ai_ci, user:root"] [command=Query] [status="inTxn:0, autocommit:1"] [sql="alter table t8 add index idx_b(b)"] [txn_mode=PESSIMISTIC] [timestamp=467587124287242242] [err="[Ingest:NotLeader]mock ddl ingest classifier not leader\ngithub.com/pingcap/errors.Trace\n\t/Users/bba/.gvm/pkgsets/go1.25.1/global/pkg/mod/github.com/pingcap/errors@v0.11.5-0.20260508054701-306e305bcf41/juju_adaptor.go:15\ngithub.com/pingcap/tidb/pkg/ddl.(*executor).DoDDLJobWrapper\n\t/private/tmp/fp-build-5c9198/pkg/ddl/executor.go:7388\ngithub.com/pingcap/tidb/pkg/ddl.(*executor).doDDLJob2\n\t/private/tmp/fp-build-5c9198/pkg/ddl/executor.go:7189\ngithub.com/pingcap/tidb/pkg/ddl.(*executor).createIndex\n\t/private/tmp/fp-build-5c9198/pkg/ddl/executor.go:5172\ngithub.com/pingcap/tidb/pkg/ddl.(*executor).AlterTable\n\t/private/tmp/fp-build-5c9198/pkg/ddl/executor.go:1809\ngithub.com/pingcap/tidb/pkg/executor.(*DDLExec).executeAlterTable\n\t/private/tmp/fp-build-5c9198/pkg/executor/ddl.go:428\ngithub.com/pingcap/tidb/pkg/executor.(*DDLExec).Next\n\t/private/tmp/fp-build-5c9198/pkg/executor/ddl.go:164\ngithub.com/pingcap/tidb/pkg/executor/internal/exec.Next\n\t/private/tmp/fp-build-5c9198/pkg/executor/internal/exec/executor.go:694\ngithub.com/pingcap/tidb/pkg/executor.(*ExecStmt).next\n\t/private/tmp/fp-build-5c9198/pkg/executor/adapter.go:1489\ngithub.com/pingcap/tidb/pkg/executor.(*ExecStmt).handleNoDelayExecutor\n\t/private/tmp/fp-build-5c9198/pkg/executor/adapter.go:1120\ngithub.com/pingcap/tidb/pkg/executor.(*ExecStmt).handleNoDelay\n\t/private/tmp/fp-build-5c9198/pkg/executor/adapter.go:953\ngithub.com/pingcap/tidb/pkg/executor.(*ExecStmt).Exec\n\t/private/tmp/fp-build-5c9198/pkg/executor/adapter.go:707\ngithub.com/pingcap/tidb/pkg/session.runStmt\n\t/private/tmp/fp-build-5c9198/pkg/session/session.go:3006\ngithub.com/pingcap/tidb/pkg/session.(*session).executeStmtImpl\n\t/private/tmp/fp-build-5c9198/pkg/session/session.go:2714\ngithub.com/pingcap/tidb/pkg/session.(*session).ExecuteStmt\n\t/private/tmp/fp-build-5c9198/pkg/session/session.go:2420\ngithub.com/pingcap/tidb/pkg/server.(*TiDBContext).ExecuteStmt\n\t/private/tmp/fp-build-5c9198/pkg/server/driver_tidb.go:303\ngithub.com/pingcap/tidb/pkg/server.(*clientConn).handleStmt\n\t/private/tmp/fp-build-5c9198/pkg/server/conn.go:2255\ngithub.com/pingcap/tidb/pkg/server.(*clientConn).handleQuery\n\t/private/tmp/fp-build-5c9198/pkg/server/conn.go:1950\ngithub.com/pingcap/tidb/pkg/server.(*clientConn).dispatch\n\t/private/tmp/fp-build-5c9198/pkg/server/conn.go:1539\ngithub.com/pingcap/tidb/pkg/server.(*clientConn).Run\n\t/private/tmp/fp-build-5c9198/pkg/server/conn.go:1276\ngithub.com/pingcap/tidb/pkg/server.(*Server).onConn\n\t/private/tmp/fp-build-5c9198/pkg/server/server.go:844\nruntime.goexit\n\t/Users/bba/.gvm/pkgsets/go1.25.1/global/pkg/mod/golang.org/toolchain@v0.0.1-go1.25.10.darwin-arm64/src/runtime/asm_amd64.s:1693"]
[2026/07/10 17:08:44.910 +00:00] [WARN] [terror.go:242] ["Unknown error class"] [class=Ingest]
[2026/07/10 17:08:44.910 +00:00] [INFO] [job_scheduler.go:540] ["job not found, might already finished"] [category=ddl] [job_id=1584]
[2026/07/10 17:08:45.246 +00:00] [INFO] [session.go:5104] ["CRUCIAL OPERATION"] [conn=3785359436] [schemaVersion=2592] [cur_db=ai_live_fp] [sql="drop table if exists tpk5"] [user=root@%]
[2026/07/10 17:08:45.389 +00:00] [INFO] [job_submitter.go:119] ["add DDL jobs"] [category=ddl] ["batch count"=1] [jobs="ID:1586, Type:create table, State:queueing, SchemaState:none, SchemaID:1542, TableID:1585, RowCount:0, ArgLen:1, start time: 2026-07-10 17:08:45.259 +0000 UTC, Err:<nil>, ErrCount:0, SnapshotVersion:0, Version: v2; "] [fast_create=true]
[2026/07/10 17:08:45.389 +00:00] [INFO] [executor.go:7262] ["DDL job submitted"] [category=ddl] [job="ID:1586, Type:create table, State:queueing, SchemaState:none, SchemaID:1542, TableID:1585, RowCount:0, ArgLen:1, start time: 2026-07-10 17:08:45.259 +0000 UTC, Err:<nil>, ErrCount:0, SnapshotVersion:0, Version: v2"] [query="create table tpk5(a int, b int)"]
[2026/07/10 17:08:45.391 +00:00] [INFO] [job_worker.go:854] ["run one job step"] [category=ddl] [jobID=1586] [conn=3785359436] [job="ID:1586, Type:create table, State:queueing, SchemaState:none, SchemaID:1542, TableID:1585, RowCount:0, ArgLen:0, start time: 2026-07-10 17:08:45.259 +0000 UTC, Err:<nil>, ErrCount:0, SnapshotVersion:0, Version: v2"]
[2026/07/10 17:08:45.399 +00:00] [INFO] [loader.go:216] ["diff load InfoSchema success"] [mode=auto] [isV2=true] [currVer=2592] [neededVer=2593] [gotVer=2593] ["elapsed time"=645.31µs] [phyTblIDs="[1585]"] [actionTypes="[3]"] [diffTypes="[\"create table\"]"]
[2026/07/10 17:08:45.400 +00:00] [INFO] [syncer.go:281] ["mdl gets lock, update self version to owner"] [jobID=1586] [version=2593]
[2026/07/10 17:08:45.401 +00:00] [INFO] [schema_version.go:397] ["wait schema version synced success"] [category=ddl] [ver=2593] [checkAssumedSvr=false] ["take time"=3.693385ms] [job="ID:1586, Type:create table, State:done, SchemaState:public, SchemaID:1542, TableID:1585, RowCount:0, ArgLen:1, start time: 2026-07-10 17:08:45.259 +0000 UTC, Err:<nil>, ErrCount:0, SnapshotVersion:0, Version: v2"] [summary="server count: 1"]
[2026/07/10 17:08:45.405 +00:00] [INFO] [job_worker.go:447] ["finish DDL job"] [category=ddl] [jobID=1586] [conn=3785359436] [job="ID:1586, Type:create table, State:synced, SchemaState:public, SchemaID:1542, TableID:1585, RowCount:0, ArgLen:0, start time: 2026-07-10 17:08:45.259 +0000 UTC, Err:<nil>, ErrCount:0, SnapshotVersion:0, Version: v2"]
[2026/07/10 17:08:45.409 +00:00] [INFO] [executor.go:7382] ["DDL job is finished"] [category=ddl] [jobID=1586]
[2026/07/10 17:08:45.410 +00:00] [INFO] [session.go:5104] ["CRUCIAL OPERATION"] [conn=3785359436] [schemaVersion=2593] [cur_db=ai_live_fp] [sql="create table tpk5(a int, b int)"] [user=root@%]
[2026/07/10 17:08:45.410 +00:00] [INFO] [split_region.go:86] ["split batch regions request"] ["split key count"=1] ["batch count"=1] ["first batch, region ID"=23593] ["first split key"=748000000000000631]
[2026/07/10 17:08:45.411 +00:00] [INFO] [split_region.go:192] ["batch split regions complete"] ["batch region ID"=23593] ["first at"=748000000000000631] ["first new region left"="{Id:72297 StartKey:7480000000000006FF2E00000000000000F8 EndKey:7480000000000006FF3100000000000000F8 RegionEpoch:{ConfVer:5 Version:2170} Peers:[id:72298 store_id:1  id:72299 store_id:4  id:72300 store_id:5 ] EncryptionMeta:<nil> IsInFlashback:false FlashbackStartTs:0}"] ["new region count"=1]
[2026/07/10 17:08:45.411 +00:00] [INFO] [split_region.go:241] ["split regions complete"] ["region count"=1] ["region IDs"="[72297]"]
[2026/07/10 17:08:45.762 +00:00] [INFO] [2pc.go:730] ["[BIG_TXN]"] [session=3785359436] ["key sample"=7480000000000006315F728000000000000001] [size=3768678] [keys=100000] [puts=100000] [dels=0] [locks=0] [sharedLocks=0] [checks=0] [txnStartTS=467587124536016900]
[2026/07/10 17:08:45.764 +00:00] [INFO] [2pc.go:908] ["2PC detect large amount of mutations on a single region"] [region=23593] ["mutations count"=100000] [startTS=467587124536016900]
[2026/07/10 17:08:45.960 +00:00] [INFO] [2pc.go:908] ["2PC detect large amount of mutations on a single region"] [region=23593] ["mutations count"=100000] [startTS=467587124536016900]
[2026/07/10 17:08:46.261 +00:00] [INFO] [reorg_util.go:166] ["initialize reorg meta"] [category=ddl] [jobID=0] [jobSchema=ai_live_fp] [jobTable=tpk5] [jobType="add primary key"] [enableDistTask=false] [enableFastReorg=true] [targetScope=] [maxNodeCount=3] [tableSizeInBytes=0B] [concurrency=1] [batchSize=32] []
[2026/07/10 17:08:46.323 +00:00] [INFO] [job_submitter.go:119] ["add DDL jobs"] [category=ddl] ["batch count"=1] [jobs="ID:1587, Type:add primary key, State:queueing, SchemaState:none, SchemaID:1542, TableID:1585, RowCount:0, ArgLen:1, start time: 2026-07-10 17:08:46.259 +0000 UTC, Err:<nil>, ErrCount:0, SnapshotVersion:0, Version: v2, UniqueWarnings:0; "] [fast_create=true]
[2026/07/10 17:08:46.323 +00:00] [INFO] [executor.go:7262] ["DDL job submitted"] [category=ddl] [job="ID:1587, Type:add primary key, State:queueing, SchemaState:none, SchemaID:1542, TableID:1585, RowCount:0, ArgLen:1, start time: 2026-07-10 17:08:46.259 +0000 UTC, Err:<nil>, ErrCount:0, SnapshotVersion:0, Version: v2, UniqueWarnings:0"] [query="alter table tpk5 add primary key(a)"]
[2026/07/10 17:08:46.325 +00:00] [INFO] [job_worker.go:854] ["run one job step"] [category=ddl] [jobID=1587] [conn=3785359438] [job="ID:1587, Type:add primary key, State:queueing, SchemaState:none, SchemaID:1542, TableID:1585, RowCount:0, ArgLen:0, start time: 2026-07-10 17:08:46.259 +0000 UTC, Err:<nil>, ErrCount:0, SnapshotVersion:0, Version: v2, UniqueWarnings:0"]
[2026/07/10 17:08:46.326 +00:00] [INFO] [index.go:874] ["[ddl] run add index job"] [category=ddl] [job="ID:1587, Type:add primary key, State:running, SchemaState:none, SchemaID:1542, TableID:1585, RowCount:0, ArgLen:1, start time: 2026-07-10 17:08:46.259 +0000 UTC, Err:<nil>, ErrCount:0, SnapshotVersion:0, Version: v2, UniqueWarnings:0"] [indexInfo="{\"id\":1,\"idx_name\":{\"O\":\"PRIMARY\",\"L\":\"primary\"},\"tbl_name\":{\"O\":\"\",\"L\":\"\"},\"idx_cols\":[{\"name\":{\"O\":\"a\",\"L\":\"a\"},\"offset\":0,\"length\":-1}],\"state\":0,\"backfill_state\":0,\"comment\":\"\",\"index_type\":1,\"is_unique\":true,\"is_primary\":true,\"is_invisible\":false,\"is_global\":false,\"mv_index\":false,\"vector_index\":null,\"inverted_index\":null,\"full_text_index\":null,\"condition_expr_string\":\"\"}"]
[2026/07/10 17:08:46.332 +00:00] [INFO] [loader.go:216] ["diff load InfoSchema success"] [mode=auto] [isV2=true] [currVer=2593] [neededVer=2594] [gotVer=2594] ["elapsed time"=676.135µs] [phyTblIDs="[1585]"] [actionTypes="[32]"] [diffTypes="[\"add primary key\"]"]
[2026/07/10 17:08:46.333 +00:00] [INFO] [lock_resolver.go:1617] ["txn lock cleanup resolve-lock rpc finished"] [action=commit] [txnStartTS=467587124536016900] [commitTS=467587124667088897] [regionID=23593] [resolveLite=false] [resolvedByCheckTxnStatus=false]
[2026/07/10 17:08:46.333 +00:00] [INFO] [syncer.go:281] ["mdl gets lock, update self version to owner"] [jobID=1587] [version=2594]
[2026/07/10 17:08:46.334 +00:00] [INFO] [schema_version.go:397] ["wait schema version synced success"] [category=ddl] [ver=2594] [checkAssumedSvr=false] ["take time"=3.77226ms] [job="ID:1587, Type:add primary key, State:running, SchemaState:delete only, SchemaID:1542, TableID:1585, RowCount:0, ArgLen:1, start time: 2026-07-10 17:08:46.259 +0000 UTC, Err:<nil>, ErrCount:0, SnapshotVersion:0, Version: v2, UniqueWarnings:0"] [summary="server count: 1"]
[2026/07/10 17:08:46.338 +00:00] [INFO] [job_worker.go:854] ["run one job step"] [category=ddl] [jobID=1587] [conn=3785359438] [job="ID:1587, Type:add primary key, State:running, SchemaState:delete only, SchemaID:1542, TableID:1585, RowCount:0, ArgLen:0, start time: 2026-07-10 17:08:46.259 +0000 UTC, Err:<nil>, ErrCount:0, SnapshotVersion:0, Version: v2, UniqueWarnings:0"]
[2026/07/10 17:08:46.401 +00:00] [INFO] [loader.go:216] ["diff load InfoSchema success"] [mode=auto] [isV2=true] [currVer=2594] [neededVer=2595] [gotVer=2595] ["elapsed time"=606.459µs] [phyTblIDs="[1585]"] [actionTypes="[32]"] [diffTypes="[\"add primary key\"]"]
[2026/07/10 17:08:46.402 +00:00] [INFO] [syncer.go:281] ["mdl gets lock, update self version to owner"] [jobID=1587] [version=2595]
[2026/07/10 17:08:46.403 +00:00] [INFO] [schema_version.go:397] ["wait schema version synced success"] [category=ddl] [ver=2595] [checkAssumedSvr=false] ["take time"=3.609618ms] [job="ID:1587, Type:add primary key, State:running, SchemaState:write only, SchemaID:1542, TableID:1585, RowCount:0, ArgLen:1, start time: 2026-07-10 17:08:46.259 +0000 UTC, Err:<nil>, ErrCount:0, SnapshotVersion:0, Version: v2, UniqueWarnings:0"] [summary="server count: 1"]
[2026/07/10 17:08:46.406 +00:00] [INFO] [job_worker.go:854] ["run one job step"] [category=ddl] [jobID=1587] [conn=3785359438] [job="ID:1587, Type:add primary key, State:running, SchemaState:write only, SchemaID:1542, TableID:1585, RowCount:0, ArgLen:0, start time: 2026-07-10 17:08:46.259 +0000 UTC, Err:<nil>, ErrCount:0, SnapshotVersion:0, Version: v2, UniqueWarnings:0"]
[2026/07/10 17:08:46.468 +00:00] [INFO] [loader.go:216] ["diff load InfoSchema success"] [mode=auto] [isV2=true] [currVer=2595] [neededVer=2596] [gotVer=2596] ["elapsed time"=606.515µs] [phyTblIDs="[1585]"] [actionTypes="[32]"] [diffTypes="[\"add primary key\"]"]
[2026/07/10 17:08:46.469 +00:00] [INFO] [syncer.go:281] ["mdl gets lock, update self version to owner"] [jobID=1587] [version=2596]
[2026/07/10 17:08:46.470 +00:00] [INFO] [schema_version.go:397] ["wait schema version synced success"] [category=ddl] [ver=2596] [checkAssumedSvr=false] ["take time"=3.792452ms] [job="ID:1587, Type:add primary key, State:running, SchemaState:write reorganization, SchemaID:1542, TableID:1585, RowCount:0, ArgLen:1, start time: 2026-07-10 17:08:46.259 +0000 UTC, Err:<nil>, ErrCount:0, SnapshotVersion:0, Version: v2, UniqueWarnings:0"] [summary="server count: 1"]
[2026/07/10 17:08:46.474 +00:00] [INFO] [job_worker.go:854] ["run one job step"] [category=ddl] [jobID=1587] [conn=3785359438] [job="ID:1587, Type:add primary key, State:running, SchemaState:write reorganization, SchemaID:1542, TableID:1585, RowCount:0, ArgLen:0, start time: 2026-07-10 17:08:46.259 +0000 UTC, Err:<nil>, ErrCount:0, SnapshotVersion:0, Version: v2, UniqueWarnings:0"]
[2026/07/10 17:08:46.484 +00:00] [INFO] [index.go:1872] ["index backfill state running"] [category=ddl] ["job ID"=1587] [table=tpk5] ["ingest mode"=true] [index=PRIMARY]
[2026/07/10 17:08:46.511 +00:00] [INFO] [reorg.go:968] ["job get table range"] [category=ddl] [jobID=1587] [physicalTableID=1585] [startKey=7480000000000006315f728000000000000001] [endKey=7480000000000006315f7280000000000187d000]
[2026/07/10 17:08:46.514 +00:00] [WARN] [terror.go:242] ["Unknown error class"] [class=Ingest]
[2026/07/10 17:08:46.514 +00:00] [WARN] [index.go:1969] ["run reorg job failed, convert job to rollback"] [category=ddl] [job="ID:1587, Type:add primary key, State:running, SchemaState:write reorganization, SchemaID:1542, TableID:1585, RowCount:0, ArgLen:1, start time: 2026-07-10 17:08:46.259 +0000 UTC, Err:<nil>, ErrCount:0, SnapshotVersion:467587124811268106, Version: v2, UniqueWarnings:0"] [error="[Ingest:RegionNotFound]mock ddl ingest classifier region not found"]
[2026/07/10 17:08:46.516 +00:00] [WARN] [job_worker.go:787] ["run DDL job error"] [category=ddl] [jobID=1587] [conn=3785359438] [error="[Ingest:RegionNotFound]mock ddl ingest classifier region not found"]
[2026/07/10 17:08:46.519 +00:00] [WARN] [terror.go:242] ["Unknown error class"] [class=Ingest]
[2026/07/10 17:08:46.521 +00:00] [INFO] [loader.go:216] ["diff load InfoSchema success"] [mode=auto] [isV2=true] [currVer=2596] [neededVer=2597] [gotVer=2597] ["elapsed time"=550.398µs] [phyTblIDs="[1585]"] [actionTypes="[32]"] [diffTypes="[\"add primary key\"]"]
[2026/07/10 17:08:46.523 +00:00] [INFO] [syncer.go:281] ["mdl gets lock, update self version to owner"] [jobID=1587] [version=2597]
[2026/07/10 17:08:46.523 +00:00] [INFO] [schema_version.go:397] ["wait schema version synced success"] [category=ddl] [ver=2597] [checkAssumedSvr=false] ["take time"=3.708279ms] [job="ID:1587, Type:add primary key, State:rollingback, SchemaState:delete only, SchemaID:1542, TableID:1585, RowCount:0, ArgLen:1, start time: 2026-07-10 17:08:46.259 +0000 UTC, Err:[Ingest:RegionNotFound]mock ddl ingest classifier region not found, ErrCount:1, SnapshotVersion:467587124811268106, Version: v2, UniqueWarnings:0"] [summary="server count: 1"]
[2026/07/10 17:08:46.527 +00:00] [INFO] [job_worker.go:854] ["run one job step"] [category=ddl] [jobID=1587] [conn=3785359438] [job="ID:1587, Type:add primary key, State:rollingback, SchemaState:delete only, SchemaID:1542, TableID:1585, RowCount:0, ArgLen:0, start time: 2026-07-10 17:08:46.259 +0000 UTC, Err:[Ingest:RegionNotFound]mock ddl ingest classifier region not found, ErrCount:1, SnapshotVersion:467587124811268106, Version: v2, UniqueWarnings:0"]
[2026/07/10 17:08:46.534 +00:00] [INFO] [loader.go:216] ["diff load InfoSchema success"] [mode=auto] [isV2=true] [currVer=2597] [neededVer=2598] [gotVer=2598] ["elapsed time"=631.373µs] [phyTblIDs="[1585]"] [actionTypes="[32]"] [diffTypes="[\"add primary key\"]"]
[2026/07/10 17:08:46.535 +00:00] [INFO] [syncer.go:281] ["mdl gets lock, update self version to owner"] [jobID=1587] [version=2598]
[2026/07/10 17:08:46.536 +00:00] [INFO] [schema_version.go:397] ["wait schema version synced success"] [category=ddl] [ver=2598] [checkAssumedSvr=false] ["take time"=3.73766ms] [job="ID:1587, Type:add primary key, State:rollingback, SchemaState:delete reorganization, SchemaID:1542, TableID:1585, RowCount:0, ArgLen:1, start time: 2026-07-10 17:08:46.259 +0000 UTC, Err:[Ingest:RegionNotFound]mock ddl ingest classifier region not found, ErrCount:1, SnapshotVersion:467587124811268106, Version: v2, UniqueWarnings:0"] [summary="server count: 1"]
[2026/07/10 17:08:46.539 +00:00] [INFO] [job_worker.go:854] ["run one job step"] [category=ddl] [jobID=1587] [conn=3785359438] [job="ID:1587, Type:add primary key, State:rollingback, SchemaState:delete reorganization, SchemaID:1542, TableID:1585, RowCount:0, ArgLen:0, start time: 2026-07-10 17:08:46.259 +0000 UTC, Err:[Ingest:RegionNotFound]mock ddl ingest classifier region not found, ErrCount:1, SnapshotVersion:467587124811268106, Version: v2, UniqueWarnings:0"]
[2026/07/10 17:08:46.546 +00:00] [INFO] [loader.go:216] ["diff load InfoSchema success"] [mode=auto] [isV2=true] [currVer=2598] [neededVer=2599] [gotVer=2599] ["elapsed time"=603.078µs] [phyTblIDs="[1585]"] [actionTypes="[32]"] [diffTypes="[\"add primary key\"]"]
[2026/07/10 17:08:46.547 +00:00] [INFO] [syncer.go:281] ["mdl gets lock, update self version to owner"] [jobID=1587] [version=2599]
[2026/07/10 17:08:46.548 +00:00] [INFO] [schema_version.go:397] ["wait schema version synced success"] [category=ddl] [ver=2599] [checkAssumedSvr=false] ["take time"=3.598417ms] [job="ID:1587, Type:add primary key, State:rollback done, SchemaState:none, SchemaID:1542, TableID:1585, RowCount:0, ArgLen:1, start time: 2026-07-10 17:08:46.259 +0000 UTC, Err:[Ingest:RegionNotFound]mock ddl ingest classifier region not found, ErrCount:1, SnapshotVersion:467587124811268106, Version: v2, UniqueWarnings:0"] [summary="server count: 1"]
[2026/07/10 17:08:46.552 +00:00] [INFO] [delete_range.go:445] ["insert into delete-range indices"] [category=ddl] [jobID=1587] [tableID=1585] [indexIDs="[1,9223090561878065153]"] [comment="add index: physical table ID(s)"]
[2026/07/10 17:08:46.554 +00:00] [INFO] [delete_range.go:112] ["add job into delete-range table"] [category=ddl] [jobID=1587] [jobType="add primary key"]
[2026/07/10 17:08:46.554 +00:00] [INFO] [job_worker.go:447] ["finish DDL job"] [category=ddl] [jobID=1587] [conn=3785359438] [job="ID:1587, Type:add primary key, State:rollback done, SchemaState:none, SchemaID:1542, TableID:1585, RowCount:0, ArgLen:1, start time: 2026-07-10 17:08:46.259 +0000 UTC, Err:[Ingest:RegionNotFound]mock ddl ingest classifier region not found, ErrCount:1, SnapshotVersion:467587124811268106, Version: v2, UniqueWarnings:0"]
[2026/07/10 17:08:46.560 +00:00] [INFO] [executor.go:7387] ["DDL job is failed"] [category=ddl] [jobID=1587]
[2026/07/10 17:08:46.560 +00:00] [INFO] [tidb.go:309] ["rollbackTxn called due to ddl/autocommit failure"]
[2026/07/10 17:08:46.560 +00:00] [WARN] [session.go:2726] ["run statement failed"] [conn=3785359438] [session_alias=] [schemaVersion=2593] [error="[Ingest:RegionNotFound]mock ddl ingest classifier region not found"] [session="{\n  \"currDBName\": \"ai_live_fp\",\n  \"id\": 3785359438,\n  \"status\": 2,\n  \"strictMode\": true,\n  \"user\": {\n    \"Username\": \"root\",\n    \"Hostname\": \"127.0.0.1\",\n    \"CurrentUser\": false,\n    \"AuthUsername\": \"root\",\n    \"AuthHostname\": \"%\",\n    \"AuthPlugin\": \"mysql_native_password\"\n  }\n}"]
[2026/07/10 17:08:46.560 +00:00] [INFO] [session.go:5104] ["CRUCIAL OPERATION"] [conn=3785359438] [schemaVersion=2593] [cur_db=ai_live_fp] [sql="alter table tpk5 add primary key(a)"] [user=root@%]
[2026/07/10 17:08:46.560 +00:00] [WARN] [conn.go:1326] ["command dispatched failed"] [conn=3785359438] [session_alias=] [connInfo="id:3785359438, addr:127.0.0.1:33612 status:10, collation:utf8mb4_0900_ai_ci, user:root"] [command=Query] [status="inTxn:0, autocommit:1"] [sql="alter table tpk5 add primary key(a)"] [txn_mode=PESSIMISTIC] [timestamp=467587124758839298] [err="[Ingest:RegionNotFound]mock ddl ingest classifier region not found\ngithub.com/pingcap/errors.Trace\n\t/Users/bba/.gvm/pkgsets/go1.25.1/global/pkg/mod/github.com/pingcap/errors@v0.11.5-0.20260508054701-306e305bcf41/juju_adaptor.go:15\ngithub.com/pingcap/tidb/pkg/ddl.(*executor).DoDDLJobWrapper\n\t/private/tmp/fp-build-5c9198/pkg/ddl/executor.go:7388\ngithub.com/pingcap/tidb/pkg/ddl.(*executor).doDDLJob2\n\t/private/tmp/fp-build-5c9198/pkg/ddl/executor.go:7189\ngithub.com/pingcap/tidb/pkg/ddl.(*executor).CreatePrimaryKey\n\t/private/tmp/fp-build-5c9198/pkg/ddl/executor.go:4852\ngithub.com/pingcap/tidb/pkg/ddl.(*executor).AlterTable\n\t/private/tmp/fp-build-5c9198/pkg/ddl/executor.go:1819\ngithub.com/pingcap/tidb/pkg/executor.(*DDLExec).executeAlterTable\n\t/private/tmp/fp-build-5c9198/pkg/executor/ddl.go:428\ngithub.com/pingcap/tidb/pkg/executor.(*DDLExec).Next\n\t/private/tmp/fp-build-5c9198/pkg/executor/ddl.go:164\ngithub.com/pingcap/tidb/pkg/executor/internal/exec.Next\n\t/private/tmp/fp-build-5c9198/pkg/executor/internal/exec/executor.go:694\ngithub.com/pingcap/tidb/pkg/executor.(*ExecStmt).next\n\t/private/tmp/fp-build-5c9198/pkg/executor/adapter.go:1489\ngithub.com/pingcap/tidb/pkg/executor.(*ExecStmt).handleNoDelayExecutor\n\t/private/tmp/fp-build-5c9198/pkg/executor/adapter.go:1120\ngithub.com/pingcap/tidb/pkg/executor.(*ExecStmt).handleNoDelay\n\t/private/tmp/fp-build-5c9198/pkg/executor/adapter.go:953\ngithub.com/pingcap/tidb/pkg/executor.(*ExecStmt).Exec\n\t/private/tmp/fp-build-5c9198/pkg/executor/adapter.go:707\ngithub.com/pingcap/tidb/pkg/session.runStmt\n\t/private/tmp/fp-build-5c9198/pkg/session/session.go:3006\ngithub.com/pingcap/tidb/pkg/session.(*session).executeStmtImpl\n\t/private/tmp/fp-build-5c9198/pkg/session/session.go:2714\ngithub.com/pingcap/tidb/pkg/session.(*session).ExecuteStmt\n\t/private/tmp/fp-build-5c9198/pkg/session/session.go:2420\ngithub.com/pingcap/tidb/pkg/server.(*TiDBContext).ExecuteStmt\n\t/private/tmp/fp-build-5c9198/pkg/server/driver_tidb.go:303\ngithub.com/pingcap/tidb/pkg/server.(*clientConn).handleStmt\n\t/private/tmp/fp-build-5c9198/pkg/server/conn.go:2255\ngithub.com/pingcap/tidb/pkg/server.(*clientConn).handleQuery\n\t/private/tmp/fp-build-5c9198/pkg/server/conn.go:1950\ngithub.com/pingcap/tidb/pkg/server.(*clientConn).dispatch\n\t/private/tmp/fp-build-5c9198/pkg/server/conn.go:1539\ngithub.com/pingcap/tidb/pkg/server.(*clientConn).Run\n\t/private/tmp/fp-build-5c9198/pkg/server/conn.go:1276\ngithub.com/pingcap/tidb/pkg/server.(*Server).onConn\n\t/private/tmp/fp-build-5c9198/pkg/server/server.go:844\nruntime.goexit\n\t/Users/bba/.gvm/pkgsets/go1.25.1/global/pkg/mod/golang.org/toolchain@v0.0.1-go1.25.10.darwin-arm64/src/runtime/asm_amd64.s:1693"]
[2026/07/10 17:08:46.560 +00:00] [WARN] [terror.go:242] ["Unknown error class"] [class=Ingest]
[2026/07/10 17:08:46.560 +00:00] [INFO] [job_scheduler.go:540] ["job not found, might already finished"] [category=ddl] [job_id=1587]

-- final failpoint list --
github.com/pingcap/tidb/pkg/ddl/mockDDLIngestClassifierErr=
github.com/pingcap/tidb/pkg/server/enableTestAPI=return(true)

-- add index GREEN control (t9) --
100000
add_index_green_control_rc=0
1590	ai_live_fp	t9	add index	public	1542	1588	100000	2026-07-10 17:09:05.810000	2026-07-10 17:09:06.009000	2026-07-10 17:09:06.510000	synced	ingest, thread=1, batch_size=32, max_node_count=3
1589	ai_live_fp	t9	create table	public	1542	1588	0	2026-07-10 17:09:05.060000	2026-07-10 17:09:05.060000	2026-07-10 17:09:05.060000	synced	

-- add primary key GREEN control (tpk6) --
100000
add_pk_green_control_rc=0
1593	ai_live_fp	tpk6	add primary key	public	1542	1591	100000	2026-07-10 17:09:08.109000	2026-07-10 17:09:08.209000	2026-07-10 17:09:08.809000	synced	ingest, thread=1, batch_size=32, max_node_count=3
1592	ai_live_fp	tpk6	create table	public	1542	1591	0	2026-07-10 17:09:06.859000	2026-07-10 17:09:07.259000	2026-07-10 17:09:07.259000	synced	

-- failpoint list after controls --
github.com/pingcap/tidb/pkg/ddl/mockDDLIngestClassifierErr=
github.com/pingcap/tidb/pkg/server/enableTestAPI=return(true)
