[2026/07/10 06:08:57.892 +08:00] [WARN] [client.go:119] ["failed to delete object used for permission check"] [bucket=bucket] [key=prefix/perm-check/643d4a99-d74e-4101-84e1-ff1cc3b7a890] []
[2026/07/10 06:08:57.893 +08:00] [WARN] [client.go:119] ["failed to delete object used for permission check"] [bucket=bucket] [key=prefix/perm-check/2defd9ff-25e1-4efe-87af-aadd112c5a37] []
[2026/07/10 06:08:57.893 +08:00] [WARN] [client.go:119] ["failed to delete object used for permission check"] [bucket=bucket] [key=prefix/perm-check/04280e21-1de0-4a94-aff5-1ab8a4f14a58] [error="mock del error"] [errorVerbose="mock del error\ngithub.com/pingcap/tidb/pkg/objstore/s3store.TestClientPermission.func4\n\t/Users/bba/pc/tidb/pkg/objstore/s3store/client_test.go:82\ntesting.tRunner\n\t/Users/bba/.gvm/pkgsets/go1.25.1/global/pkg/mod/golang.org/toolchain@v0.0.1-go1.25.10.darwin-arm64/src/testing/testing.go:1934\nruntime.goexit\n\t/Users/bba/.gvm/pkgsets/go1.25.1/global/pkg/mod/golang.org/toolchain@v0.0.1-go1.25.10.darwin-arm64/src/runtime/asm_arm64.s:1268"]
[2026/07/10 06:08:57.893 +08:00] [WARN] [client.go:119] ["failed to delete object used for permission check"] [bucket=bucket] [key=prefix/perm-check/61e49bb7-3166-4fb9-85cc-86385cc98f9e] [error="api error AccessDenied: AccessDenied"]
[2026/07/10 06:08:57.893 +08:00] [WARN] [client.go:119] ["failed to delete object used for permission check"] [bucket=bucket] [key=prefix/perm-check/9decd1f0-8054-47cb-ae85-f73a4a3d28bc] [error="mock del error"] [errorVerbose="mock del error\ngithub.com/pingcap/tidb/pkg/objstore/s3store.TestClientPermission.func4\n\t/Users/bba/pc/tidb/pkg/objstore/s3store/client_test.go:90\ntesting.tRunner\n\t/Users/bba/.gvm/pkgsets/go1.25.1/global/pkg/mod/golang.org/toolchain@v0.0.1-go1.25.10.darwin-arm64/src/testing/testing.go:1934\nruntime.goexit\n\t/Users/bba/.gvm/pkgsets/go1.25.1/global/pkg/mod/golang.org/toolchain@v0.0.1-go1.25.10.darwin-arm64/src/runtime/asm_arm64.s:1268"]
[2026/07/10 06:08:57.893 +08:00] [WARN] [client.go:119] ["failed to delete object used for permission check"] [bucket=bucket] [key=prefix/perm-check/2dc0273b-dc1d-4def-bbcc-8bb410a7cf20] []
[2026/07/10 06:08:57.893 +08:00] [WARN] [client.go:119] ["failed to delete object used for permission check"] [bucket=bucket] [key=prefix/perm-check/48d51dd3-fe84-4753-83c4-7f2f097cafcd] []
[2026/07/10 06:08:57.896 +08:00] [WARN] [retry.go:129] ["failed to request s3, retrying"] [attempt=1] [backoff=1.830209773s] []
[2026/07/10 06:08:57.896 +08:00] [WARN] [retry.go:129] ["failed to request s3, retrying"] [attempt=2] [backoff=1s] []
[2026/07/10 06:08:57.896 +08:00] [WARN] [retry.go:129] ["failed to request s3, retrying"] [attempt=3] [backoff=1s] []
[2026/07/10 06:08:57.896 +08:00] [WARN] [retry.go:129] ["failed to request s3, retrying"] [attempt=4] [backoff=12.396299145s] []
[2026/07/10 06:08:57.896 +08:00] [WARN] [retry.go:129] ["failed to request s3, retrying"] [attempt=5] [backoff=1s] []
[2026/07/10 06:08:57.896 +08:00] [WARN] [retry.go:129] ["failed to request s3, retrying"] [attempt=6] [backoff=32s] []
[2026/07/10 06:08:57.896 +08:00] [WARN] [retry.go:129] ["failed to request s3, retrying"] [attempt=7] [backoff=32s] []
[2026/07/10 06:08:57.896 +08:00] [WARN] [retry.go:129] ["failed to request s3, retrying"] [attempt=8] [backoff=32s] []
[2026/07/10 06:08:57.896 +08:00] [WARN] [retry.go:129] ["failed to request s3, retrying"] [attempt=9] [backoff=32s] []
[2026/07/10 06:08:57.896 +08:00] [WARN] [retry.go:129] ["failed to request s3, retrying"] [attempt=10] [backoff=32s] []
[2026/07/10 06:08:57.896 +08:00] [WARN] [retry.go:129] ["failed to request s3, retrying"] [attempt=11] [backoff=32s] []
[2026/07/10 06:08:57.896 +08:00] [WARN] [retry.go:129] ["failed to request s3, retrying"] [attempt=12] [backoff=32s] []
[2026/07/10 06:08:57.896 +08:00] [WARN] [retry.go:129] ["failed to request s3, retrying"] [attempt=13] [backoff=32s] []
[2026/07/10 06:08:57.896 +08:00] [WARN] [retry.go:129] ["failed to request s3, retrying"] [attempt=14] [backoff=32s] []
[2026/07/10 06:08:57.896 +08:00] [WARN] [retry.go:129] ["failed to request s3, retrying"] [attempt=15] [backoff=32s] []
[2026/07/10 06:08:57.896 +08:00] [WARN] [retry.go:129] ["failed to request s3, retrying"] [attempt=16] [backoff=32s] []
[2026/07/10 06:08:57.896 +08:00] [WARN] [retry.go:129] ["failed to request s3, retrying"] [attempt=17] [backoff=32s] []
[2026/07/10 06:08:57.896 +08:00] [WARN] [retry.go:129] ["failed to request s3, retrying"] [attempt=18] [backoff=32s] []
[2026/07/10 06:08:57.896 +08:00] [WARN] [retry.go:129] ["failed to request s3, retrying"] [attempt=19] [backoff=32s] []
[2026/07/10 06:08:57.896 +08:00] [WARN] [retry.go:87] ["failed to get EC2 metadata. skipping."] [error="169.254.169.254: context deadline exceeded"]
[2026/07/10 06:08:57.896 +08:00] [WARN] [retry.go:71] ["failed to request s3, checking whether we can retry"] [error="169.254.169.254: context deadline exceeded"] [errorVerbose="context deadline exceeded\n169.254.169.254\ngithub.com/pingcap/tidb/pkg/objstore/s3store.TestRetryerIsInstanceMetadataError\n\t/Users/bba/pc/tidb/pkg/objstore/s3store/retry_test.go:54\ntesting.tRunner\n\t/Users/bba/.gvm/pkgsets/go1.25.1/global/pkg/mod/golang.org/toolchain@v0.0.1-go1.25.10.darwin-arm64/src/testing/testing.go:1934\nruntime.goexit\n\t/Users/bba/.gvm/pkgsets/go1.25.1/global/pkg/mod/golang.org/toolchain@v0.0.1-go1.25.10.darwin-arm64/src/runtime/asm_arm64.s:1268"] [retry=false]
[2026/07/10 06:08:57.896 +08:00] [WARN] [retry.go:71] ["failed to request s3, checking whether we can retry"] [error="normal err: context deadline exceeded"] [errorVerbose="context deadline exceeded\nnormal err\ngithub.com/pingcap/tidb/pkg/objstore/s3store.TestRetryerIsInstanceMetadataError\n\t/Users/bba/pc/tidb/pkg/objstore/s3store/retry_test.go:55\ntesting.tRunner\n\t/Users/bba/.gvm/pkgsets/go1.25.1/global/pkg/mod/golang.org/toolchain@v0.0.1-go1.25.10.darwin-arm64/src/testing/testing.go:1934\nruntime.goexit\n\t/Users/bba/.gvm/pkgsets/go1.25.1/global/pkg/mod/golang.org/toolchain@v0.0.1-go1.25.10.darwin-arm64/src/runtime/asm_arm64.s:1268"] [retry=true]
[2026/07/10 06:08:57.899 +08:00] [INFO] [store.go:277] ["succeed to get bucket region from s3"] [bucket=bucket] [prefix=prefix] [context=s3] [provider=] ["bucket region"=us-west-2]
[2026/07/10 06:08:57.900 +08:00] [INFO] [store.go:277] ["succeed to get bucket region from s3"] [bucket=bucket] [prefix=prefix] [context=s3] [provider=] ["bucket region"=us-west-2]
[2026/07/10 06:08:57.900 +08:00] [INFO] [store.go:277] ["succeed to get bucket region from s3"] [bucket=bucket] [prefix=prefix] [context=s3] [provider=] ["bucket region"=us-west-2]
[2026/07/10 06:08:57.900 +08:00] [INFO] [store.go:277] ["succeed to get bucket region from s3"] [bucket=bucket] [prefix=prefix] [context=s3] [provider=] ["bucket region"=us-west-2]
[2026/07/10 06:08:57.901 +08:00] [INFO] [store.go:277] ["succeed to get bucket region from s3"] [bucket=bucket] [prefix=prefix] [context=s3] [provider=] ["bucket region"=us-west-2]
[2026/07/10 06:08:57.901 +08:00] [INFO] [store.go:277] ["succeed to get bucket region from s3"] [bucket=bucket] [prefix=prefix] [context=s3] [provider=] ["bucket region"=us-west-2]
[2026/07/10 06:08:58.729 +08:00] [WARN] [retry.go:71] ["failed to request s3, checking whether we can retry"] [error="https response error StatusCode: 403, RequestID: 49ZQ9WK3X0A26QA5, HostID: aV5+irxWhH0+dBIYoH3JxE28Ontg6ZLY4DX6JmZRhBPofLs72jOsfW+1z8iT8tZlnRFdf7F8siIPeAjdsgvwem+4xXO5CUAL, api error Forbidden: Forbidden"] [retry=false]
[2026/07/10 06:08:58.729 +08:00] [INFO] [store.go:277] ["succeed to get bucket region from s3"] [bucket=bucket] [prefix=prefix] [context=s3] [provider=] ["bucket region"=us-east-1]
[2026/07/10 06:08:58.733 +08:00] [WARN] [io.go:180] ["upload to s3 failed"] [filename=file] [error="mock error"] [errorVerbose="mock error\ngithub.com/pingcap/tidb/pkg/objstore/s3store_test.TestMultiUploadErrorNotOverwritten\n\t/Users/bba/pc/tidb/pkg/objstore/s3store/s3_test.go:506\ntesting.tRunner\n\t/Users/bba/.gvm/pkgsets/go1.25.1/global/pkg/mod/golang.org/toolchain@v0.0.1-go1.25.10.darwin-arm64/src/testing/testing.go:1934\nruntime.goexit\n\t/Users/bba/.gvm/pkgsets/go1.25.1/global/pkg/mod/golang.org/toolchain@v0.0.1-go1.25.10.darwin-arm64/src/runtime/asm_arm64.s:1268"]
[2026/07/10 06:08:58.733 +08:00] [WARN] [store.go:316] ["ReadFile: failed to read file."] [file=file-missing] [error="failed to read s3 file, file info: input.bucket='bucket', input.key='prefix/file-missing': api error NoSuchKey: no such key"] [remained=5]
[2026/07/10 06:08:58.734 +08:00] [WARN] [io.go:61] ["read s3 object failed, will retry"] [file=random] [retryCnt=0] [error="mock read error"] [errorVerbose="mock read error\ngithub.com/pingcap/tidb/pkg/objstore/s3store_test.(*mockFailReader).Read\n\t/Users/bba/pc/tidb/pkg/objstore/s3store/s3_test.go:877\ngithub.com/pingcap/tidb/pkg/objstore/s3like.(*s3ObjectReader).Read\n\t/Users/bba/pc/tidb/pkg/objstore/s3like/io.go:55\ngithub.com/pingcap/tidb/pkg/objstore/s3store_test.TestS3RangeReaderRetryReadAndUnRetryableCase.func2\n\t/Users/bba/pc/tidb/pkg/objstore/s3store/s3_test.go:917\ntesting.tRunner\n\t/Users/bba/.gvm/pkgsets/go1.25.1/global/pkg/mod/golang.org/toolchain@v0.0.1-go1.25.10.darwin-arm64/src/testing/testing.go:1934\nruntime.goexit\n\t/Users/bba/.gvm/pkgsets/go1.25.1/global/pkg/mod/golang.org/toolchain@v0.0.1-go1.25.10.darwin-arm64/src/runtime/asm_arm64.s:1268"]
[2026/07/10 06:08:58.734 +08:00] [WARN] [io.go:61] ["read s3 object failed, will retry"] [file=random] [retryCnt=0] [error="read exceeded limit"] [errorVerbose="read exceeded limit\ngithub.com/pingcap/tidb/pkg/objstore/s3store_test.(*limitedBytesReader).Read\n\t/Users/bba/pc/tidb/pkg/objstore/s3store/s3_test.go:863\ngithub.com/pingcap/tidb/pkg/objstore/s3like.(*s3ObjectReader).Read\n\t/Users/bba/pc/tidb/pkg/objstore/s3like/io.go:55\nio.ReadAtLeast\n\t/Users/bba/.gvm/pkgsets/go1.25.1/global/pkg/mod/golang.org/toolchain@v0.0.1-go1.25.10.darwin-arm64/src/io/io.go:335\nio.ReadFull\n\t/Users/bba/.gvm/pkgsets/go1.25.1/global/pkg/mod/golang.org/toolchain@v0.0.1-go1.25.10.darwin-arm64/src/io/io.go:354\ngithub.com/pingcap/tidb/pkg/objstore/s3store_test.TestS3ReaderWithRetryEOF.func3\n\t/Users/bba/pc/tidb/pkg/objstore/s3store/s3_test.go:958\ngithub.com/pingcap/tidb/pkg/objstore/s3store_test.TestS3ReaderWithRetryEOF\n\t/Users/bba/pc/tidb/pkg/objstore/s3store/s3_test.go:968\ntesting.tRunner\n\t/Users/bba/.gvm/pkgsets/go1.25.1/global/pkg/mod/golang.org/toolchain@v0.0.1-go1.25.10.darwin-arm64/src/testing/testing.go:1934\nruntime.goexit\n\t/Users/bba/.gvm/pkgsets/go1.25.1/global/pkg/mod/golang.org/toolchain@v0.0.1-go1.25.10.darwin-arm64/src/runtime/asm_arm64.s:1268"]
[2026/07/10 06:08:58.734 +08:00] [WARN] [io.go:61] ["read s3 object failed, will retry"] [file=random] [retryCnt=0] [error="read exceeded limit"] [errorVerbose="read exceeded limit\ngithub.com/pingcap/tidb/pkg/objstore/s3store_test.(*limitedBytesReader).Read\n\t/Users/bba/pc/tidb/pkg/objstore/s3store/s3_test.go:863\ngithub.com/pingcap/tidb/pkg/objstore/s3like.(*s3ObjectReader).Read\n\t/Users/bba/pc/tidb/pkg/objstore/s3like/io.go:55\nio.ReadAtLeast\n\t/Users/bba/.gvm/pkgsets/go1.25.1/global/pkg/mod/golang.org/toolchain@v0.0.1-go1.25.10.darwin-arm64/src/io/io.go:335\nio.ReadFull\n\t/Users/bba/.gvm/pkgsets/go1.25.1/global/pkg/mod/golang.org/toolchain@v0.0.1-go1.25.10.darwin-arm64/src/io/io.go:354\ngithub.com/pingcap/tidb/pkg/objstore/s3store_test.TestS3ReaderWithRetryEOF.func3\n\t/Users/bba/pc/tidb/pkg/objstore/s3store/s3_test.go:958\ngithub.com/pingcap/tidb/pkg/objstore/s3store_test.TestS3ReaderWithRetryEOF\n\t/Users/bba/pc/tidb/pkg/objstore/s3store/s3_test.go:970\ntesting.tRunner\n\t/Users/bba/.gvm/pkgsets/go1.25.1/global/pkg/mod/golang.org/toolchain@v0.0.1-go1.25.10.darwin-arm64/src/testing/testing.go:1934\nruntime.goexit\n\t/Users/bba/.gvm/pkgsets/go1.25.1/global/pkg/mod/golang.org/toolchain@v0.0.1-go1.25.10.darwin-arm64/src/runtime/asm_arm64.s:1268"]
[2026/07/10 06:08:58.734 +08:00] [WARN] [io.go:61] ["read s3 object failed, will retry"] [file=random] [retryCnt=0] [error="read exceeded limit"] [errorVerbose="read exceeded limit\ngithub.com/pingcap/tidb/pkg/objstore/s3store_test.(*limitedBytesReader).Read\n\t/Users/bba/pc/tidb/pkg/objstore/s3store/s3_test.go:863\ngithub.com/pingcap/tidb/pkg/objstore/s3like.(*s3ObjectReader).Read\n\t/Users/bba/pc/tidb/pkg/objstore/s3like/io.go:55\nio.ReadAtLeast\n\t/Users/bba/.gvm/pkgsets/go1.25.1/global/pkg/mod/golang.org/toolchain@v0.0.1-go1.25.10.darwin-arm64/src/io/io.go:335\nio.ReadFull\n\t/Users/bba/.gvm/pkgsets/go1.25.1/global/pkg/mod/golang.org/toolchain@v0.0.1-go1.25.10.darwin-arm64/src/io/io.go:354\ngithub.com/pingcap/tidb/pkg/objstore/s3store_test.TestS3ReaderWithRetryEOF.func3\n\t/Users/bba/pc/tidb/pkg/objstore/s3store/s3_test.go:958\ngithub.com/pingcap/tidb/pkg/objstore/s3store_test.TestS3ReaderWithRetryEOF\n\t/Users/bba/pc/tidb/pkg/objstore/s3store/s3_test.go:971\ntesting.tRunner\n\t/Users/bba/.gvm/pkgsets/go1.25.1/global/pkg/mod/golang.org/toolchain@v0.0.1-go1.25.10.darwin-arm64/src/testing/testing.go:1934\nruntime.goexit\n\t/Users/bba/.gvm/pkgsets/go1.25.1/global/pkg/mod/golang.org/toolchain@v0.0.1-go1.25.10.darwin-arm64/src/runtime/asm_arm64.s:1268"]
[2026/07/10 06:08:58.734 +08:00] [WARN] [io.go:61] ["read s3 object failed, will retry"] [file=random] [retryCnt=0] [error="always fail read"] [errorVerbose="always fail read\ngithub.com/pingcap/tidb/pkg/objstore/s3store_test.alwaysFailReader.Read\n\t/Users/bba/pc/tidb/pkg/objstore/s3store/s3_test.go:985\ngithub.com/pingcap/tidb/pkg/objstore/s3like.(*s3ObjectReader).Read\n\t/Users/bba/pc/tidb/pkg/objstore/s3like/io.go:55\ngithub.com/pingcap/tidb/pkg/objstore/s3store_test.TestS3ReaderWithRetryFailed\n\t/Users/bba/pc/tidb/pkg/objstore/s3store/s3_test.go:1010\ntesting.tRunner\n\t/Users/bba/.gvm/pkgsets/go1.25.1/global/pkg/mod/golang.org/toolchain@v0.0.1-go1.25.10.darwin-arm64/src/testing/testing.go:1934\nruntime.goexit\n\t/Users/bba/.gvm/pkgsets/go1.25.1/global/pkg/mod/golang.org/toolchain@v0.0.1-go1.25.10.darwin-arm64/src/runtime/asm_arm64.s:1268"]
[2026/07/10 06:08:58.734 +08:00] [WARN] [io.go:61] ["read s3 object failed, will retry"] [file=random] [retryCnt=1] [error="always fail read"] [errorVerbose="always fail read\ngithub.com/pingcap/tidb/pkg/objstore/s3store_test.alwaysFailReader.Read\n\t/Users/bba/pc/tidb/pkg/objstore/s3store/s3_test.go:985\ngithub.com/pingcap/tidb/pkg/objstore/s3like.(*s3ObjectReader).Read\n\t/Users/bba/pc/tidb/pkg/objstore/s3like/io.go:84\ngithub.com/pingcap/tidb/pkg/objstore/s3store_test.TestS3ReaderWithRetryFailed\n\t/Users/bba/pc/tidb/pkg/objstore/s3store/s3_test.go:1010\ntesting.tRunner\n\t/Users/bba/.gvm/pkgsets/go1.25.1/global/pkg/mod/golang.org/toolchain@v0.0.1-go1.25.10.darwin-arm64/src/testing/testing.go:1934\nruntime.goexit\n\t/Users/bba/.gvm/pkgsets/go1.25.1/global/pkg/mod/golang.org/toolchain@v0.0.1-go1.25.10.darwin-arm64/src/runtime/asm_arm64.s:1268"]
[2026/07/10 06:08:58.734 +08:00] [WARN] [io.go:61] ["read s3 object failed, will retry"] [file=random] [retryCnt=2] [error="always fail read"] [errorVerbose="always fail read\ngithub.com/pingcap/tidb/pkg/objstore/s3store_test.alwaysFailReader.Read\n\t/Users/bba/pc/tidb/pkg/objstore/s3store/s3_test.go:985\ngithub.com/pingcap/tidb/pkg/objstore/s3like.(*s3ObjectReader).Read\n\t/Users/bba/pc/tidb/pkg/objstore/s3like/io.go:84\ngithub.com/pingcap/tidb/pkg/objstore/s3store_test.TestS3ReaderWithRetryFailed\n\t/Users/bba/pc/tidb/pkg/objstore/s3store/s3_test.go:1010\ntesting.tRunner\n\t/Users/bba/.gvm/pkgsets/go1.25.1/global/pkg/mod/golang.org/toolchain@v0.0.1-go1.25.10.darwin-arm64/src/testing/testing.go:1934\nruntime.goexit\n\t/Users/bba/.gvm/pkgsets/go1.25.1/global/pkg/mod/golang.org/toolchain@v0.0.1-go1.25.10.darwin-arm64/src/runtime/asm_arm64.s:1268"]
[2026/07/10 06:08:58.734 +08:00] [WARN] [io.go:61] ["read s3 object failed, will retry"] [file=random] [retryCnt=0] [error="mock read error"] [errorVerbose="mock read error\ngithub.com/pingcap/tidb/pkg/objstore/s3store_test.(*failEvenReadReader).Read\n\t/Users/bba/pc/tidb/pkg/objstore/s3store/s3_test.go:1023\ngithub.com/pingcap/tidb/pkg/objstore/s3like.(*s3ObjectReader).Read\n\t/Users/bba/pc/tidb/pkg/objstore/s3like/io.go:55\nio.ReadAtLeast\n\t/Users/bba/.gvm/pkgsets/go1.25.1/global/pkg/mod/golang.org/toolchain@v0.0.1-go1.25.10.darwin-arm64/src/io/io.go:335\nio.ReadFull\n\t/Users/bba/.gvm/pkgsets/go1.25.1/global/pkg/mod/golang.org/toolchain@v0.0.1-go1.25.10.darwin-arm64/src/io/io.go:354\ngithub.com/pingcap/tidb/pkg/objstore/s3store_test.TestS3ReaderResetRetry.func3\n\t/Users/bba/pc/tidb/pkg/objstore/s3store/s3_test.go:1054\ngithub.com/pingcap/tidb/pkg/objstore/s3store_test.TestS3ReaderResetRetry\n\t/Users/bba/pc/tidb/pkg/objstore/s3store/s3_test.go:1061\ntesting.tRunner\n\t/Users/bba/.gvm/pkgsets/go1.25.1/global/pkg/mod/golang.org/toolchain@v0.0.1-go1.25.10.darwin-arm64/src/testing/testing.go:1934\nruntime.goexit\n\t/Users/bba/.gvm/pkgsets/go1.25.1/global/pkg/mod/golang.org/toolchain@v0.0.1-go1.25.10.darwin-arm64/src/runtime/asm_arm64.s:1268"]
[2026/07/10 06:08:58.734 +08:00] [WARN] [io.go:61] ["read s3 object failed, will retry"] [file=random] [retryCnt=0] [error="mock read error"] [errorVerbose="mock read error\ngithub.com/pingcap/tidb/pkg/objstore/s3store_test.(*failEvenReadReader).Read\n\t/Users/bba/pc/tidb/pkg/objstore/s3store/s3_test.go:1023\ngithub.com/pingcap/tidb/pkg/objstore/s3like.(*s3ObjectReader).Read\n\t/Users/bba/pc/tidb/pkg/objstore/s3like/io.go:55\nio.ReadAtLeast\n\t/Users/bba/.gvm/pkgsets/go1.25.1/global/pkg/mod/golang.org/toolchain@v0.0.1-go1.25.10.darwin-arm64/src/io/io.go:335\nio.ReadFull\n\t/Users/bba/.gvm/pkgsets/go1.25.1/global/pkg/mod/golang.org/toolchain@v0.0.1-go1.25.10.darwin-arm64/src/io/io.go:354\ngithub.com/pingcap/tidb/pkg/objstore/s3store_test.TestS3ReaderResetRetry.func3\n\t/Users/bba/pc/tidb/pkg/objstore/s3store/s3_test.go:1054\ngithub.com/pingcap/tidb/pkg/objstore/s3store_test.TestS3ReaderResetRetry\n\t/Users/bba/pc/tidb/pkg/objstore/s3store/s3_test.go:1061\ntesting.tRunner\n\t/Users/bba/.gvm/pkgsets/go1.25.1/global/pkg/mod/golang.org/toolchain@v0.0.1-go1.25.10.darwin-arm64/src/testing/testing.go:1934\nruntime.goexit\n\t/Users/bba/.gvm/pkgsets/go1.25.1/global/pkg/mod/golang.org/toolchain@v0.0.1-go1.25.10.darwin-arm64/src/runtime/asm_arm64.s:1268"]
[2026/07/10 06:08:58.735 +08:00] [WARN] [io.go:61] ["read s3 object failed, will retry"] [file=random] [retryCnt=0] [error="mock read error"] [errorVerbose="mock read error\ngithub.com/pingcap/tidb/pkg/objstore/s3store_test.(*failEvenReadReader).Read\n\t/Users/bba/pc/tidb/pkg/objstore/s3store/s3_test.go:1023\ngithub.com/pingcap/tidb/pkg/objstore/s3like.(*s3ObjectReader).Read\n\t/Users/bba/pc/tidb/pkg/objstore/s3like/io.go:55\nio.ReadAtLeast\n\t/Users/bba/.gvm/pkgsets/go1.25.1/global/pkg/mod/golang.org/toolchain@v0.0.1-go1.25.10.darwin-arm64/src/io/io.go:335\nio.ReadFull\n\t/Users/bba/.gvm/pkgsets/go1.25.1/global/pkg/mod/golang.org/toolchain@v0.0.1-go1.25.10.darwin-arm64/src/io/io.go:354\ngithub.com/pingcap/tidb/pkg/objstore/s3store_test.TestS3ReaderResetRetry.func3\n\t/Users/bba/pc/tidb/pkg/objstore/s3store/s3_test.go:1054\ngithub.com/pingcap/tidb/pkg/objstore/s3store_test.TestS3ReaderResetRetry\n\t/Users/bba/pc/tidb/pkg/objstore/s3store/s3_test.go:1061\ntesting.tRunner\n\t/Users/bba/.gvm/pkgsets/go1.25.1/global/pkg/mod/golang.org/toolchain@v0.0.1-go1.25.10.darwin-arm64/src/testing/testing.go:1934\nruntime.goexit\n\t/Users/bba/.gvm/pkgsets/go1.25.1/global/pkg/mod/golang.org/toolchain@v0.0.1-go1.25.10.darwin-arm64/src/runtime/asm_arm64.s:1268"]
[2026/07/10 06:08:58.735 +08:00] [WARN] [io.go:61] ["read s3 object failed, will retry"] [file=random] [retryCnt=0] [error="mock read error"] [errorVerbose="mock read error\ngithub.com/pingcap/tidb/pkg/objstore/s3store_test.(*failEvenReadReader).Read\n\t/Users/bba/pc/tidb/pkg/objstore/s3store/s3_test.go:1023\ngithub.com/pingcap/tidb/pkg/objstore/s3like.(*s3ObjectReader).Read\n\t/Users/bba/pc/tidb/pkg/objstore/s3like/io.go:55\nio.ReadAtLeast\n\t/Users/bba/.gvm/pkgsets/go1.25.1/global/pkg/mod/golang.org/toolchain@v0.0.1-go1.25.10.darwin-arm64/src/io/io.go:335\nio.ReadFull\n\t/Users/bba/.gvm/pkgsets/go1.25.1/global/pkg/mod/golang.org/toolchain@v0.0.1-go1.25.10.darwin-arm64/src/io/io.go:354\ngithub.com/pingcap/tidb/pkg/objstore/s3store_test.TestS3ReaderResetRetry.func3\n\t/Users/bba/pc/tidb/pkg/objstore/s3store/s3_test.go:1054\ngithub.com/pingcap/tidb/pkg/objstore/s3store_test.TestS3ReaderResetRetry\n\t/Users/bba/pc/tidb/pkg/objstore/s3store/s3_test.go:1061\ntesting.tRunner\n\t/Users/bba/.gvm/pkgsets/go1.25.1/global/pkg/mod/golang.org/toolchain@v0.0.1-go1.25.10.darwin-arm64/src/testing/testing.go:1934\nruntime.goexit\n\t/Users/bba/.gvm/pkgsets/go1.25.1/global/pkg/mod/golang.org/toolchain@v0.0.1-go1.25.10.darwin-arm64/src/runtime/asm_arm64.s:1268"]
[2026/07/10 06:08:58.735 +08:00] [WARN] [io.go:61] ["read s3 object failed, will retry"] [file=random] [retryCnt=0] [error="mock read error"] [errorVerbose="mock read error\ngithub.com/pingcap/tidb/pkg/objstore/s3store_test.(*failEvenReadReader).Read\n\t/Users/bba/pc/tidb/pkg/objstore/s3store/s3_test.go:1023\ngithub.com/pingcap/tidb/pkg/objstore/s3like.(*s3ObjectReader).Read\n\t/Users/bba/pc/tidb/pkg/objstore/s3like/io.go:55\nio.ReadAtLeast\n\t/Users/bba/.gvm/pkgsets/go1.25.1/global/pkg/mod/golang.org/toolchain@v0.0.1-go1.25.10.darwin-arm64/src/io/io.go:335\nio.ReadFull\n\t/Users/bba/.gvm/pkgsets/go1.25.1/global/pkg/mod/golang.org/toolchain@v0.0.1-go1.25.10.darwin-arm64/src/io/io.go:354\ngithub.com/pingcap/tidb/pkg/objstore/s3store_test.TestS3ReaderResetRetry.func3\n\t/Users/bba/pc/tidb/pkg/objstore/s3store/s3_test.go:1054\ngithub.com/pingcap/tidb/pkg/objstore/s3store_test.TestS3ReaderResetRetry\n\t/Users/bba/pc/tidb/pkg/objstore/s3store/s3_test.go:1061\ntesting.tRunner\n\t/Users/bba/.gvm/pkgsets/go1.25.1/global/pkg/mod/golang.org/toolchain@v0.0.1-go1.25.10.darwin-arm64/src/testing/testing.go:1934\nruntime.goexit\n\t/Users/bba/.gvm/pkgsets/go1.25.1/global/pkg/mod/golang.org/toolchain@v0.0.1-go1.25.10.darwin-arm64/src/runtime/asm_arm64.s:1268"]
[2026/07/10 06:08:58.735 +08:00] [WARN] [store.go:316] ["ReadFile: failed to read file."] [file=truncating.lock] [error="failed to read s3 file, file info: input.bucket='bucket', input.key='truncating.lock': no such key"] [remained=5]
[2026/07/10 06:08:59.438 +08:00] [WARN] [retry.go:71] ["failed to request s3, checking whether we can retry"] [error="https response error StatusCode: 403, RequestID: 184GSQRKQ0JMJVNM, HostID: or25eS0CGYRz6tWqZBWQxNU1pE7DNVGcN+DG3DZUXgpHwdOQevrv/z/GnhtfC+jorBn3v9O6V5CK4rSSIepZH8pVR5RqX8Hi, api error Forbidden: Forbidden"] [retry=false]
[2026/07/10 06:08:59.438 +08:00] [INFO] [store.go:277] ["succeed to get bucket region from s3"] [bucket=bucket] [prefix=prefix] [context=s3] [provider=] ["bucket region"=us-east-1]
[2026/07/10 06:09:00.259 +08:00] [WARN] [retry.go:71] ["failed to request s3, checking whether we can retry"] [error="https response error StatusCode: 403, RequestID: G23XYHQ8GVN5C8SW, HostID: drxNYvMfGRbk8dmKV4O9WF88nNfGISL/UAB/aqobE/n0r6+Vb0ay/tgHGtzuyQC67sjbuUALqK8=, api error Forbidden: Forbidden"] [retry=false]
[2026/07/10 06:09:00.259 +08:00] [INFO] [store.go:277] ["succeed to get bucket region from s3"] [bucket=bucket] [prefix=prefix] [context=s3] [provider=] ["bucket region"=us-east-1]
[2026/07/10 06:09:00.260 +08:00] [INFO] [store.go:277] ["succeed to get bucket region from s3"] [bucket=bucket] [prefix=prefix] [context=s3] [provider=aws] ["bucket region"=us-east-1]
[2026/07/10 06:09:00.261 +08:00] [INFO] [store.go:277] ["succeed to get bucket region from s3"] [bucket=bucket] [prefix=prefix] [context=s3] [provider=ovh] ["bucket region"=sdg]
[2026/07/10 06:09:00.261 +08:00] [INFO] [store.go:277] ["succeed to get bucket region from s3"] [bucket=bucket] [prefix=prefix] [context=s3] [provider=ovh] ["bucket region"=]
[2026/07/10 06:09:00.262 +08:00] [INFO] [store.go:277] ["succeed to get bucket region from s3"] [bucket=bucket] [prefix=prefix] [context=s3] [provider=aws] ["bucket region"=us-west-2]
[2026/07/10 06:09:00.263 +08:00] [INFO] [store.go:277] ["succeed to get bucket region from s3"] [bucket=bucket] [prefix=prefix] [context=s3] [provider=aws] ["bucket region"=us-west-2]
[2026/07/10 06:09:00.264 +08:00] [INFO] [store.go:277] ["succeed to get bucket region from s3"] [bucket=test] [prefix=retry] [context=s3] [provider="skip check region"] ["bucket region"=]
[2026/07/10 06:09:00.265 +08:00] [WARN] [retry.go:71] ["failed to request s3, checking whether we can retry"] [error="https response error StatusCode: 403, RequestID: , HostID: , api error Forbidden: Forbidden"] [retry=false]
--- FAIL: TestRetryError (0.00s)
    s3_test.go:1696: http://127.0.0.1:53032
    s3_test.go:1680: /test/retry/reset?x-id=PutObject
    s3_test.go:1712: 
        	Error Trace:	/Users/bba/pc/tidb/pkg/objstore/s3store/s3_test.go:1712
        	Error:      	Received unexpected error:
        	            	operation error S3: PutObject, https response error StatusCode: 403, RequestID: , HostID: , api error Forbidden: Forbidden
        	            	github.com/pingcap/errors.Trace
        	            		/Users/bba/.gvm/pkgsets/go1.25.1/global/pkg/mod/github.com/pingcap/errors@v0.11.5-0.20260508054701-306e305bcf41/juju_adaptor.go:15
        	            	github.com/pingcap/tidb/pkg/objstore/s3store.(*s3Client).PutObject
        	            		/Users/bba/pc/tidb/pkg/objstore/s3store/client.go:174
        	            	github.com/pingcap/tidb/pkg/objstore/s3like.(*Storage).WriteFile
        	            		/Users/bba/pc/tidb/pkg/objstore/s3like/store.go:290
        	            	github.com/pingcap/tidb/pkg/objstore/s3store_test.TestRetryError
        	            		/Users/bba/pc/tidb/pkg/objstore/s3store/s3_test.go:1711
        	            	testing.tRunner
        	            		/Users/bba/.gvm/pkgsets/go1.25.1/global/pkg/mod/golang.org/toolchain@v0.0.1-go1.25.10.darwin-arm64/src/testing/testing.go:1934
        	            	runtime.goexit
        	            		/Users/bba/.gvm/pkgsets/go1.25.1/global/pkg/mod/golang.org/toolchain@v0.0.1-go1.25.10.darwin-arm64/src/runtime/asm_arm64.s:1268
        	Test:       	TestRetryError
--- FAIL: TestS3ReadFileRetryable (0.00s)
    s3_test.go:1763: 
        	Error Trace:	/Users/bba/pc/tidb/pkg/objstore/s3store/s3_test.go:1763
        	Error:      	An error is expected but got nil.
        	Test:       	TestS3ReadFileRetryable
    controller.go:251: missing call(s) to *mock.MockS3API.GetObject(is anything, is anything, is anything) /Users/bba/pc/tidb/pkg/objstore/s3store/s3_test.go:522
    controller.go:251: missing call(s) to *mock.MockS3API.GetObject(is anything, is anything, is anything) /Users/bba/pc/tidb/pkg/objstore/s3store/s3_test.go:1758
    controller.go:251: aborting test due to missing call(s)
FAIL
FAIL	github.com/pingcap/tidb/pkg/objstore/s3store	3.004s
FAIL
