[2026-07-12 00:57:20] start
8192
WATERMARK=4681
JOB_LINE=4682	add index	write reorganization	running	0
JOB_LINE=4682	add index	write reorganization	running	0
JOB_LINE=4682	add index	write reorganization	running	0
JOB_LINE=4682	add index	write reorganization	running	0
JOB_LINE=4682	add index	write reorganization	running	0
JOB_LINE=4682	add index	public	synced	8192
JOB_LINE=4682	add index	public	synced	8192
JOB_LINE=4682	add index	public	synced	8192
JOB_LINE=4682	add index	public	synced	8192
JOB_LINE=4682	add index	public	synced	8192
JOB_LINE=4682	add index	public	synced	8192
JOB_LINE=4682	add index	public	synced	8192
JOB_LINE=4682	add index	public	synced	8192
JOB_LINE=4682	add index	public	synced	8192
JOB_LINE=4682	add index	public	synced	8192
JOB_LINE=4682	add index	public	synced	8192
JOB_LINE=4682	add index	public	synced	8192
JOB_LINE=4682	add index	public	synced	8192
JOB_LINE=4682	add index	public	synced	8192
JOB_LINE=4682	add index	public	synced	8192
JOB_LINE=4682	add index	public	synced	8192
JOB_LINE=4682	add index	public	synced	8192
JOB_LINE=4682	add index	public	synced	8192
JOB_LINE=4682	add index	public	synced	8192
JOB_LINE=4682	add index	public	synced	8192
JOB_LINE=4682	add index	public	synced	8192
JOB_LINE=4682	add index	public	synced	8192
JOB_LINE=4682	add index	public	synced	8192
JOB_LINE=4682	add index	public	synced	8192
JOB_LINE=4682	add index	public	synced	8192
JOB_LINE=4682	add index	public	synced	8192
JOB_LINE=4682	add index	public	synced	8192
JOB_LINE=4682	add index	public	synced	8192
JOB_LINE=4682	add index	public	synced	8192
JOB_LINE=4682	add index	public	synced	8192
JOB_LINE=4682	add index	public	synced	8192
JOB_LINE=4682	add index	public	synced	8192
JOB_LINE=4682	add index	public	synced	8192
