VERSIONS_AND_SETTINGS
Release Version: v9.0.0-beta.2.pre-2017-ged2376acc6
Edition: Community
Git Commit Hash: ed2376acc6e0feeff9f3e2c38db489727933aa80
Git Branch: HEAD
UTC Build Time: 2026-07-23 03:36:19
GoVersion: go1.25.10
Race Enabled: false
Check Table Before Drop: false
Store: tikv
Kernel Type: Classic
pd	9.0.0-beta.2.pre-454-gf7db42521	f7db42521223b92fa30d68352b15e6962b699b7e
tidb	9.0.0-beta.2.pre-2017-ged2376acc6	ed2376acc6e0feeff9f3e2c38db489727933aa80
tikv	9.0.0-beta.2	730be34f959185c934b7d3db730ca1dbeb3949f8
mdl=1,sql_mode=ONLY_FULL_GROUP_BY,STRICT_TRANS_TABLES,NO_ZERO_IN_DATE,NO_ZERO_DATE,ERROR_FOR_DIVISION_BY_ZERO,NO_AUTO_CREATE_USER,NO_ENGINE_SUBSTITUTION
RED_PLAN
Delete	N/A	root		N/A
└─TableReader	8000.00	root		data:Projection
  └─Projection	8000.00	cop[tikv]		ai_float_uint_half_tie.push_red.id
    └─Selection	8000.00	cop[tikv]		eq(cast(ai_float_uint_half_tie.push_red.x, bigint UNSIGNED BINARY), 1)
      └─TableFullScan	10000.00	cop[tikv]	table:push_red	keep order:false, stats:pseudo
RED_ROWSET push=1,3 root=3
RED_SELF_ORACLE
1:0.5:0:0
3:1.4:1:1
RED_DELETE
push_affected=2 root_affected=1
push_remaining=2 root_remaining=1,2
GREEN_ROWSET
push=1,3 root=1,3
matrix=RED_CONFIRMED
