=== RUN   TestAINativeAsyncCheckNotExistsSQLRecovery
[2026/07/14 11:15:35.357 +08:00] [INFO] [service_discovery.go:1030] ["[pd] switch leader"] [new-leader=http://127.0.0.1:2379] [old-leader=]
[2026/07/14 11:15:35.358 +08:00] [INFO] [service_discovery.go:509] ["[pd] init cluster id"] [cluster-id=7662212494604604778]
[2026/07/14 11:15:35.358 +08:00] [INFO] [client.go:214] ["[tso] switch the tso leader serving url"] [new-url=http://127.0.0.1:2379]
[2026/07/14 11:15:35.358 +08:00] [INFO] [inner_client.go:173] ["[pd] tso provider changed to pd"]
[2026/07/14 11:15:35.358 +08:00] [INFO] [client.go:251] ["[tso] start tso connection contexts updater"]
[2026/07/14 11:15:35.358 +08:00] [INFO] [watcher.go:56] ["[pd] start the deadline watcher"] [source=tso]
[2026/07/14 11:15:35.358 +08:00] [INFO] [dispatcher.go:146] ["[tso] tso dispatcher created"]
[2026/07/14 11:15:35.358 +08:00] [INFO] [dispatcher.go:598] ["[tso] switching tso rpc concurrency"] [old=0] [new=1]
[2026/07/14 11:15:35.358 +08:00] [INFO] [inner_client.go:154] ["[pd] service mode changed"] [new-mode=PD_SVC_MODE]
[2026/07/14 11:15:35.358 +08:00] [INFO] [router_service_discovery.go:162] ["[router service] created router service discovery"] [cluster-id=7662212494604604778] [keyspace-id=4294967295] [default-discovery-key=/ms/7662212494604604778/router/registry/]
[2026/07/14 11:15:35.358 +08:00] [INFO] [router_service_discovery.go:174] ["[router service] initializing router service discovery"] [max-retry-times=100] [retry-interval=1s]
[2026/07/14 11:15:35.359 +08:00] [INFO] [router_service_discovery.go:260] ["[router service] update member sorted urls"] [new-sorted-urls="[]"]
[2026/07/14 11:15:35.359 +08:00] [INFO] [router_service_discovery.go:245] ["[router service] updating nodes succeeded"] [urls="[]"] [clients-length=0]
[2026/07/14 11:15:35.359 +08:00] [INFO] [client.go:424] ["[router] connection daemon is started"]
[2026/07/14 11:15:35.359 +08:00] [INFO] [tikv_driver.go:194] ["using API V1."]
[2026/07/14 11:15:35.359 +08:00] [INFO] [client.go:585] ["[router] dispatcher is started"]
[2026/07/14 11:15:35.359 +08:00] [INFO] [inner_client.go:91] ["[pd] start router client initializer"]
[2026/07/14 11:15:35.359 +08:00] [INFO] [client.go:509] ["[router] successfully established the leader router stream connection"] [url=http://127.0.0.1:2379]
[2026/07/14 11:15:35.359 +08:00] [INFO] [metamanager.go:146] ["return meta service group info"] [meta-service-info="{\"PDAddrs\":[\"127.0.0.1:2379\"],\"Group\":{\"GroupID\":\"0\",\"Addrs\":[\"127.0.0.1:2379\"]}}"]
[2026/07/14 11:15:35.362 +08:00] [INFO] [store_cache.go:572] ["change store resolve state"] [store=1] [addr=127.0.0.1:20160] [from=unresolved] [to=resolved] [liveness-state=reachable]
[2026/07/14 11:15:35.366 +08:00] [INFO] [session.go:4353] ["cluster already bootstrapped"] [version=263]
[2026/07/14 11:15:35.367 +08:00] [INFO] [tidb.go:103] ["new domain"] [store=tikv-7662212494604604778/] ["ddl lease"=500ms] ["stats lease"=3s]
[2026/07/14 11:15:35.393 +08:00] [INFO] [info.go:279] ["init TiFlashReplicaManager"]
[2026/07/14 11:15:35.416 +08:00] [INFO] [domain.go:2708] [acquireServerID] [serverID=448] ["lease id"=22319f5e8f21e30e]
[2026/07/14 11:15:35.420 +08:00] [INFO] [global_controller.go:219] ["load resource controller config"] [config="{\"degraded-mode-wait-duration\":\"0s\",\"ltb-max-wait-duration\":\"30s\",\"ltb-token-rpc-max-delay\":\"1s\",\"request-unit\":{\"read-base-cost\":0.125,\"read-per-batch-base-cost\":0.5,\"read-cost-per-byte\":0.0000152587890625,\"write-base-cost\":1,\"write-per-batch-base-cost\":1,\"write-cost-per-byte\":0.0009765625,\"read-cpu-ms-cost\":0.3333333333333333},\"enable-controller-trace-log\":\"false\",\"token-rpc-params\":{\"wait-retry-interval\":\"50ms\",\"wait-retry-times\":20}}"] [ru-config="{\"ReadBaseCost\":0.125,\"ReadPerBatchBaseCost\":0.5,\"ReadBytesCost\":0.0000152587890625,\"WriteBaseCost\":1,\"WritePerBatchBaseCost\":1,\"WriteBytesCost\":0.0009765625,\"CPUMsCost\":0.3333333333333333,\"LTBMaxWaitDuration\":30000000000,\"WaitRetryInterval\":50000000,\"WaitRetryTimes\":20,\"DegradedModeWaitDuration\":0}"] [keyspace-id=4294967295]
[2026/07/14 11:15:35.429 +08:00] [INFO] [loader.go:281] ["full load InfoSchema success"] [mode=auto] [isV2=true] [currentSchemaVersion=0] [neededSchemaVersion=91] ["elapsed time"=6.766584ms]
[2026/07/14 11:15:35.429 +08:00] [INFO] [syncer.go:456] ["full load and reset schema validator"]
[2026/07/14 11:15:35.438 +08:00] [INFO] [ddl.go:1159] ["DDL closed"] [category=ddl] [ID=419b3a2f-ab68-42ad-a984-a3ac4e5b2951] ["take time"=4.766958ms]
[2026/07/14 11:15:35.438 +08:00] [INFO] [ddl.go:849] ["stop DDL"] [category=ddl] [ID=419b3a2f-ab68-42ad-a984-a3ac4e5b2951]
[2026/07/14 11:15:35.450 +08:00] [INFO] [domain.go:2733] ["releaseServerID succeed"] [serverID=448] [leaseID=2463925699625476878]
[2026/07/14 11:15:35.450 +08:00] [WARN] [meta_storage_client.go:165] ["watch stream closed"] [error="rpc error: code = Canceled desc = context canceled"]
[2026/07/14 11:15:35.450 +08:00] [WARN] [meta_storage_client.go:165] ["watch stream closed"] [error="rpc error: code = Canceled desc = context canceled"]
[2026/07/14 11:15:35.462 +08:00] [INFO] [domain.go:550] ["domain closed"] ["take time"=29.166333ms]
[2026/07/14 11:15:35.462 +08:00] [INFO] [tidb.go:103] ["new domain"] [store=tikv-7662212494604604778/] ["ddl lease"=500ms] ["stats lease"=3s]
[2026/07/14 11:15:35.488 +08:00] [INFO] [info.go:279] ["init TiFlashReplicaManager"]
[2026/07/14 11:15:35.510 +08:00] [INFO] [domain.go:2708] [acquireServerID] [serverID=864] ["lease id"=22319f5e8f21e327]
[2026/07/14 11:15:35.514 +08:00] [INFO] [global_controller.go:219] ["load resource controller config"] [config="{\"degraded-mode-wait-duration\":\"0s\",\"ltb-max-wait-duration\":\"30s\",\"ltb-token-rpc-max-delay\":\"1s\",\"request-unit\":{\"read-base-cost\":0.125,\"read-per-batch-base-cost\":0.5,\"read-cost-per-byte\":0.0000152587890625,\"write-base-cost\":1,\"write-per-batch-base-cost\":1,\"write-cost-per-byte\":0.0009765625,\"read-cpu-ms-cost\":0.3333333333333333},\"enable-controller-trace-log\":\"false\",\"token-rpc-params\":{\"wait-retry-interval\":\"50ms\",\"wait-retry-times\":20}}"] [ru-config="{\"ReadBaseCost\":0.125,\"ReadPerBatchBaseCost\":0.5,\"ReadBytesCost\":0.0000152587890625,\"WriteBaseCost\":1,\"WritePerBatchBaseCost\":1,\"WriteBytesCost\":0.0009765625,\"CPUMsCost\":0.3333333333333333,\"LTBMaxWaitDuration\":30000000000,\"WaitRetryInterval\":50000000,\"WaitRetryTimes\":20,\"DegradedModeWaitDuration\":0}"] [keyspace-id=4294967295]
[2026/07/14 11:15:35.525 +08:00] [INFO] [loader.go:281] ["full load InfoSchema success"] [mode=auto] [isV2=true] [currentSchemaVersion=0] [neededSchemaVersion=91] ["elapsed time"=9.988ms]
[2026/07/14 11:15:35.525 +08:00] [INFO] [syncer.go:456] ["full load and reset schema validator"]
[2026/07/14 11:15:35.526 +08:00] [INFO] [ddl.go:1070] ["change job version in use"] [category=ddl] [old=v1] [new=v2]
[2026/07/14 11:15:35.526 +08:00] [INFO] [ddl.go:994] ["job version in use is not v2 or global index v1 not supported, maybe in upgrade, start detecting"] [category=ddl] [current=v2] [globalIndexV1Supported=false]
[2026/07/14 11:15:35.526 +08:00] [INFO] [ddl.go:882] ["start DDL"] [category=ddl] [ID=419b3a2f-ab68-42ad-a984-a3ac4e5b2951] [runWorker=true] [jobVersion=v2] [startMode=normal]
[2026/07/14 11:15:35.526 +08:00] [INFO] [ddl.go:857] ["start delRangeManager OK"] [category=ddl] ["is a emulator"=false]
[2026/07/14 11:15:35.530 +08:00] [WARN] [global_controller.go:850] ["[resource group controller] resource group name does not exist"] [name=default]
[2026/07/14 11:15:35.530 +08:00] [INFO] [manager.go:289] ["start campaign owner"] [key=/tidb/ddl/fg/owner] [id=419b3a2f-ab68-42ad-a984-a3ac4e5b2951]
[2026/07/14 11:15:35.535 +08:00] [INFO] [env.go:123] ["the ingest sorted directory"] [category=ddl-ingest] ["data path"=/tmp/tidb/tmp_ddl-4000]
[2026/07/14 11:15:35.536 +08:00] [WARN] [env.go:84] ["ingest backfill may not be available"] [category=ddl-ingest] [error="the available disk space(62520668160) in /tmp/tidb/tmp_ddl-4000 should be greater than @@tidb_ddl_disk_quota(107374182400)"] [errorVerbose="the available disk space(62520668160) in /tmp/tidb/tmp_ddl-4000 should be greater than @@tidb_ddl_disk_quota(107374182400)\ngithub.com/pingcap/tidb/pkg/ddl/ingest.(*diskRootImpl).StartupCheck\n\t/Users/bba/pc/ai-native-fuzz-assets/.txnlab/worktrees/campaign.txn.terminal.20260714/tidb/pkg/ddl/ingest/disk_root.go:191\ngithub.com/pingcap/tidb/pkg/ddl/ingest.InitGlobalLightningEnv\n\t/Users/bba/pc/ai-native-fuzz-assets/.txnlab/worktrees/campaign.txn.terminal.20260714/tidb/pkg/ddl/ingest/env.go:82\ngithub.com/pingcap/tidb/pkg/ddl.(*ddl).Start\n\t/Users/bba/pc/ai-native-fuzz-assets/.txnlab/worktrees/campaign.txn.terminal.20260714/tidb/pkg/ddl/ddl.go:944\ngithub.com/pingcap/tidb/pkg/domain.(*Domain).Start\n\t/Users/bba/pc/ai-native-fuzz-assets/.txnlab/worktrees/campaign.txn.terminal.20260714/tidb/pkg/domain/domain.go:809\ngithub.com/pingcap/tidb/pkg/session.bootstrapSessionImpl\n\t/Users/bba/pc/ai-native-fuzz-assets/.txnlab/worktrees/campaign.txn.terminal.20260714/tidb/pkg/session/session.go:4411\ngithub.com/pingcap/tidb/pkg/session.BootstrapSession\n\t/Users/bba/pc/ai-native-fuzz-assets/.txnlab/worktrees/campaign.txn.terminal.20260714/tidb/pkg/session/session.go:4292\ngithub.com/pingcap/tidb/tests/realtikvtest.CreateMockStoreAndDomainAndSetup\n\t/Users/bba/pc/ai-native-fuzz-assets/.txnlab/worktrees/campaign.txn.terminal.20260714/tidb/tests/realtikvtest/testkit.go:297\ngithub.com/pingcap/tidb/tests/realtikvtest/txntest.TestAINativeAsyncCheckNotExistsSQLRecovery\n\t/Users/bba/pc/ai-native-fuzz-assets/.txnlab/worktrees/campaign.txn.terminal.20260714/tidb/tests/realtikvtest/txntest/ai_native_async_checknotexists_sql_probe_test.go:52\ntesting.tRunner\n\t/Users/bba/.gvm/pkgsets/go1.25.1/global/pkg/mod/golang.org/toolchain@v0.0.1-go1.25.10.darwin-arm64/src/testing/testing.go:1934\nruntime.goexit\n\t/Users/bba/.gvm/pkgsets/go1.25.1/global/pkg/mod/golang.org/toolchain@v0.0.1-go1.25.10.darwin-arm64/src/runtime/asm_arm64.s:1268"]
[2026/07/14 11:15:35.536 +08:00] [INFO] [env.go:88] ["init global ingest backend environment finished"] [category=ddl-ingest] ["memory limitation"=19327352832] ["disk usage info"="disk usage: 932141916160/994662584320, backend usage: 0"] ["max open file number"=138240] ["lightning is initialized"=true]
[2026/07/14 11:15:35.536 +08:00] [INFO] [wait_group_wrapper.go:141] ["background process started"] [source=domain] [process=loadSchemaInLoop]
[2026/07/14 11:15:35.536 +08:00] [INFO] [wait_group_wrapper.go:141] ["background process started"] [source=domain] [process=mdlCheckLoop]
[2026/07/14 11:15:35.536 +08:00] [INFO] [wait_group_wrapper.go:141] ["background process started"] [source=domain] [process=topNSlowQueryLoop]
[2026/07/14 11:15:35.536 +08:00] [INFO] [wait_group_wrapper.go:141] ["background process started"] [source=domain] [process=infoSyncerKeeper]
[2026/07/14 11:15:35.536 +08:00] [INFO] [wait_group_wrapper.go:141] ["background process started"] [source=domain] [process=globalConfigSyncerKeeper]
[2026/07/14 11:15:35.536 +08:00] [INFO] [wait_group_wrapper.go:141] ["background process started"] [source=domain] [process=runawayRecordFlushLoop]
[2026/07/14 11:15:35.536 +08:00] [INFO] [wait_group_wrapper.go:141] ["background process started"] [source=domain] [process=runawayWatchSyncLoop]
[2026/07/14 11:15:35.536 +08:00] [INFO] [wait_group_wrapper.go:141] ["background process started"] [source=domain] [process=requestUnitsWriterLoop]
[2026/07/14 11:15:35.536 +08:00] [INFO] [wait_group_wrapper.go:141] ["background process started"] [source=domain] [process=topologySyncerKeeper]
[2026/07/14 11:15:35.536 +08:00] [INFO] [wait_group_wrapper.go:141] ["background process started"] [source=domain] [process=closestReplicaReadCheckLoop]
[2026/07/14 11:15:35.536 +08:00] [INFO] [wait_group_wrapper.go:150] ["background process exited"] [source=domain] [process=requestUnitsWriterLoop]
[2026/07/14 11:15:35.536 +08:00] [INFO] [owner_daemon.go:70] ["begin advancer daemon"] [daemon-id=LogBackup::Advancer]
[2026/07/14 11:15:35.536 +08:00] [INFO] [manager.go:289] ["start campaign owner"] [key=/tidb/br-stream/owner] [id=267a9063-60b5-4d2c-af56-d478cdb2c38f]
[2026/07/14 11:15:35.545 +08:00] [INFO] [manager.go:527] ["get owner"] [key=/tidb/ddl/fg/owner] ["owner key"=/tidb/ddl/fg/owner/22319f5e8f21e332] [ownerID=419b3a2f-ab68-42ad-a984-a3ac4e5b2951]
[2026/07/14 11:15:35.545 +08:00] [INFO] [manager.go:324] ["become owner"] [key=/tidb/ddl/fg/owner] [id=419b3a2f-ab68-42ad-a984-a3ac4e5b2951]
[2026/07/14 11:15:35.545 +08:00] [INFO] [manager.go:616] ["watching owner key"] [key=/tidb/ddl/fg/owner] [id=419b3a2f-ab68-42ad-a984-a3ac4e5b2951] [ownerKey=/tidb/ddl/fg/owner/22319f5e8f21e332] [currRev=941]
[2026/07/14 11:15:35.545 +08:00] [INFO] [wait_group_wrapper.go:141] ["background process started"] [source=domain] [process=logBackupAdvancer]
[2026/07/14 11:15:35.545 +08:00] [INFO] [owner_daemon.go:81] ["begin running daemon"] [id=267a9063-60b5-4d2c-af56-d478cdb2c38f] [daemon-id=LogBackup::Advancer]
[2026/07/14 11:15:35.545 +08:00] [WARN] [sysvar_cache.go:53] ["sysvar cache is empty, triggering rebuild"]
[2026/07/14 11:15:35.547 +08:00] [INFO] [sysvar.go:3400] ["set resource control"] [enable=true]
[2026/07/14 11:15:35.547 +08:00] [INFO] [inner_client.go:103] ["[pd] notified to disable the router client"]
[2026/07/14 11:15:35.547 +08:00] [INFO] [client.go:325] ["[router] closing router client"]
[2026/07/14 11:15:35.547 +08:00] [INFO] [client.go:606] ["[router] stop fetching the pending router requests due to context canceled"]
[2026/07/14 11:15:35.547 +08:00] [INFO] [client.go:587] ["[router] dispatcher is exiting"]
[2026/07/14 11:15:35.547 +08:00] [INFO] [client.go:430] ["[router] connection daemon is exiting"]
[2026/07/14 11:15:35.547 +08:00] [INFO] [client.go:592] ["[router] dispatcher exited"]
[2026/07/14 11:15:35.547 +08:00] [INFO] [client.go:330] ["[router] router client is closed"]
[2026/07/14 11:15:35.548 +08:00] [INFO] [global_controller.go:586] ["[resource group controller] create resource group cost controller"] [name=default]
[2026/07/14 11:15:35.548 +08:00] [INFO] [wait_group_wrapper.go:141] ["background process started"] [source=domain] [process=loadPrivilegeInLoop]
[2026/07/14 11:15:35.549 +08:00] [INFO] [job_scheduler.go:363] ["get global state and global state change"] [category=ddl] [oldState=false] [currState=false]
[2026/07/14 11:15:35.549 +08:00] [INFO] [manager.go:561] ["set owner op is the same as the original, so do nothing."] [key=/tidb/ddl/fg/owner] [id=419b3a2f-ab68-42ad-a984-a3ac4e5b2951] [op=none]
[2026/07/14 11:15:35.549 +08:00] [INFO] [job_scheduler.go:375] ["the owner sets owner operator value"] [category=ddl] [ownerOp=none]
[2026/07/14 11:15:35.549 +08:00] [INFO] [manager.go:527] ["get owner"] [key=/tidb/br-stream/owner] ["owner key"=/tidb/br-stream/owner/22319f5e8f21e335] [ownerID=267a9063-60b5-4d2c-af56-d478cdb2c38f]
[2026/07/14 11:15:35.549 +08:00] [INFO] [manager.go:324] ["become owner"] [key=/tidb/br-stream/owner] [id=267a9063-60b5-4d2c-af56-d478cdb2c38f]
[2026/07/14 11:15:35.549 +08:00] [INFO] [manager.go:616] ["watching owner key"] [key=/tidb/br-stream/owner] [id=267a9063-60b5-4d2c-af56-d478cdb2c38f] [ownerKey=/tidb/br-stream/owner/22319f5e8f21e335] [currRev=942]
[2026/07/14 11:15:35.551 +08:00] [INFO] [wait_group_wrapper.go:141] ["background process started"] [source=domain] [process=LoadSysVarCacheLoop]
[2026/07/14 11:15:35.552 +08:00] [INFO] [binding_cache.go:75] ["load bindings"] [category=sql-bind] [fullLoad=true] [fromRemote=false] [cacheSizeChange=false] [hasNewBinding=false] [cacheCapacity=67108864] [cacheUsage=0] [cachedBindingNum=0] [duration=1.36875ms] []
[2026/07/14 11:15:35.552 +08:00] [INFO] [manager.go:289] ["start campaign owner"] [key=/tidb/bindinfo/owner] [id=419b3a2f-ab68-42ad-a984-a3ac4e5b2951]
[2026/07/14 11:15:35.565 +08:00] [INFO] [wait_group_wrapper.go:141] ["background process started"] [source=domain] [process=globalBindHandleWorkerLoop]
[2026/07/14 11:15:35.567 +08:00] [INFO] [wait_group_wrapper.go:141] ["background process started"] [source=domain] [process=PlanReplayerTaskCollectHandle]
[2026/07/14 11:15:35.567 +08:00] [INFO] [wait_group_wrapper.go:141] ["background process started"] [source=domain] [process=PlanReplayerTaskDumpHandle]
[2026/07/14 11:15:35.567 +08:00] [INFO] [wait_group_wrapper.go:141] ["background process started"] [source=domain] [process=dumpFileGcChecker]
[2026/07/14 11:15:35.567 +08:00] [INFO] [wait_group_wrapper.go:141] ["background process started"] [source=domain] [process=HistoricalStatsWorker]
[2026/07/14 11:15:35.567 +08:00] [INFO] [domain.go:1825] ["PlanReplayerTaskDumpHandle started"]
[2026/07/14 11:15:35.567 +08:00] [INFO] [domain.go:1857] ["dumpFileGcChecker started"]
[2026/07/14 11:15:35.567 +08:00] [INFO] [domain.go:1803] ["PlanReplayerTaskCollectHandle started"]
[2026/07/14 11:15:35.567 +08:00] [INFO] [domain.go:1890] ["HistoricalStatsWorker started"]
[2026/07/14 11:15:35.567 +08:00] [INFO] [plan_replayer.go:407] ["planReplayerTaskDumpWorker started."]
[2026/07/14 11:15:35.567 +08:00] [INFO] [wait_group_wrapper.go:141] ["background process started"] [source=domain] [process=loadStatsWorker]
[2026/07/14 11:15:35.567 +08:00] [INFO] [manager.go:289] ["start campaign owner"] [key=/tidb/stats/owner] [id=419b3a2f-ab68-42ad-a984-a3ac4e5b2951]
[2026/07/14 11:15:35.568 +08:00] [INFO] [bootstrap.go:872] ["Complete loading the stats meta in the lite mode"] [category=stats] [duration=818.875µs]
[2026/07/14 11:15:35.569 +08:00] [INFO] [bootstrap.go:879] ["Complete loading the histogram in the lite mode"] [category=stats] [duration=930.833µs]
[2026/07/14 11:15:35.569 +08:00] [INFO] [domain.go:2101] ["Init stats succeed"] [category=stats] [isLiteInitStats=true] [duration=2.117583ms]
[2026/07/14 11:15:35.573 +08:00] [INFO] [wait_group_wrapper.go:141] ["background process started"] [source=domain] [process=indexUsageWorker]
[2026/07/14 11:15:35.573 +08:00] [INFO] [wait_group_wrapper.go:141] ["background process started"] [source=domain] [process=asyncLoadHistogram]
[2026/07/14 11:15:35.573 +08:00] [INFO] [wait_group_wrapper.go:141] ["background process started"] [source=domain] [process=deltaUpdateTickerWorker]
[2026/07/14 11:15:35.573 +08:00] [INFO] [wait_group_wrapper.go:141] ["background process started"] [source=domain] [process=dumpColStatsUsageWorker]
[2026/07/14 11:15:35.573 +08:00] [INFO] [wait_group_wrapper.go:141] ["background process started"] [source=domain] [process=gcStatsWorker]
[2026/07/14 11:15:35.573 +08:00] [INFO] [wait_group_wrapper.go:141] ["background process started"] [source=domain] [process=autoAnalyzeWorker]
[2026/07/14 11:15:35.573 +08:00] [INFO] [wait_group_wrapper.go:141] ["background process started"] [source=domain] [process=analyzeJobsCleanupWorker]
[2026/07/14 11:15:35.573 +08:00] [INFO] [domain.go:2058] ["start load stats sub workers"] [workerCount=6]
[2026/07/14 11:15:35.573 +08:00] [INFO] [wait_group_wrapper.go:141] ["background process started"] [source=domain] [process=planCacheEvictTrigger]
[2026/07/14 11:15:35.573 +08:00] [INFO] [domain.go:2301] ["deltaUpdateTickerWorker started."]
[2026/07/14 11:15:35.573 +08:00] [INFO] [wait_group_wrapper.go:141] ["background process started"] [source=domain] [process=planCacheMetricsAndVars]
[2026/07/14 11:15:35.573 +08:00] [INFO] [domain.go:2235] ["gcStatsWorker started."]
[2026/07/14 11:15:35.573 +08:00] [INFO] [domain.go:2274] ["dumpColStatsUsageWorker started."]
[2026/07/14 11:15:35.573 +08:00] [INFO] [wait_group_wrapper.go:141] ["background process started"] [source=domain] [process=readTableCostWorker]
[2026/07/14 11:15:35.573 +08:00] [INFO] [wait_group_wrapper.go:141] ["background process started"] [source=domain] [process=loadSigningCertLoop]
[2026/07/14 11:15:35.573 +08:00] [INFO] [domain.go:1204] ["initialize node resource"] [total-cpu=14] [total-mem=36GiB] [dxf-resource-limit=100] [dxf-usable-cpu=14] [dxf-usable-mem=36GiB] [total-disk=926.4GiB]
[2026/07/14 11:15:35.574 +08:00] [INFO] [notifier.go:225] ["etcd notify loop to watch timer events started"] [EtcdKey=/tidb/timer/cluster/1/notify/03c0abd5-4aa5-4ac5-93ed-747e58f4d76c]
[2026/07/14 11:15:35.574 +08:00] [INFO] [task_manager.go:248] ["scale ttl worker"] [ttl-worker=job-manager] [ttl-worker=419b3a2f-ab68-42ad-a984-a3ac4e5b2951] [ttl-worker=task-manager] [ttl-worker=419b3a2f-ab68-42ad-a984-a3ac4e5b2951] [originalCount=0] [newCount=4]
[2026/07/14 11:15:35.574 +08:00] [INFO] [task_manager.go:248] ["scale ttl worker"] [ttl-worker=job-manager] [ttl-worker=419b3a2f-ab68-42ad-a984-a3ac4e5b2951] [ttl-worker=task-manager] [ttl-worker=419b3a2f-ab68-42ad-a984-a3ac4e5b2951] [originalCount=0] [newCount=4]
[2026/07/14 11:15:35.574 +08:00] [INFO] [job_manager.go:519] ["TTL leader to collect delay metrics"] [ttl-worker=job-manager] [ttl-worker=419b3a2f-ab68-42ad-a984-a3ac4e5b2951]
[2026/07/14 11:15:35.575 +08:00] [INFO] [wait_group_wrapper.go:141] ["background process started"] [source=domain] [process=distTaskFrameworkLoop]
[2026/07/14 11:15:35.575 +08:00] [INFO] [helper.go:189] ["set random timezone for getStmtTimestamp"] [timezone=UTC]
[2026/07/14 11:15:35.575 +08:00] [INFO] [manager.go:124] ["task executor manager start"] [server-id=:4000]
[2026/07/14 11:15:35.575 +08:00] [INFO] [domain.go:1220] ["dist task executor manager started"]
[2026/07/14 11:15:35.575 +08:00] [INFO] [rate_limiter_param.go:104] ["loaded value from meta store"] [key=maxBatchSplitRanges] [value=2048]
[2026/07/14 11:15:35.576 +08:00] [INFO] [job_manager.go:1096] ["TTL leader to DoGC"] [ttl-worker=job-manager] [ttl-worker=419b3a2f-ab68-42ad-a984-a3ac4e5b2951]
[2026/07/14 11:15:35.577 +08:00] [INFO] [manager.go:527] ["get owner"] [key=/tidb/bindinfo/owner] ["owner key"=/tidb/bindinfo/owner/22319f5e8f21e341] [ownerID=419b3a2f-ab68-42ad-a984-a3ac4e5b2951]
[2026/07/14 11:15:35.577 +08:00] [INFO] [manager.go:324] ["become owner"] [key=/tidb/bindinfo/owner] [id=419b3a2f-ab68-42ad-a984-a3ac4e5b2951]
[2026/07/14 11:15:35.577 +08:00] [INFO] [manager.go:616] ["watching owner key"] [key=/tidb/bindinfo/owner] [id=419b3a2f-ab68-42ad-a984-a3ac4e5b2951] [ownerKey=/tidb/bindinfo/owner/22319f5e8f21e341] [currRev=944]
[2026/07/14 11:15:35.581 +08:00] [INFO] [manager.go:527] ["get owner"] [key=/tidb/stats/owner] ["owner key"=/tidb/stats/owner/22319f5e8f21e344] [ownerID=419b3a2f-ab68-42ad-a984-a3ac4e5b2951]
[2026/07/14 11:15:35.581 +08:00] [INFO] [manager.go:324] ["become owner"] [key=/tidb/stats/owner] [id=419b3a2f-ab68-42ad-a984-a3ac4e5b2951]
[2026/07/14 11:15:35.581 +08:00] [INFO] [manager.go:616] ["watching owner key"] [key=/tidb/stats/owner] [id=419b3a2f-ab68-42ad-a984-a3ac4e5b2951] [ownerKey=/tidb/stats/owner/22319f5e8f21e344] [currRev=945]
[2026/07/14 11:15:35.582 +08:00] [INFO] [set.go:191] ["set global var"] [conn=1] [name=innodb_lock_wait_timeout] [val=50]
[2026/07/14 11:15:35.589 +08:00] [INFO] [session.go:5103] ["CRUCIAL OPERATION"] [conn=1] [schemaVersion=91] [cur_db=test] [sql="alter table `ai_accounts` nocache"] [user=]
[2026/07/14 11:15:35.590 +08:00] [INFO] [session.go:5103] ["CRUCIAL OPERATION"] [conn=1] [schemaVersion=91] [cur_db=test] [sql="alter table `ai_candidates` nocache"] [user=]
[2026/07/14 11:15:35.594 +08:00] [INFO] [job_submitter.go:118] ["add DDL jobs"] [category=ddl] ["batch count"=1] [jobs="ID:144, Type:drop table, State:queueing, SchemaState:public, SchemaID:114, TableID:140, RowCount:0, ArgLen:1, start time: 2026-07-14 11:15:35.577 +0800 CST, Err:<nil>, ErrCount:0, SnapshotVersion:0, Version: v2; "] [fast_create=true]
[2026/07/14 11:15:35.594 +08:00] [INFO] [executor.go:7274] ["DDL job submitted"] [category=ddl] [job="ID:144, Type:drop table, State:queueing, SchemaState:public, SchemaID:114, TableID:140, RowCount:0, ArgLen:1, start time: 2026-07-14 11:15:35.577 +0800 CST, Err:<nil>, ErrCount:0, SnapshotVersion:0, Version: v2"] [query="drop table `ai_accounts`,`ai_candidates`"]
[2026/07/14 11:15:35.595 +08:00] [INFO] [job_worker.go:854] ["run one job step"] [category=ddl] [jobID=144] [conn=1] [job="ID:144, Type:drop table, State:queueing, SchemaState:public, SchemaID:114, TableID:140, RowCount:0, ArgLen:0, start time: 2026-07-14 11:15:35.577 +0800 CST, Err:<nil>, ErrCount:0, SnapshotVersion:0, Version: v2"]
[2026/07/14 11:15:35.604 +08:00] [INFO] [loader.go:216] ["diff load InfoSchema success"] [mode=auto] [isV2=true] [currVer=91] [neededVer=92] [gotVer=92] ["elapsed time"=331.625µs] [phyTblIDs="[140]"] [actionTypes="[4]"] [diffTypes="[\"drop table\"]"]
[2026/07/14 11:15:35.604 +08:00] [INFO] [syncer.go:281] ["mdl gets lock, update self version to owner"] [jobID=144] [version=92]
[2026/07/14 11:15:35.609 +08:00] [INFO] [schema_version.go:397] ["wait schema version synced success"] [category=ddl] [ver=92] [checkAssumedSvr=false] ["take time"=6.0395ms] [job="ID:144, Type:drop table, State:running, SchemaState:write only, SchemaID:114, TableID:140, RowCount:0, ArgLen:1, start time: 2026-07-14 11:15:35.577 +0800 CST, Err:<nil>, ErrCount:0, SnapshotVersion:0, Version: v2"] [summary="server count: 1"]
[2026/07/14 11:15:35.611 +08:00] [INFO] [job_worker.go:854] ["run one job step"] [category=ddl] [jobID=144] [conn=1] [job="ID:144, Type:drop table, State:running, SchemaState:write only, SchemaID:114, TableID:140, RowCount:0, ArgLen:0, start time: 2026-07-14 11:15:35.577 +0800 CST, Err:<nil>, ErrCount:0, SnapshotVersion:0, Version: v2"]
[2026/07/14 11:15:35.619 +08:00] [INFO] [loader.go:216] ["diff load InfoSchema success"] [mode=auto] [isV2=true] [currVer=92] [neededVer=93] [gotVer=93] ["elapsed time"=305.25µs] [phyTblIDs="[140]"] [actionTypes="[4]"] [diffTypes="[\"drop table\"]"]
[2026/07/14 11:15:35.620 +08:00] [INFO] [syncer.go:281] ["mdl gets lock, update self version to owner"] [jobID=144] [version=93]
[2026/07/14 11:15:35.625 +08:00] [INFO] [schema_version.go:397] ["wait schema version synced success"] [category=ddl] [ver=93] [checkAssumedSvr=false] ["take time"=6.889292ms] [job="ID:144, Type:drop table, State:running, SchemaState:delete only, SchemaID:114, TableID:140, RowCount:0, ArgLen:1, start time: 2026-07-14 11:15:35.577 +0800 CST, Err:<nil>, ErrCount:0, SnapshotVersion:0, Version: v2"] [summary="server count: 1"]
[2026/07/14 11:15:35.627 +08:00] [INFO] [job_worker.go:854] ["run one job step"] [category=ddl] [jobID=144] [conn=1] [job="ID:144, Type:drop table, State:running, SchemaState:delete only, SchemaID:114, TableID:140, RowCount:0, ArgLen:0, start time: 2026-07-14 11:15:35.577 +0800 CST, Err:<nil>, ErrCount:0, SnapshotVersion:0, Version: v2"]
[2026/07/14 11:15:35.628 +08:00] [WARN] [ddl.go:701] ["fail to notify DDL event"] [category=ddl] [event="(Event Type: drop table, Old Table ID: 140, Old Table Name: ai_accounts)"]
[2026/07/14 11:15:35.637 +08:00] [INFO] [loader.go:216] ["diff load InfoSchema success"] [mode=auto] [isV2=true] [currVer=93] [neededVer=94] [gotVer=94] ["elapsed time"=220.5µs] [phyTblIDs="[140]"] [actionTypes="[4]"] [diffTypes="[\"drop table\"]"]
[2026/07/14 11:15:35.637 +08:00] [INFO] [syncer.go:281] ["mdl gets lock, update self version to owner"] [jobID=144] [version=94]
[2026/07/14 11:15:35.642 +08:00] [INFO] [schema_version.go:397] ["wait schema version synced success"] [category=ddl] [ver=94] [checkAssumedSvr=false] ["take time"=6.049958ms] [job="ID:144, Type:drop table, State:done, SchemaState:none, SchemaID:114, TableID:140, RowCount:0, ArgLen:1, start time: 2026-07-14 11:15:35.577 +0800 CST, Err:<nil>, ErrCount:0, SnapshotVersion:0, Version: v2"] [summary="server count: 1"]
[2026/07/14 11:15:35.644 +08:00] [INFO] [delete_range.go:470] ["insert into delete-range table"] [category=ddl] [jobID=144] [tableIDs="[140]"] [comment="drop table: table ID"]
[2026/07/14 11:15:35.650 +08:00] [INFO] [delete_range.go:112] ["add job into delete-range table"] [category=ddl] [jobID=144] [jobType="drop table"]
[2026/07/14 11:15:35.650 +08:00] [INFO] [job_worker.go:447] ["finish DDL job"] [category=ddl] [jobID=144] [conn=1] [job="ID:144, Type:drop table, State:synced, SchemaState:none, SchemaID:114, TableID:140, RowCount:0, ArgLen:1, start time: 2026-07-14 11:15:35.577 +0800 CST, Err:<nil>, ErrCount:0, SnapshotVersion:0, Version: v2"]
[2026/07/14 11:15:35.655 +08:00] [INFO] [executor.go:7412] ["DDL job is finished"] [category=ddl] [jobID=144]
[2026/07/14 11:15:35.658 +08:00] [INFO] [job_submitter.go:118] ["add DDL jobs"] [category=ddl] ["batch count"=1] [jobs="ID:145, Type:drop table, State:queueing, SchemaState:public, SchemaID:114, TableID:142, RowCount:0, ArgLen:1, start time: 2026-07-14 11:15:35.627 +0800 CST, Err:<nil>, ErrCount:0, SnapshotVersion:0, Version: v2; "] [fast_create=true]
[2026/07/14 11:15:35.658 +08:00] [INFO] [executor.go:7274] ["DDL job submitted"] [category=ddl] [job="ID:145, Type:drop table, State:queueing, SchemaState:public, SchemaID:114, TableID:142, RowCount:0, ArgLen:1, start time: 2026-07-14 11:15:35.627 +0800 CST, Err:<nil>, ErrCount:0, SnapshotVersion:0, Version: v2"] [query="drop table `ai_accounts`,`ai_candidates`"]
[2026/07/14 11:15:35.659 +08:00] [INFO] [lock_resolver.go:1631] ["txn lock cleanup resolve-lock rpc finished"] [action=commit] [txnStartTS=467664616981004312] [commitTS=467664616981004314] [regionID=8] [resolveLite=true] [resolvedByCheckTxnStatus=false]
[2026/07/14 11:15:35.660 +08:00] [INFO] [job_worker.go:854] ["run one job step"] [category=ddl] [jobID=145] [conn=1] [job="ID:145, Type:drop table, State:queueing, SchemaState:public, SchemaID:114, TableID:142, RowCount:0, ArgLen:0, start time: 2026-07-14 11:15:35.627 +0800 CST, Err:<nil>, ErrCount:0, SnapshotVersion:0, Version: v2"]
[2026/07/14 11:15:35.679 +08:00] [INFO] [loader.go:216] ["diff load InfoSchema success"] [mode=auto] [isV2=true] [currVer=94] [neededVer=95] [gotVer=95] ["elapsed time"=354.834µs] [phyTblIDs="[142]"] [actionTypes="[4]"] [diffTypes="[\"drop table\"]"]
[2026/07/14 11:15:35.679 +08:00] [INFO] [syncer.go:281] ["mdl gets lock, update self version to owner"] [jobID=145] [version=95]
[2026/07/14 11:15:35.684 +08:00] [INFO] [schema_version.go:397] ["wait schema version synced success"] [category=ddl] [ver=95] [checkAssumedSvr=false] ["take time"=6.405ms] [job="ID:145, Type:drop table, State:running, SchemaState:write only, SchemaID:114, TableID:142, RowCount:0, ArgLen:1, start time: 2026-07-14 11:15:35.627 +0800 CST, Err:<nil>, ErrCount:0, SnapshotVersion:0, Version: v2"] [summary="server count: 1"]
[2026/07/14 11:15:35.688 +08:00] [INFO] [job_worker.go:854] ["run one job step"] [category=ddl] [jobID=145] [conn=1] [job="ID:145, Type:drop table, State:running, SchemaState:write only, SchemaID:114, TableID:142, RowCount:0, ArgLen:0, start time: 2026-07-14 11:15:35.627 +0800 CST, Err:<nil>, ErrCount:0, SnapshotVersion:0, Version: v2"]
[2026/07/14 11:15:35.696 +08:00] [INFO] [loader.go:216] ["diff load InfoSchema success"] [mode=auto] [isV2=true] [currVer=95] [neededVer=96] [gotVer=96] ["elapsed time"=362.208µs] [phyTblIDs="[142]"] [actionTypes="[4]"] [diffTypes="[\"drop table\"]"]
[2026/07/14 11:15:35.696 +08:00] [INFO] [syncer.go:281] ["mdl gets lock, update self version to owner"] [jobID=145] [version=96]
[2026/07/14 11:15:35.701 +08:00] [INFO] [schema_version.go:397] ["wait schema version synced success"] [category=ddl] [ver=96] [checkAssumedSvr=false] ["take time"=6.0025ms] [job="ID:145, Type:drop table, State:running, SchemaState:delete only, SchemaID:114, TableID:142, RowCount:0, ArgLen:1, start time: 2026-07-14 11:15:35.627 +0800 CST, Err:<nil>, ErrCount:0, SnapshotVersion:0, Version: v2"] [summary="server count: 1"]
[2026/07/14 11:15:35.702 +08:00] [INFO] [job_worker.go:854] ["run one job step"] [category=ddl] [jobID=145] [conn=1] [job="ID:145, Type:drop table, State:running, SchemaState:delete only, SchemaID:114, TableID:142, RowCount:0, ArgLen:0, start time: 2026-07-14 11:15:35.627 +0800 CST, Err:<nil>, ErrCount:0, SnapshotVersion:0, Version: v2"]
[2026/07/14 11:15:35.704 +08:00] [WARN] [ddl.go:701] ["fail to notify DDL event"] [category=ddl] [event="(Event Type: drop table, Old Table ID: 142, Old Table Name: ai_candidates)"]
[2026/07/14 11:15:35.715 +08:00] [INFO] [loader.go:216] ["diff load InfoSchema success"] [mode=auto] [isV2=true] [currVer=96] [neededVer=97] [gotVer=97] ["elapsed time"=433.042µs] [phyTblIDs="[142]"] [actionTypes="[4]"] [diffTypes="[\"drop table\"]"]
[2026/07/14 11:15:35.716 +08:00] [INFO] [syncer.go:281] ["mdl gets lock, update self version to owner"] [jobID=145] [version=97]
[2026/07/14 11:15:35.720 +08:00] [INFO] [schema_version.go:397] ["wait schema version synced success"] [category=ddl] [ver=97] [checkAssumedSvr=false] ["take time"=5.966916ms] [job="ID:145, Type:drop table, State:done, SchemaState:none, SchemaID:114, TableID:142, RowCount:0, ArgLen:1, start time: 2026-07-14 11:15:35.627 +0800 CST, Err:<nil>, ErrCount:0, SnapshotVersion:0, Version: v2"] [summary="server count: 1"]
[2026/07/14 11:15:35.722 +08:00] [INFO] [delete_range.go:470] ["insert into delete-range table"] [category=ddl] [jobID=145] [tableIDs="[142]"] [comment="drop table: table ID"]
[2026/07/14 11:15:35.723 +08:00] [INFO] [delete_range.go:112] ["add job into delete-range table"] [category=ddl] [jobID=145] [jobType="drop table"]
[2026/07/14 11:15:35.723 +08:00] [INFO] [job_worker.go:447] ["finish DDL job"] [category=ddl] [jobID=145] [conn=1] [job="ID:145, Type:drop table, State:synced, SchemaState:none, SchemaID:114, TableID:142, RowCount:0, ArgLen:1, start time: 2026-07-14 11:15:35.627 +0800 CST, Err:<nil>, ErrCount:0, SnapshotVersion:0, Version: v2"]
[2026/07/14 11:15:35.728 +08:00] [INFO] [executor.go:7412] ["DDL job is finished"] [category=ddl] [jobID=145]
[2026/07/14 11:15:35.728 +08:00] [INFO] [session.go:5103] ["CRUCIAL OPERATION"] [conn=1] [schemaVersion=97] [cur_db=test] [sql="drop table `ai_accounts`,`ai_candidates`"] [user=]
    testkit.go:325: cleaned up ddl and tables
[2026/07/14 11:15:35.731 +08:00] [INFO] [session.go:5103] ["CRUCIAL OPERATION"] [conn=1] [schemaVersion=97] [cur_db=test] [sql="drop table if exists ai_accounts, ai_candidates"] [user=]
[2026/07/14 11:15:35.733 +08:00] [INFO] [executor.go:7274] ["DDL job submitted"] [category=ddl] [job="ID:147, Type:create table, State:queueing, SchemaState:none, SchemaID:114, TableID:146, RowCount:0, ArgLen:1, start time: 2026-07-14 11:15:35.728 +0800 CST, Err:<nil>, ErrCount:0, SnapshotVersion:0, Version: v2"] [query="create table ai_accounts (id bigint primary key, balance bigint not null)"]
[2026/07/14 11:15:35.733 +08:00] [INFO] [job_submitter.go:118] ["add DDL jobs"] [category=ddl] ["batch count"=1] [jobs="ID:147, Type:create table, State:queueing, SchemaState:none, SchemaID:114, TableID:146, RowCount:0, ArgLen:1, start time: 2026-07-14 11:15:35.728 +0800 CST, Err:<nil>, ErrCount:0, SnapshotVersion:0, Version: v2; "] [fast_create=true]
[2026/07/14 11:15:35.734 +08:00] [INFO] [job_worker.go:854] ["run one job step"] [category=ddl] [jobID=147] [conn=1] [job="ID:147, Type:create table, State:queueing, SchemaState:none, SchemaID:114, TableID:146, RowCount:0, ArgLen:0, start time: 2026-07-14 11:15:35.728 +0800 CST, Err:<nil>, ErrCount:0, SnapshotVersion:0, Version: v2"]
[2026/07/14 11:15:35.736 +08:00] [WARN] [ddl.go:701] ["fail to notify DDL event"] [category=ddl] [event="(Event Type: create table, Table ID: 146, Table Name: ai_accounts)"]
[2026/07/14 11:15:35.743 +08:00] [INFO] [loader.go:216] ["diff load InfoSchema success"] [mode=auto] [isV2=true] [currVer=97] [neededVer=98] [gotVer=98] ["elapsed time"=306.208µs] [phyTblIDs="[146]"] [actionTypes="[3]"] [diffTypes="[\"create table\"]"]
[2026/07/14 11:15:35.743 +08:00] [INFO] [syncer.go:281] ["mdl gets lock, update self version to owner"] [jobID=147] [version=98]
[2026/07/14 11:15:35.748 +08:00] [INFO] [schema_version.go:397] ["wait schema version synced success"] [category=ddl] [ver=98] [checkAssumedSvr=false] ["take time"=5.992542ms] [job="ID:147, Type:create table, State:done, SchemaState:public, SchemaID:114, TableID:146, RowCount:0, ArgLen:1, start time: 2026-07-14 11:15:35.728 +0800 CST, Err:<nil>, ErrCount:0, SnapshotVersion:0, Version: v2"] [summary="server count: 1"]
[2026/07/14 11:15:35.750 +08:00] [INFO] [job_worker.go:447] ["finish DDL job"] [category=ddl] [jobID=147] [conn=1] [job="ID:147, Type:create table, State:synced, SchemaState:public, SchemaID:114, TableID:146, RowCount:0, ArgLen:0, start time: 2026-07-14 11:15:35.728 +0800 CST, Err:<nil>, ErrCount:0, SnapshotVersion:0, Version: v2"]
[2026/07/14 11:15:35.752 +08:00] [INFO] [executor.go:7412] ["DDL job is finished"] [category=ddl] [jobID=147]
[2026/07/14 11:15:35.752 +08:00] [INFO] [session.go:5103] ["CRUCIAL OPERATION"] [conn=1] [schemaVersion=98] [cur_db=test] [sql="create table ai_accounts (id bigint primary key, balance bigint not null)"] [user=]
[2026/07/14 11:15:35.756 +08:00] [INFO] [job_submitter.go:118] ["add DDL jobs"] [category=ddl] ["batch count"=1] [jobs="ID:149, Type:create table, State:queueing, SchemaState:none, SchemaID:114, TableID:148, RowCount:0, ArgLen:1, start time: 2026-07-14 11:15:35.728 +0800 CST, Err:<nil>, ErrCount:0, SnapshotVersion:0, Version: v2; "] [fast_create=true]
[2026/07/14 11:15:35.756 +08:00] [INFO] [executor.go:7274] ["DDL job submitted"] [category=ddl] [job="ID:149, Type:create table, State:queueing, SchemaState:none, SchemaID:114, TableID:148, RowCount:0, ArgLen:1, start time: 2026-07-14 11:15:35.728 +0800 CST, Err:<nil>, ErrCount:0, SnapshotVersion:0, Version: v2"] [query="create table ai_candidates (id bigint primary key, email varchar(128) not null, unique key uk_email(email))"]
[2026/07/14 11:15:35.757 +08:00] [INFO] [lock_resolver.go:1631] ["txn lock cleanup resolve-lock rpc finished"] [action=commit] [txnStartTS=467664617007480869] [commitTS=467664617007480871] [regionID=8] [resolveLite=true] [resolvedByCheckTxnStatus=false]
[2026/07/14 11:15:35.758 +08:00] [INFO] [job_worker.go:854] ["run one job step"] [category=ddl] [jobID=149] [conn=1] [job="ID:149, Type:create table, State:queueing, SchemaState:none, SchemaID:114, TableID:148, RowCount:0, ArgLen:0, start time: 2026-07-14 11:15:35.728 +0800 CST, Err:<nil>, ErrCount:0, SnapshotVersion:0, Version: v2"]
[2026/07/14 11:15:35.759 +08:00] [WARN] [ddl.go:701] ["fail to notify DDL event"] [category=ddl] [event="(Event Type: create table, Table ID: 148, Table Name: ai_candidates)"]
[2026/07/14 11:15:35.766 +08:00] [INFO] [loader.go:216] ["diff load InfoSchema success"] [mode=auto] [isV2=true] [currVer=98] [neededVer=99] [gotVer=99] ["elapsed time"=332.25µs] [phyTblIDs="[148]"] [actionTypes="[3]"] [diffTypes="[\"create table\"]"]
[2026/07/14 11:15:35.766 +08:00] [INFO] [syncer.go:281] ["mdl gets lock, update self version to owner"] [jobID=149] [version=99]
[2026/07/14 11:15:35.771 +08:00] [INFO] [schema_version.go:397] ["wait schema version synced success"] [category=ddl] [ver=99] [checkAssumedSvr=false] ["take time"=6.085125ms] [job="ID:149, Type:create table, State:done, SchemaState:public, SchemaID:114, TableID:148, RowCount:0, ArgLen:1, start time: 2026-07-14 11:15:35.728 +0800 CST, Err:<nil>, ErrCount:0, SnapshotVersion:0, Version: v2"] [summary="server count: 1"]
[2026/07/14 11:15:35.773 +08:00] [INFO] [job_worker.go:447] ["finish DDL job"] [category=ddl] [jobID=149] [conn=1] [job="ID:149, Type:create table, State:synced, SchemaState:public, SchemaID:114, TableID:148, RowCount:0, ArgLen:0, start time: 2026-07-14 11:15:35.728 +0800 CST, Err:<nil>, ErrCount:0, SnapshotVersion:0, Version: v2"]
[2026/07/14 11:15:35.775 +08:00] [INFO] [executor.go:7412] ["DDL job is finished"] [category=ddl] [jobID=149]
[2026/07/14 11:15:35.775 +08:00] [INFO] [session.go:5103] ["CRUCIAL OPERATION"] [conn=1] [schemaVersion=99] [cur_db=test] [sql="create table ai_candidates (id bigint primary key, email varchar(128) not null, unique key uk_email(email))"] [user=]
[2026/07/14 11:15:35.890 +08:00] [INFO] [2pc.go:1658] ["[failpoint] injected skip cleanup secondaries on failure"] [txnStartTS=467664617046540289]
[2026/07/14 11:15:35.890 +08:00] [WARN] [client_batch.go:1309] ["batchRecvLoop receives response for canceled request"] [target=127.0.0.1:20160] [conn=2] [forwardedHost=] [requestID=394] [estimatedOneWayDelay=0s] [tidbDetails="EntryProgress{batch:4.58µs, size:1, send:4.33µs, ack:411.8µs, recv:411.8µs}"] [tikvDetails="process_wall_time_ns:43417 process_suspend_wall_time_ns:222333 total_rpc_wall_time_ns:294875 kv_grpc_process_time_ns:11958 kv_grpc_wait_time_ns:13667 "]
[2026/07/14 11:15:35.895 +08:00] [INFO] [syncer.go:488] ["schema version sync loop interrupted, retrying..."] [category=ddl]
[2026/07/14 11:15:35.895 +08:00] [INFO] [job_scheduler.go:269] ["scheduleLoop quit due to context canceled"] [category=ddl]
[2026/07/14 11:15:35.895 +08:00] [INFO] [manager.go:420] ["watch owner finished"] [key=/tidb/ddl/fg/owner] [id=419b3a2f-ab68-42ad-a984-a3ac4e5b2951] []
[2026/07/14 11:15:35.895 +08:00] [INFO] [manager.go:333] ["retire owner"] [key=/tidb/ddl/fg/owner] [id=419b3a2f-ab68-42ad-a984-a3ac4e5b2951]
[2026/07/14 11:15:35.895 +08:00] [INFO] [ddl_workerpool.go:78] ["closing workerPool"] [category=ddl]
[2026/07/14 11:15:35.895 +08:00] [INFO] [ddl_workerpool.go:78] ["closing workerPool"] [category=ddl]
[2026/07/14 11:15:35.895 +08:00] [INFO] [job_worker.go:267] ["DDL worker closed"] [category=ddl] [worker="worker 1, tp general"] ["take time"=3.708µs]
[2026/07/14 11:15:35.895 +08:00] [INFO] [job_worker.go:267] ["DDL worker closed"] [category=ddl] [worker="worker 2, tp general"] ["take time"=1.291µs]
[2026/07/14 11:15:35.895 +08:00] [INFO] [job_worker.go:267] ["DDL worker closed"] [category=ddl] [worker="worker 3, tp general"] ["take time"=1.25µs]
[2026/07/14 11:15:35.895 +08:00] [INFO] [job_worker.go:267] ["DDL worker closed"] [category=ddl] [worker="worker 4, tp general"] ["take time"=1.334µs]
[2026/07/14 11:15:35.895 +08:00] [INFO] [manager.go:424] ["is not the owner"] [key=/tidb/ddl/fg/owner] [id=419b3a2f-ab68-42ad-a984-a3ac4e5b2951]
[2026/07/14 11:15:35.895 +08:00] [INFO] [manager.go:385] ["break campaign loop, context is done"] [key=/tidb/ddl/fg/owner] [id=419b3a2f-ab68-42ad-a984-a3ac4e5b2951]
[2026/07/14 11:15:35.904 +08:00] [INFO] [delete_range.go:162] ["closing delRange"] [category=ddl]
[2026/07/14 11:15:35.904 +08:00] [INFO] [session_pool.go:133] ["closing session pool"] [category=ddl]
[2026/07/14 11:15:35.904 +08:00] [INFO] [ddl.go:1159] ["DDL closed"] [category=ddl] [ID=419b3a2f-ab68-42ad-a984-a3ac4e5b2951] ["take time"=9.016375ms]
[2026/07/14 11:15:35.904 +08:00] [INFO] [ddl.go:849] ["stop DDL"] [category=ddl] [ID=419b3a2f-ab68-42ad-a984-a3ac4e5b2951]
[2026/07/14 11:15:35.904 +08:00] [INFO] [domain.go:484] ["stopping ttlJobManager"]
[2026/07/14 11:15:35.904 +08:00] [INFO] [notifier.go:227] ["etcd notify loop to watch timer events stopped"] [EtcdKey=/tidb/timer/cluster/1/notify/03c0abd5-4aa5-4ac5-93ed-747e58f4d76c]
[2026/07/14 11:15:35.904 +08:00] [INFO] [task_manager.go:225] ["shrink ttl worker"] [ttl-worker=job-manager] [ttl-worker=419b3a2f-ab68-42ad-a984-a3ac4e5b2951] [ttl-worker=task-manager] [ttl-worker=419b3a2f-ab68-42ad-a984-a3ac4e5b2951] [originalCount=4] [newCount=0]
[2026/07/14 11:15:35.904 +08:00] [INFO] [scan.go:379] ["ttlScanWorker loop exited."]
[2026/07/14 11:15:35.904 +08:00] [INFO] [scan.go:379] ["ttlScanWorker loop exited."]
[2026/07/14 11:15:35.904 +08:00] [INFO] [scan.go:379] ["ttlScanWorker loop exited."]
[2026/07/14 11:15:35.904 +08:00] [INFO] [scan.go:379] ["ttlScanWorker loop exited."]
[2026/07/14 11:15:35.904 +08:00] [INFO] [task_manager.go:225] ["shrink ttl worker"] [ttl-worker=job-manager] [ttl-worker=419b3a2f-ab68-42ad-a984-a3ac4e5b2951] [ttl-worker=task-manager] [ttl-worker=419b3a2f-ab68-42ad-a984-a3ac4e5b2951] [originalCount=4] [newCount=0]
[2026/07/14 11:15:35.904 +08:00] [INFO] [del.go:344] ["ttlDeleteWorker loop exited."]
[2026/07/14 11:15:35.904 +08:00] [INFO] [del.go:344] ["ttlDeleteWorker loop exited."]
[2026/07/14 11:15:35.904 +08:00] [INFO] [del.go:344] ["ttlDeleteWorker loop exited."]
[2026/07/14 11:15:35.904 +08:00] [INFO] [del.go:344] ["ttlDeleteWorker loop exited."]
[2026/07/14 11:15:35.904 +08:00] [INFO] [job_manager.go:183] ["ttlJobManager loop exited."] [ttl-worker=job-manager] [ttl-worker=419b3a2f-ab68-42ad-a984-a3ac4e5b2951]
[2026/07/14 11:15:35.904 +08:00] [INFO] [job_manager.go:168] ["ttlJobManager loop exited."] [ttl-worker=job-manager] [ttl-worker=419b3a2f-ab68-42ad-a984-a3ac4e5b2951]
[2026/07/14 11:15:35.904 +08:00] [INFO] [domain.go:495] ["ttlJobManager exited."]
[2026/07/14 11:15:35.904 +08:00] [INFO] [domain.go:2868] ["serverIDSession need restart"]
[2026/07/14 11:15:35.917 +08:00] [INFO] [domain.go:2733] ["releaseServerID succeed"] [serverID=864] [leaseID=2463925699625476903]
[2026/07/14 11:15:35.917 +08:00] [INFO] [domain.go:1827] ["PlanReplayerTaskDumpHandle exited."]
[2026/07/14 11:15:35.917 +08:00] [INFO] [stats_syncload.go:255] ["SubLoadWorker: exits now because the domain is closed."] [category=stats]
[2026/07/14 11:15:35.917 +08:00] [INFO] [wait_group_wrapper.go:150] ["background process exited"] [source=domain] [process=PlanReplayerTaskDumpHandle]
[2026/07/14 11:15:35.917 +08:00] [INFO] [plan_replayer.go:411] ["planReplayerTaskDumpWorker exited."]
[2026/07/14 11:15:35.917 +08:00] [INFO] [stats_syncload.go:245] ["SubLoadWorker: exited."] [category=stats]
[2026/07/14 11:15:35.917 +08:00] [INFO] [domain.go:2396] ["analyzeJobsCleanupWorker exited."]
[2026/07/14 11:15:35.917 +08:00] [INFO] [domain.go:2800] ["serverIDKeeper exited."]
[2026/07/14 11:15:35.917 +08:00] [INFO] [wait_group_wrapper.go:150] ["background process exited"] [source=domain] [process=analyzeJobsCleanupWorker]
[2026/07/14 11:15:35.917 +08:00] [INFO] [domain.go:2147] ["asyncLoadStats exited."]
[2026/07/14 11:15:35.917 +08:00] [INFO] [wait_group_wrapper.go:150] ["background process exited"] [source=domain] [process=asyncLoadHistogram]
[2026/07/14 11:15:35.917 +08:00] [INFO] [domain.go:2193] ["gcStatsWorker ready to release owner"]
[2026/07/14 11:15:35.917 +08:00] [INFO] [domain.go:2174] ["indexUsageWorker exited."]
[2026/07/14 11:15:35.917 +08:00] [INFO] [wait_group_wrapper.go:150] ["background process exited"] [source=domain] [process=indexUsageWorker]
[2026/07/14 11:15:35.917 +08:00] [INFO] [stats_syncload.go:255] ["SubLoadWorker: exits now because the domain is closed."] [category=stats]
[2026/07/14 11:15:35.917 +08:00] [INFO] [domain.go:2114] ["loadStatsWorker exited."]
[2026/07/14 11:15:35.917 +08:00] [INFO] [stats_syncload.go:245] ["SubLoadWorker: exited."] [category=stats]
[2026/07/14 11:15:35.917 +08:00] [INFO] [wait_group_wrapper.go:150] ["background process exited"] [source=domain] [process=loadStatsWorker]
[2026/07/14 11:15:35.917 +08:00] [INFO] [domain.go:1892] ["HistoricalStatsWorker exited."]
[2026/07/14 11:15:35.917 +08:00] [INFO] [wait_group_wrapper.go:150] ["background process exited"] [source=domain] [process=HistoricalStatsWorker]
[2026/07/14 11:15:35.917 +08:00] [INFO] [domain.go:1403] ["loadPrivilegeInLoop exited."]
[2026/07/14 11:15:35.917 +08:00] [INFO] [wait_group_wrapper.go:150] ["background process exited"] [source=domain] [process=loadPrivilegeInLoop]
[2026/07/14 11:15:35.917 +08:00] [INFO] [domain.go:2989] ["readTableCostWorker exited."]
[2026/07/14 11:15:35.917 +08:00] [INFO] [domain.go:1861] ["dumpFileGcChecker exited."]
[2026/07/14 11:15:35.917 +08:00] [INFO] [wait_group_wrapper.go:150] ["background process exited"] [source=domain] [process=dumpFileGcChecker]
[2026/07/14 11:15:35.917 +08:00] [INFO] [wait_group_wrapper.go:150] ["background process exited"] [source=domain] [process=readTableCostWorker]
[2026/07/14 11:15:35.917 +08:00] [INFO] [domain.go:1807] ["PlanReplayerTaskCollectHandle exited."]
[2026/07/14 11:15:35.917 +08:00] [INFO] [wait_group_wrapper.go:150] ["background process exited"] [source=domain] [process=loadSigningCertLoop]
[2026/07/14 11:15:35.917 +08:00] [INFO] [wait_group_wrapper.go:150] ["background process exited"] [source=domain] [process=PlanReplayerTaskCollectHandle]
[2026/07/14 11:15:35.917 +08:00] [INFO] [flusher.go:89] ["flushing remaining records before stop"] [name=runaway-record]
[2026/07/14 11:15:35.917 +08:00] [INFO] [domain.go:1222] ["stopping dist task executor manager"]
[2026/07/14 11:15:35.917 +08:00] [INFO] [flusher.go:91] ["stopped flusher"] [name=runaway-record]
[2026/07/14 11:15:35.917 +08:00] [INFO] [flusher.go:89] ["flushing remaining records before stop"] [name=quarantine-record]
[2026/07/14 11:15:35.917 +08:00] [INFO] [manager.go:285] ["recoverMetaLoop done"] [server-id=:4000]
[2026/07/14 11:15:35.917 +08:00] [INFO] [domain.go:2282] ["dumpColStatsUsageWorker exited."]
[2026/07/14 11:15:35.917 +08:00] [INFO] [stats_syncload.go:255] ["SubLoadWorker: exits now because the domain is closed."] [category=stats]
[2026/07/14 11:15:35.917 +08:00] [INFO] [wait_group_wrapper.go:150] ["background process exited"] [source=domain] [process=dumpColStatsUsageWorker]
[2026/07/14 11:15:35.917 +08:00] [INFO] [domain.go:2332] ["autoAnalyzeWorker exited."] [category=stats]
[2026/07/14 11:15:35.917 +08:00] [INFO] [domain.go:2914] ["planCacheMetricsAndVars exited."]
[2026/07/14 11:15:35.917 +08:00] [INFO] [wait_group_wrapper.go:150] ["background process exited"] [source=domain] [process=autoAnalyzeWorker]
[2026/07/14 11:15:35.917 +08:00] [INFO] [stats_syncload.go:255] ["SubLoadWorker: exits now because the domain is closed."] [category=stats]
[2026/07/14 11:15:35.917 +08:00] [INFO] [syncer.go:422] ["topology sync loop exited."]
[2026/07/14 11:15:35.917 +08:00] [INFO] [manager.go:420] ["watch owner finished"] [key=/tidb/br-stream/owner] [id=267a9063-60b5-4d2c-af56-d478cdb2c38f] []
[2026/07/14 11:15:35.917 +08:00] [INFO] [manager.go:420] ["watch owner finished"] [key=/tidb/stats/owner] [id=419b3a2f-ab68-42ad-a984-a3ac4e5b2951] []
[2026/07/14 11:15:35.917 +08:00] [INFO] [stats_syncload.go:255] ["SubLoadWorker: exits now because the domain is closed."] [category=stats]
[2026/07/14 11:15:35.917 +08:00] [INFO] [manager.go:333] ["retire owner"] [key=/tidb/stats/owner] [id=419b3a2f-ab68-42ad-a984-a3ac4e5b2951]
[2026/07/14 11:15:35.917 +08:00] [INFO] [stats_syncload.go:245] ["SubLoadWorker: exited."] [category=stats]
[2026/07/14 11:15:35.917 +08:00] [INFO] [flusher.go:91] ["stopped flusher"] [name=quarantine-record]
[2026/07/14 11:15:35.917 +08:00] [INFO] [flusher.go:89] ["flushing remaining records before stop"] [name=stale-quarantine-record]
[2026/07/14 11:15:35.917 +08:00] [INFO] [domain.go:1477] ["LoadSysVarCacheLoop exited."]
[2026/07/14 11:15:35.917 +08:00] [INFO] [flusher.go:91] ["stopped flusher"] [name=stale-quarantine-record]
[2026/07/14 11:15:35.917 +08:00] [INFO] [stats_syncload.go:245] ["SubLoadWorker: exited."] [category=stats]
[2026/07/14 11:15:35.917 +08:00] [INFO] [wait_group_wrapper.go:150] ["background process exited"] [source=domain] [process=planCacheMetricsAndVars]
[2026/07/14 11:15:35.917 +08:00] [INFO] [manager.go:205] ["runaway record flush loop exit"]
[2026/07/14 11:15:35.917 +08:00] [INFO] [manager.go:241] ["runaway watch sync loop exit"]
[2026/07/14 11:15:35.917 +08:00] [INFO] [wait_group_wrapper.go:150] ["background process exited"] [source=domain] [process=runawayRecordFlushLoop]
[2026/07/14 11:15:35.917 +08:00] [INFO] [stats_syncload.go:255] ["SubLoadWorker: exits now because the domain is closed."] [category=stats]
[2026/07/14 11:15:35.917 +08:00] [INFO] [stats_syncload.go:245] ["SubLoadWorker: exited."] [category=stats]
[2026/07/14 11:15:35.917 +08:00] [INFO] [stats_syncload.go:245] ["SubLoadWorker: exited."] [category=stats]
[2026/07/14 11:15:35.917 +08:00] [INFO] [domain.go:2945] ["planCacheEvictTrigger exited."]
[2026/07/14 11:15:35.917 +08:00] [INFO] [wait_group_wrapper.go:150] ["background process exited"] [source=domain] [process=planCacheEvictTrigger]
[2026/07/14 11:15:35.917 +08:00] [INFO] [wait_group_wrapper.go:150] ["background process exited"] [source=domain] [process=topologySyncerKeeper]
[2026/07/14 11:15:35.917 +08:00] [INFO] [manager.go:420] ["watch owner finished"] [key=/tidb/bindinfo/owner] [id=419b3a2f-ab68-42ad-a984-a3ac4e5b2951] []
[2026/07/14 11:15:35.917 +08:00] [INFO] [wait_group_wrapper.go:150] ["background process exited"] [source=domain] [process=runawayWatchSyncLoop]
[2026/07/14 11:15:35.917 +08:00] [INFO] [domain.go:2219] ["deltaUpdateTicker is going to exit, start to flush stats"]
[2026/07/14 11:15:35.917 +08:00] [INFO] [manager.go:424] ["is not the owner"] [key=/tidb/stats/owner] [id=419b3a2f-ab68-42ad-a984-a3ac4e5b2951]
[2026/07/14 11:15:35.917 +08:00] [INFO] [manager.go:385] ["break campaign loop, context is done"] [key=/tidb/stats/owner] [id=419b3a2f-ab68-42ad-a984-a3ac4e5b2951]
[2026/07/14 11:15:35.917 +08:00] [INFO] [manager.go:157] ["handle tasks loop done"] [server-id=:4000]
[2026/07/14 11:15:35.917 +08:00] [INFO] [wait_group_wrapper.go:150] ["background process exited"] [source=domain] [process=LoadSysVarCacheLoop]
[2026/07/14 11:15:35.917 +08:00] [INFO] [domain.go:1224] ["dist task executor manager stopped"]
[2026/07/14 11:15:35.917 +08:00] [INFO] [syncer.go:288] ["server info sync loop exited."]
[2026/07/14 11:15:35.917 +08:00] [INFO] [wait_group_wrapper.go:150] ["background process exited"] [source=domain] [process=distTaskFrameworkLoop]
[2026/07/14 11:15:35.917 +08:00] [INFO] [wait_group_wrapper.go:150] ["background process exited"] [source=domain] [process=infoSyncerKeeper]
[2026/07/14 11:15:35.917 +08:00] [INFO] [domain.go:419] ["globalConfigSyncerKeeper exited."]
[2026/07/14 11:15:35.917 +08:00] [INFO] [wait_group_wrapper.go:150] ["background process exited"] [source=domain] [process=globalConfigSyncerKeeper]
[2026/07/14 11:15:35.917 +08:00] [INFO] [manager.go:333] ["retire owner"] [key=/tidb/bindinfo/owner] [id=419b3a2f-ab68-42ad-a984-a3ac4e5b2951]
[2026/07/14 11:15:35.917 +08:00] [INFO] [manager.go:424] ["is not the owner"] [key=/tidb/bindinfo/owner] [id=419b3a2f-ab68-42ad-a984-a3ac4e5b2951]
[2026/07/14 11:15:35.917 +08:00] [INFO] [manager.go:385] ["break campaign loop, context is done"] [key=/tidb/bindinfo/owner] [id=419b3a2f-ab68-42ad-a984-a3ac4e5b2951]
[2026/07/14 11:15:35.917 +08:00] [INFO] [manager.go:333] ["retire owner"] [key=/tidb/br-stream/owner] [id=267a9063-60b5-4d2c-af56-d478cdb2c38f]
[2026/07/14 11:15:35.917 +08:00] [INFO] [manager.go:424] ["is not the owner"] [key=/tidb/br-stream/owner] [id=267a9063-60b5-4d2c-af56-d478cdb2c38f]
[2026/07/14 11:15:35.917 +08:00] [INFO] [manager.go:385] ["break campaign loop, context is done"] [key=/tidb/br-stream/owner] [id=267a9063-60b5-4d2c-af56-d478cdb2c38f]
[2026/07/14 11:15:35.927 +08:00] [INFO] [domain.go:2225] ["deltaUpdateTicker exit preprocessing finished"]
[2026/07/14 11:15:35.927 +08:00] [INFO] [wait_group_wrapper.go:150] ["background process exited"] [source=domain] [process=deltaUpdateTickerWorker]
[2026/07/14 11:15:35.934 +08:00] [INFO] [domain.go:2201] ["gcStatsWorker exit preprocessing finished"]
[2026/07/14 11:15:35.934 +08:00] [INFO] [domain.go:2246] ["gcStatsWorker exited."]
[2026/07/14 11:15:35.934 +08:00] [INFO] [wait_group_wrapper.go:150] ["background process exited"] [source=domain] [process=gcStatsWorker]
[2026/07/14 11:15:35.943 +08:00] [INFO] [domain.go:1616] ["globalBindHandleWorkerLoop exited."]
[2026/07/14 11:15:35.943 +08:00] [INFO] [wait_group_wrapper.go:150] ["background process exited"] [source=domain] [process=globalBindHandleWorkerLoop]
[2026/07/14 11:15:35.952 +08:00] [INFO] [domain.go:391] ["topNSlowQueryLoop exited."]
[2026/07/14 11:15:35.952 +08:00] [INFO] [wait_group_wrapper.go:150] ["background process exited"] [source=domain] [process=topNSlowQueryLoop]
[2026/07/14 11:15:35.952 +08:00] [INFO] [advancer_cliext.go:194] ["Start collecting remaining events in the channel."] [category="log backup advancer"] [remained=0]
[2026/07/14 11:15:35.952 +08:00] [INFO] [wait_group_wrapper.go:150] ["background process exited"] [source=domain] [process=mdlCheckLoop]
[2026/07/14 11:15:35.952 +08:00] [INFO] [advancer_cliext.go:199] ["Finish collecting remaining events in the channel."] [category="log backup advancer"]
[2026/07/14 11:15:35.952 +08:00] [WARN] [meta_storage_client.go:165] ["watch stream closed"] [error="rpc error: code = Canceled desc = context canceled"]
[2026/07/14 11:15:35.952 +08:00] [INFO] [syncer.go:304] ["info schema sync loop exited."]
[2026/07/14 11:15:35.952 +08:00] [INFO] [wait_group_wrapper.go:150] ["background process exited"] [source=domain] [process=loadSchemaInLoop]
[2026/07/14 11:15:35.952 +08:00] [INFO] [owner_daemon.go:87] ["daemon loop exits"] [id=267a9063-60b5-4d2c-af56-d478cdb2c38f] [daemon-id=LogBackup::Advancer]
[2026/07/14 11:15:35.952 +08:00] [WARN] [meta_storage_client.go:165] ["watch stream closed"] [error="rpc error: code = Canceled desc = context canceled"]
[2026/07/14 11:15:35.952 +08:00] [INFO] [wait_group_wrapper.go:150] ["background process exited"] [source=domain] [process=logBackupAdvancer]
[2026/07/14 11:15:35.952 +08:00] [INFO] [domain.go:979] ["closestReplicaReadCheckLoop exited."]
[2026/07/14 11:15:35.952 +08:00] [INFO] [wait_group_wrapper.go:150] ["background process exited"] [source=domain] [process=closestReplicaReadCheckLoop]
[2026/07/14 11:15:35.964 +08:00] [INFO] [domain.go:550] ["domain closed"] ["take time"=69.209875ms]
[2026/07/14 11:15:35.978 +08:00] [INFO] [client.go:356] ["[pd] http client closed"] [source=tikv-driver]
[2026/07/14 11:15:35.978 +08:00] [INFO] [router_service_discovery.go:273] ["[router service] exit check member loop"]
[2026/07/14 11:15:35.978 +08:00] [INFO] [inner_client.go:96] ["[pd] exit router client initializer"]
[2026/07/14 11:15:35.978 +08:00] [INFO] [dispatcher.go:207] ["[tso] stop fetching the pending tso requests due to context canceled"]
[2026/07/14 11:15:35.978 +08:00] [INFO] [dispatcher.go:149] ["[tso] exit tso dispatcher"]
[2026/07/14 11:15:35.978 +08:00] [INFO] [watcher.go:73] ["[pd] exit the deadline watcher"] [source=tso]
[2026/07/14 11:15:35.978 +08:00] [INFO] [service_discovery.go:562] ["[pd] exit member loop due to context canceled"]
[2026/07/14 11:15:35.978 +08:00] [INFO] [resource_manager_client.go:341] ["[resource manager] exit resource token dispatcher"]
[2026/07/14 11:15:35.978 +08:00] [INFO] [client.go:277] ["[tso] exit tso connection contexts updater"]
[2026/07/14 11:15:35.978 +08:00] [INFO] [router_service_discovery.go:287] ["[router service] closing router service discovery"]
[2026/07/14 11:15:35.978 +08:00] [INFO] [router_service_discovery.go:315] ["[router service] exit health check member loop"]
[2026/07/14 11:15:35.978 +08:00] [INFO] [router_service_discovery.go:303] ["[router service] is closed"]
[2026/07/14 11:15:35.978 +08:00] [INFO] [client.go:155] ["[tso] closing tso client"]
[2026/07/14 11:15:35.978 +08:00] [INFO] [client.go:160] ["[tso] close tso client"]
[2026/07/14 11:15:35.978 +08:00] [INFO] [stream.go:366] ["tsoStream.recvLoop ended"] [stream=127.0.0.1:2379-1] [error="rpc error: code = Canceled desc = context canceled"] [errorVerbose="rpc error: code = Canceled desc = context canceled\ngithub.com/tikv/pd/client/clients/tso.(*tsoStream).recvLoop\n\t/Users/bba/.gvm/pkgsets/go1.25.1/global/pkg/mod/github.com/tikv/pd/client@v0.0.0-20260708075407-4e05b9d2c2d3/clients/tso/stream.go:434\nruntime.goexit\n\t/Users/bba/.gvm/pkgsets/go1.25.1/global/pkg/mod/golang.org/toolchain@v0.0.1-go1.25.10.darwin-arm64/src/runtime/asm_arm64.s:1268"]
[2026/07/14 11:15:35.978 +08:00] [INFO] [client.go:162] ["[tso] tso client is closed"]
[2026/07/14 11:15:35.978 +08:00] [INFO] [service_discovery.go:653] ["[pd] close service discovery client"]
[2026/07/14 11:15:35.978 +08:00] [INFO] [inner_client.go:275] ["[pd] close client successfully"]
--- PASS: TestAINativeAsyncCheckNotExistsSQLRecovery (0.62s)
PASS
ok  	github.com/pingcap/tidb/tests/realtikvtest/txntest	2.832s
