go: downloading github.com/YuhaoZhang00/tidb v0.0.0-20260702053009-6ce3a970ea5e
go: downloading github.com/pingcap/kvproto v0.0.0-20260622063236-b41e86365ce0
go: downloading github.com/tikv/pd/client v0.0.0-20260708075407-4e05b9d2c2d3
go: downloading github.com/YuhaoZhang00/tidb/pkg/parser v0.0.0-20260702053009-6ce3a970ea5e
go: downloading github.com/pingcap/tipb v0.0.0-20260623093813-5f9928e91afe
go: downloading go.opentelemetry.io/otel v1.39.0
go: downloading go.opentelemetry.io/otel/trace v1.39.0
go: downloading go.opentelemetry.io/otel/metric v1.39.0
=== RUN   TestPipelinedMemDB
=== RUN   TestPipelinedMemDB/TestAINativePipelinedCommitResponseLossRED
[2026/07/14 05:55:03.800 +08:00] [INFO] [store_cache.go:572] ["change store resolve state"] [store=1] [addr=store1] [from=unresolved] [to=resolved] [liveness-state=reachable]
[2026/07/14 05:55:03.801 +08:00] [INFO] [txn.go:625] ["[pipelined dml] flushed memdb to kv store"] [startTS=467659575472947200] [generation=1] [session=0] [keys=1] [size=49B] ["flushed keys"=1] ["flushed size"=49B] ["take time"=884.5µs]
[2026/07/14 05:55:03.801 +08:00] [INFO] [txn.go:625] ["[pipelined dml] flushed memdb to kv store"] [startTS=467659575472947200] [generation=2] [session=0] [keys=0] [size=0B] ["flushed keys"=1] ["flushed size"=49B] ["take time"=2.208µs]
[2026/07/14 05:55:03.801 +08:00] [INFO] [pipelined_flush.go:302] ["[pipelined dml] start to commit transaction"] [keys=1] [flush_wait_duration=962.876µs] [total_duration=1.088709ms] ["memdb traversal cache hit"=0] ["memdb traversal cache miss"=1] [size=49B] [startTS=467659575472947200]
[2026/07/14 05:55:03.801 +08:00] [INFO] [store_cache.go:777] ["[health check] check health error"] [store=store1] [error="rpc error: code = Unavailable desc = connection error: desc = \"transport: Error while dialing: dial tcp: address store1: missing port in address\""]
[2026/07/14 05:55:03.801 +08:00] [INFO] [pd.go:434] ["adaptive update ts interval state transition"] [configuredInterval=2ms] [prevAdaptiveUpdateInterval=2ms] [newAdaptiveUpdateInterval=2ms] [requiredStaleness=0s] [prevState=unknown(0)] [newState=unadjustable]
[2026/07/14 05:55:03.801 +08:00] [INFO] [region_request.go:783] ["mark store's regions need be refill"] [id=1] [addr=store1] [error="injected loss after primary commit was applied"] [errorVerbose="injected loss after primary commit was applied\nintegration_tests_test.(*postApplyCommitResponseLossClient).SendRequest\n\t/Users/bba/pc/ai-native-fuzz-assets/.txnlab/worktrees/client-go.current-head/integration_tests/pipelined_undetermined_probe_test.go:58\ngithub.com/tikv/client-go/v2/internal/locate.(*sendReqState).send\n\t/Users/bba/pc/ai-native-fuzz-assets/.txnlab/worktrees/client-go.current-head/internal/locate/region_request.go:1161\ngithub.com/tikv/client-go/v2/internal/locate.(*sendReqState).next\n\t/Users/bba/pc/ai-native-fuzz-assets/.txnlab/worktrees/client-go.current-head/internal/locate/region_request.go:1034\ngithub.com/tikv/client-go/v2/internal/locate.(*RegionRequestSender).SendReqCtx\n\t/Users/bba/pc/ai-native-fuzz-assets/.txnlab/worktrees/client-go.current-head/internal/locate/region_request.go:1552\ngithub.com/tikv/client-go/v2/internal/locate.(*RegionRequestSender).SendReq\n\t/Users/bba/pc/ai-native-fuzz-assets/.txnlab/worktrees/client-go.current-head/internal/locate/region_request.go:460\ngithub.com/tikv/client-go/v2/txnkv/transaction.actionCommit.handleSingleBatch\n\t/Users/bba/pc/ai-native-fuzz-assets/.txnlab/worktrees/client-go.current-head/txnkv/transaction/commit.go:127\ngithub.com/tikv/client-go/v2/txnkv/transaction.(*twoPhaseCommitter).doActionOnBatches\n\t/Users/bba/pc/ai-native-fuzz-assets/.txnlab/worktrees/client-go.current-head/txnkv/transaction/2pc.go:1133\ngithub.com/tikv/client-go/v2/txnkv/transaction.(*twoPhaseCommitter).doActionOnGroupMutations\n\t/Users/bba/pc/ai-native-fuzz-assets/.txnlab/worktrees/client-go.current-head/txnkv/transaction/2pc.go:1040\ngithub.com/tikv/client-go/v2/txnkv/transaction.(*twoPhaseCommitter).doActionOnMutations\n\t/Users/bba/pc/ai-native-fuzz-assets/.txnlab/worktrees/client-go.current-head/txnkv/transaction/2pc.go:855\ngithub.com/tikv/client-go/v2/txnkv/transaction.(*twoPhaseCommitter).commitMutations\n\t/Users/bba/pc/ai-native-fuzz-assets/.txnlab/worktrees/client-go.current-head/txnkv/transaction/commit.go:282\ngithub.com/tikv/client-go/v2/txnkv/transaction.(*twoPhaseCommitter).commitFlushedMutations\n\t/Users/bba/pc/ai-native-fuzz-assets/.txnlab/worktrees/client-go.current-head/txnkv/transaction/pipelined_flush.go:328\ngithub.com/tikv/client-go/v2/txnkv/transaction.(*twoPhaseCommitter).execute\n\t/Users/bba/pc/ai-native-fuzz-assets/.txnlab/worktrees/client-go.current-head/txnkv/transaction/2pc.go:1856\ngithub.com/tikv/client-go/v2/txnkv/transaction.(*KVTxn).Commit\n\t/Users/bba/pc/ai-native-fuzz-assets/.txnlab/worktrees/client-go.current-head/txnkv/transaction/txn.go:898\nintegration_tests_test.(*testPipelinedMemDBSuite).TestAINativePipelinedCommitResponseLossRED\n\t/Users/bba/pc/ai-native-fuzz-assets/.txnlab/worktrees/client-go.current-head/integration_tests/pipelined_undetermined_probe_test.go:78\nreflect.Value.call\n\t/Users/bba/.gvm/pkgsets/go1.25.1/global/pkg/mod/golang.org/toolchain@v0.0.1-go1.25.10.darwin-arm64/src/reflect/value.go:581\nreflect.Value.Call\n\t/Users/bba/.gvm/pkgsets/go1.25.1/global/pkg/mod/golang.org/toolchain@v0.0.1-go1.25.10.darwin-arm64/src/reflect/value.go:365\ngithub.com/stretchr/testify/suite.Run.func1\n\t/Users/bba/.gvm/pkgsets/go1.25.1/global/pkg/mod/github.com/stretchr/testify@v1.11.1/suite/suite.go:196\ntesting.tRunner\n\t/Users/bba/.gvm/pkgsets/go1.25.1/global/pkg/mod/golang.org/toolchain@v0.0.1-go1.25.10.darwin-arm64/src/testing/testing.go:1934\nruntime.goexit\n\t/Users/bba/.gvm/pkgsets/go1.25.1/global/pkg/mod/golang.org/toolchain@v0.0.1-go1.25.10.darwin-arm64/src/runtime/asm_arm64.s:1268"]
[2026/07/14 05:55:03.802 +08:00] [INFO] [store_cache.go:572] ["change store resolve state"] [store=1] [addr=store1] [from=resolved] [to=needCheck] [liveness-state=unreachable]
[2026/07/14 05:55:03.802 +08:00] [INFO] [store_cache.go:1099] ["store health status changed"] [storeID=1] [isSlow=true] [healthDetail="{ ClientSideSlowScore: 100, TiKVSideSlowScore: 0 }"]
[2026/07/14 05:55:03.802 +08:00] [INFO] [store_cache.go:572] ["change store resolve state"] [store=1] [addr=store1] [from=needCheck] [to=resolved] [liveness-state=unreachable]
    pipelined_undetermined_probe_test.go:97:
                Error Trace:        /Users/bba/pc/ai-native-fuzz-assets/.txnlab/worktrees/client-go.current-head/integration_tests/pipelined_undetermined_probe_test.go:97
                Error:              Should be true
                Test:               TestPipelinedMemDB/TestAINativePipelinedCommitResponseLossRED
                Messages:           durable value is visible after Commit returned a non-undetermined error: epoch_not_match:<>
[2026/07/14 05:55:04.309 +08:00] [INFO] [db.go:567] ["Closing database"]
[2026/07/14 05:55:04.310 +08:00] [INFO] [db.go:592] ["Memtable flushed"]
[2026/07/14 05:55:04.310 +08:00] [INFO] [db.go:596] ["Compaction finished"]
[2026/07/14 05:55:04.310 +08:00] [INFO] [db.go:615] ["BlobManager finished"]
[2026/07/14 05:55:04.310 +08:00] [INFO] [db.go:619] ["ResourceManager finished"]
[2026/07/14 05:55:04.310 +08:00] [INFO] [db.go:625] ["Waiting for closer"]
--- FAIL: TestPipelinedMemDB (0.55s)
    --- FAIL: TestPipelinedMemDB/TestAINativePipelinedCommitResponseLossRED (0.55s)
FAIL
FAIL        integration_tests        1.270s
FAIL
