=== RUN   TestAINativeAsyncCheckNotExistsSQLRecovery
[2026/07/14 11:12:16.704 +08:00] [INFO] [service_discovery.go:1030] ["[pd] switch leader"] [new-leader=http://127.0.0.1:2379] [old-leader=]
[2026/07/14 11:12:16.704 +08:00] [INFO] [service_discovery.go:509] ["[pd] init cluster id"] [cluster-id=7662212494604604778]
[2026/07/14 11:12:16.704 +08:00] [INFO] [client.go:214] ["[tso] switch the tso leader serving url"] [new-url=http://127.0.0.1:2379]
[2026/07/14 11:12:16.704 +08:00] [INFO] [dispatcher.go:146] ["[tso] tso dispatcher created"]
[2026/07/14 11:12:16.704 +08:00] [INFO] [dispatcher.go:598] ["[tso] switching tso rpc concurrency"] [old=0] [new=1]
[2026/07/14 11:12:16.704 +08:00] [INFO] [inner_client.go:173] ["[pd] tso provider changed to pd"]
[2026/07/14 11:12:16.704 +08:00] [INFO] [client.go:251] ["[tso] start tso connection contexts updater"]
[2026/07/14 11:12:16.704 +08:00] [INFO] [watcher.go:56] ["[pd] start the deadline watcher"] [source=tso]
[2026/07/14 11:12:16.705 +08:00] [INFO] [inner_client.go:154] ["[pd] service mode changed"] [new-mode=PD_SVC_MODE]
[2026/07/14 11:12:16.705 +08:00] [INFO] [router_service_discovery.go:162] ["[router service] created router service discovery"] [cluster-id=7662212494604604778] [keyspace-id=4294967295] [default-discovery-key=/ms/7662212494604604778/router/registry/]
[2026/07/14 11:12:16.705 +08:00] [INFO] [router_service_discovery.go:174] ["[router service] initializing router service discovery"] [max-retry-times=100] [retry-interval=1s]
[2026/07/14 11:12:16.706 +08:00] [INFO] [router_service_discovery.go:260] ["[router service] update member sorted urls"] [new-sorted-urls="[]"]
[2026/07/14 11:12:16.706 +08:00] [INFO] [router_service_discovery.go:245] ["[router service] updating nodes succeeded"] [urls="[]"] [clients-length=0]
[2026/07/14 11:12:16.706 +08:00] [INFO] [client.go:424] ["[router] connection daemon is started"]
[2026/07/14 11:12:16.706 +08:00] [INFO] [client.go:585] ["[router] dispatcher is started"]
[2026/07/14 11:12:16.706 +08:00] [INFO] [tikv_driver.go:194] ["using API V1."]
[2026/07/14 11:12:16.706 +08:00] [INFO] [client.go:509] ["[router] successfully established the leader router stream connection"] [url=http://127.0.0.1:2379]
[2026/07/14 11:12:16.706 +08:00] [INFO] [inner_client.go:91] ["[pd] start router client initializer"]
[2026/07/14 11:12:16.706 +08:00] [INFO] [metamanager.go:146] ["return meta service group info"] [meta-service-info="{\"PDAddrs\":[\"127.0.0.1:2379\"],\"Group\":{\"GroupID\":\"0\",\"Addrs\":[\"127.0.0.1:2379\"]}}"]
[2026/07/14 11:12:16.709 +08:00] [INFO] [store_cache.go:572] ["change store resolve state"] [store=1] [addr=127.0.0.1:20160] [from=unresolved] [to=resolved] [liveness-state=reachable]
[2026/07/14 11:12:16.712 +08:00] [INFO] [session.go:4353] ["cluster already bootstrapped"] [version=263]
[2026/07/14 11:12:16.712 +08:00] [INFO] [tidb.go:103] ["new domain"] [store=tikv-7662212494604604778/] ["ddl lease"=500ms] ["stats lease"=3s]
[2026/07/14 11:12:16.746 +08:00] [INFO] [info.go:279] ["init TiFlashReplicaManager"]
[2026/07/14 11:12:16.772 +08:00] [INFO] [domain.go:2708] [acquireServerID] [serverID=1354] ["lease id"=22319f5e8f21df65]
[2026/07/14 11:12:16.777 +08:00] [INFO] [global_controller.go:219] ["load resource controller config"] [config="{\"degraded-mode-wait-duration\":\"0s\",\"ltb-max-wait-duration\":\"30s\",\"ltb-token-rpc-max-delay\":\"1s\",\"request-unit\":{\"read-base-cost\":0.125,\"read-per-batch-base-cost\":0.5,\"read-cost-per-byte\":0.0000152587890625,\"write-base-cost\":1,\"write-per-batch-base-cost\":1,\"write-cost-per-byte\":0.0009765625,\"read-cpu-ms-cost\":0.3333333333333333},\"enable-controller-trace-log\":\"false\",\"token-rpc-params\":{\"wait-retry-interval\":\"50ms\",\"wait-retry-times\":20}}"] [ru-config="{\"ReadBaseCost\":0.125,\"ReadPerBatchBaseCost\":0.5,\"ReadBytesCost\":0.0000152587890625,\"WriteBaseCost\":1,\"WritePerBatchBaseCost\":1,\"WriteBytesCost\":0.0009765625,\"CPUMsCost\":0.3333333333333333,\"LTBMaxWaitDuration\":30000000000,\"WaitRetryInterval\":50000000,\"WaitRetryTimes\":20,\"DegradedModeWaitDuration\":0}"] [keyspace-id=4294967295]
[2026/07/14 11:12:16.785 +08:00] [INFO] [loader.go:281] ["full load InfoSchema success"] [mode=auto] [isV2=true] [currentSchemaVersion=0] [neededSchemaVersion=59] ["elapsed time"=5.984583ms]
[2026/07/14 11:12:16.785 +08:00] [INFO] [syncer.go:456] ["full load and reset schema validator"]
[2026/07/14 11:12:16.793 +08:00] [INFO] [ddl.go:1159] ["DDL closed"] [category=ddl] [ID=094d34c0-6ce6-487d-a619-732fd37ebd38] ["take time"=5.080583ms]
[2026/07/14 11:12:16.793 +08:00] [INFO] [ddl.go:849] ["stop DDL"] [category=ddl] [ID=094d34c0-6ce6-487d-a619-732fd37ebd38]
[2026/07/14 11:12:16.808 +08:00] [INFO] [domain.go:2733] ["releaseServerID succeed"] [serverID=1354] [leaseID=2463925699625475941]
[2026/07/14 11:12:16.808 +08:00] [WARN] [meta_storage_client.go:165] ["watch stream closed"] [error="rpc error: code = Canceled desc = context canceled"]
[2026/07/14 11:12:16.808 +08:00] [WARN] [meta_storage_client.go:165] ["watch stream closed"] [error="rpc error: code = Canceled desc = context canceled"]
[2026/07/14 11:12:16.823 +08:00] [INFO] [domain.go:550] ["domain closed"] ["take time"=35.118875ms]
[2026/07/14 11:12:16.823 +08:00] [INFO] [tidb.go:103] ["new domain"] [store=tikv-7662212494604604778/] ["ddl lease"=500ms] ["stats lease"=3s]
[2026/07/14 11:12:16.848 +08:00] [INFO] [info.go:279] ["init TiFlashReplicaManager"]
[2026/07/14 11:12:16.873 +08:00] [INFO] [domain.go:2708] [acquireServerID] [serverID=902] ["lease id"=22319f5e8f21df7e]
[2026/07/14 11:12:16.877 +08:00] [INFO] [global_controller.go:219] ["load resource controller config"] [config="{\"degraded-mode-wait-duration\":\"0s\",\"ltb-max-wait-duration\":\"30s\",\"ltb-token-rpc-max-delay\":\"1s\",\"request-unit\":{\"read-base-cost\":0.125,\"read-per-batch-base-cost\":0.5,\"read-cost-per-byte\":0.0000152587890625,\"write-base-cost\":1,\"write-per-batch-base-cost\":1,\"write-cost-per-byte\":0.0009765625,\"read-cpu-ms-cost\":0.3333333333333333},\"enable-controller-trace-log\":\"false\",\"token-rpc-params\":{\"wait-retry-interval\":\"50ms\",\"wait-retry-times\":20}}"] [ru-config="{\"ReadBaseCost\":0.125,\"ReadPerBatchBaseCost\":0.5,\"ReadBytesCost\":0.0000152587890625,\"WriteBaseCost\":1,\"WritePerBatchBaseCost\":1,\"WriteBytesCost\":0.0009765625,\"CPUMsCost\":0.3333333333333333,\"LTBMaxWaitDuration\":30000000000,\"WaitRetryInterval\":50000000,\"WaitRetryTimes\":20,\"DegradedModeWaitDuration\":0}"] [keyspace-id=4294967295]
[2026/07/14 11:12:16.886 +08:00] [INFO] [loader.go:281] ["full load InfoSchema success"] [mode=auto] [isV2=true] [currentSchemaVersion=0] [neededSchemaVersion=59] ["elapsed time"=7.658917ms]
[2026/07/14 11:12:16.886 +08:00] [INFO] [syncer.go:456] ["full load and reset schema validator"]
[2026/07/14 11:12:16.886 +08:00] [INFO] [ddl.go:1070] ["change job version in use"] [category=ddl] [old=v1] [new=v2]
[2026/07/14 11:12:16.886 +08:00] [INFO] [ddl.go:994] ["job version in use is not v2 or global index v1 not supported, maybe in upgrade, start detecting"] [category=ddl] [current=v2] [globalIndexV1Supported=false]
[2026/07/14 11:12:16.886 +08:00] [INFO] [ddl.go:882] ["start DDL"] [category=ddl] [ID=094d34c0-6ce6-487d-a619-732fd37ebd38] [runWorker=true] [jobVersion=v2] [startMode=normal]
[2026/07/14 11:12:16.887 +08:00] [INFO] [ddl.go:857] ["start delRangeManager OK"] [category=ddl] ["is a emulator"=false]
[2026/07/14 11:12:16.891 +08:00] [WARN] [global_controller.go:850] ["[resource group controller] resource group name does not exist"] [name=default]
[2026/07/14 11:12:16.891 +08:00] [INFO] [manager.go:289] ["start campaign owner"] [key=/tidb/ddl/fg/owner] [id=094d34c0-6ce6-487d-a619-732fd37ebd38]
[2026/07/14 11:12:16.896 +08:00] [INFO] [env.go:123] ["the ingest sorted directory"] [category=ddl-ingest] ["data path"=/tmp/tidb/tmp_ddl-4000]
[2026/07/14 11:12:16.896 +08:00] [WARN] [env.go:84] ["ingest backfill may not be available"] [category=ddl-ingest] [error="the available disk space(65712226304) in /tmp/tidb/tmp_ddl-4000 should be greater than @@tidb_ddl_disk_quota(107374182400)"] [errorVerbose="the available disk space(65712226304) in /tmp/tidb/tmp_ddl-4000 should be greater than @@tidb_ddl_disk_quota(107374182400)\ngithub.com/pingcap/tidb/pkg/ddl/ingest.(*diskRootImpl).StartupCheck\n\t/Users/bba/pc/ai-native-fuzz-assets/.txnlab/worktrees/campaign.txn.terminal.20260714/tidb/pkg/ddl/ingest/disk_root.go:191\ngithub.com/pingcap/tidb/pkg/ddl/ingest.InitGlobalLightningEnv\n\t/Users/bba/pc/ai-native-fuzz-assets/.txnlab/worktrees/campaign.txn.terminal.20260714/tidb/pkg/ddl/ingest/env.go:82\ngithub.com/pingcap/tidb/pkg/ddl.(*ddl).Start\n\t/Users/bba/pc/ai-native-fuzz-assets/.txnlab/worktrees/campaign.txn.terminal.20260714/tidb/pkg/ddl/ddl.go:944\ngithub.com/pingcap/tidb/pkg/domain.(*Domain).Start\n\t/Users/bba/pc/ai-native-fuzz-assets/.txnlab/worktrees/campaign.txn.terminal.20260714/tidb/pkg/domain/domain.go:809\ngithub.com/pingcap/tidb/pkg/session.bootstrapSessionImpl\n\t/Users/bba/pc/ai-native-fuzz-assets/.txnlab/worktrees/campaign.txn.terminal.20260714/tidb/pkg/session/session.go:4411\ngithub.com/pingcap/tidb/pkg/session.BootstrapSession\n\t/Users/bba/pc/ai-native-fuzz-assets/.txnlab/worktrees/campaign.txn.terminal.20260714/tidb/pkg/session/session.go:4292\ngithub.com/pingcap/tidb/tests/realtikvtest.CreateMockStoreAndDomainAndSetup\n\t/Users/bba/pc/ai-native-fuzz-assets/.txnlab/worktrees/campaign.txn.terminal.20260714/tidb/tests/realtikvtest/testkit.go:297\ngithub.com/pingcap/tidb/tests/realtikvtest/txntest.TestAINativeAsyncCheckNotExistsSQLRecovery\n\t/Users/bba/pc/ai-native-fuzz-assets/.txnlab/worktrees/campaign.txn.terminal.20260714/tidb/tests/realtikvtest/txntest/ai_native_async_checknotexists_sql_probe_test.go:52\ntesting.tRunner\n\t/Users/bba/.gvm/pkgsets/go1.25.1/global/pkg/mod/golang.org/toolchain@v0.0.1-go1.25.10.darwin-arm64/src/testing/testing.go:1934\nruntime.goexit\n\t/Users/bba/.gvm/pkgsets/go1.25.1/global/pkg/mod/golang.org/toolchain@v0.0.1-go1.25.10.darwin-arm64/src/runtime/asm_arm64.s:1268"]
[2026/07/14 11:12:16.896 +08:00] [INFO] [env.go:88] ["init global ingest backend environment finished"] [category=ddl-ingest] ["memory limitation"=19327352832] ["disk usage info"="disk usage: 928950358016/994662584320, backend usage: 0"] ["max open file number"=138240] ["lightning is initialized"=true]
[2026/07/14 11:12:16.896 +08:00] [INFO] [wait_group_wrapper.go:141] ["background process started"] [source=domain] [process=loadSchemaInLoop]
[2026/07/14 11:12:16.896 +08:00] [INFO] [wait_group_wrapper.go:141] ["background process started"] [source=domain] [process=mdlCheckLoop]
[2026/07/14 11:12:16.896 +08:00] [INFO] [wait_group_wrapper.go:141] ["background process started"] [source=domain] [process=topNSlowQueryLoop]
[2026/07/14 11:12:16.896 +08:00] [INFO] [wait_group_wrapper.go:141] ["background process started"] [source=domain] [process=infoSyncerKeeper]
[2026/07/14 11:12:16.896 +08:00] [INFO] [wait_group_wrapper.go:141] ["background process started"] [source=domain] [process=globalConfigSyncerKeeper]
[2026/07/14 11:12:16.896 +08:00] [INFO] [wait_group_wrapper.go:141] ["background process started"] [source=domain] [process=runawayRecordFlushLoop]
[2026/07/14 11:12:16.896 +08:00] [INFO] [wait_group_wrapper.go:141] ["background process started"] [source=domain] [process=runawayWatchSyncLoop]
[2026/07/14 11:12:16.896 +08:00] [INFO] [wait_group_wrapper.go:141] ["background process started"] [source=domain] [process=requestUnitsWriterLoop]
[2026/07/14 11:12:16.896 +08:00] [INFO] [wait_group_wrapper.go:141] ["background process started"] [source=domain] [process=topologySyncerKeeper]
[2026/07/14 11:12:16.896 +08:00] [INFO] [wait_group_wrapper.go:141] ["background process started"] [source=domain] [process=closestReplicaReadCheckLoop]
[2026/07/14 11:12:16.896 +08:00] [INFO] [wait_group_wrapper.go:150] ["background process exited"] [source=domain] [process=requestUnitsWriterLoop]
[2026/07/14 11:12:16.896 +08:00] [INFO] [owner_daemon.go:70] ["begin advancer daemon"] [daemon-id=LogBackup::Advancer]
[2026/07/14 11:12:16.897 +08:00] [INFO] [manager.go:289] ["start campaign owner"] [key=/tidb/br-stream/owner] [id=9b2cb34a-0f54-48f3-b971-e13fcffcad97]
[2026/07/14 11:12:16.905 +08:00] [INFO] [manager.go:527] ["get owner"] [key=/tidb/ddl/fg/owner] ["owner key"=/tidb/ddl/fg/owner/22319f5e8f21df8a] [ownerID=094d34c0-6ce6-487d-a619-732fd37ebd38]
[2026/07/14 11:12:16.905 +08:00] [INFO] [manager.go:324] ["become owner"] [key=/tidb/ddl/fg/owner] [id=094d34c0-6ce6-487d-a619-732fd37ebd38]
[2026/07/14 11:12:16.905 +08:00] [INFO] [manager.go:616] ["watching owner key"] [key=/tidb/ddl/fg/owner] [id=094d34c0-6ce6-487d-a619-732fd37ebd38] [ownerKey=/tidb/ddl/fg/owner/22319f5e8f21df8a] [currRev=701]
[2026/07/14 11:12:16.906 +08:00] [INFO] [wait_group_wrapper.go:141] ["background process started"] [source=domain] [process=logBackupAdvancer]
[2026/07/14 11:12:16.906 +08:00] [INFO] [owner_daemon.go:81] ["begin running daemon"] [id=9b2cb34a-0f54-48f3-b971-e13fcffcad97] [daemon-id=LogBackup::Advancer]
[2026/07/14 11:12:16.906 +08:00] [WARN] [sysvar_cache.go:53] ["sysvar cache is empty, triggering rebuild"]
[2026/07/14 11:12:16.908 +08:00] [INFO] [client.go:434] ["[router] follower handle status changed"] [enable=true]
[2026/07/14 11:12:16.908 +08:00] [INFO] [sysvar.go:3400] ["set resource control"] [enable=true]
[2026/07/14 11:12:16.908 +08:00] [INFO] [inner_client.go:103] ["[pd] notified to disable the router client"]
[2026/07/14 11:12:16.908 +08:00] [INFO] [client.go:325] ["[router] closing router client"]
[2026/07/14 11:12:16.908 +08:00] [INFO] [client.go:606] ["[router] stop fetching the pending router requests due to context canceled"]
[2026/07/14 11:12:16.908 +08:00] [INFO] [client.go:587] ["[router] dispatcher is exiting"]
[2026/07/14 11:12:16.908 +08:00] [INFO] [client.go:592] ["[router] dispatcher exited"]
[2026/07/14 11:12:16.908 +08:00] [INFO] [client.go:430] ["[router] connection daemon is exiting"]
[2026/07/14 11:12:16.908 +08:00] [INFO] [client.go:330] ["[router] router client is closed"]
[2026/07/14 11:12:16.909 +08:00] [INFO] [global_controller.go:586] ["[resource group controller] create resource group cost controller"] [name=default]
[2026/07/14 11:12:16.918 +08:00] [INFO] [wait_group_wrapper.go:141] ["background process started"] [source=domain] [process=loadPrivilegeInLoop]
[2026/07/14 11:12:16.918 +08:00] [INFO] [job_scheduler.go:363] ["get global state and global state change"] [category=ddl] [oldState=false] [currState=false]
[2026/07/14 11:12:16.918 +08:00] [INFO] [manager.go:561] ["set owner op is the same as the original, so do nothing."] [key=/tidb/ddl/fg/owner] [id=094d34c0-6ce6-487d-a619-732fd37ebd38] [op=none]
[2026/07/14 11:12:16.918 +08:00] [INFO] [job_scheduler.go:375] ["the owner sets owner operator value"] [category=ddl] [ownerOp=none]
[2026/07/14 11:12:16.919 +08:00] [INFO] [manager.go:527] ["get owner"] [key=/tidb/br-stream/owner] ["owner key"=/tidb/br-stream/owner/22319f5e8f21df8e] [ownerID=9b2cb34a-0f54-48f3-b971-e13fcffcad97]
[2026/07/14 11:12:16.919 +08:00] [INFO] [manager.go:324] ["become owner"] [key=/tidb/br-stream/owner] [id=9b2cb34a-0f54-48f3-b971-e13fcffcad97]
[2026/07/14 11:12:16.919 +08:00] [INFO] [manager.go:616] ["watching owner key"] [key=/tidb/br-stream/owner] [id=9b2cb34a-0f54-48f3-b971-e13fcffcad97] [ownerKey=/tidb/br-stream/owner/22319f5e8f21df8e] [currRev=702]
[2026/07/14 11:12:16.920 +08:00] [INFO] [wait_group_wrapper.go:141] ["background process started"] [source=domain] [process=LoadSysVarCacheLoop]
[2026/07/14 11:12:16.923 +08:00] [INFO] [binding_cache.go:75] ["load bindings"] [category=sql-bind] [fullLoad=true] [fromRemote=false] [cacheSizeChange=false] [hasNewBinding=false] [cacheCapacity=67108864] [cacheUsage=0] [cachedBindingNum=0] [duration=1.655708ms] []
[2026/07/14 11:12:16.923 +08:00] [INFO] [manager.go:289] ["start campaign owner"] [key=/tidb/bindinfo/owner] [id=094d34c0-6ce6-487d-a619-732fd37ebd38]
[2026/07/14 11:12:16.928 +08:00] [INFO] [wait_group_wrapper.go:141] ["background process started"] [source=domain] [process=globalBindHandleWorkerLoop]
[2026/07/14 11:12:16.930 +08:00] [INFO] [wait_group_wrapper.go:141] ["background process started"] [source=domain] [process=PlanReplayerTaskCollectHandle]
[2026/07/14 11:12:16.930 +08:00] [INFO] [wait_group_wrapper.go:141] ["background process started"] [source=domain] [process=PlanReplayerTaskDumpHandle]
[2026/07/14 11:12:16.930 +08:00] [INFO] [wait_group_wrapper.go:141] ["background process started"] [source=domain] [process=dumpFileGcChecker]
[2026/07/14 11:12:16.930 +08:00] [INFO] [wait_group_wrapper.go:141] ["background process started"] [source=domain] [process=HistoricalStatsWorker]
[2026/07/14 11:12:16.930 +08:00] [INFO] [domain.go:1803] ["PlanReplayerTaskCollectHandle started"]
[2026/07/14 11:12:16.930 +08:00] [INFO] [domain.go:1825] ["PlanReplayerTaskDumpHandle started"]
[2026/07/14 11:12:16.930 +08:00] [INFO] [domain.go:1857] ["dumpFileGcChecker started"]
[2026/07/14 11:12:16.930 +08:00] [INFO] [domain.go:1890] ["HistoricalStatsWorker started"]
[2026/07/14 11:12:16.930 +08:00] [INFO] [plan_replayer.go:407] ["planReplayerTaskDumpWorker started."]
[2026/07/14 11:12:16.930 +08:00] [INFO] [wait_group_wrapper.go:141] ["background process started"] [source=domain] [process=loadStatsWorker]
[2026/07/14 11:12:16.930 +08:00] [INFO] [manager.go:289] ["start campaign owner"] [key=/tidb/stats/owner] [id=094d34c0-6ce6-487d-a619-732fd37ebd38]
[2026/07/14 11:12:16.931 +08:00] [INFO] [bootstrap.go:872] ["Complete loading the stats meta in the lite mode"] [category=stats] [duration=902.625µs]
[2026/07/14 11:12:16.932 +08:00] [INFO] [bootstrap.go:879] ["Complete loading the histogram in the lite mode"] [category=stats] [duration=1.259083ms]
[2026/07/14 11:12:16.932 +08:00] [INFO] [domain.go:2101] ["Init stats succeed"] [category=stats] [isLiteInitStats=true] [duration=2.60325ms]
[2026/07/14 11:12:16.936 +08:00] [INFO] [wait_group_wrapper.go:141] ["background process started"] [source=domain] [process=indexUsageWorker]
[2026/07/14 11:12:16.936 +08:00] [INFO] [wait_group_wrapper.go:141] ["background process started"] [source=domain] [process=asyncLoadHistogram]
[2026/07/14 11:12:16.936 +08:00] [INFO] [wait_group_wrapper.go:141] ["background process started"] [source=domain] [process=deltaUpdateTickerWorker]
[2026/07/14 11:12:16.936 +08:00] [INFO] [wait_group_wrapper.go:141] ["background process started"] [source=domain] [process=dumpColStatsUsageWorker]
[2026/07/14 11:12:16.936 +08:00] [INFO] [wait_group_wrapper.go:141] ["background process started"] [source=domain] [process=gcStatsWorker]
[2026/07/14 11:12:16.936 +08:00] [INFO] [wait_group_wrapper.go:141] ["background process started"] [source=domain] [process=autoAnalyzeWorker]
[2026/07/14 11:12:16.936 +08:00] [INFO] [wait_group_wrapper.go:141] ["background process started"] [source=domain] [process=analyzeJobsCleanupWorker]
[2026/07/14 11:12:16.936 +08:00] [INFO] [domain.go:2058] ["start load stats sub workers"] [workerCount=6]
[2026/07/14 11:12:16.936 +08:00] [INFO] [wait_group_wrapper.go:141] ["background process started"] [source=domain] [process=planCacheEvictTrigger]
[2026/07/14 11:12:16.936 +08:00] [INFO] [domain.go:2301] ["deltaUpdateTickerWorker started."]
[2026/07/14 11:12:16.936 +08:00] [INFO] [domain.go:2235] ["gcStatsWorker started."]
[2026/07/14 11:12:16.936 +08:00] [INFO] [domain.go:2274] ["dumpColStatsUsageWorker started."]
[2026/07/14 11:12:16.936 +08:00] [INFO] [wait_group_wrapper.go:141] ["background process started"] [source=domain] [process=planCacheMetricsAndVars]
[2026/07/14 11:12:16.936 +08:00] [INFO] [wait_group_wrapper.go:141] ["background process started"] [source=domain] [process=readTableCostWorker]
[2026/07/14 11:12:16.936 +08:00] [INFO] [manager.go:527] ["get owner"] [key=/tidb/bindinfo/owner] ["owner key"=/tidb/bindinfo/owner/22319f5e8f21df99] [ownerID=094d34c0-6ce6-487d-a619-732fd37ebd38]
[2026/07/14 11:12:16.936 +08:00] [INFO] [manager.go:324] ["become owner"] [key=/tidb/bindinfo/owner] [id=094d34c0-6ce6-487d-a619-732fd37ebd38]
[2026/07/14 11:12:16.936 +08:00] [INFO] [manager.go:616] ["watching owner key"] [key=/tidb/bindinfo/owner] [id=094d34c0-6ce6-487d-a619-732fd37ebd38] [ownerKey=/tidb/bindinfo/owner/22319f5e8f21df99] [currRev=703]
[2026/07/14 11:12:16.936 +08:00] [INFO] [wait_group_wrapper.go:141] ["background process started"] [source=domain] [process=loadSigningCertLoop]
[2026/07/14 11:12:16.936 +08:00] [INFO] [domain.go:1204] ["initialize node resource"] [total-cpu=14] [total-mem=36GiB] [dxf-resource-limit=100] [dxf-usable-cpu=14] [dxf-usable-mem=36GiB] [total-disk=926.4GiB]
[2026/07/14 11:12:16.937 +08:00] [INFO] [notifier.go:225] ["etcd notify loop to watch timer events started"] [EtcdKey=/tidb/timer/cluster/1/notify/d4b29844-0e6e-463a-b7d2-2c387e214416]
[2026/07/14 11:12:16.937 +08:00] [INFO] [task_manager.go:248] ["scale ttl worker"] [ttl-worker=job-manager] [ttl-worker=094d34c0-6ce6-487d-a619-732fd37ebd38] [ttl-worker=task-manager] [ttl-worker=094d34c0-6ce6-487d-a619-732fd37ebd38] [originalCount=0] [newCount=4]
[2026/07/14 11:12:16.937 +08:00] [INFO] [task_manager.go:248] ["scale ttl worker"] [ttl-worker=job-manager] [ttl-worker=094d34c0-6ce6-487d-a619-732fd37ebd38] [ttl-worker=task-manager] [ttl-worker=094d34c0-6ce6-487d-a619-732fd37ebd38] [originalCount=0] [newCount=4]
[2026/07/14 11:12:16.937 +08:00] [INFO] [job_manager.go:519] ["TTL leader to collect delay metrics"] [ttl-worker=job-manager] [ttl-worker=094d34c0-6ce6-487d-a619-732fd37ebd38]
[2026/07/14 11:12:16.938 +08:00] [INFO] [helper.go:189] ["set random timezone for getStmtTimestamp"] [timezone=Local]
[2026/07/14 11:12:16.938 +08:00] [INFO] [wait_group_wrapper.go:141] ["background process started"] [source=domain] [process=distTaskFrameworkLoop]
[2026/07/14 11:12:16.938 +08:00] [INFO] [manager.go:124] ["task executor manager start"] [server-id=:4000]
[2026/07/14 11:12:16.938 +08:00] [INFO] [domain.go:1220] ["dist task executor manager started"]
[2026/07/14 11:12:16.938 +08:00] [INFO] [rate_limiter_param.go:104] ["loaded value from meta store"] [key=maxBatchSplitRanges] [value=2048]
[2026/07/14 11:12:16.939 +08:00] [INFO] [job_manager.go:1096] ["TTL leader to DoGC"] [ttl-worker=job-manager] [ttl-worker=094d34c0-6ce6-487d-a619-732fd37ebd38]
[2026/07/14 11:12:16.944 +08:00] [INFO] [manager.go:527] ["get owner"] [key=/tidb/stats/owner] ["owner key"=/tidb/stats/owner/22319f5e8f21df9c] [ownerID=094d34c0-6ce6-487d-a619-732fd37ebd38]
[2026/07/14 11:12:16.944 +08:00] [INFO] [manager.go:324] ["become owner"] [key=/tidb/stats/owner] [id=094d34c0-6ce6-487d-a619-732fd37ebd38]
[2026/07/14 11:12:16.944 +08:00] [INFO] [manager.go:616] ["watching owner key"] [key=/tidb/stats/owner] [id=094d34c0-6ce6-487d-a619-732fd37ebd38] [ownerKey=/tidb/stats/owner/22319f5e8f21df9c] [currRev=705]
[2026/07/14 11:12:16.947 +08:00] [INFO] [set.go:191] ["set global var"] [conn=1] [name=innodb_lock_wait_timeout] [val=50]
[2026/07/14 11:12:16.950 +08:00] [INFO] [session.go:5103] ["CRUCIAL OPERATION"] [conn=1] [schemaVersion=59] [cur_db=test] [sql="alter table `ai_accounts` nocache"] [user=]
[2026/07/14 11:12:16.951 +08:00] [INFO] [session.go:5103] ["CRUCIAL OPERATION"] [conn=1] [schemaVersion=59] [cur_db=test] [sql="alter table `ai_candidates` nocache"] [user=]
[2026/07/14 11:12:16.954 +08:00] [INFO] [job_submitter.go:118] ["add DDL jobs"] [category=ddl] ["batch count"=1] [jobs="ID:120, Type:drop table, State:queueing, SchemaState:public, SchemaID:114, TableID:116, RowCount:0, ArgLen:1, start time: 2026-07-14 11:12:16.928 +0800 CST, Err:<nil>, ErrCount:0, SnapshotVersion:0, Version: v2; "] [fast_create=true]
[2026/07/14 11:12:16.954 +08:00] [INFO] [executor.go:7274] ["DDL job submitted"] [category=ddl] [job="ID:120, Type:drop table, State:queueing, SchemaState:public, SchemaID:114, TableID:116, RowCount:0, ArgLen:1, start time: 2026-07-14 11:12:16.928 +0800 CST, Err:<nil>, ErrCount:0, SnapshotVersion:0, Version: v2"] [query="drop table `ai_accounts`,`ai_candidates`"]
[2026/07/14 11:12:16.955 +08:00] [INFO] [job_worker.go:854] ["run one job step"] [category=ddl] [jobID=120] [conn=1] [job="ID:120, Type:drop table, State:queueing, SchemaState:public, SchemaID:114, TableID:116, RowCount:0, ArgLen:0, start time: 2026-07-14 11:12:16.928 +0800 CST, Err:<nil>, ErrCount:0, SnapshotVersion:0, Version: v2"]
[2026/07/14 11:12:16.963 +08:00] [INFO] [loader.go:216] ["diff load InfoSchema success"] [mode=auto] [isV2=true] [currVer=59] [neededVer=60] [gotVer=60] ["elapsed time"=390.917µs] [phyTblIDs="[116]"] [actionTypes="[4]"] [diffTypes="[\"drop table\"]"]
[2026/07/14 11:12:16.964 +08:00] [INFO] [syncer.go:281] ["mdl gets lock, update self version to owner"] [jobID=120] [version=60]
[2026/07/14 11:12:16.968 +08:00] [INFO] [schema_version.go:397] ["wait schema version synced success"] [category=ddl] [ver=60] [checkAssumedSvr=false] ["take time"=5.890959ms] [job="ID:120, Type:drop table, State:running, SchemaState:write only, SchemaID:114, TableID:116, RowCount:0, ArgLen:1, start time: 2026-07-14 11:12:16.928 +0800 CST, Err:<nil>, ErrCount:0, SnapshotVersion:0, Version: v2"] [summary="server count: 1"]
[2026/07/14 11:12:16.970 +08:00] [INFO] [job_worker.go:854] ["run one job step"] [category=ddl] [jobID=120] [conn=1] [job="ID:120, Type:drop table, State:running, SchemaState:write only, SchemaID:114, TableID:116, RowCount:0, ArgLen:0, start time: 2026-07-14 11:12:16.928 +0800 CST, Err:<nil>, ErrCount:0, SnapshotVersion:0, Version: v2"]
[2026/07/14 11:12:16.977 +08:00] [INFO] [loader.go:216] ["diff load InfoSchema success"] [mode=auto] [isV2=true] [currVer=60] [neededVer=61] [gotVer=61] ["elapsed time"=323.458µs] [phyTblIDs="[116]"] [actionTypes="[4]"] [diffTypes="[\"drop table\"]"]
[2026/07/14 11:12:16.977 +08:00] [INFO] [syncer.go:281] ["mdl gets lock, update self version to owner"] [jobID=120] [version=61]
[2026/07/14 11:12:16.982 +08:00] [INFO] [schema_version.go:397] ["wait schema version synced success"] [category=ddl] [ver=61] [checkAssumedSvr=false] ["take time"=5.801291ms] [job="ID:120, Type:drop table, State:running, SchemaState:delete only, SchemaID:114, TableID:116, RowCount:0, ArgLen:1, start time: 2026-07-14 11:12:16.928 +0800 CST, Err:<nil>, ErrCount:0, SnapshotVersion:0, Version: v2"] [summary="server count: 1"]
[2026/07/14 11:12:16.983 +08:00] [INFO] [job_worker.go:854] ["run one job step"] [category=ddl] [jobID=120] [conn=1] [job="ID:120, Type:drop table, State:running, SchemaState:delete only, SchemaID:114, TableID:116, RowCount:0, ArgLen:0, start time: 2026-07-14 11:12:16.928 +0800 CST, Err:<nil>, ErrCount:0, SnapshotVersion:0, Version: v2"]
[2026/07/14 11:12:16.985 +08:00] [WARN] [ddl.go:701] ["fail to notify DDL event"] [category=ddl] [event="(Event Type: drop table, Old Table ID: 116, Old Table Name: ai_accounts)"]
[2026/07/14 11:12:16.993 +08:00] [INFO] [loader.go:216] ["diff load InfoSchema success"] [mode=auto] [isV2=true] [currVer=61] [neededVer=62] [gotVer=62] ["elapsed time"=224.459µs] [phyTblIDs="[116]"] [actionTypes="[4]"] [diffTypes="[\"drop table\"]"]
[2026/07/14 11:12:16.993 +08:00] [INFO] [syncer.go:281] ["mdl gets lock, update self version to owner"] [jobID=120] [version=62]
[2026/07/14 11:12:16.998 +08:00] [INFO] [schema_version.go:397] ["wait schema version synced success"] [category=ddl] [ver=62] [checkAssumedSvr=false] ["take time"=5.979917ms] [job="ID:120, Type:drop table, State:done, SchemaState:none, SchemaID:114, TableID:116, RowCount:0, ArgLen:1, start time: 2026-07-14 11:12:16.928 +0800 CST, Err:<nil>, ErrCount:0, SnapshotVersion:0, Version: v2"] [summary="server count: 1"]
[2026/07/14 11:12:16.999 +08:00] [INFO] [delete_range.go:470] ["insert into delete-range table"] [category=ddl] [jobID=120] [tableIDs="[116]"] [comment="drop table: table ID"]
[2026/07/14 11:12:17.001 +08:00] [INFO] [delete_range.go:112] ["add job into delete-range table"] [category=ddl] [jobID=120] [jobType="drop table"]
[2026/07/14 11:12:17.002 +08:00] [INFO] [job_worker.go:447] ["finish DDL job"] [category=ddl] [jobID=120] [conn=1] [job="ID:120, Type:drop table, State:synced, SchemaState:none, SchemaID:114, TableID:116, RowCount:0, ArgLen:1, start time: 2026-07-14 11:12:16.928 +0800 CST, Err:<nil>, ErrCount:0, SnapshotVersion:0, Version: v2"]
[2026/07/14 11:12:17.005 +08:00] [INFO] [executor.go:7412] ["DDL job is finished"] [category=ddl] [jobID=120]
[2026/07/14 11:12:17.010 +08:00] [INFO] [job_submitter.go:118] ["add DDL jobs"] [category=ddl] ["batch count"=1] [jobs="ID:121, Type:drop table, State:queueing, SchemaState:public, SchemaID:114, TableID:118, RowCount:0, ArgLen:1, start time: 2026-07-14 11:12:16.978 +0800 CST, Err:<nil>, ErrCount:0, SnapshotVersion:0, Version: v2; "] [fast_create=true]
[2026/07/14 11:12:17.010 +08:00] [INFO] [executor.go:7274] ["DDL job submitted"] [category=ddl] [job="ID:121, Type:drop table, State:queueing, SchemaState:public, SchemaID:114, TableID:118, RowCount:0, ArgLen:1, start time: 2026-07-14 11:12:16.978 +0800 CST, Err:<nil>, ErrCount:0, SnapshotVersion:0, Version: v2"] [query="drop table `ai_accounts`,`ai_candidates`"]
[2026/07/14 11:12:17.010 +08:00] [INFO] [lock_resolver.go:1631] ["txn lock cleanup resolve-lock rpc finished"] [action=commit] [txnStartTS=467664564906360857] [commitTS=467664564906360859] [regionID=8] [resolveLite=true] [resolvedByCheckTxnStatus=false]
[2026/07/14 11:12:17.011 +08:00] [INFO] [job_worker.go:854] ["run one job step"] [category=ddl] [jobID=121] [conn=1] [job="ID:121, Type:drop table, State:queueing, SchemaState:public, SchemaID:114, TableID:118, RowCount:0, ArgLen:0, start time: 2026-07-14 11:12:16.978 +0800 CST, Err:<nil>, ErrCount:0, SnapshotVersion:0, Version: v2"]
[2026/07/14 11:12:17.019 +08:00] [INFO] [loader.go:216] ["diff load InfoSchema success"] [mode=auto] [isV2=true] [currVer=62] [neededVer=63] [gotVer=63] ["elapsed time"=322.958µs] [phyTblIDs="[118]"] [actionTypes="[4]"] [diffTypes="[\"drop table\"]"]
[2026/07/14 11:12:17.019 +08:00] [INFO] [syncer.go:281] ["mdl gets lock, update self version to owner"] [jobID=121] [version=63]
[2026/07/14 11:12:17.030 +08:00] [INFO] [schema_version.go:397] ["wait schema version synced success"] [category=ddl] [ver=63] [checkAssumedSvr=false] ["take time"=11.949667ms] [job="ID:121, Type:drop table, State:running, SchemaState:write only, SchemaID:114, TableID:118, RowCount:0, ArgLen:1, start time: 2026-07-14 11:12:16.978 +0800 CST, Err:<nil>, ErrCount:0, SnapshotVersion:0, Version: v2"] [summary="server count: 1"]
[2026/07/14 11:12:17.032 +08:00] [INFO] [job_worker.go:854] ["run one job step"] [category=ddl] [jobID=121] [conn=1] [job="ID:121, Type:drop table, State:running, SchemaState:write only, SchemaID:114, TableID:118, RowCount:0, ArgLen:0, start time: 2026-07-14 11:12:16.978 +0800 CST, Err:<nil>, ErrCount:0, SnapshotVersion:0, Version: v2"]
[2026/07/14 11:12:17.039 +08:00] [INFO] [loader.go:216] ["diff load InfoSchema success"] [mode=auto] [isV2=true] [currVer=63] [neededVer=64] [gotVer=64] ["elapsed time"=299.542µs] [phyTblIDs="[118]"] [actionTypes="[4]"] [diffTypes="[\"drop table\"]"]
[2026/07/14 11:12:17.039 +08:00] [INFO] [syncer.go:281] ["mdl gets lock, update self version to owner"] [jobID=121] [version=64]
[2026/07/14 11:12:17.044 +08:00] [INFO] [schema_version.go:397] ["wait schema version synced success"] [category=ddl] [ver=64] [checkAssumedSvr=false] ["take time"=6.124375ms] [job="ID:121, Type:drop table, State:running, SchemaState:delete only, SchemaID:114, TableID:118, RowCount:0, ArgLen:1, start time: 2026-07-14 11:12:16.978 +0800 CST, Err:<nil>, ErrCount:0, SnapshotVersion:0, Version: v2"] [summary="server count: 1"]
[2026/07/14 11:12:17.046 +08:00] [INFO] [job_worker.go:854] ["run one job step"] [category=ddl] [jobID=121] [conn=1] [job="ID:121, Type:drop table, State:running, SchemaState:delete only, SchemaID:114, TableID:118, RowCount:0, ArgLen:0, start time: 2026-07-14 11:12:16.978 +0800 CST, Err:<nil>, ErrCount:0, SnapshotVersion:0, Version: v2"]
[2026/07/14 11:12:17.047 +08:00] [WARN] [ddl.go:701] ["fail to notify DDL event"] [category=ddl] [event="(Event Type: drop table, Old Table ID: 118, Old Table Name: ai_candidates)"]
[2026/07/14 11:12:17.054 +08:00] [INFO] [loader.go:216] ["diff load InfoSchema success"] [mode=auto] [isV2=true] [currVer=64] [neededVer=65] [gotVer=65] ["elapsed time"=210.25µs] [phyTblIDs="[118]"] [actionTypes="[4]"] [diffTypes="[\"drop table\"]"]
[2026/07/14 11:12:17.054 +08:00] [INFO] [syncer.go:281] ["mdl gets lock, update self version to owner"] [jobID=121] [version=65]
[2026/07/14 11:12:17.059 +08:00] [INFO] [schema_version.go:397] ["wait schema version synced success"] [category=ddl] [ver=65] [checkAssumedSvr=false] ["take time"=5.889084ms] [job="ID:121, Type:drop table, State:done, SchemaState:none, SchemaID:114, TableID:118, RowCount:0, ArgLen:1, start time: 2026-07-14 11:12:16.978 +0800 CST, Err:<nil>, ErrCount:0, SnapshotVersion:0, Version: v2"] [summary="server count: 1"]
[2026/07/14 11:12:17.061 +08:00] [INFO] [delete_range.go:470] ["insert into delete-range table"] [category=ddl] [jobID=121] [tableIDs="[118]"] [comment="drop table: table ID"]
[2026/07/14 11:12:17.062 +08:00] [INFO] [delete_range.go:112] ["add job into delete-range table"] [category=ddl] [jobID=121] [jobType="drop table"]
[2026/07/14 11:12:17.062 +08:00] [INFO] [job_worker.go:447] ["finish DDL job"] [category=ddl] [jobID=121] [conn=1] [job="ID:121, Type:drop table, State:synced, SchemaState:none, SchemaID:114, TableID:118, RowCount:0, ArgLen:1, start time: 2026-07-14 11:12:16.978 +0800 CST, Err:<nil>, ErrCount:0, SnapshotVersion:0, Version: v2"]
[2026/07/14 11:12:17.064 +08:00] [INFO] [executor.go:7412] ["DDL job is finished"] [category=ddl] [jobID=121]
[2026/07/14 11:12:17.064 +08:00] [INFO] [session.go:5103] ["CRUCIAL OPERATION"] [conn=1] [schemaVersion=65] [cur_db=test] [sql="drop table `ai_accounts`,`ai_candidates`"] [user=]
    testkit.go:325: cleaned up ddl and tables
[2026/07/14 11:12:17.065 +08:00] [INFO] [session.go:5103] ["CRUCIAL OPERATION"] [conn=1] [schemaVersion=65] [cur_db=test] [sql="drop table if exists ai_accounts, ai_candidates"] [user=]
[2026/07/14 11:12:17.069 +08:00] [INFO] [job_submitter.go:118] ["add DDL jobs"] [category=ddl] ["batch count"=1] [jobs="ID:123, Type:create table, State:queueing, SchemaState:none, SchemaID:114, TableID:122, RowCount:0, ArgLen:1, start time: 2026-07-14 11:12:17.028 +0800 CST, Err:<nil>, ErrCount:0, SnapshotVersion:0, Version: v2; "] [fast_create=true]
[2026/07/14 11:12:17.069 +08:00] [INFO] [executor.go:7274] ["DDL job submitted"] [category=ddl] [job="ID:123, Type:create table, State:queueing, SchemaState:none, SchemaID:114, TableID:122, RowCount:0, ArgLen:1, start time: 2026-07-14 11:12:17.028 +0800 CST, Err:<nil>, ErrCount:0, SnapshotVersion:0, Version: v2"] [query="create table ai_accounts (id bigint primary key, balance bigint not null)"]
[2026/07/14 11:12:17.069 +08:00] [INFO] [lock_resolver.go:1631] ["txn lock cleanup resolve-lock rpc finished"] [action=commit] [txnStartTS=467664564919468075] [commitTS=467664564919468077] [regionID=8] [resolveLite=true] [resolvedByCheckTxnStatus=false]
[2026/07/14 11:12:17.070 +08:00] [INFO] [job_worker.go:854] ["run one job step"] [category=ddl] [jobID=123] [conn=1] [job="ID:123, Type:create table, State:queueing, SchemaState:none, SchemaID:114, TableID:122, RowCount:0, ArgLen:0, start time: 2026-07-14 11:12:17.028 +0800 CST, Err:<nil>, ErrCount:0, SnapshotVersion:0, Version: v2"]
[2026/07/14 11:12:17.071 +08:00] [WARN] [ddl.go:701] ["fail to notify DDL event"] [category=ddl] [event="(Event Type: create table, Table ID: 122, Table Name: ai_accounts)"]
[2026/07/14 11:12:17.077 +08:00] [INFO] [loader.go:216] ["diff load InfoSchema success"] [mode=auto] [isV2=true] [currVer=65] [neededVer=66] [gotVer=66] ["elapsed time"=286.542µs] [phyTblIDs="[122]"] [actionTypes="[3]"] [diffTypes="[\"create table\"]"]
[2026/07/14 11:12:17.077 +08:00] [INFO] [syncer.go:281] ["mdl gets lock, update self version to owner"] [jobID=123] [version=66]
[2026/07/14 11:12:17.082 +08:00] [INFO] [schema_version.go:397] ["wait schema version synced success"] [category=ddl] [ver=66] [checkAssumedSvr=false] ["take time"=5.881291ms] [job="ID:123, Type:create table, State:done, SchemaState:public, SchemaID:114, TableID:122, RowCount:0, ArgLen:1, start time: 2026-07-14 11:12:17.028 +0800 CST, Err:<nil>, ErrCount:0, SnapshotVersion:0, Version: v2"] [summary="server count: 1"]
[2026/07/14 11:12:17.083 +08:00] [INFO] [job_worker.go:447] ["finish DDL job"] [category=ddl] [jobID=123] [conn=1] [job="ID:123, Type:create table, State:synced, SchemaState:public, SchemaID:114, TableID:122, RowCount:0, ArgLen:0, start time: 2026-07-14 11:12:17.028 +0800 CST, Err:<nil>, ErrCount:0, SnapshotVersion:0, Version: v2"]
[2026/07/14 11:12:17.085 +08:00] [INFO] [executor.go:7412] ["DDL job is finished"] [category=ddl] [jobID=123]
[2026/07/14 11:12:17.085 +08:00] [INFO] [session.go:5103] ["CRUCIAL OPERATION"] [conn=1] [schemaVersion=66] [cur_db=test] [sql="create table ai_accounts (id bigint primary key, balance bigint not null)"] [user=]
[2026/07/14 11:12:17.090 +08:00] [INFO] [job_submitter.go:118] ["add DDL jobs"] [category=ddl] ["batch count"=1] [jobs="ID:125, Type:create table, State:queueing, SchemaState:none, SchemaID:114, TableID:124, RowCount:0, ArgLen:1, start time: 2026-07-14 11:12:17.078 +0800 CST, Err:<nil>, ErrCount:0, SnapshotVersion:0, Version: v2; "] [fast_create=true]
[2026/07/14 11:12:17.090 +08:00] [INFO] [executor.go:7274] ["DDL job submitted"] [category=ddl] [job="ID:125, Type:create table, State:queueing, SchemaState:none, SchemaID:114, TableID:124, RowCount:0, ArgLen:1, start time: 2026-07-14 11:12:17.078 +0800 CST, Err:<nil>, ErrCount:0, SnapshotVersion:0, Version: v2"] [query="create table ai_candidates (id bigint primary key, email varchar(128) not null, unique key uk_email(email))"]
[2026/07/14 11:12:17.091 +08:00] [INFO] [lock_resolver.go:1631] ["txn lock cleanup resolve-lock rpc finished"] [action=commit] [txnStartTS=467664564932575244] [commitTS=467664564932575246] [regionID=8] [resolveLite=true] [resolvedByCheckTxnStatus=false]
[2026/07/14 11:12:17.092 +08:00] [INFO] [job_worker.go:854] ["run one job step"] [category=ddl] [jobID=125] [conn=1] [job="ID:125, Type:create table, State:queueing, SchemaState:none, SchemaID:114, TableID:124, RowCount:0, ArgLen:0, start time: 2026-07-14 11:12:17.078 +0800 CST, Err:<nil>, ErrCount:0, SnapshotVersion:0, Version: v2"]
[2026/07/14 11:12:17.093 +08:00] [WARN] [ddl.go:701] ["fail to notify DDL event"] [category=ddl] [event="(Event Type: create table, Table ID: 124, Table Name: ai_candidates)"]
[2026/07/14 11:12:17.099 +08:00] [INFO] [loader.go:216] ["diff load InfoSchema success"] [mode=auto] [isV2=true] [currVer=66] [neededVer=67] [gotVer=67] ["elapsed time"=265.708µs] [phyTblIDs="[124]"] [actionTypes="[3]"] [diffTypes="[\"create table\"]"]
[2026/07/14 11:12:17.099 +08:00] [INFO] [syncer.go:281] ["mdl gets lock, update self version to owner"] [jobID=125] [version=67]
[2026/07/14 11:12:17.104 +08:00] [INFO] [schema_version.go:397] ["wait schema version synced success"] [category=ddl] [ver=67] [checkAssumedSvr=false] ["take time"=6.140792ms] [job="ID:125, Type:create table, State:done, SchemaState:public, SchemaID:114, TableID:124, RowCount:0, ArgLen:1, start time: 2026-07-14 11:12:17.078 +0800 CST, Err:<nil>, ErrCount:0, SnapshotVersion:0, Version: v2"] [summary="server count: 1"]
[2026/07/14 11:12:17.106 +08:00] [INFO] [job_worker.go:447] ["finish DDL job"] [category=ddl] [jobID=125] [conn=1] [job="ID:125, Type:create table, State:synced, SchemaState:public, SchemaID:114, TableID:124, RowCount:0, ArgLen:0, start time: 2026-07-14 11:12:17.078 +0800 CST, Err:<nil>, ErrCount:0, SnapshotVersion:0, Version: v2"]
[2026/07/14 11:12:17.107 +08:00] [INFO] [executor.go:7412] ["DDL job is finished"] [category=ddl] [jobID=125]
[2026/07/14 11:12:17.107 +08:00] [INFO] [session.go:5103] ["CRUCIAL OPERATION"] [conn=1] [schemaVersion=67] [cur_db=test] [sql="create table ai_candidates (id bigint primary key, email varchar(128) not null, unique key uk_email(email))"] [user=]
[2026/07/14 11:12:17.415 +08:00] [INFO] [2pc.go:1655] ["[failpoint] injected skip cleanup secondaries on failure"] [txnStartTS=467664564959051777]
[2026/07/14 11:12:17.417 +08:00] [INFO] [lock_resolver.go:1300] ["resolve async commit locks"] [startTS=467664564959051777] [commitTS=467664564959051779] [TxnStatus="ttl:3000 commit_ts:467664564959051779 action: NoAction"]
[2026/07/14 11:12:17.418 +08:00] [INFO] [lock_resolver.go:1530] ["txn lock cleanup resolve-region rpc finished"] [action=commit] [txnStartTS=467664564959051777] [commitTS=467664564959051779] [regionID=16] [keyCount=1]
    ai_native_async_checknotexists_sql_probe_test.go:105: 
        	Error Trace:	/Users/bba/pc/ai-native-fuzz-assets/.txnlab/worktrees/campaign.txn.terminal.20260714/tidb/tests/realtikvtest/txntest/ai_native_async_checknotexists_sql_probe_test.go:105
        	Error:      	Not equal: 
        	            	expected: [][]interface {}{[]interface {}{"1", "0"}}
        	            	actual  : [][]interface {}{[]interface {}{"1", "-100"}}
        	            	
        	            	Diff:
        	            	--- Expected
        	            	+++ Actual
        	            	@@ -3,3 +3,3 @@
        	            	   (string) (len=1) "1",
        	            	-  (string) (len=1) "0"
        	            	+  (string) (len=4) "-100"
        	            	  }
        	Test:       	TestAINativeAsyncCheckNotExistsSQLRecovery
[2026/07/14 11:12:17.419 +08:00] [INFO] [syncer.go:488] ["schema version sync loop interrupted, retrying..."] [category=ddl]
[2026/07/14 11:12:17.419 +08:00] [INFO] [manager.go:420] ["watch owner finished"] [key=/tidb/ddl/fg/owner] [id=094d34c0-6ce6-487d-a619-732fd37ebd38] []
[2026/07/14 11:12:17.419 +08:00] [INFO] [manager.go:333] ["retire owner"] [key=/tidb/ddl/fg/owner] [id=094d34c0-6ce6-487d-a619-732fd37ebd38]
[2026/07/14 11:12:17.419 +08:00] [WARN] [job_scheduler.go:336] ["load and deliver jobs failed"] [category=ddl] [sampled=] [error="[127.0.0.1:20160](1) context canceled"] [errorVerbose="[127.0.0.1:20160](1) context canceled\ngithub.com/pingcap/errors.Trace\n\t/Users/bba/.gvm/pkgsets/go1.25.1/global/pkg/mod/github.com/pingcap/errors@v0.11.5-0.20260508054701-306e305bcf41/juju_adaptor.go:15\ngithub.com/pingcap/tidb/pkg/store/driver/error.ToTiDBErr\n\t/Users/bba/pc/ai-native-fuzz-assets/.txnlab/worktrees/campaign.txn.terminal.20260714/tidb/pkg/store/driver/error/error.go:220\ngithub.com/pingcap/tidb/pkg/store/copr.(*copIteratorWorker).handleTaskOnce\n\t/Users/bba/pc/ai-native-fuzz-assets/.txnlab/worktrees/campaign.txn.terminal.20260714/tidb/pkg/store/copr/coprocessor.go:1847\ngithub.com/pingcap/tidb/pkg/store/copr.(*liteCopIteratorWorker).liteSendReq\n\t/Users/bba/pc/ai-native-fuzz-assets/.txnlab/worktrees/campaign.txn.terminal.20260714/tidb/pkg/store/copr/coprocessor.go:1562\ngithub.com/pingcap/tidb/pkg/store/copr.(*copIterator).Next\n\t/Users/bba/pc/ai-native-fuzz-assets/.txnlab/worktrees/campaign.txn.terminal.20260714/tidb/pkg/store/copr/coprocessor.go:1448\ngithub.com/pingcap/tidb/pkg/distsql.(*selectResult).fetchRespWithIntermediateResults\n\t/Users/bba/pc/ai-native-fuzz-assets/.txnlab/worktrees/campaign.txn.terminal.20260714/tidb/pkg/distsql/select_result.go:402\ngithub.com/pingcap/tidb/pkg/distsql.(*selectResult).fetchResp\n\t/Users/bba/pc/ai-native-fuzz-assets/.txnlab/worktrees/campaign.txn.terminal.20260714/tidb/pkg/distsql/select_result.go:366\ngithub.com/pingcap/tidb/pkg/distsql.(*selectResult).Next\n\t/Users/bba/pc/ai-native-fuzz-assets/.txnlab/worktrees/campaign.txn.terminal.20260714/tidb/pkg/distsql/select_result.go:504\ngithub.com/pingcap/tidb/pkg/executor.(*tableResultHandler).nextChunk\n\t/Users/bba/pc/ai-native-fuzz-assets/.txnlab/worktrees/campaign.txn.terminal.20260714/tidb/pkg/executor/table_reader.go:686\ngithub.com/pingcap/tidb/pkg/executor.(*TableReaderExecutor).Next\n\t/Users/bba/pc/ai-native-fuzz-assets/.txnlab/worktrees/campaign.txn.terminal.20260714/tidb/pkg/executor/table_reader.go:370\ngithub.com/pingcap/tidb/pkg/executor/internal/exec.Next\n\t/Users/bba/pc/ai-native-fuzz-assets/.txnlab/worktrees/campaign.txn.terminal.20260714/tidb/pkg/executor/internal/exec/executor.go:694\ngithub.com/pingcap/tidb/pkg/executor.(*projectionInputFetcher).run\n\t/Users/bba/pc/ai-native-fuzz-assets/.txnlab/worktrees/campaign.txn.terminal.20260714/tidb/pkg/executor/projection.go:410\nruntime.goexit\n\t/Users/bba/.gvm/pkgsets/go1.25.1/global/pkg/mod/golang.org/toolchain@v0.0.1-go1.25.10.darwin-arm64/src/runtime/asm_arm64.s:1268"]
[2026/07/14 11:12:17.419 +08:00] [INFO] [job_scheduler.go:269] ["scheduleLoop quit due to context canceled"] [category=ddl]
[2026/07/14 11:12:17.419 +08:00] [INFO] [ddl_workerpool.go:78] ["closing workerPool"] [category=ddl]
[2026/07/14 11:12:17.419 +08:00] [INFO] [ddl_workerpool.go:78] ["closing workerPool"] [category=ddl]
[2026/07/14 11:12:17.419 +08:00] [INFO] [job_worker.go:267] ["DDL worker closed"] [category=ddl] [worker="worker 1, tp general"] ["take time"=2.583µs]
[2026/07/14 11:12:17.419 +08:00] [INFO] [job_worker.go:267] ["DDL worker closed"] [category=ddl] [worker="worker 2, tp general"] ["take time"=1.875µs]
[2026/07/14 11:12:17.419 +08:00] [INFO] [job_worker.go:267] ["DDL worker closed"] [category=ddl] [worker="worker 3, tp general"] ["take time"=1.791µs]
[2026/07/14 11:12:17.419 +08:00] [INFO] [job_worker.go:267] ["DDL worker closed"] [category=ddl] [worker="worker 4, tp general"] ["take time"=1.583µs]
[2026/07/14 11:12:17.419 +08:00] [INFO] [manager.go:424] ["is not the owner"] [key=/tidb/ddl/fg/owner] [id=094d34c0-6ce6-487d-a619-732fd37ebd38]
[2026/07/14 11:12:17.419 +08:00] [INFO] [manager.go:385] ["break campaign loop, context is done"] [key=/tidb/ddl/fg/owner] [id=094d34c0-6ce6-487d-a619-732fd37ebd38]
[2026/07/14 11:12:17.425 +08:00] [INFO] [delete_range.go:162] ["closing delRange"] [category=ddl]
[2026/07/14 11:12:17.425 +08:00] [INFO] [session_pool.go:133] ["closing session pool"] [category=ddl]
[2026/07/14 11:12:17.425 +08:00] [INFO] [ddl.go:1159] ["DDL closed"] [category=ddl] [ID=094d34c0-6ce6-487d-a619-732fd37ebd38] ["take time"=6.046542ms]
[2026/07/14 11:12:17.425 +08:00] [INFO] [ddl.go:849] ["stop DDL"] [category=ddl] [ID=094d34c0-6ce6-487d-a619-732fd37ebd38]
[2026/07/14 11:12:17.425 +08:00] [INFO] [domain.go:484] ["stopping ttlJobManager"]
[2026/07/14 11:12:17.425 +08:00] [INFO] [notifier.go:227] ["etcd notify loop to watch timer events stopped"] [EtcdKey=/tidb/timer/cluster/1/notify/d4b29844-0e6e-463a-b7d2-2c387e214416]
[2026/07/14 11:12:17.425 +08:00] [INFO] [task_manager.go:225] ["shrink ttl worker"] [ttl-worker=job-manager] [ttl-worker=094d34c0-6ce6-487d-a619-732fd37ebd38] [ttl-worker=task-manager] [ttl-worker=094d34c0-6ce6-487d-a619-732fd37ebd38] [originalCount=4] [newCount=0]
[2026/07/14 11:12:17.425 +08:00] [INFO] [scan.go:379] ["ttlScanWorker loop exited."]
[2026/07/14 11:12:17.425 +08:00] [INFO] [scan.go:379] ["ttlScanWorker loop exited."]
[2026/07/14 11:12:17.425 +08:00] [INFO] [scan.go:379] ["ttlScanWorker loop exited."]
[2026/07/14 11:12:17.425 +08:00] [INFO] [scan.go:379] ["ttlScanWorker loop exited."]
[2026/07/14 11:12:17.425 +08:00] [INFO] [task_manager.go:225] ["shrink ttl worker"] [ttl-worker=job-manager] [ttl-worker=094d34c0-6ce6-487d-a619-732fd37ebd38] [ttl-worker=task-manager] [ttl-worker=094d34c0-6ce6-487d-a619-732fd37ebd38] [originalCount=4] [newCount=0]
[2026/07/14 11:12:17.425 +08:00] [INFO] [del.go:344] ["ttlDeleteWorker loop exited."]
[2026/07/14 11:12:17.425 +08:00] [INFO] [del.go:344] ["ttlDeleteWorker loop exited."]
[2026/07/14 11:12:17.426 +08:00] [INFO] [del.go:344] ["ttlDeleteWorker loop exited."]
[2026/07/14 11:12:17.426 +08:00] [INFO] [del.go:344] ["ttlDeleteWorker loop exited."]
[2026/07/14 11:12:17.426 +08:00] [INFO] [job_manager.go:183] ["ttlJobManager loop exited."] [ttl-worker=job-manager] [ttl-worker=094d34c0-6ce6-487d-a619-732fd37ebd38]
[2026/07/14 11:12:17.426 +08:00] [INFO] [job_manager.go:168] ["ttlJobManager loop exited."] [ttl-worker=job-manager] [ttl-worker=094d34c0-6ce6-487d-a619-732fd37ebd38]
[2026/07/14 11:12:17.426 +08:00] [INFO] [domain.go:495] ["ttlJobManager exited."]
[2026/07/14 11:12:17.426 +08:00] [INFO] [domain.go:2868] ["serverIDSession need restart"]
[2026/07/14 11:12:17.439 +08:00] [INFO] [domain.go:2733] ["releaseServerID succeed"] [serverID=902] [leaseID=2463925699625475966]
[2026/07/14 11:12:17.440 +08:00] [INFO] [stats_syncload.go:255] ["SubLoadWorker: exits now because the domain is closed."] [category=stats]
[2026/07/14 11:12:17.440 +08:00] [INFO] [stats_syncload.go:245] ["SubLoadWorker: exited."] [category=stats]
[2026/07/14 11:12:17.440 +08:00] [INFO] [domain.go:1403] ["loadPrivilegeInLoop exited."]
[2026/07/14 11:12:17.440 +08:00] [INFO] [wait_group_wrapper.go:150] ["background process exited"] [source=domain] [process=loadPrivilegeInLoop]
[2026/07/14 11:12:17.440 +08:00] [INFO] [domain.go:1892] ["HistoricalStatsWorker exited."]
[2026/07/14 11:12:17.440 +08:00] [INFO] [stats_syncload.go:255] ["SubLoadWorker: exits now because the domain is closed."] [category=stats]
[2026/07/14 11:12:17.440 +08:00] [INFO] [wait_group_wrapper.go:150] ["background process exited"] [source=domain] [process=HistoricalStatsWorker]
[2026/07/14 11:12:17.440 +08:00] [INFO] [domain.go:2219] ["deltaUpdateTicker is going to exit, start to flush stats"]
[2026/07/14 11:12:17.440 +08:00] [INFO] [stats_syncload.go:245] ["SubLoadWorker: exited."] [category=stats]
[2026/07/14 11:12:17.440 +08:00] [INFO] [domain.go:2174] ["indexUsageWorker exited."]
[2026/07/14 11:12:17.440 +08:00] [INFO] [domain.go:419] ["globalConfigSyncerKeeper exited."]
[2026/07/14 11:12:17.440 +08:00] [INFO] [flusher.go:89] ["flushing remaining records before stop"] [name=runaway-record]
[2026/07/14 11:12:17.440 +08:00] [INFO] [wait_group_wrapper.go:150] ["background process exited"] [source=domain] [process=indexUsageWorker]
[2026/07/14 11:12:17.440 +08:00] [INFO] [flusher.go:91] ["stopped flusher"] [name=runaway-record]
[2026/07/14 11:12:17.440 +08:00] [INFO] [flusher.go:89] ["flushing remaining records before stop"] [name=quarantine-record]
[2026/07/14 11:12:17.440 +08:00] [INFO] [domain.go:2945] ["planCacheEvictTrigger exited."]
[2026/07/14 11:12:17.440 +08:00] [INFO] [wait_group_wrapper.go:150] ["background process exited"] [source=domain] [process=planCacheEvictTrigger]
[2026/07/14 11:12:17.440 +08:00] [INFO] [flusher.go:91] ["stopped flusher"] [name=quarantine-record]
[2026/07/14 11:12:17.440 +08:00] [INFO] [domain.go:2193] ["gcStatsWorker ready to release owner"]
[2026/07/14 11:12:17.440 +08:00] [INFO] [flusher.go:89] ["flushing remaining records before stop"] [name=stale-quarantine-record]
[2026/07/14 11:12:17.440 +08:00] [INFO] [flusher.go:91] ["stopped flusher"] [name=stale-quarantine-record]
[2026/07/14 11:12:17.440 +08:00] [INFO] [domain.go:1861] ["dumpFileGcChecker exited."]
[2026/07/14 11:12:17.440 +08:00] [INFO] [domain.go:2282] ["dumpColStatsUsageWorker exited."]
[2026/07/14 11:12:17.440 +08:00] [INFO] [domain.go:1477] ["LoadSysVarCacheLoop exited."]
[2026/07/14 11:12:17.440 +08:00] [INFO] [wait_group_wrapper.go:150] ["background process exited"] [source=domain] [process=dumpFileGcChecker]
[2026/07/14 11:12:17.440 +08:00] [INFO] [domain.go:1222] ["stopping dist task executor manager"]
[2026/07/14 11:12:17.440 +08:00] [INFO] [wait_group_wrapper.go:150] ["background process exited"] [source=domain] [process=dumpColStatsUsageWorker]
[2026/07/14 11:12:17.440 +08:00] [INFO] [wait_group_wrapper.go:150] ["background process exited"] [source=domain] [process=LoadSysVarCacheLoop]
[2026/07/14 11:12:17.440 +08:00] [INFO] [domain.go:2114] ["loadStatsWorker exited."]
[2026/07/14 11:12:17.440 +08:00] [INFO] [syncer.go:288] ["server info sync loop exited."]
[2026/07/14 11:12:17.440 +08:00] [INFO] [domain.go:2396] ["analyzeJobsCleanupWorker exited."]
[2026/07/14 11:12:17.440 +08:00] [INFO] [wait_group_wrapper.go:150] ["background process exited"] [source=domain] [process=loadStatsWorker]
[2026/07/14 11:12:17.440 +08:00] [INFO] [wait_group_wrapper.go:150] ["background process exited"] [source=domain] [process=infoSyncerKeeper]
[2026/07/14 11:12:17.440 +08:00] [INFO] [manager.go:285] ["recoverMetaLoop done"] [server-id=:4000]
[2026/07/14 11:12:17.440 +08:00] [INFO] [domain.go:2914] ["planCacheMetricsAndVars exited."]
[2026/07/14 11:12:17.440 +08:00] [INFO] [manager.go:241] ["runaway watch sync loop exit"]
[2026/07/14 11:12:17.440 +08:00] [INFO] [wait_group_wrapper.go:150] ["background process exited"] [source=domain] [process=planCacheMetricsAndVars]
[2026/07/14 11:12:17.440 +08:00] [INFO] [manager.go:420] ["watch owner finished"] [key=/tidb/br-stream/owner] [id=9b2cb34a-0f54-48f3-b971-e13fcffcad97] []
[2026/07/14 11:12:17.440 +08:00] [INFO] [domain.go:1807] ["PlanReplayerTaskCollectHandle exited."]
[2026/07/14 11:12:17.440 +08:00] [INFO] [stats_syncload.go:255] ["SubLoadWorker: exits now because the domain is closed."] [category=stats]
[2026/07/14 11:12:17.440 +08:00] [INFO] [manager.go:157] ["handle tasks loop done"] [server-id=:4000]
[2026/07/14 11:12:17.440 +08:00] [INFO] [wait_group_wrapper.go:150] ["background process exited"] [source=domain] [process=PlanReplayerTaskCollectHandle]
[2026/07/14 11:12:17.440 +08:00] [INFO] [plan_replayer.go:411] ["planReplayerTaskDumpWorker exited."]
[2026/07/14 11:12:17.440 +08:00] [INFO] [syncer.go:422] ["topology sync loop exited."]
[2026/07/14 11:12:17.440 +08:00] [INFO] [wait_group_wrapper.go:150] ["background process exited"] [source=domain] [process=topologySyncerKeeper]
[2026/07/14 11:12:17.440 +08:00] [INFO] [wait_group_wrapper.go:150] ["background process exited"] [source=domain] [process=globalConfigSyncerKeeper]
[2026/07/14 11:12:17.440 +08:00] [INFO] [wait_group_wrapper.go:150] ["background process exited"] [source=domain] [process=runawayWatchSyncLoop]
[2026/07/14 11:12:17.440 +08:00] [INFO] [domain.go:1827] ["PlanReplayerTaskDumpHandle exited."]
[2026/07/14 11:12:17.440 +08:00] [INFO] [wait_group_wrapper.go:150] ["background process exited"] [source=domain] [process=PlanReplayerTaskDumpHandle]
[2026/07/14 11:12:17.440 +08:00] [INFO] [wait_group_wrapper.go:150] ["background process exited"] [source=domain] [process=loadSigningCertLoop]
[2026/07/14 11:12:17.440 +08:00] [INFO] [wait_group_wrapper.go:150] ["background process exited"] [source=domain] [process=analyzeJobsCleanupWorker]
[2026/07/14 11:12:17.440 +08:00] [INFO] [manager.go:205] ["runaway record flush loop exit"]
[2026/07/14 11:12:17.440 +08:00] [INFO] [wait_group_wrapper.go:150] ["background process exited"] [source=domain] [process=runawayRecordFlushLoop]
[2026/07/14 11:12:17.440 +08:00] [INFO] [stats_syncload.go:255] ["SubLoadWorker: exits now because the domain is closed."] [category=stats]
[2026/07/14 11:12:17.440 +08:00] [INFO] [stats_syncload.go:245] ["SubLoadWorker: exited."] [category=stats]
[2026/07/14 11:12:17.440 +08:00] [INFO] [domain.go:2800] ["serverIDKeeper exited."]
[2026/07/14 11:12:17.440 +08:00] [INFO] [domain.go:2989] ["readTableCostWorker exited."]
[2026/07/14 11:12:17.440 +08:00] [INFO] [wait_group_wrapper.go:150] ["background process exited"] [source=domain] [process=readTableCostWorker]
[2026/07/14 11:12:17.440 +08:00] [INFO] [manager.go:333] ["retire owner"] [key=/tidb/br-stream/owner] [id=9b2cb34a-0f54-48f3-b971-e13fcffcad97]
[2026/07/14 11:12:17.440 +08:00] [INFO] [manager.go:424] ["is not the owner"] [key=/tidb/br-stream/owner] [id=9b2cb34a-0f54-48f3-b971-e13fcffcad97]
[2026/07/14 11:12:17.440 +08:00] [INFO] [manager.go:385] ["break campaign loop, context is done"] [key=/tidb/br-stream/owner] [id=9b2cb34a-0f54-48f3-b971-e13fcffcad97]
[2026/07/14 11:12:17.440 +08:00] [INFO] [stats_syncload.go:255] ["SubLoadWorker: exits now because the domain is closed."] [category=stats]
[2026/07/14 11:12:17.440 +08:00] [INFO] [stats_syncload.go:245] ["SubLoadWorker: exited."] [category=stats]
[2026/07/14 11:12:17.440 +08:00] [INFO] [stats_syncload.go:255] ["SubLoadWorker: exits now because the domain is closed."] [category=stats]
[2026/07/14 11:12:17.440 +08:00] [INFO] [stats_syncload.go:245] ["SubLoadWorker: exited."] [category=stats]
[2026/07/14 11:12:17.440 +08:00] [INFO] [domain.go:2332] ["autoAnalyzeWorker exited."] [category=stats]
[2026/07/14 11:12:17.440 +08:00] [INFO] [wait_group_wrapper.go:150] ["background process exited"] [source=domain] [process=autoAnalyzeWorker]
[2026/07/14 11:12:17.440 +08:00] [INFO] [manager.go:420] ["watch owner finished"] [key=/tidb/stats/owner] [id=094d34c0-6ce6-487d-a619-732fd37ebd38] []
[2026/07/14 11:12:17.440 +08:00] [INFO] [manager.go:333] ["retire owner"] [key=/tidb/stats/owner] [id=094d34c0-6ce6-487d-a619-732fd37ebd38]
[2026/07/14 11:12:17.440 +08:00] [INFO] [domain.go:2147] ["asyncLoadStats exited."]
[2026/07/14 11:12:17.440 +08:00] [INFO] [manager.go:424] ["is not the owner"] [key=/tidb/stats/owner] [id=094d34c0-6ce6-487d-a619-732fd37ebd38]
[2026/07/14 11:12:17.440 +08:00] [INFO] [manager.go:385] ["break campaign loop, context is done"] [key=/tidb/stats/owner] [id=094d34c0-6ce6-487d-a619-732fd37ebd38]
[2026/07/14 11:12:17.440 +08:00] [INFO] [wait_group_wrapper.go:150] ["background process exited"] [source=domain] [process=asyncLoadHistogram]
[2026/07/14 11:12:17.440 +08:00] [INFO] [stats_syncload.go:245] ["SubLoadWorker: exited."] [category=stats]
[2026/07/14 11:12:17.440 +08:00] [INFO] [domain.go:1224] ["dist task executor manager stopped"]
[2026/07/14 11:12:17.440 +08:00] [INFO] [wait_group_wrapper.go:150] ["background process exited"] [source=domain] [process=distTaskFrameworkLoop]
[2026/07/14 11:12:17.440 +08:00] [INFO] [manager.go:420] ["watch owner finished"] [key=/tidb/bindinfo/owner] [id=094d34c0-6ce6-487d-a619-732fd37ebd38] []
[2026/07/14 11:12:17.440 +08:00] [INFO] [manager.go:333] ["retire owner"] [key=/tidb/bindinfo/owner] [id=094d34c0-6ce6-487d-a619-732fd37ebd38]
[2026/07/14 11:12:17.440 +08:00] [INFO] [manager.go:424] ["is not the owner"] [key=/tidb/bindinfo/owner] [id=094d34c0-6ce6-487d-a619-732fd37ebd38]
[2026/07/14 11:12:17.440 +08:00] [INFO] [manager.go:385] ["break campaign loop, context is done"] [key=/tidb/bindinfo/owner] [id=094d34c0-6ce6-487d-a619-732fd37ebd38]
[2026/07/14 11:12:17.453 +08:00] [INFO] [domain.go:2225] ["deltaUpdateTicker exit preprocessing finished"]
[2026/07/14 11:12:17.453 +08:00] [INFO] [wait_group_wrapper.go:150] ["background process exited"] [source=domain] [process=deltaUpdateTickerWorker]
[2026/07/14 11:12:17.456 +08:00] [INFO] [domain.go:391] ["topNSlowQueryLoop exited."]
[2026/07/14 11:12:17.456 +08:00] [INFO] [wait_group_wrapper.go:150] ["background process exited"] [source=domain] [process=topNSlowQueryLoop]
[2026/07/14 11:12:17.456 +08:00] [INFO] [manager.go:431] ["etcd session close failed"] [key=/tidb/bindinfo/owner] [id=094d34c0-6ce6-487d-a619-732fd37ebd38] [error="context canceled"]
[2026/07/14 11:12:17.456 +08:00] [INFO] [domain.go:1616] ["globalBindHandleWorkerLoop exited."]
[2026/07/14 11:12:17.457 +08:00] [INFO] [wait_group_wrapper.go:150] ["background process exited"] [source=domain] [process=globalBindHandleWorkerLoop]
[2026/07/14 11:12:17.456 +08:00] [WARN] [meta_storage_client.go:165] ["watch stream closed"] [error="rpc error: code = Canceled desc = context canceled"]
[2026/07/14 11:12:17.456 +08:00] [WARN] [meta_storage_client.go:165] ["watch stream closed"] [error="rpc error: code = Canceled desc = context canceled"]
[2026/07/14 11:12:17.457 +08:00] [INFO] [wait_group_wrapper.go:150] ["background process exited"] [source=domain] [process=mdlCheckLoop]
[2026/07/14 11:12:17.457 +08:00] [INFO] [syncer.go:304] ["info schema sync loop exited."]
[2026/07/14 11:12:17.457 +08:00] [INFO] [wait_group_wrapper.go:150] ["background process exited"] [source=domain] [process=loadSchemaInLoop]
[2026/07/14 11:12:17.457 +08:00] [INFO] [owner_daemon.go:87] ["daemon loop exits"] [id=9b2cb34a-0f54-48f3-b971-e13fcffcad97] [daemon-id=LogBackup::Advancer]
[2026/07/14 11:12:17.457 +08:00] [INFO] [wait_group_wrapper.go:150] ["background process exited"] [source=domain] [process=logBackupAdvancer]
[2026/07/14 11:12:17.457 +08:00] [INFO] [manager.go:431] ["etcd session close failed"] [key=/tidb/stats/owner] [id=094d34c0-6ce6-487d-a619-732fd37ebd38] [error="context canceled"]
[2026/07/14 11:12:17.457 +08:00] [INFO] [advancer_cliext.go:194] ["Start collecting remaining events in the channel."] [category="log backup advancer"] [remained=0]
[2026/07/14 11:12:17.457 +08:00] [INFO] [domain.go:979] ["closestReplicaReadCheckLoop exited."]
[2026/07/14 11:12:17.457 +08:00] [INFO] [wait_group_wrapper.go:150] ["background process exited"] [source=domain] [process=closestReplicaReadCheckLoop]
[2026/07/14 11:12:17.457 +08:00] [INFO] [advancer_cliext.go:199] ["Finish collecting remaining events in the channel."] [category="log backup advancer"]
[2026/07/14 11:12:17.457 +08:00] [INFO] [domain.go:2201] ["gcStatsWorker exit preprocessing finished"]
[2026/07/14 11:12:17.457 +08:00] [INFO] [domain.go:2246] ["gcStatsWorker exited."]
[2026/07/14 11:12:17.457 +08:00] [INFO] [wait_group_wrapper.go:150] ["background process exited"] [source=domain] [process=gcStatsWorker]
[2026/07/14 11:12:17.491 +08:00] [INFO] [domain.go:550] ["domain closed"] ["take time"=72.417292ms]
[2026/07/14 11:12:17.507 +08:00] [INFO] [client.go:356] ["[pd] http client closed"] [source=tikv-driver]
[2026/07/14 11:12:17.507 +08:00] [INFO] [inner_client.go:96] ["[pd] exit router client initializer"]
[2026/07/14 11:12:17.507 +08:00] [INFO] [router_service_discovery.go:315] ["[router service] exit health check member loop"]
[2026/07/14 11:12:17.507 +08:00] [INFO] [router_service_discovery.go:273] ["[router service] exit check member loop"]
[2026/07/14 11:12:17.507 +08:00] [INFO] [client.go:277] ["[tso] exit tso connection contexts updater"]
[2026/07/14 11:12:17.507 +08:00] [INFO] [service_discovery.go:562] ["[pd] exit member loop due to context canceled"]
[2026/07/14 11:12:17.507 +08:00] [INFO] [resource_manager_client.go:341] ["[resource manager] exit resource token dispatcher"]
[2026/07/14 11:12:17.507 +08:00] [INFO] [router_service_discovery.go:287] ["[router service] closing router service discovery"]
[2026/07/14 11:12:17.507 +08:00] [INFO] [dispatcher.go:207] ["[tso] stop fetching the pending tso requests due to context canceled"]
[2026/07/14 11:12:17.507 +08:00] [INFO] [router_service_discovery.go:303] ["[router service] is closed"]
[2026/07/14 11:12:17.507 +08:00] [INFO] [dispatcher.go:149] ["[tso] exit tso dispatcher"]
[2026/07/14 11:12:17.507 +08:00] [INFO] [client.go:155] ["[tso] closing tso client"]
[2026/07/14 11:12:17.507 +08:00] [INFO] [client.go:160] ["[tso] close tso client"]
[2026/07/14 11:12:17.507 +08:00] [INFO] [watcher.go:73] ["[pd] exit the deadline watcher"] [source=tso]
[2026/07/14 11:12:17.507 +08:00] [INFO] [client.go:162] ["[tso] tso client is closed"]
[2026/07/14 11:12:17.507 +08:00] [INFO] [stream.go:366] ["tsoStream.recvLoop ended"] [stream=127.0.0.1:2379-1] [error="rpc error: code = Canceled desc = context canceled"] [errorVerbose="rpc error: code = Canceled desc = context canceled\ngithub.com/tikv/pd/client/clients/tso.(*tsoStream).recvLoop\n\t/Users/bba/.gvm/pkgsets/go1.25.1/global/pkg/mod/github.com/tikv/pd/client@v0.0.0-20260708075407-4e05b9d2c2d3/clients/tso/stream.go:434\nruntime.goexit\n\t/Users/bba/.gvm/pkgsets/go1.25.1/global/pkg/mod/golang.org/toolchain@v0.0.1-go1.25.10.darwin-arm64/src/runtime/asm_arm64.s:1268"]
[2026/07/14 11:12:17.507 +08:00] [INFO] [service_discovery.go:653] ["[pd] close service discovery client"]
[2026/07/14 11:12:17.507 +08:00] [INFO] [inner_client.go:275] ["[pd] close client successfully"]
--- FAIL: TestAINativeAsyncCheckNotExistsSQLRecovery (0.81s)
FAIL
FAIL	github.com/pingcap/tidb/tests/realtikvtest/txntest	3.048s
FAIL
