[2026-07-12 01:01:14] start
32000
WATERMARK=4700
JOB_LINE=4701	add index	write reorganization	running	0
JOB_LINE=4701	add index	write reorganization	running	0
JOB_LINE=4701	add index	write reorganization	running	0
JOB_LINE=4701	add index	write reorganization	running	0
JOB_LINE=4701	add index	write reorganization	running	32000
JOB_LINE=4701	add index	write reorganization	running	32000
JOB_LINE=4701	add index	write reorganization	running	32000
JOB_LINE=4701	add index	write reorganization	running	32000
JOB_LINE=4701	add index	write reorganization	running	32000
JOB_LINE=4701	add index	write reorganization	running	32000
JOB_LINE=4701	add index	write reorganization	running	32000
JOB_LINE=4701	add index	write reorganization	running	32000
JOB_LINE=4701	add index	write reorganization	running	32000
JOB_LINE=4701	add index	write reorganization	running	32000
JOB_LINE=4701	add index	write reorganization	running	32000
JOB_LINE=4701	add index	write reorganization	running	32000
JOB_LINE=4701	add index	write reorganization	running	32000
JOB_LINE=4701	add index	write reorganization	running	32000
JOB_LINE=4701	add index	write reorganization	running	32000
JOB_LINE=4701	add index	write reorganization	running	32000
JOB_LINE=4701	add index	write reorganization	running	32000
JOB_LINE=4701	add index	write reorganization	running	32000
JOB_LINE=4701	add index	write reorganization	running	32000
JOB_LINE=4701	add index	write reorganization	running	32000
JOB_LINE=4701	add index	write reorganization	running	32000
JOB_LINE=4701	add index	write reorganization	running	32000
JOB_LINE=4701	add index	write reorganization	running	32000
JOB_LINE=4701	add index	write reorganization	running	32000
JOB_LINE=4701	add index	write reorganization	running	32000
JOB_LINE=4701	add index	write reorganization	running	32000
JOB_LINE=4701	add index	write reorganization	running	32000
JOB_LINE=4701	add index	write reorganization	running	32000
JOB_LINE=4701	add index	write reorganization	running	32000
JOB_LINE=4701	add index	write reorganization	running	32000
JOB_LINE=4701	add index	write reorganization	running	32000
JOB_LINE=4701	add index	write reorganization	running	32000
JOB_LINE=4701	add index	write reorganization	running	32000
JOB_LINE=4701	add index	write reorganization	running	32000
JOB_LINE=4701	add index	write reorganization	running	32000
JOB_LINE=4701	add index	write reorganization	running	32000
JOB_LINE=4701	add index	write reorganization	running	32000
JOB_LINE=4701	add index	write reorganization	running	32000
JOB_LINE=4701	add index	write reorganization	running	32000
JOB_LINE=4701	add index	write reorganization	running	32000
JOB_LINE=4701	add index	write reorganization	running	32000
JOB_LINE=4701	add index	write reorganization	running	32000
JOB_LINE=4701	add index	write reorganization	running	32000
JOB_LINE=4701	add index	write reorganization	running	32000
JOB_LINE=4701	add index	write reorganization	running	32000
JOB_LINE=4701	add index	write reorganization	running	32000
JOB_LINE=4701	add index	write reorganization	running	32000
JOB_LINE=4701	add index	write reorganization	running	32000
JOB_LINE=4701	add index	write reorganization	running	32000
JOB_LINE=4701	add index	write reorganization	running	32000
JOB_LINE=4701	add index	write reorganization	running	32000
JOB_LINE=4701	add index	write reorganization	running	32000
JOB_LINE=4701	add index	write reorganization	running	32000
JOB_LINE=4701	add index	write reorganization	running	32000
JOB_LINE=4701	add index	write reorganization	running	32000
JOB_LINE=4701	add index	write reorganization	running	32000
JOB_LINE=4701	add index	write reorganization	running	32000
JOB_LINE=4701	add index	write reorganization	running	32000
JOB_LINE=4701	add index	write reorganization	running	32000
JOB_LINE=4701	add index	write reorganization	running	32000
JOB_LINE=4701	add index	write reorganization	running	32000
JOB_LINE=4701	add index	write reorganization	running	32000
JOB_LINE=4701	add index	write reorganization	running	32000
JOB_LINE=4701	add index	write reorganization	running	32000
JOB_LINE=4701	add index	write reorganization	running	32000
JOB_LINE=4701	add index	write reorganization	running	32000
JOB_LINE=4701	add index	write reorganization	running	32000
JOB_LINE=4701	add index	write reorganization	running	32000
JOB_LINE=4701	add index	write reorganization	running	32000
JOB_LINE=4701	add index	write reorganization	running	32000
JOB_LINE=4701	add index	write reorganization	running	32000
JOB_LINE=4701	add index	write reorganization	running	32000
JOB_LINE=4701	add index	write reorganization	running	32000
JOB_LINE=4701	add index	write reorganization	running	32000
JOB_LINE=4701	add index	write reorganization	running	32000
JOB_LINE=4701	add index	write reorganization	running	32000
JOB_LINE=4701	add index	write reorganization	running	32000
JOB_LINE=4701	add index	write reorganization	running	32000
JOB_LINE=4701	add index	write reorganization	running	32000
JOB_LINE=4701	add index	write reorganization	running	32000
JOB_LINE=4701	add index	write reorganization	running	32000
JOB_LINE=4701	add index	write reorganization	running	32000
JOB_LINE=4701	add index	write reorganization	running	32000
JOB_LINE=4701	add index	write reorganization	running	32000
JOB_LINE=4701	add index	write reorganization	running	32000
JOB_LINE=4701	add index	write reorganization	running	32000
JOB_LINE=4701	add index	write reorganization	running	32000
JOB_LINE=4701	add index	public	synced	32000
JOB_LINE=4701	add index	public	synced	32000
JOB_LINE=4701	add index	public	synced	32000
JOB_LINE=4701	add index	public	synced	32000
JOB_LINE=4701	add index	public	synced	32000
JOB_LINE=4701	add index	public	synced	32000
JOB_LINE=4701	add index	public	synced	32000
JOB_LINE=4701	add index	public	synced	32000
JOB_LINE=4701	add index	public	synced	32000
JOB_LINE=4701	add index	public	synced	32000
JOB_LINE=4701	add index	public	synced	32000
JOB_LINE=4701	add index	public	synced	32000
JOB_LINE=4701	add index	public	synced	32000
JOB_LINE=4701	add index	public	synced	32000
JOB_LINE=4701	add index	public	synced	32000
JOB_LINE=4701	add index	public	synced	32000
JOB_LINE=4701	add index	public	synced	32000
JOB_LINE=4701	add index	public	synced	32000
JOB_LINE=4701	add index	public	synced	32000
JOB_LINE=4701	add index	public	synced	32000
JOB_LINE=4701	add index	public	synced	32000
JOB_LINE=4701	add index	public	synced	32000
JOB_LINE=4701	add index	public	synced	32000
JOB_LINE=4701	add index	public	synced	32000
JOB_LINE=4701	add index	public	synced	32000
JOB_LINE=4701	add index	public	synced	32000
JOB_LINE=4701	add index	public	synced	32000
JOB_LINE=4701	add index	public	synced	32000
JOB_LINE=4701	add index	public	synced	32000
JOB_LINE=4701	add index	public	synced	32000
JOB_LINE=4701	add index	public	synced	32000
JOB_LINE=4701	add index	public	synced	32000
JOB_LINE=4701	add index	public	synced	32000
JOB_LINE=4701	add index	public	synced	32000
JOB_LINE=4701	add index	public	synced	32000
JOB_LINE=4701	add index	public	synced	32000
JOB_LINE=4701	add index	public	synced	32000
JOB_LINE=4701	add index	public	synced	32000
JOB_LINE=4701	add index	public	synced	32000
JOB_LINE=4701	add index	public	synced	32000
JOB_LINE=4701	add index	public	synced	32000
JOB_LINE=4701	add index	public	synced	32000
JOB_LINE=4701	add index	public	synced	32000
JOB_LINE=4701	add index	public	synced	32000
JOB_LINE=4701	add index	public	synced	32000
JOB_LINE=4701	add index	public	synced	32000
JOB_LINE=4701	add index	public	synced	32000
JOB_LINE=4701	add index	public	synced	32000
JOB_LINE=4701	add index	public	synced	32000
JOB_LINE=4701	add index	public	synced	32000
JOB_LINE=4701	add index	public	synced	32000
JOB_LINE=4701	add index	public	synced	32000
JOB_LINE=4701	add index	public	synced	32000
JOB_LINE=4701	add index	public	synced	32000
JOB_LINE=4701	add index	public	synced	32000
JOB_LINE=4701	add index	public	synced	32000
JOB_LINE=4701	add index	public	synced	32000
JOB_LINE=4701	add index	public	synced	32000
JOB_LINE=4701	add index	public	synced	32000
JOB_LINE=4701	add index	public	synced	32000
JOB_LINE=4701	add index	public	synced	32000
JOB_LINE=4701	add index	public	synced	32000
JOB_LINE=4701	add index	public	synced	32000
JOB_LINE=4701	add index	public	synced	32000
JOB_LINE=4701	add index	public	synced	32000
JOB_LINE=4701	add index	public	synced	32000
JOB_LINE=4701	add index	public	synced	32000
JOB_LINE=4701	add index	public	synced	32000
ERROR 1317 (70100) at line 1: Query execution was interrupted
