[2026-07-12 01:06:11] start
INGEST_STAGE=4706	add index	write reorganization	running	0
INGEST_STAGE=4706	add index	write reorganization	running	0
INGEST_STAGE=4706	add index	write reorganization	running	0
INGEST_STAGE=4706	add index	write reorganization	running	0
INGEST_STAGE=4706	add index	write reorganization	running	0
INGEST_STAGE=4706	add index	write reorganization	running	0
INGEST_STAGE=4706	add index	write reorganization	running	0
INGEST_STAGE=4706	add index	write reorganization	running	0
INGEST_STAGE=4706	add index	write reorganization	running	0
INGEST_STAGE=4706	add index	write reorganization	running	0
INGEST_STAGE=4706	add index	write reorganization	running	32000
INGEST_STAGE=4706	add index	write reorganization	running	32000
INGEST_STAGE=4706	add index	write reorganization	running	32000
INGEST_STAGE=4706	add index	write reorganization	running	32000
INGEST_STAGE=4706	add index	write reorganization	running	32000
INGEST_STAGE=4706	add index	write reorganization	running	32000
INGEST_STAGE=4706	add index	write reorganization	running	32000
INGEST_STAGE=4706	add index	write reorganization	running	32000
INGEST_STAGE=4706	add index	write reorganization	running	32000
INGEST_STAGE=4706	add index	write reorganization	running	32000
INGEST_STAGE=4706	add index	write reorganization	running	32000
INGEST_STAGE=4706	add index	write reorganization	running	32000
INGEST_STAGE=4706	add index	write reorganization	running	32000
INGEST_STAGE=4706	add index	write reorganization	running	32000
INGEST_STAGE=4706	add index	write reorganization	running	32000
INGEST_STAGE=4706	add index	write reorganization	running	32000
INGEST_STAGE=4706	add index	write reorganization	running	32000
INGEST_STAGE=4706	add index	write reorganization	running	32000
INGEST_STAGE=4706	add index	write reorganization	running	32000
INGEST_STAGE=4706	add index	write reorganization	running	32000
INGEST_STAGE=4706	add index	write reorganization	running	32000
INGEST_STAGE=4706	add index	write reorganization	running	32000
INGEST_STAGE=4706	add index	write reorganization	running	32000
INGEST_STAGE=4706	add index	write reorganization	running	32000
INGEST_STAGE=4706	add index	write reorganization	running	32000
INGEST_STAGE=4706	add index	write reorganization	running	32000
INGEST_STAGE=4706	add index	write reorganization	running	32000
INGEST_STAGE=4706	add index	write reorganization	running	32000
INGEST_STAGE=4706	add index	write reorganization	running	32000
33000
MERGE_STAGE=4706	add index	write reorganization	running	32000
MERGE_STAGE=4706	add index	write reorganization	running	32000
MERGE_STAGE=4706	add index	write reorganization	running	32000
MERGE_STAGE=4706	add index	write reorganization	running	32000
MERGE_STAGE=4706	add index	write reorganization	running	32000
MERGE_STAGE=4706	add index	write reorganization	running	32000
MERGE_STAGE=4706	add index	write reorganization	running	32000
MERGE_STAGE=4706	add index	write reorganization	running	32000
MERGE_STAGE=4706	add index	write reorganization	running	32000
MERGE_STAGE=4706	add index	write reorganization	running	32000
MERGE_STAGE=4706	add index	write reorganization	running	32000
MERGE_STAGE=4706	add index	write reorganization	running	32000
MERGE_STAGE=4706	add index	write reorganization	running	32000
MERGE_STAGE=4706	add index	write reorganization	running	32000
MERGE_STAGE=4706	add index	write reorganization	running	32000
MERGE_STAGE=4706	add index	write reorganization	running	32000
MERGE_STAGE=4706	add index	write reorganization	running	32000
MERGE_STAGE=4706	add index	write reorganization	running	32000
MERGE_STAGE=4706	add index	write reorganization	running	32000
MERGE_STAGE=4706	add index	write reorganization	running	32000
MERGE_STAGE=4706	add index	write reorganization	running	32000
MERGE_STAGE=4706	add index	write reorganization	running	32000
MERGE_STAGE=4706	add index	write reorganization	running	32000
MERGE_STAGE=4706	add index	write reorganization	running	32000
MERGE_STAGE=4706	add index	write reorganization	running	32000
MERGE_STAGE=4706	add index	write reorganization	running	32000
MERGE_STAGE=4706	add index	write reorganization	running	32000
MERGE_STAGE=4706	add index	write reorganization	running	32000
MERGE_STAGE=4706	add index	write reorganization	running	32000
MERGE_STAGE=4706	add index	write reorganization	running	32000
MERGE_STAGE=4706	add index	write reorganization	running	32000
MERGE_STAGE=4706	add index	write reorganization	running	32000
MERGE_STAGE=4706	add index	write reorganization	running	32000
MERGE_STAGE=4706	add index	write reorganization	running	32000
MERGE_STAGE=4706	add index	write reorganization	running	32000
MERGE_STAGE=4706	add index	write reorganization	running	32000
MERGE_STAGE=4706	add index	write reorganization	running	32000
MERGE_STAGE=4706	add index	write reorganization	running	32000
MERGE_STAGE=4706	add index	write reorganization	running	32000
MERGE_STAGE=4706	add index	write reorganization	running	32000
MERGE_STAGE=4706	add index	write reorganization	running	32000
MERGE_STAGE=4706	add index	write reorganization	running	32000
MERGE_STAGE=4706	add index	write reorganization	running	32000
MERGE_STAGE=4706	add index	write reorganization	running	32000
MERGE_STAGE=4706	add index	write reorganization	running	32000
MERGE_STAGE=4706	add index	write reorganization	running	32000
MERGE_STAGE=4706	add index	write reorganization	running	32000
MERGE_STAGE=4706	add index	write reorganization	running	32000
MERGE_STAGE=4706	add index	write reorganization	running	32000
MERGE_STAGE=4706	add index	write reorganization	running	32000
MERGE_STAGE=4706	add index	write reorganization	running	32000
MERGE_STAGE=4706	add index	write reorganization	running	32000
MERGE_STAGE=4706	add index	write reorganization	running	32000
MERGE_STAGE=4706	add index	write reorganization	running	32000
MERGE_STAGE=4706	add index	write reorganization	running	32000
MERGE_STAGE=4706	add index	write reorganization	running	32000
MERGE_STAGE=4706	add index	write reorganization	running	32000
MERGE_STAGE=4706	add index	write reorganization	running	32000
MERGE_STAGE=4706	add index	write reorganization	running	32000
MERGE_STAGE=4706	add index	write reorganization	running	32000
MERGE_STAGE=4706	add index	write reorganization	running	32000
MERGE_STAGE=4706	add index	write reorganization	running	32000
MERGE_STAGE=4706	add index	write reorganization	running	32000
MERGE_STAGE=4706	add index	write reorganization	running	32000
MERGE_STAGE=4706	add index	write reorganization	running	32000
MERGE_STAGE=4706	add index	write reorganization	running	32000
MERGE_STAGE=4706	add index	write reorganization	running	32000
MERGE_STAGE=4706	add index	write reorganization	running	32000
MERGE_STAGE=4706	add index	write reorganization	running	32000
MERGE_STAGE=4706	add index	write reorganization	running	32000
MERGE_STAGE=4706	add index	write reorganization	running	32000
MERGE_STAGE=4706	add index	write reorganization	running	32000
MERGE_STAGE=4706	add index	write reorganization	running	32000
MERGE_STAGE=4706	add index	write reorganization	running	32000
MERGE_STAGE=4706	add index	write reorganization	running	32000
MERGE_STAGE=4706	add index	write reorganization	running	32000
MERGE_STAGE=4706	add index	write reorganization	running	32000
MERGE_STAGE=4706	add index	write reorganization	running	32000
MERGE_STAGE=4706	add index	write reorganization	running	32000
MERGE_STAGE=4706	add index	write reorganization	running	32000
33002
DDL_RC=0
33002
33002
[2026-07-12 01:07:51] done
